******************************************************************************
                  MSP430 Linker PC v20.2.5                     
******************************************************************************
>> Linked Tue Jun 20 20:45:32 2023

OUTPUT FILE NAME:   <AM-TestJig-v1.4.out>
ENTRY POINT SYMBOL: "_c_int00_noargs"  address: 00003656


MEMORY CONFIGURATION

         name            origin    length      used     unused   attr    fill
----------------------  --------  ---------  --------  --------  ----  --------
  SFR                   00000000   00000010  00000000  00000010  RWIX
  PERIPHERALS_8BIT      00000010   000000f0  00000000  000000f0  RWIX
  PERIPHERALS_16BIT     00000100   00000100  00000000  00000100  RWIX
  RAM                   00000200   00000800  000000f7  00000709  RWIX
  INFOB                 00001000   00000080  00000000  00000080  RWIX
  INFOA                 00001080   00000080  00000000  00000080  RWIX
  FLASH                 00001100   0000eee0  000026b2  0000c82e  RWIX
  INT00                 0000ffe0   00000002  00000000  00000002  RWIX
  INT01                 0000ffe2   00000002  00000002  00000000  RWIX
  INT02                 0000ffe4   00000002  00000002  00000000  RWIX
  INT03                 0000ffe6   00000002  00000002  00000000  RWIX
  INT04                 0000ffe8   00000002  00000002  00000000  RWIX
  INT05                 0000ffea   00000002  00000002  00000000  RWIX
  INT06                 0000ffec   00000002  00000002  00000000  RWIX
  INT07                 0000ffee   00000002  00000002  00000000  RWIX
  INT08                 0000fff0   00000002  00000002  00000000  RWIX
  INT09                 0000fff2   00000002  00000002  00000000  RWIX
  INT10                 0000fff4   00000002  00000002  00000000  RWIX
  INT11                 0000fff6   00000002  00000002  00000000  RWIX
  INT12                 0000fff8   00000002  00000002  00000000  RWIX
  INT13                 0000fffa   00000002  00000002  00000000  RWIX
  INT14                 0000fffc   00000002  00000002  00000000  RWIX
  RESET                 0000fffe   00000002  00000002  00000000  RWIX


SECTION ALLOCATION MAP

 output                                  attributes/
section   page    origin      length       input sections
--------  ----  ----------  ----------   ----------------
.data      0    00000200    00000060     UNINITIALIZED
                  00000200    00000047     AM-TestJig-v1.4.obj (.data)
                  00000247    00000001     --HOLE--
                  00000248    00000018     AM-TestJig-v1.4.obj (.data:ch_table)

.bss       0    00000260    00000047     UNINITIALIZED
                  00000260    00000010     (.common:DisBuf2)
                  00000270    0000000c     (.common:DisBuf1)
                  0000027c    00000004     (.common:Addr_Buf)
                  00000280    00000004     (.common:P1_Buf)
                  00000284    00000004     (.common:P2_Buf)
                  00000288    00000004     (.common:P3_Buf)
                  0000028c    00000004     (.common:P4_Buf)
                  00000290    00000004     (.common:P5_Buf)
                  00000294    00000004     (.common:P6_Buf)
                  00000298    00000004     (.common:P7_Buf)
                  0000029c    00000004     (.common:P8_Buf)
                  000002a0    00000004     (.common:Pressure_KPA)
                  000002a4    00000002     (.common:uint16_temp)
                  000002a6    00000001     (.common:Addr_485)

.stack     0    000009b0    00000050     UNINITIALIZED
                  000009b0    00000002     rts430_eabi.lib : boot.c.obj (.stack)
                  000009b2    0000004e     --HOLE--

.text      0    00001100    00002672     
                  00001100    00000736     rts430_eabi.lib : addd.c.obj (.text:__mspabi_addd)
                  00001836    00000384     AM-TestJig-v1.4.obj (.text:Pressure_To_Digit2)
                  00001bba    000002e2     AM-TestJig-v1.4.obj (.text:Pressure_To_Digit1)
                  00001e9c    000002c0     rts430_eabi.lib : mpyd.c.obj (.text:__mspabi_mpyd)
                  0000215c    00000172                     : frcmpyd.c.obj (.text:__TI_frcmpyd)
                  000022ce    00000132                     : fs_add.asm.obj (.text)
                  00002400    0000011a     AM-TestJig-v1.4.obj (.text:ReadCount8)
                  0000251a    00000104     AM-TestJig-v1.4.obj (.text:ReadCount3)
                  0000261e    00000104     AM-TestJig-v1.4.obj (.text:ReadCount4)
                  00002722    00000104     AM-TestJig-v1.4.obj (.text:ReadCount7)
                  00002826    000000fa     AM-TestJig-v1.4.obj (.text:main)
                  00002920    000000f2     AM-TestJig-v1.4.obj (.text:ReadCount1)
                  00002a12    000000f2     AM-TestJig-v1.4.obj (.text:ReadCount2)
                  00002b04    000000f2     AM-TestJig-v1.4.obj (.text:ReadCount5)
                  00002bf6    000000f2     AM-TestJig-v1.4.obj (.text:ReadCount6)
                  00002ce8    000000ca     AM-TestJig-v1.4.obj (.text:Timer_B)
                  00002db2    000000c4     rts430_eabi.lib : fs_mpy.asm.obj (.text)
                  00002e76    000000b4                     : cvtdf.c.obj (.text:__mspabi_cvtdf)
                  00002f2a    00000096                     : mult64_hw.asm.obj (.text:__mpyll)
                  00002fc0    0000007c                     : copy_decompress_lzss.c.obj (.text:decompress:lzss:__TI_decompress_lzss)
                  0000303c    00000074                     : fixdul.c.obj (.text:__mspabi_fixdul)
                  000030b0    00000072     AM-TestJig-v1.4.obj (.text:UART_Init)
                  00003122    00000070     rts430_eabi.lib : cvtfd.c.obj (.text:__mspabi_cvtfd)
                  00003192    0000004c                     : lsr16.asm.obj (.text)
                  000031de    0000004a                     : mult3264_hw.asm.obj (.text:__mpyull)
                  00003228    0000004a                     : asr64.c.obj (.text:__mspabi_srall)
                  00003272    00000046                     : lsr64.c.obj (.text:__mspabi_srlll)
                  000032b8    00000046                     : fs_tou.asm.obj (.text)
                  000032fe    00000044                     : lsl64.c.obj (.text:__mspabi_sllll)
                  00003342    00000042                     : autoinit.c.obj (.text:__TI_auto_init_nobinit_nopinit:__TI_auto_init_nobinit_nopinit)
                  00003384    0000003e                     : asr32.asm.obj (.text:l_asr_const)
                  000033c2    0000003e                     : lsl32.asm.obj (.text:l_lsl_const)
                  00003400    00000036     AM-TestJig-v1.4.obj (.text:Update_Display1)
                  00003436    00000036     AM-TestJig-v1.4.obj (.text:Update_Display2)
                  0000346c    00000034     AM-TestJig-v1.4.obj (.text:Dis_SendData1)
                  000034a0    00000034     AM-TestJig-v1.4.obj (.text:Dis_SendData2)
                  000034d4    00000032     AM-TestJig-v1.4.obj (.text:IOPort_init)
                  00003506    00000032     AM-TestJig-v1.4.obj (.text:Init_Display1)
                  00003538    00000032     AM-TestJig-v1.4.obj (.text:Init_Display2)
                  0000356a    00000032     rts430_eabi.lib : fs_ultof.asm.obj (.text)
                  0000359c    0000002c                     : asr16.asm.obj (.text)
                  000035c8    0000002c                     : lsl16.asm.obj (.text)
                  000035f4    00000026     AM-TestJig-v1.4.obj (.text:clock_init)
                  0000361a    0000001e     AM-TestJig-v1.4.obj (.text:Dis_start1)
                  00003638    0000001e     AM-TestJig-v1.4.obj (.text:Dis_start2)
                  00003656    0000001c     rts430_eabi.lib : boot.c.obj (.text:_c_int00_noargs)
                  00003672    00000016                     : div16u.asm.obj (.text)
                  00003688    00000014     AM-TestJig-v1.4.obj (.text:Timer_B7_init)
                  0000369c    00000014     rts430_eabi.lib : copy_zero_init.c.obj (.text:decompress:ZI:__TI_zero_init_nomemset:__TI_zero_init_nomemset)
                  000036b0    00000012     AM-TestJig-v1.4.obj (.text:Dis_stop1)
                  000036c2    00000012     AM-TestJig-v1.4.obj (.text:Dis_stop2)
                  000036d4    00000012     rts430_eabi.lib : fixdu.c.obj (.text:__mspabi_fixdu)
                  000036e6    00000012                     : copy_decompress_none.c.obj (.text:decompress:none:__TI_decompress_none)
                  000036f8    00000012                     : lsr32.asm.obj (.text:l_lsr)
                  0000370a    00000012                     : memcpy.c.obj (.text:memcpy)
                  0000371c    00000012     AM-TestJig-v1.4.obj (.text:usart0_rx)
                  0000372e    00000012     AM-TestJig-v1.4.obj (.text:usart1_rx)
                  00003740    00000010     rts430_eabi.lib : epilog.asm.obj (.text)
                  00003750    0000000e     AM-TestJig-v1.4.obj (.text:Addr_Get)
                  0000375e    00000008     rts430_eabi.lib : isr_trap.asm.obj (.text:_isr:__TI_ISR_TRAP)
                  00003766    00000006                     : exit.c.obj (.text:abort)
                  0000376c    00000004                     : pre_init.c.obj (.text:_system_pre_init)
                  00003770    00000002                     : startup.c.obj (.text:_system_post_cinit)

.cinit     0    00003772    00000040     
                  00003772    0000002d     (.cinit..data.load) [load image, compression = lzss]
                  0000379f    00000001     --HOLE-- [fill = 0]
                  000037a0    00000006     (__TI_handler_table)
                  000037a6    00000004     (.cinit..bss.load) [load image, compression = zero_init]
                  000037aa    00000008     (__TI_cinit_table)

.binit     0    00001100    00000000     

.init_array 
*          0    00001100    00000000     UNINITIALIZED

PORT2      0    0000ffe2    00000002     
                  0000ffe2    00000002     rts430_eabi.lib : int01.asm.obj (.int01)

USART1TX   0    0000ffe4    00000002     
                  0000ffe4    00000002     rts430_eabi.lib : int02.asm.obj (.int02)

USART1RX   0    0000ffe6    00000002     
                  0000ffe6    00000002     AM-TestJig-v1.4.obj (.int03)

PORT1      0    0000ffe8    00000002     
                  0000ffe8    00000002     rts430_eabi.lib : int04.asm.obj (.int04)

TIMERA1    0    0000ffea    00000002     
                  0000ffea    00000002     rts430_eabi.lib : int05.asm.obj (.int05)

TIMERA0    0    0000ffec    00000002     
                  0000ffec    00000002     rts430_eabi.lib : int06.asm.obj (.int06)

ADC12      0    0000ffee    00000002     
                  0000ffee    00000002     rts430_eabi.lib : int07.asm.obj (.int07)

USART0TX   0    0000fff0    00000002     
                  0000fff0    00000002     rts430_eabi.lib : int08.asm.obj (.int08)

USART0RX   0    0000fff2    00000002     
                  0000fff2    00000002     AM-TestJig-v1.4.obj (.int09)

WDT        0    0000fff4    00000002     
                  0000fff4    00000002     rts430_eabi.lib : int10.asm.obj (.int10)

COMPARATORA 
*          0    0000fff6    00000002     
                  0000fff6    00000002     rts430_eabi.lib : int11.asm.obj (.int11)

TIMERB1    0    0000fff8    00000002     
                  0000fff8    00000002     rts430_eabi.lib : int12.asm.obj (.int12)

TIMERB0    0    0000fffa    00000002     
                  0000fffa    00000002     AM-TestJig-v1.4.obj (.int13)

NMI        0    0000fffc    00000002     
                  0000fffc    00000002     rts430_eabi.lib : int14.asm.obj (.int14)

.reset     0    0000fffe    00000002     
                  0000fffe    00000002     rts430_eabi.lib : boot.c.obj (.reset)

MODULE SUMMARY

       Module                       code   ro data   rw data
       ------                       ----   -------   -------
    .\
       AM-TestJig-v1.4.obj          4800   6         166    
    +--+----------------------------+------+---------+---------+
       Total:                       4800   6         166    
                                                            
    C:\ti\ccs1020\ccs\tools\compiler\ti-cgt-msp430_20.2.5.LTS\lib\rts430_eabi.lib
       addd.c.obj                   1846   0         0      
       mpyd.c.obj                   704    0         0      
       frcmpyd.c.obj                370    0         0      
       fs_add.asm.obj               306    0         0      
       fs_mpy.asm.obj               196    0         0      
       cvtdf.c.obj                  180    0         0      
       mult64_hw.asm.obj            150    0         0      
       copy_decompress_lzss.c.obj   124    0         0      
       fixdul.c.obj                 116    0         0      
       cvtfd.c.obj                  112    0         0      
       lsr16.asm.obj                76     0         0      
       asr64.c.obj                  74     0         0      
       mult3264_hw.asm.obj          74     0         0      
       fs_tou.asm.obj               70     0         0      
       lsr64.c.obj                  70     0         0      
       lsl64.c.obj                  68     0         0      
       autoinit.c.obj               66     0         0      
       asr32.asm.obj                62     0         0      
       lsl32.asm.obj                62     0         0      
       fs_ultof.asm.obj             50     0         0      
       asr16.asm.obj                44     0         0      
       lsl16.asm.obj                44     0         0      
       boot.c.obj                   28     2         0      
       div16u.asm.obj               22     0         0      
       copy_zero_init.c.obj         20     0         0      
       copy_decompress_none.c.obj   18     0         0      
       fixdu.c.obj                  18     0         0      
       lsr32.asm.obj                18     0         0      
       memcpy.c.obj                 18     0         0      
       epilog.asm.obj               16     0         0      
       isr_trap.asm.obj             8      0         0      
       exit.c.obj                   6      0         0      
       pre_init.c.obj               4      0         0      
       int01.asm.obj                0      2         0      
       int02.asm.obj                0      2         0      
       int04.asm.obj                0      2         0      
       int05.asm.obj                0      2         0      
       int06.asm.obj                0      2         0      
       int07.asm.obj                0      2         0      
       int08.asm.obj                0      2         0      
       int10.asm.obj                0      2         0      
       int11.asm.obj                0      2         0      
       int12.asm.obj                0      2         0      
       int14.asm.obj                0      2         0      
       startup.c.obj                2      0         0      
    +--+----------------------------+------+---------+---------+
       Total:                       5042   24        0      
                                                            
       Stack:                       0      0         80     
       Linker Generated:            0      63        0      
    +--+----------------------------+------+---------+---------+
       Grand Total:                 9842   93        246    


LINKER GENERATED COPY TABLES

__TI_cinit_table @ 000037aa records: 2, size/record: 4, table size: 8
	.data: load addr=00003772, load size=0000002d bytes, run addr=00000200, run size=00000060 bytes, compression=lzss
	.bss: load addr=000037a6, load size=00000004 bytes, run addr=00000260, run size=00000047 bytes, compression=zero_init


LINKER GENERATED HANDLER TABLE

__TI_handler_table @ 000037a0 records: 3, size/record: 2, table size: 6
	index: 0, handler: __TI_zero_init
	index: 1, handler: __TI_decompress_lzss
	index: 2, handler: __TI_decompress_none


GLOBAL SYMBOLS: SORTED ALPHABETICALLY BY Name 

address   name                          
-------   ----                          
000001a0  ADC12CTL0                     
000001a2  ADC12CTL1                     
000001a6  ADC12IE                       
000001a4  ADC12IFG                      
000001a8  ADC12IV                       
00000080  ADC12MCTL0                    
00000081  ADC12MCTL1                    
0000008a  ADC12MCTL10                   
0000008b  ADC12MCTL11                   
0000008c  ADC12MCTL12                   
0000008d  ADC12MCTL13                   
0000008e  ADC12MCTL14                   
0000008f  ADC12MCTL15                   
00000082  ADC12MCTL2                    
00000083  ADC12MCTL3                    
00000084  ADC12MCTL4                    
00000085  ADC12MCTL5                    
00000086  ADC12MCTL6                    
00000087  ADC12MCTL7                    
00000088  ADC12MCTL8                    
00000089  ADC12MCTL9                    
00000140  ADC12MEM0                     
00000142  ADC12MEM1                     
00000154  ADC12MEM10                    
00000156  ADC12MEM11                    
00000158  ADC12MEM12                    
0000015a  ADC12MEM13                    
0000015c  ADC12MEM14                    
0000015e  ADC12MEM15                    
00000144  ADC12MEM2                     
00000146  ADC12MEM3                     
00000148  ADC12MEM4                     
0000014a  ADC12MEM5                     
0000014c  ADC12MEM6                     
0000014e  ADC12MEM7                     
00000150  ADC12MEM8                     
00000152  ADC12MEM9                     
000002a6  Addr_485                      
0000027c  Addr_Buf                      
00003750  Addr_Get                      
00000057  BCSCTL1                       
00000058  BCSCTL2                       
00003766  C$$EXIT                       
00000059  CACTL1                        
0000005a  CACTL2                        
0000005b  CAPD                          
00000056  DCOCTL                        
00000270  DisBuf1                       
00000260  DisBuf2                       
0000346c  Dis_SendData1                 
000034a0  Dis_SendData2                 
0000361a  Dis_start1                    
00003638  Dis_start2                    
000036b0  Dis_stop1                     
000036c2  Dis_stop2                     
0000022c  Display_Flag1                 
0000022d  Display_Flag2                 
00000128  FCTL1                         
0000012a  FCTL2                         
0000012c  FCTL3                         
00000000  IE1                           
00000001  IE2                           
00000002  IFG1                          
00000003  IFG2                          
000034d4  IOPort_init                   
00003506  Init_Display1                 
00003538  Init_Display2                 
00000134  MAC                           
00000136  MACS                          
00000004  ME1                           
00000005  ME2                           
00000130  MPY                           
00000132  MPYS                          
0000023e  Max_Pressure                  
00000242  Min_Pressure                  
00000138  OP2                           
00000022  P1DIR                         
00000025  P1IE                          
00000024  P1IES                         
00000023  P1IFG                         
00000020  P1IN                          
00000021  P1OUT                         
00000026  P1SEL                         
00000280  P1_Buf                        
0000022e  P1_Value                      
0000002a  P2DIR                         
0000002d  P2IE                          
0000002c  P2IES                         
0000002b  P2IFG                         
00000028  P2IN                          
00000029  P2OUT                         
0000002e  P2SEL                         
00000284  P2_Buf                        
00000230  P2_Value                      
0000001a  P3DIR                         
00000018  P3IN                          
00000019  P3OUT                         
0000001b  P3SEL                         
00000288  P3_Buf                        
00000232  P3_Value                      
0000001e  P4DIR                         
0000001c  P4IN                          
0000001d  P4OUT                         
0000001f  P4SEL                         
0000028c  P4_Buf                        
00000234  P4_Value                      
00000032  P5DIR                         
00000030  P5IN                          
00000031  P5OUT                         
00000033  P5SEL                         
00000290  P5_Buf                        
00000236  P5_Value                      
00000036  P6DIR                         
00000034  P6IN                          
00000035  P6OUT                         
00000037  P6SEL                         
00000294  P6_Buf                        
00000238  P6_Value                      
00000298  P7_Buf                        
0000023a  P7_Value                      
0000029c  P8_Buf                        
0000023c  P8_Value                      
00000246  P_Read_Flag                   
000002a0  Pressure_KPA                  
00001bba  Pressure_To_Digit1            
00001836  Pressure_To_Digit2            
0000013c  RESHI                         
0000013a  RESLO                         
00002920  ReadCount1                    
00002a12  ReadCount2                    
0000251a  ReadCount3                    
0000261e  ReadCount4                    
00002b04  ReadCount5                    
00002bf6  ReadCount6                    
00002722  ReadCount7                    
00002400  ReadCount8                    
0000013e  SUMEXT                        
00000172  TACCR0                        
00000174  TACCR1                        
00000176  TACCR2                        
00000162  TACCTL0                       
00000164  TACCTL1                       
00000166  TACCTL2                       
00000160  TACTL                         
0000012e  TAIV                          
00000170  TAR                           
00000192  TBCCR0                        
00000194  TBCCR1                        
00000196  TBCCR2                        
00000198  TBCCR3                        
0000019a  TBCCR4                        
0000019c  TBCCR5                        
0000019e  TBCCR6                        
00000182  TBCCTL0                       
00000184  TBCCTL1                       
00000186  TBCCTL2                       
00000188  TBCCTL3                       
0000018a  TBCCTL4                       
0000018c  TBCCTL5                       
0000018e  TBCCTL6                       
00000180  TBCTL                         
0000011e  TBIV                          
00000190  TBR                           
00002ce8  Timer_B                       
00003688  Timer_B7_init                 
00000074  U0BR0                         
00000075  U0BR1                         
00000070  U0CTL                         
00000073  U0MCTL                        
00000072  U0RCTL                        
00000076  U0RXBUF                       
00000071  U0TCTL                        
00000077  U0TXBUF                       
0000007c  U1BR0                         
0000007d  U1BR1                         
00000078  U1CTL                         
0000007b  U1MCTL                        
0000007a  U1RCTL                        
0000007e  U1RXBUF                       
00000079  U1TCTL                        
0000007f  U1TXBUF                       
000030b0  UART_Init                     
00003400  Update_Display1               
00003436  Update_Display2               
00000120  WDTCTL                        
00000a00  __STACK_END                   
00000050  __STACK_SIZE                  
000037aa  __TI_CINIT_Base               
000037b2  __TI_CINIT_Limit              
000037a0  __TI_Handler_Table_Base       
000037a6  __TI_Handler_Table_Limit      
0000375e  __TI_ISR_TRAP                 
00003342  __TI_auto_init_nobinit_nopinit
00002fc0  __TI_decompress_lzss          
000036e6  __TI_decompress_none          
0000215c  __TI_frcmpyd                  
0000ffe2  __TI_int01                    
0000ffe4  __TI_int02                    
0000ffe6  __TI_int03                    
0000ffe8  __TI_int04                    
0000ffea  __TI_int05                    
0000ffec  __TI_int06                    
0000ffee  __TI_int07                    
0000fff0  __TI_int08                    
0000fff2  __TI_int09                    
0000fff4  __TI_int10                    
0000fff6  __TI_int11                    
0000fff8  __TI_int12                    
0000fffa  __TI_int13                    
0000fffc  __TI_int14                    
ffffffff  __TI_pprof_out_hndl           
ffffffff  __TI_prof_data_size           
ffffffff  __TI_prof_data_start          
0000369c  __TI_zero_init_nomemset       
ffffffff  __c_args__                    
00001100  __mspabi_addd                 
000022d4  __mspabi_addf                 
00002e76  __mspabi_cvtdf                
00003122  __mspabi_cvtfd                
00003672  __mspabi_divu                 
000036d4  __mspabi_fixdu                
0000303c  __mspabi_fixdul               
000032b8  __mspabi_fixfu                
0000356a  __mspabi_fltulf               
0000374c  __mspabi_func_epilog_1        
0000374a  __mspabi_func_epilog_2        
00003748  __mspabi_func_epilog_3        
00003746  __mspabi_func_epilog_4        
00003744  __mspabi_func_epilog_5        
00003742  __mspabi_func_epilog_6        
00003740  __mspabi_func_epilog_7        
00001e9c  __mspabi_mpyd                 
00002db2  __mspabi_mpyf                 
00002f2a  __mspabi_mpyll_hw             
000031de  __mspabi_mpyull_hw            
00003672  __mspabi_remu                 
000035c8  __mspabi_slli                 
000035f0  __mspabi_slli_1               
000035de  __mspabi_slli_10              
000035dc  __mspabi_slli_11              
000035da  __mspabi_slli_12              
000035d8  __mspabi_slli_13              
000035d6  __mspabi_slli_14              
000035d4  __mspabi_slli_15              
000035ee  __mspabi_slli_2               
000035ec  __mspabi_slli_3               
000035ea  __mspabi_slli_4               
000035e8  __mspabi_slli_5               
000035e6  __mspabi_slli_6               
000035e4  __mspabi_slli_7               
000035e2  __mspabi_slli_8               
000035e0  __mspabi_slli_9               
000033fa  __mspabi_slll_1               
000033d6  __mspabi_slll_10              
000033d2  __mspabi_slll_11              
000033ce  __mspabi_slll_12              
000033ca  __mspabi_slll_13              
000033c6  __mspabi_slll_14              
000033c2  __mspabi_slll_15              
000033f6  __mspabi_slll_2               
000033f2  __mspabi_slll_3               
000033ee  __mspabi_slll_4               
000033ea  __mspabi_slll_5               
000033e6  __mspabi_slll_6               
000033e2  __mspabi_slll_7               
000033de  __mspabi_slll_8               
000033da  __mspabi_slll_9               
000032fe  __mspabi_sllll                
0000359c  __mspabi_srai                 
000035c4  __mspabi_srai_1               
000035b2  __mspabi_srai_10              
000035b0  __mspabi_srai_11              
000035ae  __mspabi_srai_12              
000035ac  __mspabi_srai_13              
000035aa  __mspabi_srai_14              
000035a8  __mspabi_srai_15              
000035c2  __mspabi_srai_2               
000035c0  __mspabi_srai_3               
000035be  __mspabi_srai_4               
000035bc  __mspabi_srai_5               
000035ba  __mspabi_srai_6               
000035b8  __mspabi_srai_7               
000035b6  __mspabi_srai_8               
000035b4  __mspabi_srai_9               
000033bc  __mspabi_sral_1               
00003398  __mspabi_sral_10              
00003394  __mspabi_sral_11              
00003390  __mspabi_sral_12              
0000338c  __mspabi_sral_13              
00003388  __mspabi_sral_14              
00003384  __mspabi_sral_15              
000033b8  __mspabi_sral_2               
000033b4  __mspabi_sral_3               
000033b0  __mspabi_sral_4               
000033ac  __mspabi_sral_5               
000033a8  __mspabi_sral_6               
000033a4  __mspabi_sral_7               
000033a0  __mspabi_sral_8               
0000339c  __mspabi_sral_9               
00003228  __mspabi_srall                
00003192  __mspabi_srli                 
000031d8  __mspabi_srli_1               
000031b4  __mspabi_srli_10              
000031b0  __mspabi_srli_11              
000031ac  __mspabi_srli_12              
000031a8  __mspabi_srli_13              
000031a4  __mspabi_srli_14              
000031a0  __mspabi_srli_15              
000031d4  __mspabi_srli_2               
000031d0  __mspabi_srli_3               
000031cc  __mspabi_srli_4               
000031c8  __mspabi_srli_5               
000031c4  __mspabi_srli_6               
000031c0  __mspabi_srli_7               
000031bc  __mspabi_srli_8               
000031b8  __mspabi_srli_9               
000036f8  __mspabi_srll                 
00003272  __mspabi_srlll                
000022ce  __mspabi_subf                 
00003656  _c_int00_noargs               
0000fffe  _reset_vector                 
000009b0  _stack                        
00003770  _system_post_cinit            
0000376c  _system_pre_init              
00003766  abort                         
00000248  ch_table                      
000035f4  clock_init                    
0000020a  cnt_100ms                     
00000204  cnt_10ms                      
00000218  cnt_10sec                     
00000200  cnt_1ms                       
00000214  cnt_1sec                      
0000020c  cnt_200ms                     
00000206  cnt_20ms                      
0000020e  cnt_250ms                     
00000212  cnt_2sec                      
0000021a  cnt_30sec                     
00000210  cnt_500ms                     
00000208  cnt_50ms                      
00000202  cnt_5ms                       
00000216  cnt_5sec                      
00000221  f_100ms                       
0000021e  f_10ms                        
00000228  f_10sec                       
0000021c  f_1ms                         
00000225  f_1sec                        
00000222  f_200ms                       
0000021f  f_20ms                        
00000223  f_250ms                       
00000226  f_2sec                        
00000229  f_30sec                       
00000224  f_500ms                       
00000220  f_50ms                        
0000021d  f_5ms                         
00000227  f_5sec                        
00002826  main                          
0000370a  memcpy                        
000002a4  uint16_temp                   
0000371c  usart0_rx                     
0000372e  usart1_rx                     
0000022a  waiting_tm                    


GLOBAL SYMBOLS: SORTED BY Symbol Address 

address   name                          
-------   ----                          
00000000  IE1                           
00000001  IE2                           
00000002  IFG1                          
00000003  IFG2                          
00000004  ME1                           
00000005  ME2                           
00000018  P3IN                          
00000019  P3OUT                         
0000001a  P3DIR                         
0000001b  P3SEL                         
0000001c  P4IN                          
0000001d  P4OUT                         
0000001e  P4DIR                         
0000001f  P4SEL                         
00000020  P1IN                          
00000021  P1OUT                         
00000022  P1DIR                         
00000023  P1IFG                         
00000024  P1IES                         
00000025  P1IE                          
00000026  P1SEL                         
00000028  P2IN                          
00000029  P2OUT                         
0000002a  P2DIR                         
0000002b  P2IFG                         
0000002c  P2IES                         
0000002d  P2IE                          
0000002e  P2SEL                         
00000030  P5IN                          
00000031  P5OUT                         
00000032  P5DIR                         
00000033  P5SEL                         
00000034  P6IN                          
00000035  P6OUT                         
00000036  P6DIR                         
00000037  P6SEL                         
00000050  __STACK_SIZE                  
00000056  DCOCTL                        
00000057  BCSCTL1                       
00000058  BCSCTL2                       
00000059  CACTL1                        
0000005a  CACTL2                        
0000005b  CAPD                          
00000070  U0CTL                         
00000071  U0TCTL                        
00000072  U0RCTL                        
00000073  U0MCTL                        
00000074  U0BR0                         
00000075  U0BR1                         
00000076  U0RXBUF                       
00000077  U0TXBUF                       
00000078  U1CTL                         
00000079  U1TCTL                        
0000007a  U1RCTL                        
0000007b  U1MCTL                        
0000007c  U1BR0                         
0000007d  U1BR1                         
0000007e  U1RXBUF                       
0000007f  U1TXBUF                       
00000080  ADC12MCTL0                    
00000081  ADC12MCTL1                    
00000082  ADC12MCTL2                    
00000083  ADC12MCTL3                    
00000084  ADC12MCTL4                    
00000085  ADC12MCTL5                    
00000086  ADC12MCTL6                    
00000087  ADC12MCTL7                    
00000088  ADC12MCTL8                    
00000089  ADC12MCTL9                    
0000008a  ADC12MCTL10                   
0000008b  ADC12MCTL11                   
0000008c  ADC12MCTL12                   
0000008d  ADC12MCTL13                   
0000008e  ADC12MCTL14                   
0000008f  ADC12MCTL15                   
0000011e  TBIV                          
00000120  WDTCTL                        
00000128  FCTL1                         
0000012a  FCTL2                         
0000012c  FCTL3                         
0000012e  TAIV                          
00000130  MPY                           
00000132  MPYS                          
00000134  MAC                           
00000136  MACS                          
00000138  OP2                           
0000013a  RESLO                         
0000013c  RESHI                         
0000013e  SUMEXT                        
00000140  ADC12MEM0                     
00000142  ADC12MEM1                     
00000144  ADC12MEM2                     
00000146  ADC12MEM3                     
00000148  ADC12MEM4                     
0000014a  ADC12MEM5                     
0000014c  ADC12MEM6                     
0000014e  ADC12MEM7                     
00000150  ADC12MEM8                     
00000152  ADC12MEM9                     
00000154  ADC12MEM10                    
00000156  ADC12MEM11                    
00000158  ADC12MEM12                    
0000015a  ADC12MEM13                    
0000015c  ADC12MEM14                    
0000015e  ADC12MEM15                    
00000160  TACTL                         
00000162  TACCTL0                       
00000164  TACCTL1                       
00000166  TACCTL2                       
00000170  TAR                           
00000172  TACCR0                        
00000174  TACCR1                        
00000176  TACCR2                        
00000180  TBCTL                         
00000182  TBCCTL0                       
00000184  TBCCTL1                       
00000186  TBCCTL2                       
00000188  TBCCTL3                       
0000018a  TBCCTL4                       
0000018c  TBCCTL5                       
0000018e  TBCCTL6                       
00000190  TBR                           
00000192  TBCCR0                        
00000194  TBCCR1                        
00000196  TBCCR2                        
00000198  TBCCR3                        
0000019a  TBCCR4                        
0000019c  TBCCR5                        
0000019e  TBCCR6                        
000001a0  ADC12CTL0                     
000001a2  ADC12CTL1                     
000001a4  ADC12IFG                      
000001a6  ADC12IE                       
000001a8  ADC12IV                       
00000200  cnt_1ms                       
00000202  cnt_5ms                       
00000204  cnt_10ms                      
00000206  cnt_20ms                      
00000208  cnt_50ms                      
0000020a  cnt_100ms                     
0000020c  cnt_200ms                     
0000020e  cnt_250ms                     
00000210  cnt_500ms                     
00000212  cnt_2sec                      
00000214  cnt_1sec                      
00000216  cnt_5sec                      
00000218  cnt_10sec                     
0000021a  cnt_30sec                     
0000021c  f_1ms                         
0000021d  f_5ms                         
0000021e  f_10ms                        
0000021f  f_20ms                        
00000220  f_50ms                        
00000221  f_100ms                       
00000222  f_200ms                       
00000223  f_250ms                       
00000224  f_500ms                       
00000225  f_1sec                        
00000226  f_2sec                        
00000227  f_5sec                        
00000228  f_10sec                       
00000229  f_30sec                       
0000022a  waiting_tm                    
0000022c  Display_Flag1                 
0000022d  Display_Flag2                 
0000022e  P1_Value                      
00000230  P2_Value                      
00000232  P3_Value                      
00000234  P4_Value                      
00000236  P5_Value                      
00000238  P6_Value                      
0000023a  P7_Value                      
0000023c  P8_Value                      
0000023e  Max_Pressure                  
00000242  Min_Pressure                  
00000246  P_Read_Flag                   
00000248  ch_table                      
00000260  DisBuf2                       
00000270  DisBuf1                       
0000027c  Addr_Buf                      
00000280  P1_Buf                        
00000284  P2_Buf                        
00000288  P3_Buf                        
0000028c  P4_Buf                        
00000290  P5_Buf                        
00000294  P6_Buf                        
00000298  P7_Buf                        
0000029c  P8_Buf                        
000002a0  Pressure_KPA                  
000002a4  uint16_temp                   
000002a6  Addr_485                      
000009b0  _stack                        
00000a00  __STACK_END                   
00001100  __mspabi_addd                 
00001836  Pressure_To_Digit2            
00001bba  Pressure_To_Digit1            
00001e9c  __mspabi_mpyd                 
0000215c  __TI_frcmpyd                  
000022ce  __mspabi_subf                 
000022d4  __mspabi_addf                 
00002400  ReadCount8                    
0000251a  ReadCount3                    
0000261e  ReadCount4                    
00002722  ReadCount7                    
00002826  main                          
00002920  ReadCount1                    
00002a12  ReadCount2                    
00002b04  ReadCount5                    
00002bf6  ReadCount6                    
00002ce8  Timer_B                       
00002db2  __mspabi_mpyf                 
00002e76  __mspabi_cvtdf                
00002f2a  __mspabi_mpyll_hw             
00002fc0  __TI_decompress_lzss          
0000303c  __mspabi_fixdul               
000030b0  UART_Init                     
00003122  __mspabi_cvtfd                
00003192  __mspabi_srli                 
000031a0  __mspabi_srli_15              
000031a4  __mspabi_srli_14              
000031a8  __mspabi_srli_13              
000031ac  __mspabi_srli_12              
000031b0  __mspabi_srli_11              
000031b4  __mspabi_srli_10              
000031b8  __mspabi_srli_9               
000031bc  __mspabi_srli_8               
000031c0  __mspabi_srli_7               
000031c4  __mspabi_srli_6               
000031c8  __mspabi_srli_5               
000031cc  __mspabi_srli_4               
000031d0  __mspabi_srli_3               
000031d4  __mspabi_srli_2               
000031d8  __mspabi_srli_1               
000031de  __mspabi_mpyull_hw            
00003228  __mspabi_srall                
00003272  __mspabi_srlll                
000032b8  __mspabi_fixfu                
000032fe  __mspabi_sllll                
00003342  __TI_auto_init_nobinit_nopinit
00003384  __mspabi_sral_15              
00003388  __mspabi_sral_14              
0000338c  __mspabi_sral_13              
00003390  __mspabi_sral_12              
00003394  __mspabi_sral_11              
00003398  __mspabi_sral_10              
0000339c  __mspabi_sral_9               
000033a0  __mspabi_sral_8               
000033a4  __mspabi_sral_7               
000033a8  __mspabi_sral_6               
000033ac  __mspabi_sral_5               
000033b0  __mspabi_sral_4               
000033b4  __mspabi_sral_3               
000033b8  __mspabi_sral_2               
000033bc  __mspabi_sral_1               
000033c2  __mspabi_slll_15              
000033c6  __mspabi_slll_14              
000033ca  __mspabi_slll_13              
000033ce  __mspabi_slll_12              
000033d2  __mspabi_slll_11              
000033d6  __mspabi_slll_10              
000033da  __mspabi_slll_9               
000033de  __mspabi_slll_8               
000033e2  __mspabi_slll_7               
000033e6  __mspabi_slll_6               
000033ea  __mspabi_slll_5               
000033ee  __mspabi_slll_4               
000033f2  __mspabi_slll_3               
000033f6  __mspabi_slll_2               
000033fa  __mspabi_slll_1               
00003400  Update_Display1               
00003436  Update_Display2               
0000346c  Dis_SendData1                 
000034a0  Dis_SendData2                 
000034d4  IOPort_init                   
00003506  Init_Display1                 
00003538  Init_Display2                 
0000356a  __mspabi_fltulf               
0000359c  __mspabi_srai                 
000035a8  __mspabi_srai_15              
000035aa  __mspabi_srai_14              
000035ac  __mspabi_srai_13              
000035ae  __mspabi_srai_12              
000035b0  __mspabi_srai_11              
000035b2  __mspabi_srai_10              
000035b4  __mspabi_srai_9               
000035b6  __mspabi_srai_8               
000035b8  __mspabi_srai_7               
000035ba  __mspabi_srai_6               
000035bc  __mspabi_srai_5               
000035be  __mspabi_srai_4               
000035c0  __mspabi_srai_3               
000035c2  __mspabi_srai_2               
000035c4  __mspabi_srai_1               
000035c8  __mspabi_slli                 
000035d4  __mspabi_slli_15              
000035d6  __mspabi_slli_14              
000035d8  __mspabi_slli_13              
000035da  __mspabi_slli_12              
000035dc  __mspabi_slli_11              
000035de  __mspabi_slli_10              
000035e0  __mspabi_slli_9               
000035e2  __mspabi_slli_8               
000035e4  __mspabi_slli_7               
000035e6  __mspabi_slli_6               
000035e8  __mspabi_slli_5               
000035ea  __mspabi_slli_4               
000035ec  __mspabi_slli_3               
000035ee  __mspabi_slli_2               
000035f0  __mspabi_slli_1               
000035f4  clock_init                    
0000361a  Dis_start1                    
00003638  Dis_start2                    
00003656  _c_int00_noargs               
00003672  __mspabi_divu                 
00003672  __mspabi_remu                 
00003688  Timer_B7_init                 
0000369c  __TI_zero_init_nomemset       
000036b0  Dis_stop1                     
000036c2  Dis_stop2                     
000036d4  __mspabi_fixdu                
000036e6  __TI_decompress_none          
000036f8  __mspabi_srll                 
0000370a  memcpy                        
0000371c  usart0_rx                     
0000372e  usart1_rx                     
00003740  __mspabi_func_epilog_7        
00003742  __mspabi_func_epilog_6        
00003744  __mspabi_func_epilog_5        
00003746  __mspabi_func_epilog_4        
00003748  __mspabi_func_epilog_3        
0000374a  __mspabi_func_epilog_2        
0000374c  __mspabi_func_epilog_1        
00003750  Addr_Get                      
0000375e  __TI_ISR_TRAP                 
00003766  C$$EXIT                       
00003766  abort                         
0000376c  _system_pre_init              
00003770  _system_post_cinit            
000037a0  __TI_Handler_Table_Base       
000037a6  __TI_Handler_Table_Limit      
000037aa  __TI_CINIT_Base               
000037b2  __TI_CINIT_Limit              
0000ffe2  __TI_int01                    
0000ffe4  __TI_int02                    
0000ffe6  __TI_int03                    
0000ffe8  __TI_int04                    
0000ffea  __TI_int05                    
0000ffec  __TI_int06                    
0000ffee  __TI_int07                    
0000fff0  __TI_int08                    
0000fff2  __TI_int09                    
0000fff4  __TI_int10                    
0000fff6  __TI_int11                    
0000fff8  __TI_int12                    
0000fffa  __TI_int13                    
0000fffc  __TI_int14                    
0000fffe  _reset_vector                 
ffffffff  __TI_pprof_out_hndl           
ffffffff  __TI_prof_data_size           
ffffffff  __TI_prof_data_start          
ffffffff  __c_args__                    

[361 symbols]
