<?xml version="1.0" encoding="ISO-8859-1" ?>
<link_info>
   <banner>MSP430 Linker PC v20.2.5.LTS</banner>
   <copyright>Copyright (c) 2003-2018 Texas Instruments Incorporated</copyright>
   <link_time>0x64a4fa3d</link_time>
   <link_errors>0x0</link_errors>
   <output_file>AM-TestJig-v1.5.out</output_file>
   <entry_point>
      <name>_c_int00_noargs</name>
      <address>0x3a86</address>
   </entry_point>
   <input_file_list>
      <input_file id="fl-2">
         <path>.\</path>
         <kind>object</kind>
         <file>AM-TestJig-v1.5.obj</file>
         <name>AM-TestJig-v1.5.obj</name>
      </input_file>
      <input_file id="fl-7">
         <kind>object</kind>
         <file>&lt;internal&gt;</file>
         <name>&lt;internal&gt;</name>
      </input_file>
      <input_file id="fl-1d">
         <path>C:\ti\ccs1020\ccs\tools\compiler\ti-cgt-msp430_20.2.5.LTS\lib\</path>
         <kind>archive</kind>
         <file>rts430_eabi.lib</file>
         <name>div16u.asm.obj</name>
      </input_file>
      <input_file id="fl-1e">
         <path>C:\ti\ccs1020\ccs\tools\compiler\ti-cgt-msp430_20.2.5.LTS\lib\</path>
         <kind>archive</kind>
         <file>rts430_eabi.lib</file>
         <name>epilog.asm.obj</name>
      </input_file>
      <input_file id="fl-1f">
         <path>C:\ti\ccs1020\ccs\tools\compiler\ti-cgt-msp430_20.2.5.LTS\lib\</path>
         <kind>archive</kind>
         <file>rts430_eabi.lib</file>
         <name>fs_add.asm.obj</name>
      </input_file>
      <input_file id="fl-20">
         <path>C:\ti\ccs1020\ccs\tools\compiler\ti-cgt-msp430_20.2.5.LTS\lib\</path>
         <kind>archive</kind>
         <file>rts430_eabi.lib</file>
         <name>fs_cmp.asm.obj</name>
      </input_file>
      <input_file id="fl-21">
         <path>C:\ti\ccs1020\ccs\tools\compiler\ti-cgt-msp430_20.2.5.LTS\lib\</path>
         <kind>archive</kind>
         <file>rts430_eabi.lib</file>
         <name>fs_mpy.asm.obj</name>
      </input_file>
      <input_file id="fl-22">
         <path>C:\ti\ccs1020\ccs\tools\compiler\ti-cgt-msp430_20.2.5.LTS\lib\</path>
         <kind>archive</kind>
         <file>rts430_eabi.lib</file>
         <name>fs_tou.asm.obj</name>
      </input_file>
      <input_file id="fl-23">
         <path>C:\ti\ccs1020\ccs\tools\compiler\ti-cgt-msp430_20.2.5.LTS\lib\</path>
         <kind>archive</kind>
         <file>rts430_eabi.lib</file>
         <name>fs_ultof.asm.obj</name>
      </input_file>
      <input_file id="fl-24">
         <path>C:\ti\ccs1020\ccs\tools\compiler\ti-cgt-msp430_20.2.5.LTS\lib\</path>
         <kind>archive</kind>
         <file>rts430_eabi.lib</file>
         <name>fs_utof.asm.obj</name>
      </input_file>
      <input_file id="fl-25">
         <path>C:\ti\ccs1020\ccs\tools\compiler\ti-cgt-msp430_20.2.5.LTS\lib\</path>
         <kind>archive</kind>
         <file>rts430_eabi.lib</file>
         <name>int01.asm.obj</name>
      </input_file>
      <input_file id="fl-26">
         <path>C:\ti\ccs1020\ccs\tools\compiler\ti-cgt-msp430_20.2.5.LTS\lib\</path>
         <kind>archive</kind>
         <file>rts430_eabi.lib</file>
         <name>int02.asm.obj</name>
      </input_file>
      <input_file id="fl-27">
         <path>C:\ti\ccs1020\ccs\tools\compiler\ti-cgt-msp430_20.2.5.LTS\lib\</path>
         <kind>archive</kind>
         <file>rts430_eabi.lib</file>
         <name>int04.asm.obj</name>
      </input_file>
      <input_file id="fl-28">
         <path>C:\ti\ccs1020\ccs\tools\compiler\ti-cgt-msp430_20.2.5.LTS\lib\</path>
         <kind>archive</kind>
         <file>rts430_eabi.lib</file>
         <name>int05.asm.obj</name>
      </input_file>
      <input_file id="fl-29">
         <path>C:\ti\ccs1020\ccs\tools\compiler\ti-cgt-msp430_20.2.5.LTS\lib\</path>
         <kind>archive</kind>
         <file>rts430_eabi.lib</file>
         <name>int06.asm.obj</name>
      </input_file>
      <input_file id="fl-2a">
         <path>C:\ti\ccs1020\ccs\tools\compiler\ti-cgt-msp430_20.2.5.LTS\lib\</path>
         <kind>archive</kind>
         <file>rts430_eabi.lib</file>
         <name>int07.asm.obj</name>
      </input_file>
      <input_file id="fl-2b">
         <path>C:\ti\ccs1020\ccs\tools\compiler\ti-cgt-msp430_20.2.5.LTS\lib\</path>
         <kind>archive</kind>
         <file>rts430_eabi.lib</file>
         <name>int08.asm.obj</name>
      </input_file>
      <input_file id="fl-2c">
         <path>C:\ti\ccs1020\ccs\tools\compiler\ti-cgt-msp430_20.2.5.LTS\lib\</path>
         <kind>archive</kind>
         <file>rts430_eabi.lib</file>
         <name>int10.asm.obj</name>
      </input_file>
      <input_file id="fl-2d">
         <path>C:\ti\ccs1020\ccs\tools\compiler\ti-cgt-msp430_20.2.5.LTS\lib\</path>
         <kind>archive</kind>
         <file>rts430_eabi.lib</file>
         <name>int11.asm.obj</name>
      </input_file>
      <input_file id="fl-2e">
         <path>C:\ti\ccs1020\ccs\tools\compiler\ti-cgt-msp430_20.2.5.LTS\lib\</path>
         <kind>archive</kind>
         <file>rts430_eabi.lib</file>
         <name>int12.asm.obj</name>
      </input_file>
      <input_file id="fl-2f">
         <path>C:\ti\ccs1020\ccs\tools\compiler\ti-cgt-msp430_20.2.5.LTS\lib\</path>
         <kind>archive</kind>
         <file>rts430_eabi.lib</file>
         <name>int14.asm.obj</name>
      </input_file>
      <input_file id="fl-30">
         <path>C:\ti\ccs1020\ccs\tools\compiler\ti-cgt-msp430_20.2.5.LTS\lib\</path>
         <kind>archive</kind>
         <file>rts430_eabi.lib</file>
         <name>isr_trap.asm.obj</name>
      </input_file>
      <input_file id="fl-31">
         <path>C:\ti\ccs1020\ccs\tools\compiler\ti-cgt-msp430_20.2.5.LTS\lib\</path>
         <kind>archive</kind>
         <file>rts430_eabi.lib</file>
         <name>lsr16.asm.obj</name>
      </input_file>
      <input_file id="fl-32">
         <path>C:\ti\ccs1020\ccs\tools\compiler\ti-cgt-msp430_20.2.5.LTS\lib\</path>
         <kind>archive</kind>
         <file>rts430_eabi.lib</file>
         <name>mult16_hw.asm.obj</name>
      </input_file>
      <input_file id="fl-33">
         <path>C:\ti\ccs1020\ccs\tools\compiler\ti-cgt-msp430_20.2.5.LTS\lib\</path>
         <kind>archive</kind>
         <file>rts430_eabi.lib</file>
         <name>mult1632_hw.asm.obj</name>
      </input_file>
      <input_file id="fl-34">
         <path>C:\ti\ccs1020\ccs\tools\compiler\ti-cgt-msp430_20.2.5.LTS\lib\</path>
         <kind>archive</kind>
         <file>rts430_eabi.lib</file>
         <name>mult32_hw.asm.obj</name>
      </input_file>
      <input_file id="fl-35">
         <path>C:\ti\ccs1020\ccs\tools\compiler\ti-cgt-msp430_20.2.5.LTS\lib\</path>
         <kind>archive</kind>
         <file>rts430_eabi.lib</file>
         <name>mult3264_hw.asm.obj</name>
      </input_file>
      <input_file id="fl-36">
         <path>C:\ti\ccs1020\ccs\tools\compiler\ti-cgt-msp430_20.2.5.LTS\lib\</path>
         <kind>archive</kind>
         <file>rts430_eabi.lib</file>
         <name>mult64_hw.asm.obj</name>
      </input_file>
      <input_file id="fl-37">
         <path>C:\ti\ccs1020\ccs\tools\compiler\ti-cgt-msp430_20.2.5.LTS\lib\</path>
         <kind>archive</kind>
         <file>rts430_eabi.lib</file>
         <name>boot.c.obj</name>
      </input_file>
      <input_file id="fl-38">
         <path>C:\ti\ccs1020\ccs\tools\compiler\ti-cgt-msp430_20.2.5.LTS\lib\</path>
         <kind>archive</kind>
         <file>rts430_eabi.lib</file>
         <name>autoinit.c.obj</name>
      </input_file>
      <input_file id="fl-39">
         <path>C:\ti\ccs1020\ccs\tools\compiler\ti-cgt-msp430_20.2.5.LTS\lib\</path>
         <kind>archive</kind>
         <file>rts430_eabi.lib</file>
         <name>copy_zero_init.c.obj</name>
      </input_file>
      <input_file id="fl-3a">
         <path>C:\ti\ccs1020\ccs\tools\compiler\ti-cgt-msp430_20.2.5.LTS\lib\</path>
         <kind>archive</kind>
         <file>rts430_eabi.lib</file>
         <name>cpy_tbl.c.obj</name>
      </input_file>
      <input_file id="fl-3b">
         <path>C:\ti\ccs1020\ccs\tools\compiler\ti-cgt-msp430_20.2.5.LTS\lib\</path>
         <kind>archive</kind>
         <file>rts430_eabi.lib</file>
         <name>mpu_init.c.obj</name>
      </input_file>
      <input_file id="fl-3c">
         <path>C:\ti\ccs1020\ccs\tools\compiler\ti-cgt-msp430_20.2.5.LTS\lib\</path>
         <kind>archive</kind>
         <file>rts430_eabi.lib</file>
         <name>lsr64.c.obj</name>
      </input_file>
      <input_file id="fl-3d">
         <path>C:\ti\ccs1020\ccs\tools\compiler\ti-cgt-msp430_20.2.5.LTS\lib\</path>
         <kind>archive</kind>
         <file>rts430_eabi.lib</file>
         <name>pre_init.c.obj</name>
      </input_file>
      <input_file id="fl-3e">
         <path>C:\ti\ccs1020\ccs\tools\compiler\ti-cgt-msp430_20.2.5.LTS\lib\</path>
         <kind>archive</kind>
         <file>rts430_eabi.lib</file>
         <name>startup.c.obj</name>
      </input_file>
      <input_file id="fl-3f">
         <path>C:\ti\ccs1020\ccs\tools\compiler\ti-cgt-msp430_20.2.5.LTS\lib\</path>
         <kind>archive</kind>
         <file>rts430_eabi.lib</file>
         <name>copy_decompress_none.c.obj</name>
      </input_file>
      <input_file id="fl-40">
         <path>C:\ti\ccs1020\ccs\tools\compiler\ti-cgt-msp430_20.2.5.LTS\lib\</path>
         <kind>archive</kind>
         <file>rts430_eabi.lib</file>
         <name>copy_decompress_lzss.c.obj</name>
      </input_file>
      <input_file id="fl-41">
         <path>C:\ti\ccs1020\ccs\tools\compiler\ti-cgt-msp430_20.2.5.LTS\lib\</path>
         <kind>archive</kind>
         <file>rts430_eabi.lib</file>
         <name>addd.c.obj</name>
      </input_file>
      <input_file id="fl-42">
         <path>C:\ti\ccs1020\ccs\tools\compiler\ti-cgt-msp430_20.2.5.LTS\lib\</path>
         <kind>archive</kind>
         <file>rts430_eabi.lib</file>
         <name>cvtfd.c.obj</name>
      </input_file>
      <input_file id="fl-43">
         <path>C:\ti\ccs1020\ccs\tools\compiler\ti-cgt-msp430_20.2.5.LTS\lib\</path>
         <kind>archive</kind>
         <file>rts430_eabi.lib</file>
         <name>fixdu.c.obj</name>
      </input_file>
      <input_file id="fl-44">
         <path>C:\ti\ccs1020\ccs\tools\compiler\ti-cgt-msp430_20.2.5.LTS\lib\</path>
         <kind>archive</kind>
         <file>rts430_eabi.lib</file>
         <name>fixdul.c.obj</name>
      </input_file>
      <input_file id="fl-45">
         <path>C:\ti\ccs1020\ccs\tools\compiler\ti-cgt-msp430_20.2.5.LTS\lib\</path>
         <kind>archive</kind>
         <file>rts430_eabi.lib</file>
         <name>mpyd.c.obj</name>
      </input_file>
      <input_file id="fl-46">
         <path>C:\ti\ccs1020\ccs\tools\compiler\ti-cgt-msp430_20.2.5.LTS\lib\</path>
         <kind>archive</kind>
         <file>rts430_eabi.lib</file>
         <name>cvtdf.c.obj</name>
      </input_file>
      <input_file id="fl-47">
         <path>C:\ti\ccs1020\ccs\tools\compiler\ti-cgt-msp430_20.2.5.LTS\lib\</path>
         <kind>archive</kind>
         <file>rts430_eabi.lib</file>
         <name>exit.c.obj</name>
      </input_file>
      <input_file id="fl-48">
         <path>C:\ti\ccs1020\ccs\tools\compiler\ti-cgt-msp430_20.2.5.LTS\lib\</path>
         <kind>archive</kind>
         <file>rts430_eabi.lib</file>
         <name>_lock.c.obj</name>
      </input_file>
      <input_file id="fl-49">
         <path>C:\ti\ccs1020\ccs\tools\compiler\ti-cgt-msp430_20.2.5.LTS\lib\</path>
         <kind>archive</kind>
         <file>rts430_eabi.lib</file>
         <name>args_main.c.obj</name>
      </input_file>
      <input_file id="fl-4a">
         <path>C:\ti\ccs1020\ccs\tools\compiler\ti-cgt-msp430_20.2.5.LTS\lib\</path>
         <kind>archive</kind>
         <file>rts430_eabi.lib</file>
         <name>memcpy.c.obj</name>
      </input_file>
      <input_file id="fl-4b">
         <path>C:\ti\ccs1020\ccs\tools\compiler\ti-cgt-msp430_20.2.5.LTS\lib\</path>
         <kind>archive</kind>
         <file>rts430_eabi.lib</file>
         <name>asr16.asm.obj</name>
      </input_file>
      <input_file id="fl-4c">
         <path>C:\ti\ccs1020\ccs\tools\compiler\ti-cgt-msp430_20.2.5.LTS\lib\</path>
         <kind>archive</kind>
         <file>rts430_eabi.lib</file>
         <name>asr32.asm.obj</name>
      </input_file>
      <input_file id="fl-4d">
         <path>C:\ti\ccs1020\ccs\tools\compiler\ti-cgt-msp430_20.2.5.LTS\lib\</path>
         <kind>archive</kind>
         <file>rts430_eabi.lib</file>
         <name>lsl16.asm.obj</name>
      </input_file>
      <input_file id="fl-4e">
         <path>C:\ti\ccs1020\ccs\tools\compiler\ti-cgt-msp430_20.2.5.LTS\lib\</path>
         <kind>archive</kind>
         <file>rts430_eabi.lib</file>
         <name>lsl32.asm.obj</name>
      </input_file>
      <input_file id="fl-4f">
         <path>C:\ti\ccs1020\ccs\tools\compiler\ti-cgt-msp430_20.2.5.LTS\lib\</path>
         <kind>archive</kind>
         <file>rts430_eabi.lib</file>
         <name>lsr32.asm.obj</name>
      </input_file>
      <input_file id="fl-50">
         <path>C:\ti\ccs1020\ccs\tools\compiler\ti-cgt-msp430_20.2.5.LTS\lib\</path>
         <kind>archive</kind>
         <file>rts430_eabi.lib</file>
         <name>mult16.asm.obj</name>
      </input_file>
      <input_file id="fl-51">
         <path>C:\ti\ccs1020\ccs\tools\compiler\ti-cgt-msp430_20.2.5.LTS\lib\</path>
         <kind>archive</kind>
         <file>rts430_eabi.lib</file>
         <name>exit_gvars.c.obj</name>
      </input_file>
      <input_file id="fl-52">
         <path>C:\ti\ccs1020\ccs\tools\compiler\ti-cgt-msp430_20.2.5.LTS\lib\</path>
         <kind>archive</kind>
         <file>rts430_eabi.lib</file>
         <name>asr64.c.obj</name>
      </input_file>
      <input_file id="fl-53">
         <path>C:\ti\ccs1020\ccs\tools\compiler\ti-cgt-msp430_20.2.5.LTS\lib\</path>
         <kind>archive</kind>
         <file>rts430_eabi.lib</file>
         <name>lsl64.c.obj</name>
      </input_file>
      <input_file id="fl-54">
         <path>C:\ti\ccs1020\ccs\tools\compiler\ti-cgt-msp430_20.2.5.LTS\lib\</path>
         <kind>archive</kind>
         <file>rts430_eabi.lib</file>
         <name>frcmpyd.c.obj</name>
      </input_file>
      <input_file id="fl-55">
         <path>C:\ti\ccs1020\ccs\tools\compiler\ti-cgt-msp430_20.2.5.LTS\lib\</path>
         <kind>archive</kind>
         <file>rts430_eabi.lib</file>
         <name>mult3264.asm.obj</name>
      </input_file>
      <input_file id="fl-56">
         <path>C:\ti\ccs1020\ccs\tools\compiler\ti-cgt-msp430_20.2.5.LTS\lib\</path>
         <kind>archive</kind>
         <file>rts430_eabi.lib</file>
         <name>mult64.asm.obj</name>
      </input_file>
      <input_file id="fl-57">
         <path>C:\ti\ccs1020\ccs\tools\compiler\ti-cgt-msp430_20.2.5.LTS\lib\</path>
         <kind>archive</kind>
         <file>rts430_eabi.lib</file>
         <name>mult1632.asm.obj</name>
      </input_file>
      <input_file id="fl-58">
         <path>C:\ti\ccs1020\ccs\tools\compiler\ti-cgt-msp430_20.2.5.LTS\lib\</path>
         <kind>archive</kind>
         <file>rts430_eabi.lib</file>
         <name>mult32.asm.obj</name>
      </input_file>
   </input_file_list>
   <object_component_list>
      <object_component id="oc-1d6">
         <name>.common:Addr_485</name>
         <uninitialized>true</uninitialized>
         <run_address>0x2c0</run_address>
         <size>0x1</size>
      </object_component>
      <object_component id="oc-2b7">
         <name>.common:DisBuf1</name>
         <uninitialized>true</uninitialized>
         <run_address>0x286</run_address>
         <size>0xc</size>
      </object_component>
      <object_component id="oc-2c2">
         <name>.common:DisBuf2</name>
         <uninitialized>true</uninitialized>
         <run_address>0x276</run_address>
         <size>0x10</size>
      </object_component>
      <object_component id="oc-2ad">
         <name>.common:uint16_temp</name>
         <uninitialized>true</uninitialized>
         <run_address>0x2be</run_address>
         <size>0x2</size>
      </object_component>
      <object_component id="oc-2b3">
         <name>.common:P1_Buf</name>
         <uninitialized>true</uninitialized>
         <run_address>0x296</run_address>
         <size>0x4</size>
      </object_component>
      <object_component id="oc-2b8">
         <name>.common:P2_Buf</name>
         <uninitialized>true</uninitialized>
         <run_address>0x29a</run_address>
         <size>0x4</size>
      </object_component>
      <object_component id="oc-2b9">
         <name>.common:P3_Buf</name>
         <uninitialized>true</uninitialized>
         <run_address>0x29e</run_address>
         <size>0x4</size>
      </object_component>
      <object_component id="oc-2ba">
         <name>.common:P4_Buf</name>
         <uninitialized>true</uninitialized>
         <run_address>0x2a2</run_address>
         <size>0x4</size>
      </object_component>
      <object_component id="oc-2c1">
         <name>.common:P5_Buf</name>
         <uninitialized>true</uninitialized>
         <run_address>0x2a6</run_address>
         <size>0x4</size>
      </object_component>
      <object_component id="oc-2c3">
         <name>.common:P6_Buf</name>
         <uninitialized>true</uninitialized>
         <run_address>0x2aa</run_address>
         <size>0x4</size>
      </object_component>
      <object_component id="oc-2c4">
         <name>.common:P7_Buf</name>
         <uninitialized>true</uninitialized>
         <run_address>0x2ae</run_address>
         <size>0x4</size>
      </object_component>
      <object_component id="oc-2c5">
         <name>.common:P8_Buf</name>
         <uninitialized>true</uninitialized>
         <run_address>0x2b2</run_address>
         <size>0x4</size>
      </object_component>
      <object_component id="oc-2c6">
         <name>.common:Addr_Buf</name>
         <uninitialized>true</uninitialized>
         <run_address>0x292</run_address>
         <size>0x4</size>
      </object_component>
      <object_component id="oc-2f3">
         <name>.common:Pressure_KPA</name>
         <uninitialized>true</uninitialized>
         <run_address>0x2b6</run_address>
         <size>0x4</size>
      </object_component>
      <object_component id="oc-303">
         <name>.common:float_temp1</name>
         <uninitialized>true</uninitialized>
         <run_address>0x2ba</run_address>
         <size>0x4</size>
      </object_component>
      <object_component id="oc-2cd">
         <name>.common:Init_in_stat</name>
         <uninitialized>true</uninitialized>
         <run_address>0x2c1</run_address>
         <size>0x1</size>
      </object_component>
      <object_component id="oc-2ce">
         <name>.common:Init_input_stat</name>
         <uninitialized>true</uninitialized>
         <run_address>0x2c2</run_address>
         <size>0x1</size>
      </object_component>
      <object_component id="oc-2cf">
         <name>.common:Init_old_input_stat</name>
         <uninitialized>true</uninitialized>
         <run_address>0x2c3</run_address>
         <size>0x1</size>
      </object_component>
      <object_component id="oc-16d">
         <name>.data</name>
         <load_address>0x200</load_address>
         <run_address>0x200</run_address>
         <size>0x5d</size>
         <input_file_ref idref="fl-2"/>
      </object_component>
      <object_component id="oc-2b4">
         <name>.data:ch_table</name>
         <load_address>0x25e</load_address>
         <run_address>0x25e</run_address>
         <size>0x18</size>
         <input_file_ref idref="fl-2"/>
      </object_component>
      <object_component id="oc-d3">
         <name>.stack</name>
         <uninitialized>true</uninitialized>
         <run_address>0x9b0</run_address>
         <size>0x2</size>
         <input_file_ref idref="fl-37"/>
      </object_component>
      <object_component id="oc-42f">
         <name>.stack</name>
         <uninitialized>true</uninitialized>
         <run_address>0x9b0</run_address>
         <size>0x0</size>
      </object_component>
      <object_component id="oc-2e7">
         <name>.text:__mspabi_addd</name>
         <load_address>0x1100</load_address>
         <run_address>0x1100</run_address>
         <size>0x736</size>
         <input_file_ref idref="fl-41"/>
      </object_component>
      <object_component id="oc-1fd">
         <name>.text:Pressure_To_Digit2</name>
         <load_address>0x1836</load_address>
         <run_address>0x1836</run_address>
         <size>0x384</size>
         <input_file_ref idref="fl-2"/>
      </object_component>
      <object_component id="oc-1d9">
         <name>.text:Pressure_To_Digit1</name>
         <load_address>0x1bba</load_address>
         <run_address>0x1bba</run_address>
         <size>0x2e2</size>
         <input_file_ref idref="fl-2"/>
      </object_component>
      <object_component id="oc-2dc">
         <name>.text:__mspabi_mpyd</name>
         <load_address>0x1e9c</load_address>
         <run_address>0x1e9c</run_address>
         <size>0x2c0</size>
         <input_file_ref idref="fl-45"/>
      </object_component>
      <object_component id="oc-251">
         <name>.text:ReadCount8</name>
         <load_address>0x215c</load_address>
         <run_address>0x215c</run_address>
         <size>0x176</size>
         <input_file_ref idref="fl-2"/>
      </object_component>
      <object_component id="oc-233">
         <name>.text:ReadCount3</name>
         <load_address>0x22d2</load_address>
         <run_address>0x22d2</run_address>
         <size>0x172</size>
         <input_file_ref idref="fl-2"/>
      </object_component>
      <object_component id="oc-239">
         <name>.text:ReadCount4</name>
         <load_address>0x2444</load_address>
         <run_address>0x2444</run_address>
         <size>0x172</size>
         <input_file_ref idref="fl-2"/>
      </object_component>
      <object_component id="oc-24b">
         <name>.text:ReadCount7</name>
         <load_address>0x25b6</load_address>
         <run_address>0x25b6</run_address>
         <size>0x172</size>
         <input_file_ref idref="fl-2"/>
      </object_component>
      <object_component id="oc-35f">
         <name>.text:__TI_frcmpyd</name>
         <load_address>0x2728</load_address>
         <run_address>0x2728</run_address>
         <size>0x172</size>
         <input_file_ref idref="fl-54"/>
      </object_component>
      <object_component id="oc-227">
         <name>.text:ReadCount1</name>
         <load_address>0x289a</load_address>
         <run_address>0x289a</run_address>
         <size>0x160</size>
         <input_file_ref idref="fl-2"/>
      </object_component>
      <object_component id="oc-22d">
         <name>.text:ReadCount2</name>
         <load_address>0x29fa</load_address>
         <run_address>0x29fa</run_address>
         <size>0x160</size>
         <input_file_ref idref="fl-2"/>
      </object_component>
      <object_component id="oc-23f">
         <name>.text:ReadCount5</name>
         <load_address>0x2b5a</load_address>
         <run_address>0x2b5a</run_address>
         <size>0x160</size>
         <input_file_ref idref="fl-2"/>
      </object_component>
      <object_component id="oc-245">
         <name>.text:ReadCount6</name>
         <load_address>0x2cba</load_address>
         <run_address>0x2cba</run_address>
         <size>0x160</size>
         <input_file_ref idref="fl-2"/>
      </object_component>
      <object_component id="oc-2e2">
         <name>.text</name>
         <load_address>0x2e1a</load_address>
         <run_address>0x2e1a</run_address>
         <size>0x132</size>
         <input_file_ref idref="fl-1f"/>
      </object_component>
      <object_component id="oc-17f">
         <name>.text:main</name>
         <load_address>0x2f4c</load_address>
         <run_address>0x2f4c</run_address>
         <size>0x108</size>
         <input_file_ref idref="fl-2"/>
      </object_component>
      <object_component id="oc-10f">
         <name>.text:Timer_B</name>
         <load_address>0x3054</load_address>
         <run_address>0x3054</run_address>
         <size>0xca</size>
         <input_file_ref idref="fl-2"/>
      </object_component>
      <object_component id="oc-2f4">
         <name>.text</name>
         <load_address>0x311e</load_address>
         <run_address>0x311e</run_address>
         <size>0xc4</size>
         <input_file_ref idref="fl-21"/>
      </object_component>
      <object_component id="oc-2ed">
         <name>.text:__mspabi_cvtdf</name>
         <load_address>0x31e2</load_address>
         <run_address>0x31e2</run_address>
         <size>0xb4</size>
         <input_file_ref idref="fl-46"/>
      </object_component>
      <object_component id="oc-3be">
         <name>.text:__mpyll</name>
         <load_address>0x3296</load_address>
         <run_address>0x3296</run_address>
         <size>0x96</size>
         <input_file_ref idref="fl-36"/>
      </object_component>
      <object_component id="oc-32">
         <name>.text:decompress:lzss:__TI_decompress_lzss</name>
         <load_address>0x332c</load_address>
         <run_address>0x332c</run_address>
         <size>0x7c</size>
         <input_file_ref idref="fl-40"/>
      </object_component>
      <object_component id="oc-386">
         <name>.text:__mspabi_fixdul</name>
         <load_address>0x33a8</load_address>
         <run_address>0x33a8</run_address>
         <size>0x74</size>
         <input_file_ref idref="fl-44"/>
      </object_component>
      <object_component id="oc-1ca">
         <name>.text:UART_Init</name>
         <load_address>0x341c</load_address>
         <run_address>0x341c</run_address>
         <size>0x72</size>
         <input_file_ref idref="fl-2"/>
      </object_component>
      <object_component id="oc-2d6">
         <name>.text:__mspabi_cvtfd</name>
         <load_address>0x348e</load_address>
         <run_address>0x348e</run_address>
         <size>0x70</size>
         <input_file_ref idref="fl-42"/>
      </object_component>
      <object_component id="oc-221">
         <name>.text:Init_Input</name>
         <load_address>0x34fe</load_address>
         <run_address>0x34fe</run_address>
         <size>0x56</size>
         <input_file_ref idref="fl-2"/>
      </object_component>
      <object_component id="oc-dc">
         <name>.text</name>
         <load_address>0x3554</load_address>
         <run_address>0x3554</run_address>
         <size>0x4c</size>
         <input_file_ref idref="fl-31"/>
      </object_component>
      <object_component id="oc-3c3">
         <name>.text:__mpyull</name>
         <load_address>0x35a0</load_address>
         <run_address>0x35a0</run_address>
         <size>0x4a</size>
         <input_file_ref idref="fl-35"/>
      </object_component>
      <object_component id="oc-36d">
         <name>.text:__mspabi_srall</name>
         <load_address>0x35ea</load_address>
         <run_address>0x35ea</run_address>
         <size>0x4a</size>
         <input_file_ref idref="fl-52"/>
      </object_component>
      <object_component id="oc-304">
         <name>.text</name>
         <load_address>0x3634</load_address>
         <run_address>0x3634</run_address>
         <size>0x4a</size>
         <input_file_ref idref="fl-20"/>
      </object_component>
      <object_component id="oc-3c8">
         <name>.text:__mspabi_srlll</name>
         <load_address>0x367e</load_address>
         <run_address>0x367e</run_address>
         <size>0x46</size>
         <input_file_ref idref="fl-3c"/>
      </object_component>
      <object_component id="oc-2f9">
         <name>.text</name>
         <load_address>0x36c4</load_address>
         <run_address>0x36c4</run_address>
         <size>0x46</size>
         <input_file_ref idref="fl-22"/>
      </object_component>
      <object_component id="oc-373">
         <name>.text:__mspabi_sllll</name>
         <load_address>0x370a</load_address>
         <run_address>0x370a</run_address>
         <size>0x44</size>
         <input_file_ref idref="fl-53"/>
      </object_component>
      <object_component id="oc-264">
         <name>.text:__TI_auto_init_nobinit_nopinit:__TI_auto_init_nobinit_nopinit</name>
         <load_address>0x374e</load_address>
         <run_address>0x374e</run_address>
         <size>0x42</size>
         <input_file_ref idref="fl-38"/>
      </object_component>
      <object_component id="oc-353">
         <name>.text:l_asr_const</name>
         <load_address>0x3790</load_address>
         <run_address>0x3790</run_address>
         <size>0x3e</size>
         <input_file_ref idref="fl-4c"/>
      </object_component>
      <object_component id="oc-37b">
         <name>.text:l_lsl_const</name>
         <load_address>0x37ce</load_address>
         <run_address>0x37ce</run_address>
         <size>0x3e</size>
         <input_file_ref idref="fl-4e"/>
      </object_component>
      <object_component id="oc-1f7">
         <name>.text:Update_Display1</name>
         <load_address>0x380c</load_address>
         <run_address>0x380c</run_address>
         <size>0x36</size>
         <input_file_ref idref="fl-2"/>
      </object_component>
      <object_component id="oc-21b">
         <name>.text:Update_Display2</name>
         <load_address>0x3842</load_address>
         <run_address>0x3842</run_address>
         <size>0x36</size>
         <input_file_ref idref="fl-2"/>
      </object_component>
      <object_component id="oc-1e5">
         <name>.text:Dis_SendData1</name>
         <load_address>0x3878</load_address>
         <run_address>0x3878</run_address>
         <size>0x34</size>
         <input_file_ref idref="fl-2"/>
      </object_component>
      <object_component id="oc-209">
         <name>.text:Dis_SendData2</name>
         <load_address>0x38ac</load_address>
         <run_address>0x38ac</run_address>
         <size>0x34</size>
         <input_file_ref idref="fl-2"/>
      </object_component>
      <object_component id="oc-1be">
         <name>.text:IOPort_init</name>
         <load_address>0x38e0</load_address>
         <run_address>0x38e0</run_address>
         <size>0x32</size>
         <input_file_ref idref="fl-2"/>
      </object_component>
      <object_component id="oc-1f1">
         <name>.text:Init_Display1</name>
         <load_address>0x3912</load_address>
         <run_address>0x3912</run_address>
         <size>0x32</size>
         <input_file_ref idref="fl-2"/>
      </object_component>
      <object_component id="oc-215">
         <name>.text:Init_Display2</name>
         <load_address>0x3944</load_address>
         <run_address>0x3944</run_address>
         <size>0x32</size>
         <input_file_ref idref="fl-2"/>
      </object_component>
      <object_component id="oc-2d1">
         <name>.text</name>
         <load_address>0x3976</load_address>
         <run_address>0x3976</run_address>
         <size>0x32</size>
         <input_file_ref idref="fl-23"/>
      </object_component>
      <object_component id="oc-34e">
         <name>.text</name>
         <load_address>0x39a8</load_address>
         <run_address>0x39a8</run_address>
         <size>0x2c</size>
         <input_file_ref idref="fl-4b"/>
      </object_component>
      <object_component id="oc-d7">
         <name>.text</name>
         <load_address>0x39d4</load_address>
         <run_address>0x39d4</run_address>
         <size>0x2c</size>
         <input_file_ref idref="fl-4d"/>
      </object_component>
      <object_component id="oc-1b8">
         <name>.text:clock_init</name>
         <load_address>0x3a00</load_address>
         <run_address>0x3a00</run_address>
         <size>0x26</size>
         <input_file_ref idref="fl-2"/>
      </object_component>
      <object_component id="oc-2fe">
         <name>.text</name>
         <load_address>0x3a26</load_address>
         <run_address>0x3a26</run_address>
         <size>0x24</size>
         <input_file_ref idref="fl-24"/>
      </object_component>
      <object_component id="oc-1df">
         <name>.text:Dis_start1</name>
         <load_address>0x3a4a</load_address>
         <run_address>0x3a4a</run_address>
         <size>0x1e</size>
         <input_file_ref idref="fl-2"/>
      </object_component>
      <object_component id="oc-203">
         <name>.text:Dis_start2</name>
         <load_address>0x3a68</load_address>
         <run_address>0x3a68</run_address>
         <size>0x1e</size>
         <input_file_ref idref="fl-2"/>
      </object_component>
      <object_component id="oc-127">
         <name>.text:_c_int00_noargs</name>
         <load_address>0x3a86</load_address>
         <run_address>0x3a86</run_address>
         <size>0x1c</size>
         <input_file_ref idref="fl-37"/>
      </object_component>
      <object_component id="oc-2ae">
         <name>.text</name>
         <load_address>0x3aa2</load_address>
         <run_address>0x3aa2</run_address>
         <size>0x16</size>
         <input_file_ref idref="fl-1d"/>
      </object_component>
      <object_component id="oc-1c4">
         <name>.text:Timer_B7_init</name>
         <load_address>0x3ab8</load_address>
         <run_address>0x3ab8</run_address>
         <size>0x14</size>
         <input_file_ref idref="fl-2"/>
      </object_component>
      <object_component id="oc-115">
         <name>.text:decompress:ZI:__TI_zero_init_nomemset:__TI_zero_init_nomemset</name>
         <load_address>0x3acc</load_address>
         <run_address>0x3acc</run_address>
         <size>0x14</size>
         <input_file_ref idref="fl-39"/>
      </object_component>
      <object_component id="oc-1eb">
         <name>.text:Dis_stop1</name>
         <load_address>0x3ae0</load_address>
         <run_address>0x3ae0</run_address>
         <size>0x12</size>
         <input_file_ref idref="fl-2"/>
      </object_component>
      <object_component id="oc-20f">
         <name>.text:Dis_stop2</name>
         <load_address>0x3af2</load_address>
         <run_address>0x3af2</run_address>
         <size>0x12</size>
         <input_file_ref idref="fl-2"/>
      </object_component>
      <object_component id="oc-309">
         <name>.text:__mspabi_fixdu</name>
         <load_address>0x3b04</load_address>
         <run_address>0x3b04</run_address>
         <size>0x12</size>
         <input_file_ref idref="fl-43"/>
      </object_component>
      <object_component id="oc-38">
         <name>.text:decompress:none:__TI_decompress_none</name>
         <load_address>0x3b16</load_address>
         <run_address>0x3b16</run_address>
         <size>0x12</size>
         <input_file_ref idref="fl-3f"/>
      </object_component>
      <object_component id="oc-3d8">
         <name>.text:l_lsr</name>
         <load_address>0x3b28</load_address>
         <run_address>0x3b28</run_address>
         <size>0x12</size>
         <input_file_ref idref="fl-4f"/>
      </object_component>
      <object_component id="oc-f1">
         <name>.text:memcpy</name>
         <load_address>0x3b3a</load_address>
         <run_address>0x3b3a</run_address>
         <size>0x12</size>
         <input_file_ref idref="fl-4a"/>
      </object_component>
      <object_component id="oc-109">
         <name>.text:usart0_rx</name>
         <load_address>0x3b4c</load_address>
         <run_address>0x3b4c</run_address>
         <size>0x12</size>
         <input_file_ref idref="fl-2"/>
      </object_component>
      <object_component id="oc-103">
         <name>.text:usart1_rx</name>
         <load_address>0x3b5e</load_address>
         <run_address>0x3b5e</run_address>
         <size>0x12</size>
         <input_file_ref idref="fl-2"/>
      </object_component>
      <object_component id="oc-e1">
         <name>.text</name>
         <load_address>0x3b70</load_address>
         <run_address>0x3b70</run_address>
         <size>0x10</size>
         <input_file_ref idref="fl-1e"/>
      </object_component>
      <object_component id="oc-1d0">
         <name>.text:Addr_Get</name>
         <load_address>0x3b80</load_address>
         <run_address>0x3b80</run_address>
         <size>0xe</size>
         <input_file_ref idref="fl-2"/>
      </object_component>
      <object_component id="oc-fe">
         <name>.text:_isr:__TI_ISR_TRAP</name>
         <load_address>0x3b8e</load_address>
         <run_address>0x3b8e</run_address>
         <size>0x8</size>
         <input_file_ref idref="fl-30"/>
      </object_component>
      <object_component id="oc-258">
         <name>.text:abort</name>
         <load_address>0x3b96</load_address>
         <run_address>0x3b96</run_address>
         <size>0x6</size>
         <input_file_ref idref="fl-47"/>
      </object_component>
      <object_component id="oc-179">
         <name>.text:_system_pre_init</name>
         <load_address>0x3b9c</load_address>
         <run_address>0x3b9c</run_address>
         <size>0x4</size>
         <input_file_ref idref="fl-3d"/>
      </object_component>
      <object_component id="oc-329">
         <name>.text:_system_post_cinit</name>
         <load_address>0x3ba0</load_address>
         <run_address>0x3ba0</run_address>
         <size>0x2</size>
         <input_file_ref idref="fl-3e"/>
      </object_component>
      <object_component id="oc-42e">
         <name>.cinit..data.load</name>
         <load_address>0x3ba2</load_address>
         <run_address>0x3ba2</run_address>
         <size>0x2d</size>
      </object_component>
      <object_component id="oc-42b">
         <name>__TI_handler_table</name>
         <load_address>0x3bd0</load_address>
         <run_address>0x3bd0</run_address>
         <size>0x6</size>
      </object_component>
      <object_component id="oc-42d">
         <name>.cinit..bss.load</name>
         <load_address>0x3bd6</load_address>
         <run_address>0x3bd6</run_address>
         <size>0x4</size>
      </object_component>
      <object_component id="oc-42c">
         <name>__TI_cinit_table</name>
         <load_address>0x3bda</load_address>
         <run_address>0x3bda</run_address>
         <size>0x8</size>
      </object_component>
      <object_component id="oc-3f0">
         <name>.binit</name>
         <load_address>0x1100</load_address>
         <run_address>0x1100</run_address>
         <size>0x0</size>
      </object_component>
      <object_component id="oc-3e">
         <name>.int01</name>
         <load_address>0xffe2</load_address>
         <run_address>0xffe2</run_address>
         <size>0x2</size>
         <input_file_ref idref="fl-25"/>
      </object_component>
      <object_component id="oc-3f">
         <name>.int02</name>
         <load_address>0xffe4</load_address>
         <run_address>0xffe4</run_address>
         <size>0x2</size>
         <input_file_ref idref="fl-26"/>
      </object_component>
      <object_component id="oc-40">
         <name>.int03</name>
         <load_address>0xffe6</load_address>
         <run_address>0xffe6</run_address>
         <size>0x2</size>
         <input_file_ref idref="fl-2"/>
      </object_component>
      <object_component id="oc-41">
         <name>.int04</name>
         <load_address>0xffe8</load_address>
         <run_address>0xffe8</run_address>
         <size>0x2</size>
         <input_file_ref idref="fl-27"/>
      </object_component>
      <object_component id="oc-42">
         <name>.int05</name>
         <load_address>0xffea</load_address>
         <run_address>0xffea</run_address>
         <size>0x2</size>
         <input_file_ref idref="fl-28"/>
      </object_component>
      <object_component id="oc-43">
         <name>.int06</name>
         <load_address>0xffec</load_address>
         <run_address>0xffec</run_address>
         <size>0x2</size>
         <input_file_ref idref="fl-29"/>
      </object_component>
      <object_component id="oc-44">
         <name>.int07</name>
         <load_address>0xffee</load_address>
         <run_address>0xffee</run_address>
         <size>0x2</size>
         <input_file_ref idref="fl-2a"/>
      </object_component>
      <object_component id="oc-45">
         <name>.int08</name>
         <load_address>0xfff0</load_address>
         <run_address>0xfff0</run_address>
         <size>0x2</size>
         <input_file_ref idref="fl-2b"/>
      </object_component>
      <object_component id="oc-46">
         <name>.int09</name>
         <load_address>0xfff2</load_address>
         <run_address>0xfff2</run_address>
         <size>0x2</size>
         <input_file_ref idref="fl-2"/>
      </object_component>
      <object_component id="oc-47">
         <name>.int10</name>
         <load_address>0xfff4</load_address>
         <run_address>0xfff4</run_address>
         <size>0x2</size>
         <input_file_ref idref="fl-2c"/>
      </object_component>
      <object_component id="oc-48">
         <name>.int11</name>
         <load_address>0xfff6</load_address>
         <run_address>0xfff6</run_address>
         <size>0x2</size>
         <input_file_ref idref="fl-2d"/>
      </object_component>
      <object_component id="oc-49">
         <name>.int12</name>
         <load_address>0xfff8</load_address>
         <run_address>0xfff8</run_address>
         <size>0x2</size>
         <input_file_ref idref="fl-2e"/>
      </object_component>
      <object_component id="oc-4a">
         <name>.int13</name>
         <load_address>0xfffa</load_address>
         <run_address>0xfffa</run_address>
         <size>0x2</size>
         <input_file_ref idref="fl-2"/>
      </object_component>
      <object_component id="oc-4b">
         <name>.int14</name>
         <load_address>0xfffc</load_address>
         <run_address>0xfffc</run_address>
         <size>0x2</size>
         <input_file_ref idref="fl-2f"/>
      </object_component>
      <object_component id="oc-d6">
         <name>.reset</name>
         <load_address>0xfffe</load_address>
         <run_address>0xfffe</run_address>
         <size>0x2</size>
         <input_file_ref idref="fl-37"/>
      </object_component>
      <object_component id="oc-1d7">
         <name>.debug_info</name>
         <load_address>0x0</load_address>
         <run_address>0x0</run_address>
         <size>0x94e</size>
         <input_file_ref idref="fl-2"/>
      </object_component>
      <object_component id="oc-16e">
         <name>.debug_info</name>
         <load_address>0x94e</load_address>
         <run_address>0x94e</run_address>
         <size>0x7ef</size>
         <input_file_ref idref="fl-2"/>
      </object_component>
      <object_component id="oc-2b5">
         <name>.debug_info</name>
         <load_address>0x113d</load_address>
         <run_address>0x113d</run_address>
         <size>0xdb</size>
         <input_file_ref idref="fl-2"/>
      </object_component>
      <object_component id="oc-104">
         <name>.debug_info</name>
         <load_address>0x1218</load_address>
         <run_address>0x1218</run_address>
         <size>0x121</size>
         <input_file_ref idref="fl-2"/>
      </object_component>
      <object_component id="oc-10a">
         <name>.debug_info</name>
         <load_address>0x1339</load_address>
         <run_address>0x1339</run_address>
         <size>0x121</size>
         <input_file_ref idref="fl-2"/>
      </object_component>
      <object_component id="oc-1b9">
         <name>.debug_info</name>
         <load_address>0x145a</load_address>
         <run_address>0x145a</run_address>
         <size>0x12c</size>
         <input_file_ref idref="fl-2"/>
      </object_component>
      <object_component id="oc-1bf">
         <name>.debug_info</name>
         <load_address>0x1586</load_address>
         <run_address>0x1586</run_address>
         <size>0x121</size>
         <input_file_ref idref="fl-2"/>
      </object_component>
      <object_component id="oc-1c5">
         <name>.debug_info</name>
         <load_address>0x16a7</load_address>
         <run_address>0x16a7</run_address>
         <size>0x125</size>
         <input_file_ref idref="fl-2"/>
      </object_component>
      <object_component id="oc-1cb">
         <name>.debug_info</name>
         <load_address>0x17cc</load_address>
         <run_address>0x17cc</run_address>
         <size>0x11d</size>
         <input_file_ref idref="fl-2"/>
      </object_component>
      <object_component id="oc-1d1">
         <name>.debug_info</name>
         <load_address>0x18e9</load_address>
         <run_address>0x18e9</run_address>
         <size>0x130</size>
         <input_file_ref idref="fl-2"/>
      </object_component>
      <object_component id="oc-1da">
         <name>.debug_info</name>
         <load_address>0x1a19</load_address>
         <run_address>0x1a19</run_address>
         <size>0x272</size>
         <input_file_ref idref="fl-2"/>
      </object_component>
      <object_component id="oc-1e0">
         <name>.debug_info</name>
         <load_address>0x1c8b</load_address>
         <run_address>0x1c8b</run_address>
         <size>0x120</size>
         <input_file_ref idref="fl-2"/>
      </object_component>
      <object_component id="oc-1e6">
         <name>.debug_info</name>
         <load_address>0x1dab</load_address>
         <run_address>0x1dab</run_address>
         <size>0x165</size>
         <input_file_ref idref="fl-2"/>
      </object_component>
      <object_component id="oc-1ec">
         <name>.debug_info</name>
         <load_address>0x1f10</load_address>
         <run_address>0x1f10</run_address>
         <size>0x120</size>
         <input_file_ref idref="fl-2"/>
      </object_component>
      <object_component id="oc-1f2">
         <name>.debug_info</name>
         <load_address>0x2030</load_address>
         <run_address>0x2030</run_address>
         <size>0x1c7</size>
         <input_file_ref idref="fl-2"/>
      </object_component>
      <object_component id="oc-1f8">
         <name>.debug_info</name>
         <load_address>0x21f7</load_address>
         <run_address>0x21f7</run_address>
         <size>0x180</size>
         <input_file_ref idref="fl-2"/>
      </object_component>
      <object_component id="oc-1fe">
         <name>.debug_info</name>
         <load_address>0x2377</load_address>
         <run_address>0x2377</run_address>
         <size>0x2c2</size>
         <input_file_ref idref="fl-2"/>
      </object_component>
      <object_component id="oc-204">
         <name>.debug_info</name>
         <load_address>0x2639</load_address>
         <run_address>0x2639</run_address>
         <size>0x122</size>
         <input_file_ref idref="fl-2"/>
      </object_component>
      <object_component id="oc-20a">
         <name>.debug_info</name>
         <load_address>0x275b</load_address>
         <run_address>0x275b</run_address>
         <size>0x165</size>
         <input_file_ref idref="fl-2"/>
      </object_component>
      <object_component id="oc-210">
         <name>.debug_info</name>
         <load_address>0x28c0</load_address>
         <run_address>0x28c0</run_address>
         <size>0x120</size>
         <input_file_ref idref="fl-2"/>
      </object_component>
      <object_component id="oc-216">
         <name>.debug_info</name>
         <load_address>0x29e0</load_address>
         <run_address>0x29e0</run_address>
         <size>0x1c7</size>
         <input_file_ref idref="fl-2"/>
      </object_component>
      <object_component id="oc-21c">
         <name>.debug_info</name>
         <load_address>0x2ba7</load_address>
         <run_address>0x2ba7</run_address>
         <size>0x180</size>
         <input_file_ref idref="fl-2"/>
      </object_component>
      <object_component id="oc-222">
         <name>.debug_info</name>
         <load_address>0x2d27</load_address>
         <run_address>0x2d27</run_address>
         <size>0x122</size>
         <input_file_ref idref="fl-2"/>
      </object_component>
      <object_component id="oc-228">
         <name>.debug_info</name>
         <load_address>0x2e49</load_address>
         <run_address>0x2e49</run_address>
         <size>0x2d5</size>
         <input_file_ref idref="fl-2"/>
      </object_component>
      <object_component id="oc-22e">
         <name>.debug_info</name>
         <load_address>0x311e</load_address>
         <run_address>0x311e</run_address>
         <size>0x2d5</size>
         <input_file_ref idref="fl-2"/>
      </object_component>
      <object_component id="oc-235">
         <name>.debug_info</name>
         <load_address>0x33f3</load_address>
         <run_address>0x33f3</run_address>
         <size>0x2d5</size>
         <input_file_ref idref="fl-2"/>
      </object_component>
      <object_component id="oc-23a">
         <name>.debug_info</name>
         <load_address>0x36c8</load_address>
         <run_address>0x36c8</run_address>
         <size>0x2d5</size>
         <input_file_ref idref="fl-2"/>
      </object_component>
      <object_component id="oc-240">
         <name>.debug_info</name>
         <load_address>0x399d</load_address>
         <run_address>0x399d</run_address>
         <size>0x2d5</size>
         <input_file_ref idref="fl-2"/>
      </object_component>
      <object_component id="oc-246">
         <name>.debug_info</name>
         <load_address>0x3c72</load_address>
         <run_address>0x3c72</run_address>
         <size>0x2d5</size>
         <input_file_ref idref="fl-2"/>
      </object_component>
      <object_component id="oc-24c">
         <name>.debug_info</name>
         <load_address>0x3f47</load_address>
         <run_address>0x3f47</run_address>
         <size>0x2d5</size>
         <input_file_ref idref="fl-2"/>
      </object_component>
      <object_component id="oc-252">
         <name>.debug_info</name>
         <load_address>0x421c</load_address>
         <run_address>0x421c</run_address>
         <size>0x2d5</size>
         <input_file_ref idref="fl-2"/>
      </object_component>
      <object_component id="oc-180">
         <name>.debug_info</name>
         <load_address>0x44f1</load_address>
         <run_address>0x44f1</run_address>
         <size>0x35d</size>
         <input_file_ref idref="fl-2"/>
      </object_component>
      <object_component id="oc-110">
         <name>.debug_info</name>
         <load_address>0x484e</load_address>
         <run_address>0x484e</run_address>
         <size>0x11d</size>
         <input_file_ref idref="fl-2"/>
      </object_component>
      <object_component id="oc-2a3">
         <name>.debug_info</name>
         <load_address>0x496b</load_address>
         <run_address>0x496b</run_address>
         <size>0x26b</size>
         <input_file_ref idref="fl-2"/>
      </object_component>
      <object_component id="oc-1a4">
         <name>.debug_info</name>
         <load_address>0x4bd6</load_address>
         <run_address>0x4bd6</run_address>
         <size>0x8b</size>
         <input_file_ref idref="fl-2"/>
      </object_component>
      <object_component id="oc-297">
         <name>.debug_info</name>
         <load_address>0x4c61</load_address>
         <run_address>0x4c61</run_address>
         <size>0x282</size>
         <input_file_ref idref="fl-2"/>
      </object_component>
      <object_component id="oc-1b0">
         <name>.debug_info</name>
         <load_address>0x4ee3</load_address>
         <run_address>0x4ee3</run_address>
         <size>0xbb</size>
         <input_file_ref idref="fl-2"/>
      </object_component>
      <object_component id="oc-1ab">
         <name>.debug_info</name>
         <load_address>0x4f9e</load_address>
         <run_address>0x4f9e</run_address>
         <size>0x46</size>
         <input_file_ref idref="fl-2"/>
      </object_component>
      <object_component id="oc-15e">
         <name>.debug_info</name>
         <load_address>0x4fe4</load_address>
         <run_address>0x4fe4</run_address>
         <size>0x2c</size>
         <input_file_ref idref="fl-2"/>
      </object_component>
      <object_component id="oc-2a8">
         <name>.debug_info</name>
         <load_address>0x5010</load_address>
         <run_address>0x5010</run_address>
         <size>0x35</size>
         <input_file_ref idref="fl-2"/>
      </object_component>
      <object_component id="oc-2af">
         <name>.debug_info</name>
         <load_address>0x5045</load_address>
         <run_address>0x5045</run_address>
         <size>0x121</size>
         <input_file_ref idref="fl-1d"/>
      </object_component>
      <object_component id="oc-e3">
         <name>.debug_info</name>
         <load_address>0x5166</load_address>
         <run_address>0x5166</run_address>
         <size>0x12e</size>
         <input_file_ref idref="fl-1e"/>
      </object_component>
      <object_component id="oc-2e4">
         <name>.debug_info</name>
         <load_address>0x5294</load_address>
         <run_address>0x5294</run_address>
         <size>0x121</size>
         <input_file_ref idref="fl-1f"/>
      </object_component>
      <object_component id="oc-306">
         <name>.debug_info</name>
         <load_address>0x53b5</load_address>
         <run_address>0x53b5</run_address>
         <size>0x12d</size>
         <input_file_ref idref="fl-20"/>
      </object_component>
      <object_component id="oc-2f5">
         <name>.debug_info</name>
         <load_address>0x54e2</load_address>
         <run_address>0x54e2</run_address>
         <size>0x121</size>
         <input_file_ref idref="fl-21"/>
      </object_component>
      <object_component id="oc-2fa">
         <name>.debug_info</name>
         <load_address>0x5603</load_address>
         <run_address>0x5603</run_address>
         <size>0x12f</size>
         <input_file_ref idref="fl-22"/>
      </object_component>
      <object_component id="oc-2d2">
         <name>.debug_info</name>
         <load_address>0x5732</load_address>
         <run_address>0x5732</run_address>
         <size>0x127</size>
         <input_file_ref idref="fl-23"/>
      </object_component>
      <object_component id="oc-300">
         <name>.debug_info</name>
         <load_address>0x5859</load_address>
         <run_address>0x5859</run_address>
         <size>0x124</size>
         <input_file_ref idref="fl-24"/>
      </object_component>
      <object_component id="oc-ff">
         <name>.debug_info</name>
         <load_address>0x597d</load_address>
         <run_address>0x597d</run_address>
         <size>0x10f</size>
         <input_file_ref idref="fl-30"/>
      </object_component>
      <object_component id="oc-dd">
         <name>.debug_info</name>
         <load_address>0x5a8c</load_address>
         <run_address>0x5a8c</run_address>
         <size>0x120</size>
         <input_file_ref idref="fl-31"/>
      </object_component>
      <object_component id="oc-3c5">
         <name>.debug_info</name>
         <load_address>0x5bac</load_address>
         <run_address>0x5bac</run_address>
         <size>0x125</size>
         <input_file_ref idref="fl-35"/>
      </object_component>
      <object_component id="oc-3c0">
         <name>.debug_info</name>
         <load_address>0x5cd1</load_address>
         <run_address>0x5cd1</run_address>
         <size>0x121</size>
         <input_file_ref idref="fl-36"/>
      </object_component>
      <object_component id="oc-d4">
         <name>.debug_info</name>
         <load_address>0x5df2</load_address>
         <run_address>0x5df2</run_address>
         <size>0x100</size>
         <input_file_ref idref="fl-37"/>
      </object_component>
      <object_component id="oc-12a">
         <name>.debug_info</name>
         <load_address>0x5ef2</load_address>
         <run_address>0x5ef2</run_address>
         <size>0x17a</size>
         <input_file_ref idref="fl-37"/>
      </object_component>
      <object_component id="oc-ec">
         <name>.debug_info</name>
         <load_address>0x606c</load_address>
         <run_address>0x606c</run_address>
         <size>0x84</size>
         <input_file_ref idref="fl-37"/>
      </object_component>
      <object_component id="oc-330">
         <name>.debug_info</name>
         <load_address>0x60f0</load_address>
         <run_address>0x60f0</run_address>
         <size>0x3de</size>
         <input_file_ref idref="fl-38"/>
      </object_component>
      <object_component id="oc-267">
         <name>.debug_info</name>
         <load_address>0x64ce</load_address>
         <run_address>0x64ce</run_address>
         <size>0x1e0</size>
         <input_file_ref idref="fl-38"/>
      </object_component>
      <object_component id="oc-3a4">
         <name>.debug_info</name>
         <load_address>0x66ae</load_address>
         <run_address>0x66ae</run_address>
         <size>0x39</size>
         <input_file_ref idref="fl-38"/>
      </object_component>
      <object_component id="oc-3b5">
         <name>.debug_info</name>
         <load_address>0x66e7</load_address>
         <run_address>0x66e7</run_address>
         <size>0x2c</size>
         <input_file_ref idref="fl-38"/>
      </object_component>
      <object_component id="oc-33b">
         <name>.debug_info</name>
         <load_address>0x6713</load_address>
         <run_address>0x6713</run_address>
         <size>0x2c</size>
         <input_file_ref idref="fl-38"/>
      </object_component>
      <object_component id="oc-3a9">
         <name>.debug_info</name>
         <load_address>0x673f</load_address>
         <run_address>0x673f</run_address>
         <size>0xcd</size>
         <input_file_ref idref="fl-38"/>
      </object_component>
      <object_component id="oc-177">
         <name>.debug_info</name>
         <load_address>0x680c</load_address>
         <run_address>0x680c</run_address>
         <size>0x175</size>
         <input_file_ref idref="fl-39"/>
      </object_component>
      <object_component id="oc-119">
         <name>.debug_info</name>
         <load_address>0x6981</load_address>
         <run_address>0x6981</run_address>
         <size>0x1d2</size>
         <input_file_ref idref="fl-39"/>
      </object_component>
      <object_component id="oc-172">
         <name>.debug_info</name>
         <load_address>0x6b53</load_address>
         <run_address>0x6b53</run_address>
         <size>0x46</size>
         <input_file_ref idref="fl-39"/>
      </object_component>
      <object_component id="oc-3cb">
         <name>.debug_info</name>
         <load_address>0x6b99</load_address>
         <run_address>0x6b99</run_address>
         <size>0x193</size>
         <input_file_ref idref="fl-3c"/>
      </object_component>
      <object_component id="oc-17d">
         <name>.debug_info</name>
         <load_address>0x6d2c</load_address>
         <run_address>0x6d2c</run_address>
         <size>0x153</size>
         <input_file_ref idref="fl-3d"/>
      </object_component>
      <object_component id="oc-32a">
         <name>.debug_info</name>
         <load_address>0x6e7f</load_address>
         <run_address>0x6e7f</run_address>
         <size>0x150</size>
         <input_file_ref idref="fl-3e"/>
      </object_component>
      <object_component id="oc-fd">
         <name>.debug_info</name>
         <load_address>0x6fcf</load_address>
         <run_address>0x6fcf</run_address>
         <size>0x180</size>
         <input_file_ref idref="fl-3f"/>
      </object_component>
      <object_component id="oc-3a">
         <name>.debug_info</name>
         <load_address>0x714f</load_address>
         <run_address>0x714f</run_address>
         <size>0x1ea</size>
         <input_file_ref idref="fl-3f"/>
      </object_component>
      <object_component id="oc-f8">
         <name>.debug_info</name>
         <load_address>0x7339</load_address>
         <run_address>0x7339</run_address>
         <size>0x46</size>
         <input_file_ref idref="fl-3f"/>
      </object_component>
      <object_component id="oc-163">
         <name>.debug_info</name>
         <load_address>0x737f</load_address>
         <run_address>0x737f</run_address>
         <size>0x2c</size>
         <input_file_ref idref="fl-3f"/>
      </object_component>
      <object_component id="oc-15b">
         <name>.debug_info</name>
         <load_address>0x73ab</load_address>
         <run_address>0x73ab</run_address>
         <size>0x176</size>
         <input_file_ref idref="fl-40"/>
      </object_component>
      <object_component id="oc-36">
         <name>.debug_info</name>
         <load_address>0x7521</load_address>
         <run_address>0x7521</run_address>
         <size>0x292</size>
         <input_file_ref idref="fl-40"/>
      </object_component>
      <object_component id="oc-e7">
         <name>.debug_info</name>
         <load_address>0x77b3</load_address>
         <run_address>0x77b3</run_address>
         <size>0x60</size>
         <input_file_ref idref="fl-40"/>
      </object_component>
      <object_component id="oc-19b">
         <name>.debug_info</name>
         <load_address>0x7813</load_address>
         <run_address>0x7813</run_address>
         <size>0x46</size>
         <input_file_ref idref="fl-40"/>
      </object_component>
      <object_component id="oc-156">
         <name>.debug_info</name>
         <load_address>0x7859</load_address>
         <run_address>0x7859</run_address>
         <size>0x39</size>
         <input_file_ref idref="fl-40"/>
      </object_component>
      <object_component id="oc-37a">
         <name>.debug_info</name>
         <load_address>0x7892</load_address>
         <run_address>0x7892</run_address>
         <size>0x164</size>
         <input_file_ref idref="fl-41"/>
      </object_component>
      <object_component id="oc-2e8">
         <name>.debug_info</name>
         <load_address>0x79f6</load_address>
         <run_address>0x79f6</run_address>
         <size>0x35e</size>
         <input_file_ref idref="fl-41"/>
      </object_component>
      <object_component id="oc-359">
         <name>.debug_info</name>
         <load_address>0x7d54</load_address>
         <run_address>0x7d54</run_address>
         <size>0x165</size>
         <input_file_ref idref="fl-42"/>
      </object_component>
      <object_component id="oc-2da">
         <name>.debug_info</name>
         <load_address>0x7eb9</load_address>
         <run_address>0x7eb9</run_address>
         <size>0x1d4</size>
         <input_file_ref idref="fl-42"/>
      </object_component>
      <object_component id="oc-35a">
         <name>.debug_info</name>
         <load_address>0x808d</load_address>
         <run_address>0x808d</run_address>
         <size>0xdb</size>
         <input_file_ref idref="fl-42"/>
      </object_component>
      <object_component id="oc-30a">
         <name>.debug_info</name>
         <load_address>0x8168</load_address>
         <run_address>0x8168</run_address>
         <size>0x16b</size>
         <input_file_ref idref="fl-43"/>
      </object_component>
      <object_component id="oc-387">
         <name>.debug_info</name>
         <load_address>0x82d3</load_address>
         <run_address>0x82d3</run_address>
         <size>0x1c0</size>
         <input_file_ref idref="fl-44"/>
      </object_component>
      <object_component id="oc-367">
         <name>.debug_info</name>
         <load_address>0x8493</load_address>
         <run_address>0x8493</run_address>
         <size>0x94</size>
         <input_file_ref idref="fl-44"/>
      </object_component>
      <object_component id="oc-366">
         <name>.debug_info</name>
         <load_address>0x8527</load_address>
         <run_address>0x8527</run_address>
         <size>0x197</size>
         <input_file_ref idref="fl-45"/>
      </object_component>
      <object_component id="oc-2de">
         <name>.debug_info</name>
         <load_address>0x86be</load_address>
         <run_address>0x86be</run_address>
         <size>0x2d2</size>
         <input_file_ref idref="fl-45"/>
      </object_component>
      <object_component id="oc-381">
         <name>.debug_info</name>
         <load_address>0x8990</load_address>
         <run_address>0x8990</run_address>
         <size>0x165</size>
         <input_file_ref idref="fl-46"/>
      </object_component>
      <object_component id="oc-2ef">
         <name>.debug_info</name>
         <load_address>0x8af5</load_address>
         <run_address>0x8af5</run_address>
         <size>0x208</size>
         <input_file_ref idref="fl-46"/>
      </object_component>
      <object_component id="oc-25b">
         <name>.debug_info</name>
         <load_address>0x8cfd</load_address>
         <run_address>0x8cfd</run_address>
         <size>0x122</size>
         <input_file_ref idref="fl-47"/>
      </object_component>
      <object_component id="oc-15d">
         <name>.debug_info</name>
         <load_address>0x8e1f</load_address>
         <run_address>0x8e1f</run_address>
         <size>0x181</size>
         <input_file_ref idref="fl-4a"/>
      </object_component>
      <object_component id="oc-f4">
         <name>.debug_info</name>
         <load_address>0x8fa0</load_address>
         <run_address>0x8fa0</run_address>
         <size>0x17a</size>
         <input_file_ref idref="fl-4a"/>
      </object_component>
      <object_component id="oc-350">
         <name>.debug_info</name>
         <load_address>0x911a</load_address>
         <run_address>0x911a</run_address>
         <size>0x120</size>
         <input_file_ref idref="fl-4b"/>
      </object_component>
      <object_component id="oc-354">
         <name>.debug_info</name>
         <load_address>0x923a</load_address>
         <run_address>0x923a</run_address>
         <size>0x126</size>
         <input_file_ref idref="fl-4c"/>
      </object_component>
      <object_component id="oc-da">
         <name>.debug_info</name>
         <load_address>0x9360</load_address>
         <run_address>0x9360</run_address>
         <size>0x120</size>
         <input_file_ref idref="fl-4d"/>
      </object_component>
      <object_component id="oc-37d">
         <name>.debug_info</name>
         <load_address>0x9480</load_address>
         <run_address>0x9480</run_address>
         <size>0x126</size>
         <input_file_ref idref="fl-4e"/>
      </object_component>
      <object_component id="oc-3d9">
         <name>.debug_info</name>
         <load_address>0x95a6</load_address>
         <run_address>0x95a6</run_address>
         <size>0x120</size>
         <input_file_ref idref="fl-4f"/>
      </object_component>
      <object_component id="oc-36f">
         <name>.debug_info</name>
         <load_address>0x96c6</load_address>
         <run_address>0x96c6</run_address>
         <size>0x193</size>
         <input_file_ref idref="fl-52"/>
      </object_component>
      <object_component id="oc-376">
         <name>.debug_info</name>
         <load_address>0x9859</load_address>
         <run_address>0x9859</run_address>
         <size>0x193</size>
         <input_file_ref idref="fl-53"/>
      </object_component>
      <object_component id="oc-362">
         <name>.debug_info</name>
         <load_address>0x99ec</load_address>
         <run_address>0x99ec</run_address>
         <size>0x239</size>
         <input_file_ref idref="fl-54"/>
      </object_component>
      <object_component id="oc-430">
         <name>.debug_info</name>
         <load_address>0x9c25</load_address>
         <run_address>0x9c25</run_address>
         <size>0x9f</size>
      </object_component>
      <object_component id="oc-2a2">
         <name>.debug_line</name>
         <load_address>0x0</load_address>
         <run_address>0x0</run_address>
         <size>0x9a</size>
         <input_file_ref idref="fl-2"/>
      </object_component>
      <object_component id="oc-1aa">
         <name>.debug_line</name>
         <load_address>0x9a</load_address>
         <run_address>0x9a</run_address>
         <size>0x60</size>
         <input_file_ref idref="fl-2"/>
      </object_component>
      <object_component id="oc-34c">
         <name>.debug_line</name>
         <load_address>0xfa</load_address>
         <run_address>0xfa</run_address>
         <size>0x60</size>
         <input_file_ref idref="fl-2"/>
      </object_component>
      <object_component id="oc-107">
         <name>.debug_line</name>
         <load_address>0x15a</load_address>
         <run_address>0x15a</run_address>
         <size>0x52</size>
         <input_file_ref idref="fl-2"/>
      </object_component>
      <object_component id="oc-10d">
         <name>.debug_line</name>
         <load_address>0x1ac</load_address>
         <run_address>0x1ac</run_address>
         <size>0x52</size>
         <input_file_ref idref="fl-2"/>
      </object_component>
      <object_component id="oc-1bc">
         <name>.debug_line</name>
         <load_address>0x1fe</load_address>
         <run_address>0x1fe</run_address>
         <size>0x5c</size>
         <input_file_ref idref="fl-2"/>
      </object_component>
      <object_component id="oc-1c2">
         <name>.debug_line</name>
         <load_address>0x25a</load_address>
         <run_address>0x25a</run_address>
         <size>0x55</size>
         <input_file_ref idref="fl-2"/>
      </object_component>
      <object_component id="oc-1c8">
         <name>.debug_line</name>
         <load_address>0x2af</load_address>
         <run_address>0x2af</run_address>
         <size>0x50</size>
         <input_file_ref idref="fl-2"/>
      </object_component>
      <object_component id="oc-1ce">
         <name>.debug_line</name>
         <load_address>0x2ff</load_address>
         <run_address>0x2ff</run_address>
         <size>0x62</size>
         <input_file_ref idref="fl-2"/>
      </object_component>
      <object_component id="oc-1d4">
         <name>.debug_line</name>
         <load_address>0x361</load_address>
         <run_address>0x361</run_address>
         <size>0x4f</size>
         <input_file_ref idref="fl-2"/>
      </object_component>
      <object_component id="oc-1dd">
         <name>.debug_line</name>
         <load_address>0x3b0</load_address>
         <run_address>0x3b0</run_address>
         <size>0xa7</size>
         <input_file_ref idref="fl-2"/>
      </object_component>
      <object_component id="oc-1e3">
         <name>.debug_line</name>
         <load_address>0x457</load_address>
         <run_address>0x457</run_address>
         <size>0x57</size>
         <input_file_ref idref="fl-2"/>
      </object_component>
      <object_component id="oc-1e9">
         <name>.debug_line</name>
         <load_address>0x4ae</load_address>
         <run_address>0x4ae</run_address>
         <size>0x64</size>
         <input_file_ref idref="fl-2"/>
      </object_component>
      <object_component id="oc-1ef">
         <name>.debug_line</name>
         <load_address>0x512</load_address>
         <run_address>0x512</run_address>
         <size>0x51</size>
         <input_file_ref idref="fl-2"/>
      </object_component>
      <object_component id="oc-1f5">
         <name>.debug_line</name>
         <load_address>0x563</load_address>
         <run_address>0x563</run_address>
         <size>0x56</size>
         <input_file_ref idref="fl-2"/>
      </object_component>
      <object_component id="oc-1fb">
         <name>.debug_line</name>
         <load_address>0x5b9</load_address>
         <run_address>0x5b9</run_address>
         <size>0x5f</size>
         <input_file_ref idref="fl-2"/>
      </object_component>
      <object_component id="oc-201">
         <name>.debug_line</name>
         <load_address>0x618</load_address>
         <run_address>0x618</run_address>
         <size>0xbe</size>
         <input_file_ref idref="fl-2"/>
      </object_component>
      <object_component id="oc-207">
         <name>.debug_line</name>
         <load_address>0x6d6</load_address>
         <run_address>0x6d6</run_address>
         <size>0x57</size>
         <input_file_ref idref="fl-2"/>
      </object_component>
      <object_component id="oc-20d">
         <name>.debug_line</name>
         <load_address>0x72d</load_address>
         <run_address>0x72d</run_address>
         <size>0x64</size>
         <input_file_ref idref="fl-2"/>
      </object_component>
      <object_component id="oc-213">
         <name>.debug_line</name>
         <load_address>0x791</load_address>
         <run_address>0x791</run_address>
         <size>0x51</size>
         <input_file_ref idref="fl-2"/>
      </object_component>
      <object_component id="oc-219">
         <name>.debug_line</name>
         <load_address>0x7e2</load_address>
         <run_address>0x7e2</run_address>
         <size>0x56</size>
         <input_file_ref idref="fl-2"/>
      </object_component>
      <object_component id="oc-21f">
         <name>.debug_line</name>
         <load_address>0x838</load_address>
         <run_address>0x838</run_address>
         <size>0x5f</size>
         <input_file_ref idref="fl-2"/>
      </object_component>
      <object_component id="oc-225">
         <name>.debug_line</name>
         <load_address>0x897</load_address>
         <run_address>0x897</run_address>
         <size>0x5e</size>
         <input_file_ref idref="fl-2"/>
      </object_component>
      <object_component id="oc-22b">
         <name>.debug_line</name>
         <load_address>0x8f5</load_address>
         <run_address>0x8f5</run_address>
         <size>0x7c</size>
         <input_file_ref idref="fl-2"/>
      </object_component>
      <object_component id="oc-231">
         <name>.debug_line</name>
         <load_address>0x971</load_address>
         <run_address>0x971</run_address>
         <size>0x7c</size>
         <input_file_ref idref="fl-2"/>
      </object_component>
      <object_component id="oc-234">
         <name>.debug_line</name>
         <load_address>0x9ed</load_address>
         <run_address>0x9ed</run_address>
         <size>0x7c</size>
         <input_file_ref idref="fl-2"/>
      </object_component>
      <object_component id="oc-23e">
         <name>.debug_line</name>
         <load_address>0xa69</load_address>
         <run_address>0xa69</run_address>
         <size>0x7c</size>
         <input_file_ref idref="fl-2"/>
      </object_component>
      <object_component id="oc-244">
         <name>.debug_line</name>
         <load_address>0xae5</load_address>
         <run_address>0xae5</run_address>
         <size>0x7c</size>
         <input_file_ref idref="fl-2"/>
      </object_component>
      <object_component id="oc-249">
         <name>.debug_line</name>
         <load_address>0xb61</load_address>
         <run_address>0xb61</run_address>
         <size>0x7c</size>
         <input_file_ref idref="fl-2"/>
      </object_component>
      <object_component id="oc-250">
         <name>.debug_line</name>
         <load_address>0xbdd</load_address>
         <run_address>0xbdd</run_address>
         <size>0x7c</size>
         <input_file_ref idref="fl-2"/>
      </object_component>
      <object_component id="oc-255">
         <name>.debug_line</name>
         <load_address>0xc59</load_address>
         <run_address>0xc59</run_address>
         <size>0x7d</size>
         <input_file_ref idref="fl-2"/>
      </object_component>
      <object_component id="oc-183">
         <name>.debug_line</name>
         <load_address>0xcd6</load_address>
         <run_address>0xcd6</run_address>
         <size>0x99</size>
         <input_file_ref idref="fl-2"/>
      </object_component>
      <object_component id="oc-113">
         <name>.debug_line</name>
         <load_address>0xd6f</load_address>
         <run_address>0xd6f</run_address>
         <size>0x93</size>
         <input_file_ref idref="fl-2"/>
      </object_component>
      <object_component id="oc-2a6">
         <name>.debug_line</name>
         <load_address>0xe02</load_address>
         <run_address>0xe02</run_address>
         <size>0x72</size>
         <input_file_ref idref="fl-2"/>
      </object_component>
      <object_component id="oc-1a7">
         <name>.debug_line</name>
         <load_address>0xe74</load_address>
         <run_address>0xe74</run_address>
         <size>0x20</size>
         <input_file_ref idref="fl-2"/>
      </object_component>
      <object_component id="oc-29a">
         <name>.debug_line</name>
         <load_address>0xe94</load_address>
         <run_address>0xe94</run_address>
         <size>0x76</size>
         <input_file_ref idref="fl-2"/>
      </object_component>
      <object_component id="oc-1b3">
         <name>.debug_line</name>
         <load_address>0xf0a</load_address>
         <run_address>0xf0a</run_address>
         <size>0x73</size>
         <input_file_ref idref="fl-2"/>
      </object_component>
      <object_component id="oc-1ae">
         <name>.debug_line</name>
         <load_address>0xf7d</load_address>
         <run_address>0xf7d</run_address>
         <size>0x60</size>
         <input_file_ref idref="fl-2"/>
      </object_component>
      <object_component id="oc-161">
         <name>.debug_line</name>
         <load_address>0xfdd</load_address>
         <run_address>0xfdd</run_address>
         <size>0x6e</size>
         <input_file_ref idref="fl-2"/>
      </object_component>
      <object_component id="oc-2ab">
         <name>.debug_line</name>
         <load_address>0x104b</load_address>
         <run_address>0x104b</run_address>
         <size>0x77</size>
         <input_file_ref idref="fl-2"/>
      </object_component>
      <object_component id="oc-2b2">
         <name>.debug_line</name>
         <load_address>0x10c2</load_address>
         <run_address>0x10c2</run_address>
         <size>0x43</size>
         <input_file_ref idref="fl-1d"/>
      </object_component>
      <object_component id="oc-e5">
         <name>.debug_line</name>
         <load_address>0x1105</load_address>
         <run_address>0x1105</run_address>
         <size>0x40</size>
         <input_file_ref idref="fl-1e"/>
      </object_component>
      <object_component id="oc-2e3">
         <name>.debug_line</name>
         <load_address>0x1145</load_address>
         <run_address>0x1145</run_address>
[...]
         <object_component_ref idref="oc-2e2"/>
      </symbol>
      <symbol id="sm-2d0">
         <name>__mspabi_addf</name>
         <value>0x2e20</value>
         <object_component_ref idref="oc-2e2"/>
      </symbol>
      <symbol id="sm-2e0">
         <name>__mspabi_cmpf</name>
         <value>0x3634</value>
         <object_component_ref idref="oc-304"/>
      </symbol>
      <symbol id="sm-2f7">
         <name>__mspabi_mpyf</name>
         <value>0x311e</value>
         <object_component_ref idref="oc-2f4"/>
      </symbol>
      <symbol id="sm-306">
         <name>__mspabi_fixfu</name>
         <value>0x36c4</value>
         <object_component_ref idref="oc-2f9"/>
      </symbol>
      <symbol id="sm-312">
         <name>__mspabi_fltulf</name>
         <value>0x3976</value>
         <object_component_ref idref="oc-2d1"/>
      </symbol>
      <symbol id="sm-31d">
         <name>__mspabi_fltuf</name>
         <value>0x3a26</value>
         <object_component_ref idref="oc-2fe"/>
      </symbol>
      <symbol id="sm-320">
         <name>__TI_int01</name>
         <value>0xffe2</value>
         <object_component_ref idref="oc-3e"/>
      </symbol>
      <symbol id="sm-323">
         <name>__TI_int02</name>
         <value>0xffe4</value>
         <object_component_ref idref="oc-3f"/>
      </symbol>
      <symbol id="sm-326">
         <name>__TI_int04</name>
         <value>0xffe8</value>
         <object_component_ref idref="oc-41"/>
      </symbol>
      <symbol id="sm-329">
         <name>__TI_int05</name>
         <value>0xffea</value>
         <object_component_ref idref="oc-42"/>
      </symbol>
      <symbol id="sm-32c">
         <name>__TI_int06</name>
         <value>0xffec</value>
         <object_component_ref idref="oc-43"/>
      </symbol>
      <symbol id="sm-32f">
         <name>__TI_int07</name>
         <value>0xffee</value>
         <object_component_ref idref="oc-44"/>
      </symbol>
      <symbol id="sm-332">
         <name>__TI_int08</name>
         <value>0xfff0</value>
         <object_component_ref idref="oc-45"/>
      </symbol>
      <symbol id="sm-335">
         <name>__TI_int10</name>
         <value>0xfff4</value>
         <object_component_ref idref="oc-47"/>
      </symbol>
      <symbol id="sm-338">
         <name>__TI_int11</name>
         <value>0xfff6</value>
         <object_component_ref idref="oc-48"/>
      </symbol>
      <symbol id="sm-33b">
         <name>__TI_int12</name>
         <value>0xfff8</value>
         <object_component_ref idref="oc-49"/>
      </symbol>
      <symbol id="sm-33e">
         <name>__TI_int14</name>
         <value>0xfffc</value>
         <object_component_ref idref="oc-4b"/>
      </symbol>
      <symbol id="sm-346">
         <name>__TI_ISR_TRAP</name>
         <value>0x3b8e</value>
         <object_component_ref idref="oc-fe"/>
      </symbol>
      <symbol id="sm-34e">
         <name>__mspabi_srli_8</name>
         <value>0x357e</value>
         <object_component_ref idref="oc-dc"/>
      </symbol>
      <symbol id="sm-34f">
         <name>__mspabi_srli_9</name>
         <value>0x357a</value>
         <object_component_ref idref="oc-dc"/>
      </symbol>
      <symbol id="sm-350">
         <name>__mspabi_srli_6</name>
         <value>0x3586</value>
         <object_component_ref idref="oc-dc"/>
      </symbol>
      <symbol id="sm-351">
         <name>__mspabi_srli_7</name>
         <value>0x3582</value>
         <object_component_ref idref="oc-dc"/>
      </symbol>
      <symbol id="sm-352">
         <name>__mspabi_srli_4</name>
         <value>0x358e</value>
         <object_component_ref idref="oc-dc"/>
      </symbol>
      <symbol id="sm-353">
         <name>__mspabi_srli_5</name>
         <value>0x358a</value>
         <object_component_ref idref="oc-dc"/>
      </symbol>
      <symbol id="sm-354">
         <name>__mspabi_srli_2</name>
         <value>0x3596</value>
         <object_component_ref idref="oc-dc"/>
      </symbol>
      <symbol id="sm-355">
         <name>__mspabi_srli_3</name>
         <value>0x3592</value>
         <object_component_ref idref="oc-dc"/>
      </symbol>
      <symbol id="sm-356">
         <name>__mspabi_srli_1</name>
         <value>0x359a</value>
         <object_component_ref idref="oc-dc"/>
      </symbol>
      <symbol id="sm-357">
         <name>__mspabi_srli</name>
         <value>0x3554</value>
         <object_component_ref idref="oc-dc"/>
      </symbol>
      <symbol id="sm-358">
         <name>__mspabi_srli_15</name>
         <value>0x3562</value>
         <object_component_ref idref="oc-dc"/>
      </symbol>
      <symbol id="sm-359">
         <name>__mspabi_srli_14</name>
         <value>0x3566</value>
         <object_component_ref idref="oc-dc"/>
      </symbol>
      <symbol id="sm-35a">
         <name>__mspabi_srli_13</name>
         <value>0x356a</value>
         <object_component_ref idref="oc-dc"/>
      </symbol>
      <symbol id="sm-35b">
         <name>__mspabi_srli_12</name>
         <value>0x356e</value>
         <object_component_ref idref="oc-dc"/>
      </symbol>
      <symbol id="sm-35c">
         <name>__mspabi_srli_11</name>
         <value>0x3572</value>
         <object_component_ref idref="oc-dc"/>
      </symbol>
      <symbol id="sm-35d">
         <name>__mspabi_srli_10</name>
         <value>0x3576</value>
         <object_component_ref idref="oc-dc"/>
      </symbol>
      <symbol id="sm-368">
         <name>__mspabi_mpyull_hw</name>
         <value>0x35a0</value>
         <object_component_ref idref="oc-3c3"/>
      </symbol>
      <symbol id="sm-370">
         <name>__mspabi_mpyll_hw</name>
         <value>0x3296</value>
         <object_component_ref idref="oc-3be"/>
      </symbol>
      <symbol id="sm-385">
         <name>_stack</name>
         <value>0x9b0</value>
         <object_component_ref idref="oc-d3"/>
      </symbol>
      <symbol id="sm-386">
         <name>_c_int00_noargs</name>
         <value>0x3a86</value>
         <object_component_ref idref="oc-127"/>
      </symbol>
      <symbol id="sm-387">
         <name>_reset_vector</name>
         <value>0xfffe</value>
         <object_component_ref idref="oc-d6"/>
      </symbol>
      <symbol id="sm-3a9">
         <name>__TI_auto_init_nobinit_nopinit</name>
         <value>0x374e</value>
         <object_component_ref idref="oc-264"/>
      </symbol>
      <symbol id="sm-3bc">
         <name>__TI_zero_init_nomemset</name>
         <value>0x3acc</value>
         <object_component_ref idref="oc-115"/>
      </symbol>
      <symbol id="sm-3cb">
         <name>__mspabi_srlll</name>
         <value>0x367e</value>
         <object_component_ref idref="oc-3c8"/>
      </symbol>
      <symbol id="sm-3d4">
         <name>_system_pre_init</name>
         <value>0x3b9c</value>
         <object_component_ref idref="oc-179"/>
      </symbol>
      <symbol id="sm-3dd">
         <name>_system_post_cinit</name>
         <value>0x3ba0</value>
         <object_component_ref idref="oc-329"/>
      </symbol>
      <symbol id="sm-3f3">
         <name>__TI_decompress_none</name>
         <value>0x3b16</value>
         <object_component_ref idref="oc-38"/>
      </symbol>
      <symbol id="sm-416">
         <name>__TI_decompress_lzss</name>
         <value>0x332c</value>
         <object_component_ref idref="oc-32"/>
      </symbol>
      <symbol id="sm-450">
         <name>__mspabi_addd</name>
         <value>0x1100</value>
         <object_component_ref idref="oc-2e7"/>
      </symbol>
      <symbol id="sm-466">
         <name>__mspabi_cvtfd</name>
         <value>0x348e</value>
         <object_component_ref idref="oc-2d6"/>
      </symbol>
      <symbol id="sm-471">
         <name>__mspabi_fixdu</name>
         <value>0x3b04</value>
         <object_component_ref idref="oc-309"/>
      </symbol>
      <symbol id="sm-486">
         <name>__mspabi_fixdul</name>
         <value>0x33a8</value>
         <object_component_ref idref="oc-386"/>
      </symbol>
      <symbol id="sm-4ac">
         <name>__mspabi_mpyd</name>
         <value>0x1e9c</value>
         <object_component_ref idref="oc-2dc"/>
      </symbol>
      <symbol id="sm-4c1">
         <name>__mspabi_cvtdf</name>
         <value>0x31e2</value>
         <object_component_ref idref="oc-2ed"/>
      </symbol>
      <symbol id="sm-4cb">
         <name>C$$EXIT</name>
         <value>0x3b96</value>
         <object_component_ref idref="oc-258"/>
      </symbol>
      <symbol id="sm-4cc">
         <name>abort</name>
         <value>0x3b96</value>
         <object_component_ref idref="oc-258"/>
      </symbol>
      <symbol id="sm-4dc">
         <name>memcpy</name>
         <value>0x3b3a</value>
         <object_component_ref idref="oc-f1"/>
      </symbol>
      <symbol id="sm-4e4">
         <name>__mspabi_srai</name>
         <value>0x39a8</value>
         <object_component_ref idref="oc-34e"/>
      </symbol>
      <symbol id="sm-4e5">
         <name>__mspabi_srai_8</name>
         <value>0x39c2</value>
         <object_component_ref idref="oc-34e"/>
      </symbol>
      <symbol id="sm-4e6">
         <name>__mspabi_srai_9</name>
         <value>0x39c0</value>
         <object_component_ref idref="oc-34e"/>
      </symbol>
      <symbol id="sm-4e7">
         <name>__mspabi_srai_6</name>
         <value>0x39c6</value>
         <object_component_ref idref="oc-34e"/>
      </symbol>
      <symbol id="sm-4e8">
         <name>__mspabi_srai_7</name>
         <value>0x39c4</value>
         <object_component_ref idref="oc-34e"/>
      </symbol>
      <symbol id="sm-4e9">
         <name>__mspabi_srai_4</name>
         <value>0x39ca</value>
         <object_component_ref idref="oc-34e"/>
      </symbol>
      <symbol id="sm-4ea">
         <name>__mspabi_srai_5</name>
         <value>0x39c8</value>
         <object_component_ref idref="oc-34e"/>
      </symbol>
      <symbol id="sm-4eb">
         <name>__mspabi_srai_2</name>
         <value>0x39ce</value>
         <object_component_ref idref="oc-34e"/>
      </symbol>
      <symbol id="sm-4ec">
         <name>__mspabi_srai_3</name>
         <value>0x39cc</value>
         <object_component_ref idref="oc-34e"/>
      </symbol>
      <symbol id="sm-4ed">
         <name>__mspabi_srai_1</name>
         <value>0x39d0</value>
         <object_component_ref idref="oc-34e"/>
      </symbol>
      <symbol id="sm-4ee">
         <name>__mspabi_srai_15</name>
         <value>0x39b4</value>
         <object_component_ref idref="oc-34e"/>
      </symbol>
      <symbol id="sm-4ef">
         <name>__mspabi_srai_14</name>
         <value>0x39b6</value>
         <object_component_ref idref="oc-34e"/>
      </symbol>
      <symbol id="sm-4f0">
         <name>__mspabi_srai_13</name>
         <value>0x39b8</value>
         <object_component_ref idref="oc-34e"/>
      </symbol>
      <symbol id="sm-4f1">
         <name>__mspabi_srai_12</name>
         <value>0x39ba</value>
         <object_component_ref idref="oc-34e"/>
      </symbol>
      <symbol id="sm-4f2">
         <name>__mspabi_srai_11</name>
         <value>0x39bc</value>
         <object_component_ref idref="oc-34e"/>
      </symbol>
      <symbol id="sm-4f3">
         <name>__mspabi_srai_10</name>
         <value>0x39be</value>
         <object_component_ref idref="oc-34e"/>
      </symbol>
      <symbol id="sm-4fb">
         <name>__mspabi_sral_15</name>
         <value>0x3790</value>
         <object_component_ref idref="oc-353"/>
      </symbol>
      <symbol id="sm-4fc">
         <name>__mspabi_sral_14</name>
         <value>0x3794</value>
         <object_component_ref idref="oc-353"/>
      </symbol>
      <symbol id="sm-4fd">
         <name>__mspabi_sral_13</name>
         <value>0x3798</value>
         <object_component_ref idref="oc-353"/>
      </symbol>
      <symbol id="sm-4fe">
         <name>__mspabi_sral_12</name>
         <value>0x379c</value>
         <object_component_ref idref="oc-353"/>
      </symbol>
      <symbol id="sm-4ff">
         <name>__mspabi_sral_11</name>
         <value>0x37a0</value>
         <object_component_ref idref="oc-353"/>
      </symbol>
      <symbol id="sm-500">
         <name>__mspabi_sral_10</name>
         <value>0x37a4</value>
         <object_component_ref idref="oc-353"/>
      </symbol>
      <symbol id="sm-501">
         <name>__mspabi_sral_8</name>
         <value>0x37ac</value>
         <object_component_ref idref="oc-353"/>
      </symbol>
      <symbol id="sm-502">
         <name>__mspabi_sral_9</name>
         <value>0x37a8</value>
         <object_component_ref idref="oc-353"/>
      </symbol>
      <symbol id="sm-503">
         <name>__mspabi_sral_6</name>
         <value>0x37b4</value>
         <object_component_ref idref="oc-353"/>
      </symbol>
      <symbol id="sm-504">
         <name>__mspabi_sral_7</name>
         <value>0x37b0</value>
         <object_component_ref idref="oc-353"/>
      </symbol>
      <symbol id="sm-505">
         <name>__mspabi_sral_4</name>
         <value>0x37bc</value>
         <object_component_ref idref="oc-353"/>
      </symbol>
      <symbol id="sm-506">
         <name>__mspabi_sral_5</name>
         <value>0x37b8</value>
         <object_component_ref idref="oc-353"/>
      </symbol>
      <symbol id="sm-507">
         <name>__mspabi_sral_2</name>
         <value>0x37c4</value>
         <object_component_ref idref="oc-353"/>
      </symbol>
      <symbol id="sm-508">
         <name>__mspabi_sral_3</name>
         <value>0x37c0</value>
         <object_component_ref idref="oc-353"/>
      </symbol>
      <symbol id="sm-509">
         <name>__mspabi_sral_1</name>
         <value>0x37c8</value>
         <object_component_ref idref="oc-353"/>
      </symbol>
      <symbol id="sm-511">
         <name>__mspabi_slli</name>
         <value>0x39d4</value>
         <object_component_ref idref="oc-d7"/>
      </symbol>
      <symbol id="sm-512">
         <name>__mspabi_slli_9</name>
         <value>0x39ec</value>
         <object_component_ref idref="oc-d7"/>
      </symbol>
      <symbol id="sm-513">
         <name>__mspabi_slli_8</name>
         <value>0x39ee</value>
         <object_component_ref idref="oc-d7"/>
      </symbol>
      <symbol id="sm-514">
         <name>__mspabi_slli_7</name>
         <value>0x39f0</value>
         <object_component_ref idref="oc-d7"/>
      </symbol>
      <symbol id="sm-515">
         <name>__mspabi_slli_6</name>
         <value>0x39f2</value>
         <object_component_ref idref="oc-d7"/>
      </symbol>
      <symbol id="sm-516">
         <name>__mspabi_slli_5</name>
         <value>0x39f4</value>
         <object_component_ref idref="oc-d7"/>
      </symbol>
      <symbol id="sm-517">
         <name>__mspabi_slli_4</name>
         <value>0x39f6</value>
         <object_component_ref idref="oc-d7"/>
      </symbol>
      <symbol id="sm-518">
         <name>__mspabi_slli_3</name>
         <value>0x39f8</value>
         <object_component_ref idref="oc-d7"/>
      </symbol>
      <symbol id="sm-519">
         <name>__mspabi_slli_2</name>
         <value>0x39fa</value>
         <object_component_ref idref="oc-d7"/>
      </symbol>
      <symbol id="sm-51a">
         <name>__mspabi_slli_1</name>
         <value>0x39fc</value>
         <object_component_ref idref="oc-d7"/>
      </symbol>
      <symbol id="sm-51b">
         <name>__mspabi_slli_15</name>
         <value>0x39e0</value>
         <object_component_ref idref="oc-d7"/>
      </symbol>
      <symbol id="sm-51c">
         <name>__mspabi_slli_14</name>
         <value>0x39e2</value>
         <object_component_ref idref="oc-d7"/>
      </symbol>
      <symbol id="sm-51d">
         <name>__mspabi_slli_13</name>
         <value>0x39e4</value>
         <object_component_ref idref="oc-d7"/>
      </symbol>
      <symbol id="sm-51e">
         <name>__mspabi_slli_12</name>
         <value>0x39e6</value>
         <object_component_ref idref="oc-d7"/>
      </symbol>
      <symbol id="sm-51f">
         <name>__mspabi_slli_11</name>
         <value>0x39e8</value>
         <object_component_ref idref="oc-d7"/>
      </symbol>
      <symbol id="sm-520">
         <name>__mspabi_slli_10</name>
         <value>0x39ea</value>
         <object_component_ref idref="oc-d7"/>
      </symbol>
      <symbol id="sm-528">
         <name>__mspabi_slll_9</name>
         <value>0x37e6</value>
         <object_component_ref idref="oc-37b"/>
      </symbol>
      <symbol id="sm-529">
         <name>__mspabi_slll_8</name>
         <value>0x37ea</value>
         <object_component_ref idref="oc-37b"/>
      </symbol>
      <symbol id="sm-52a">
         <name>__mspabi_slll_7</name>
         <value>0x37ee</value>
         <object_component_ref idref="oc-37b"/>
      </symbol>
      <symbol id="sm-52b">
         <name>__mspabi_slll_6</name>
         <value>0x37f2</value>
         <object_component_ref idref="oc-37b"/>
      </symbol>
      <symbol id="sm-52c">
         <name>__mspabi_slll_5</name>
         <value>0x37f6</value>
         <object_component_ref idref="oc-37b"/>
      </symbol>
      <symbol id="sm-52d">
         <name>__mspabi_slll_4</name>
         <value>0x37fa</value>
         <object_component_ref idref="oc-37b"/>
      </symbol>
      <symbol id="sm-52e">
         <name>__mspabi_slll_3</name>
         <value>0x37fe</value>
         <object_component_ref idref="oc-37b"/>
      </symbol>
      <symbol id="sm-52f">
         <name>__mspabi_slll_2</name>
         <value>0x3802</value>
         <object_component_ref idref="oc-37b"/>
      </symbol>
      <symbol id="sm-530">
         <name>__mspabi_slll_1</name>
         <value>0x3806</value>
         <object_component_ref idref="oc-37b"/>
      </symbol>
      <symbol id="sm-531">
         <name>__mspabi_slll_15</name>
         <value>0x37ce</value>
         <object_component_ref idref="oc-37b"/>
      </symbol>
      <symbol id="sm-532">
         <name>__mspabi_slll_14</name>
         <value>0x37d2</value>
         <object_component_ref idref="oc-37b"/>
      </symbol>
      <symbol id="sm-533">
         <name>__mspabi_slll_13</name>
         <value>0x37d6</value>
         <object_component_ref idref="oc-37b"/>
      </symbol>
      <symbol id="sm-534">
         <name>__mspabi_slll_12</name>
         <value>0x37da</value>
         <object_component_ref idref="oc-37b"/>
      </symbol>
      <symbol id="sm-535">
         <name>__mspabi_slll_11</name>
         <value>0x37de</value>
         <object_component_ref idref="oc-37b"/>
      </symbol>
      <symbol id="sm-536">
         <name>__mspabi_slll_10</name>
         <value>0x37e2</value>
         <object_component_ref idref="oc-37b"/>
      </symbol>
      <symbol id="sm-540">
         <name>__mspabi_srll</name>
         <value>0x3b28</value>
         <object_component_ref idref="oc-3d8"/>
      </symbol>
      <symbol id="sm-54f">
         <name>__mspabi_srall</name>
         <value>0x35ea</value>
         <object_component_ref idref="oc-36d"/>
      </symbol>
      <symbol id="sm-55c">
         <name>__mspabi_sllll</name>
         <value>0x370a</value>
         <object_component_ref idref="oc-373"/>
      </symbol>
      <symbol id="sm-567">
         <name>__TI_frcmpyd</name>
         <value>0x2728</value>
         <object_component_ref idref="oc-35f"/>
      </symbol>
   </symbol_table>
   <title>Link successful</title>
</link_info>
