******************************************************************************
                  MSP430 Linker PC v20.2.5                     
******************************************************************************
>> Linked Wed Jun 14 07:43:10 2023

OUTPUT FILE NAME:   <AM-TestJig-v1.0.out>
ENTRY POINT SYMBOL: "_c_int00_noargs"  address: 00001c22


MEMORY CONFIGURATION

         name            origin    length      used     unused   attr    fill
----------------------  --------  ---------  --------  --------  ----  --------
  SFR                   00000000   00000010  00000000  00000010  RWIX
  PERIPHERALS_8BIT      00000010   000000f0  00000000  000000f0  RWIX
  PERIPHERALS_16BIT     00000100   00000100  00000000  00000100  RWIX
  RAM                   00000200   00000800  000000e7  00000719  RWIX
  INFOB                 00001000   00000080  00000000  00000080  RWIX
  INFOA                 00001080   00000080  00000000  00000080  RWIX
  FLASH                 00001100   0000eee0  00000c2e  0000e2b2  RWIX
  INT00                 0000ffe0   00000002  00000000  00000002  RWIX
  INT01                 0000ffe2   00000002  00000002  00000000  RWIX
  INT02                 0000ffe4   00000002  00000002  00000000  RWIX
  INT03                 0000ffe6   00000002  00000002  00000000  RWIX
  INT04                 0000ffe8   00000002  00000002  00000000  RWIX
  INT05                 0000ffea   00000002  00000002  00000000  RWIX
  INT06                 0000ffec   00000002  00000002  00000000  RWIX
  INT07                 0000ffee   00000002  00000002  00000000  RWIX
  INT08                 0000fff0   00000002  00000002  00000000  RWIX
  INT09                 0000fff2   00000002  00000002  00000000  RWIX
  INT10                 0000fff4   00000002  00000002  00000000  RWIX
  INT11                 0000fff6   00000002  00000002  00000000  RWIX
  INT12                 0000fff8   00000002  00000002  00000000  RWIX
  INT13                 0000fffa   00000002  00000002  00000000  RWIX
  INT14                 0000fffc   00000002  00000002  00000000  RWIX
  RESET                 0000fffe   00000002  00000002  00000000  RWIX


SECTION ALLOCATION MAP

 output                                  attributes/
section   page    origin      length       input sections
--------  ----  ----------  ----------   ----------------
.data      0    00000200    00000054     UNINITIALIZED
                  00000200    0000003c     AM-TestJig-v1.0.obj (.data)
                  0000023c    00000018     AM-TestJig-v1.0.obj (.data:ch_table)

.bss       0    00000254    00000043     UNINITIALIZED
                  00000254    00000010     (.common:DisBuf2)
                  00000264    0000000c     (.common:DisBuf1)
                  00000270    00000004     (.common:Addr_Buf)
                  00000274    00000004     (.common:P1_Buf)
                  00000278    00000004     (.common:P2_Buf)
                  0000027c    00000004     (.common:P3_Buf)
                  00000280    00000004     (.common:P4_Buf)
                  00000284    00000004     (.common:P5_Buf)
                  00000288    00000004     (.common:P6_Buf)
                  0000028c    00000004     (.common:P7_Buf)
                  00000290    00000004     (.common:P8_Buf)
                  00000294    00000002     (.common:uint16_temp)
                  00000296    00000001     (.common:Addr_485)

.stack     0    000009b0    00000050     UNINITIALIZED
                  000009b0    00000002     rts430_eabi.lib : boot.c.obj (.stack)
                  000009b2    0000004e     --HOLE--

.text      0    00001100    00000bf6     
                  00001100    00000384     AM-TestJig-v1.0.obj (.text:Pressure_To_Digit2)
                  00001484    000002e2     AM-TestJig-v1.0.obj (.text:Pressure_To_Digit1)
                  00001766    000000b6     AM-TestJig-v1.0.obj (.text:Timer_B)
                  0000181c    00000092     AM-TestJig-v1.0.obj (.text:main)
                  000018ae    0000007c     rts430_eabi.lib : copy_decompress_lzss.c.obj (.text:decompress:lzss:__TI_decompress_lzss)
                  0000192a    00000072     AM-TestJig-v1.0.obj (.text:UART_Init)
                  0000199c    0000004c     rts430_eabi.lib : lsr16.asm.obj (.text)
                  000019e8    00000042                     : autoinit.c.obj (.text:__TI_auto_init_nobinit_nopinit:__TI_auto_init_nobinit_nopinit)
                  00001a2a    00000036     AM-TestJig-v1.0.obj (.text:Update_Display1)
                  00001a60    00000036     AM-TestJig-v1.0.obj (.text:Update_Display2)
                  00001a96    00000034     AM-TestJig-v1.0.obj (.text:Dis_SendData1)
                  00001aca    00000034     AM-TestJig-v1.0.obj (.text:Dis_SendData2)
                  00001afe    00000032     AM-TestJig-v1.0.obj (.text:IOPort_init)
                  00001b30    00000032     AM-TestJig-v1.0.obj (.text:Init_Display1)
                  00001b62    00000032     AM-TestJig-v1.0.obj (.text:Init_Display2)
                  00001b94    0000002c     rts430_eabi.lib : lsl16.asm.obj (.text)
                  00001bc0    00000026     AM-TestJig-v1.0.obj (.text:clock_init)
                  00001be6    0000001e     AM-TestJig-v1.0.obj (.text:Dis_start1)
                  00001c04    0000001e     AM-TestJig-v1.0.obj (.text:Dis_start2)
                  00001c22    0000001c     rts430_eabi.lib : boot.c.obj (.text:_c_int00_noargs)
                  00001c3e    00000016                     : div16u.asm.obj (.text)
                  00001c54    00000014     AM-TestJig-v1.0.obj (.text:Timer_B7_init)
                  00001c68    00000014     rts430_eabi.lib : copy_zero_init.c.obj (.text:decompress:ZI:__TI_zero_init_nomemset:__TI_zero_init_nomemset)
                  00001c7c    00000012     AM-TestJig-v1.0.obj (.text:Dis_stop1)
                  00001c8e    00000012     AM-TestJig-v1.0.obj (.text:Dis_stop2)
                  00001ca0    00000012     rts430_eabi.lib : copy_decompress_none.c.obj (.text:decompress:none:__TI_decompress_none)
                  00001cb2    00000012                     : memcpy.c.obj (.text:memcpy)
                  00001cc4    00000010                     : epilog.asm.obj (.text)
                  00001cd4    0000000e     AM-TestJig-v1.0.obj (.text:Addr_Get)
                  00001ce2    00000008     rts430_eabi.lib : isr_trap.asm.obj (.text:_isr:__TI_ISR_TRAP)
                  00001cea    00000006                     : exit.c.obj (.text:abort)
                  00001cf0    00000004                     : pre_init.c.obj (.text:_system_pre_init)
                  00001cf4    00000002                     : startup.c.obj (.text:_system_post_cinit)

.cinit     0    00001cf6    00000038     
                  00001cf6    00000026     (.cinit..data.load) [load image, compression = lzss]
                  00001d1c    00000006     (__TI_handler_table)
                  00001d22    00000004     (.cinit..bss.load) [load image, compression = zero_init]
                  00001d26    00000008     (__TI_cinit_table)

.binit     0    00001100    00000000     

.init_array 
*          0    00001100    00000000     UNINITIALIZED

PORT2      0    0000ffe2    00000002     
                  0000ffe2    00000002     rts430_eabi.lib : int01.asm.obj (.int01)

USART1TX   0    0000ffe4    00000002     
                  0000ffe4    00000002     rts430_eabi.lib : int02.asm.obj (.int02)

USART1RX   0    0000ffe6    00000002     
                  0000ffe6    00000002     rts430_eabi.lib : int03.asm.obj (.int03)

PORT1      0    0000ffe8    00000002     
                  0000ffe8    00000002     rts430_eabi.lib : int04.asm.obj (.int04)

TIMERA1    0    0000ffea    00000002     
                  0000ffea    00000002     rts430_eabi.lib : int05.asm.obj (.int05)

TIMERA0    0    0000ffec    00000002     
                  0000ffec    00000002     rts430_eabi.lib : int06.asm.obj (.int06)

ADC12      0    0000ffee    00000002     
                  0000ffee    00000002     rts430_eabi.lib : int07.asm.obj (.int07)

USART0TX   0    0000fff0    00000002     
                  0000fff0    00000002     rts430_eabi.lib : int08.asm.obj (.int08)

USART0RX   0    0000fff2    00000002     
                  0000fff2    00000002     rts430_eabi.lib : int09.asm.obj (.int09)

WDT        0    0000fff4    00000002     
                  0000fff4    00000002     rts430_eabi.lib : int10.asm.obj (.int10)

COMPARATORA 
*          0    0000fff6    00000002     
                  0000fff6    00000002     rts430_eabi.lib : int11.asm.obj (.int11)

TIMERB1    0    0000fff8    00000002     
                  0000fff8    00000002     rts430_eabi.lib : int12.asm.obj (.int12)

TIMERB0    0    0000fffa    00000002     
                  0000fffa    00000002     AM-TestJig-v1.0.obj (.int13)

NMI        0    0000fffc    00000002     
                  0000fffc    00000002     rts430_eabi.lib : int14.asm.obj (.int14)

.reset     0    0000fffe    00000002     
                  0000fffe    00000002     rts430_eabi.lib : boot.c.obj (.reset)

MODULE SUMMARY

       Module                       code   ro data   rw data
       ------                       ----   -------   -------
    .\
       AM-TestJig-v1.0.obj          2610   2         151    
    +--+----------------------------+------+---------+---------+
       Total:                       2610   2         151    
                                                            
    C:\ti\ccs1020\ccs\tools\compiler\ti-cgt-msp430_20.2.5.LTS\lib\rts430_eabi.lib
       copy_decompress_lzss.c.obj   124    0         0      
       lsr16.asm.obj                76     0         0      
       autoinit.c.obj               66     0         0      
       lsl16.asm.obj                44     0         0      
       boot.c.obj                   28     2         0      
       div16u.asm.obj               22     0         0      
       copy_zero_init.c.obj         20     0         0      
       copy_decompress_none.c.obj   18     0         0      
       memcpy.c.obj                 18     0         0      
       epilog.asm.obj               16     0         0      
       isr_trap.asm.obj             8      0         0      
       exit.c.obj                   6      0         0      
       pre_init.c.obj               4      0         0      
       int01.asm.obj                0      2         0      
       int02.asm.obj                0      2         0      
       int03.asm.obj                0      2         0      
       int04.asm.obj                0      2         0      
       int05.asm.obj                0      2         0      
       int06.asm.obj                0      2         0      
       int07.asm.obj                0      2         0      
       int08.asm.obj                0      2         0      
       int09.asm.obj                0      2         0      
       int10.asm.obj                0      2         0      
       int11.asm.obj                0      2         0      
       int12.asm.obj                0      2         0      
       int14.asm.obj                0      2         0      
       startup.c.obj                2      0         0      
    +--+----------------------------+------+---------+---------+
       Total:                       452    28        0      
                                                            
       Stack:                       0      0         80     
       Linker Generated:            0      56        0      
    +--+----------------------------+------+---------+---------+
       Grand Total:                 3062   86        231    


LINKER GENERATED COPY TABLES

__TI_cinit_table @ 00001d26 records: 2, size/record: 4, table size: 8
	.data: load addr=00001cf6, load size=00000026 bytes, run addr=00000200, run size=00000054 bytes, compression=lzss
	.bss: load addr=00001d22, load size=00000004 bytes, run addr=00000254, run size=00000043 bytes, compression=zero_init


LINKER GENERATED HANDLER TABLE

__TI_handler_table @ 00001d1c records: 3, size/record: 2, table size: 6
	index: 0, handler: __TI_zero_init
	index: 1, handler: __TI_decompress_lzss
	index: 2, handler: __TI_decompress_none


GLOBAL SYMBOLS: SORTED ALPHABETICALLY BY Name 

address   name                          
-------   ----                          
000001a0  ADC12CTL0                     
000001a2  ADC12CTL1                     
000001a6  ADC12IE                       
000001a4  ADC12IFG                      
000001a8  ADC12IV                       
00000080  ADC12MCTL0                    
00000081  ADC12MCTL1                    
0000008a  ADC12MCTL10                   
0000008b  ADC12MCTL11                   
0000008c  ADC12MCTL12                   
0000008d  ADC12MCTL13                   
0000008e  ADC12MCTL14                   
0000008f  ADC12MCTL15                   
00000082  ADC12MCTL2                    
00000083  ADC12MCTL3                    
00000084  ADC12MCTL4                    
00000085  ADC12MCTL5                    
00000086  ADC12MCTL6                    
00000087  ADC12MCTL7                    
00000088  ADC12MCTL8                    
00000089  ADC12MCTL9                    
00000140  ADC12MEM0                     
00000142  ADC12MEM1                     
00000154  ADC12MEM10                    
00000156  ADC12MEM11                    
00000158  ADC12MEM12                    
0000015a  ADC12MEM13                    
0000015c  ADC12MEM14                    
0000015e  ADC12MEM15                    
00000144  ADC12MEM2                     
00000146  ADC12MEM3                     
00000148  ADC12MEM4                     
0000014a  ADC12MEM5                     
0000014c  ADC12MEM6                     
0000014e  ADC12MEM7                     
00000150  ADC12MEM8                     
00000152  ADC12MEM9                     
00000296  Addr_485                      
00000270  Addr_Buf                      
00001cd4  Addr_Get                      
00000057  BCSCTL1                       
00000058  BCSCTL2                       
00001cea  C$$EXIT                       
00000059  CACTL1                        
0000005a  CACTL2                        
0000005b  CAPD                          
00000056  DCOCTL                        
00000264  DisBuf1                       
00000254  DisBuf2                       
00001a96  Dis_SendData1                 
00001aca  Dis_SendData2                 
00001be6  Dis_start1                    
00001c04  Dis_start2                    
00001c7c  Dis_stop1                     
00001c8e  Dis_stop2                     
0000022a  Display_Flag1                 
0000022b  Display_Flag2                 
00000128  FCTL1                         
0000012a  FCTL2                         
0000012c  FCTL3                         
00000000  IE1                           
00000001  IE2                           
00000002  IFG1                          
00000003  IFG2                          
00001afe  IOPort_init                   
00001b30  Init_Display1                 
00001b62  Init_Display2                 
00000134  MAC                           
00000136  MACS                          
00000004  ME1                           
00000005  ME2                           
00000130  MPY                           
00000132  MPYS                          
00000138  OP2                           
00000022  P1DIR                         
00000025  P1IE                          
00000024  P1IES                         
00000023  P1IFG                         
00000020  P1IN                          
00000021  P1OUT                         
00000026  P1SEL                         
00000274  P1_Buf                        
0000022c  P1_Value                      
0000002a  P2DIR                         
0000002d  P2IE                          
0000002c  P2IES                         
0000002b  P2IFG                         
00000028  P2IN                          
00000029  P2OUT                         
0000002e  P2SEL                         
00000278  P2_Buf                        
0000022e  P2_Value                      
0000001a  P3DIR                         
00000018  P3IN                          
00000019  P3OUT                         
0000001b  P3SEL                         
0000027c  P3_Buf                        
00000230  P3_Value                      
0000001e  P4DIR                         
0000001c  P4IN                          
0000001d  P4OUT                         
0000001f  P4SEL                         
00000280  P4_Buf                        
00000232  P4_Value                      
00000032  P5DIR                         
00000030  P5IN                          
00000031  P5OUT                         
00000033  P5SEL                         
00000284  P5_Buf                        
00000234  P5_Value                      
00000036  P6DIR                         
00000034  P6IN                          
00000035  P6OUT                         
00000037  P6SEL                         
00000288  P6_Buf                        
00000236  P6_Value                      
0000028c  P7_Buf                        
00000238  P7_Value                      
00000290  P8_Buf                        
0000023a  P8_Value                      
00001484  Pressure_To_Digit1            
00001100  Pressure_To_Digit2            
0000013c  RESHI                         
0000013a  RESLO                         
0000013e  SUMEXT                        
00000172  TACCR0                        
00000174  TACCR1                        
00000176  TACCR2                        
00000162  TACCTL0                       
00000164  TACCTL1                       
00000166  TACCTL2                       
00000160  TACTL                         
0000012e  TAIV                          
00000170  TAR                           
00000192  TBCCR0                        
00000194  TBCCR1                        
00000196  TBCCR2                        
00000198  TBCCR3                        
0000019a  TBCCR4                        
0000019c  TBCCR5                        
0000019e  TBCCR6                        
00000182  TBCCTL0                       
00000184  TBCCTL1                       
00000186  TBCCTL2                       
00000188  TBCCTL3                       
0000018a  TBCCTL4                       
0000018c  TBCCTL5                       
0000018e  TBCCTL6                       
00000180  TBCTL                         
0000011e  TBIV                          
00000190  TBR                           
00001766  Timer_B                       
00001c54  Timer_B7_init                 
00000074  U0BR0                         
00000075  U0BR1                         
00000070  U0CTL                         
00000073  U0MCTL                        
00000072  U0RCTL                        
00000076  U0RXBUF                       
00000071  U0TCTL                        
00000077  U0TXBUF                       
0000007c  U1BR0                         
0000007d  U1BR1                         
00000078  U1CTL                         
0000007b  U1MCTL                        
0000007a  U1RCTL                        
0000007e  U1RXBUF                       
00000079  U1TCTL                        
0000007f  U1TXBUF                       
0000192a  UART_Init                     
00001a2a  Update_Display1               
00001a60  Update_Display2               
00000120  WDTCTL                        
00000a00  __STACK_END                   
00000050  __STACK_SIZE                  
00001d26  __TI_CINIT_Base               
00001d2e  __TI_CINIT_Limit              
00001d1c  __TI_Handler_Table_Base       
00001d22  __TI_Handler_Table_Limit      
00001ce2  __TI_ISR_TRAP                 
000019e8  __TI_auto_init_nobinit_nopinit
000018ae  __TI_decompress_lzss          
00001ca0  __TI_decompress_none          
0000ffe2  __TI_int01                    
0000ffe4  __TI_int02                    
0000ffe6  __TI_int03                    
0000ffe8  __TI_int04                    
0000ffea  __TI_int05                    
0000ffec  __TI_int06                    
0000ffee  __TI_int07                    
0000fff0  __TI_int08                    
0000fff2  __TI_int09                    
0000fff4  __TI_int10                    
0000fff6  __TI_int11                    
0000fff8  __TI_int12                    
0000fffa  __TI_int13                    
0000fffc  __TI_int14                    
ffffffff  __TI_pprof_out_hndl           
ffffffff  __TI_prof_data_size           
ffffffff  __TI_prof_data_start          
00001c68  __TI_zero_init_nomemset       
ffffffff  __c_args__                    
00001c3e  __mspabi_divu                 
00001cd0  __mspabi_func_epilog_1        
00001cce  __mspabi_func_epilog_2        
00001ccc  __mspabi_func_epilog_3        
00001cca  __mspabi_func_epilog_4        
00001cc8  __mspabi_func_epilog_5        
00001cc6  __mspabi_func_epilog_6        
00001cc4  __mspabi_func_epilog_7        
00001c3e  __mspabi_remu                 
00001b94  __mspabi_slli                 
00001bbc  __mspabi_slli_1               
00001baa  __mspabi_slli_10              
00001ba8  __mspabi_slli_11              
00001ba6  __mspabi_slli_12              
00001ba4  __mspabi_slli_13              
00001ba2  __mspabi_slli_14              
00001ba0  __mspabi_slli_15              
00001bba  __mspabi_slli_2               
00001bb8  __mspabi_slli_3               
00001bb6  __mspabi_slli_4               
00001bb4  __mspabi_slli_5               
00001bb2  __mspabi_slli_6               
00001bb0  __mspabi_slli_7               
00001bae  __mspabi_slli_8               
00001bac  __mspabi_slli_9               
0000199c  __mspabi_srli                 
000019e2  __mspabi_srli_1               
000019be  __mspabi_srli_10              
000019ba  __mspabi_srli_11              
000019b6  __mspabi_srli_12              
000019b2  __mspabi_srli_13              
000019ae  __mspabi_srli_14              
000019aa  __mspabi_srli_15              
000019de  __mspabi_srli_2               
000019da  __mspabi_srli_3               
000019d6  __mspabi_srli_4               
000019d2  __mspabi_srli_5               
000019ce  __mspabi_srli_6               
000019ca  __mspabi_srli_7               
000019c6  __mspabi_srli_8               
000019c2  __mspabi_srli_9               
00001c22  _c_int00_noargs               
0000fffe  _reset_vector                 
000009b0  _stack                        
00001cf4  _system_post_cinit            
00001cf0  _system_pre_init              
00001cea  abort                         
0000023c  ch_table                      
00001bc0  clock_init                    
0000020a  cnt_100ms                     
00000204  cnt_10ms                      
00000216  cnt_10sec                     
00000200  cnt_1ms                       
00000212  cnt_1sec                      
0000020c  cnt_200ms                     
00000206  cnt_20ms                      
00000210  cnt_2sec                      
00000218  cnt_30sec                     
0000020e  cnt_500ms                     
00000208  cnt_50ms                      
00000202  cnt_5ms                       
00000214  cnt_5sec                      
0000021f  f_100ms                       
0000021c  f_10ms                        
00000225  f_10sec                       
0000021a  f_1ms                         
00000222  f_1sec                        
00000220  f_200ms                       
0000021d  f_20ms                        
00000223  f_2sec                        
00000226  f_30sec                       
00000221  f_500ms                       
0000021e  f_50ms                        
0000021b  f_5ms                         
00000224  f_5sec                        
0000181c  main                          
00001cb2  memcpy                        
00000294  uint16_temp                   
00000228  waiting_tm                    


GLOBAL SYMBOLS: SORTED BY Symbol Address 

address   name                          
-------   ----                          
00000000  IE1                           
00000001  IE2                           
00000002  IFG1                          
00000003  IFG2                          
00000004  ME1                           
00000005  ME2                           
00000018  P3IN                          
00000019  P3OUT                         
0000001a  P3DIR                         
0000001b  P3SEL                         
0000001c  P4IN                          
0000001d  P4OUT                         
0000001e  P4DIR                         
0000001f  P4SEL                         
00000020  P1IN                          
00000021  P1OUT                         
00000022  P1DIR                         
00000023  P1IFG                         
00000024  P1IES                         
00000025  P1IE                          
00000026  P1SEL                         
00000028  P2IN                          
00000029  P2OUT                         
0000002a  P2DIR                         
0000002b  P2IFG                         
0000002c  P2IES                         
0000002d  P2IE                          
0000002e  P2SEL                         
00000030  P5IN                          
00000031  P5OUT                         
00000032  P5DIR                         
00000033  P5SEL                         
00000034  P6IN                          
00000035  P6OUT                         
00000036  P6DIR                         
00000037  P6SEL                         
00000050  __STACK_SIZE                  
00000056  DCOCTL                        
00000057  BCSCTL1                       
00000058  BCSCTL2                       
00000059  CACTL1                        
0000005a  CACTL2                        
0000005b  CAPD                          
00000070  U0CTL                         
00000071  U0TCTL                        
00000072  U0RCTL                        
00000073  U0MCTL                        
00000074  U0BR0                         
00000075  U0BR1                         
00000076  U0RXBUF                       
00000077  U0TXBUF                       
00000078  U1CTL                         
00000079  U1TCTL                        
0000007a  U1RCTL                        
0000007b  U1MCTL                        
0000007c  U1BR0                         
0000007d  U1BR1                         
0000007e  U1RXBUF                       
0000007f  U1TXBUF                       
00000080  ADC12MCTL0                    
00000081  ADC12MCTL1                    
00000082  ADC12MCTL2                    
00000083  ADC12MCTL3                    
00000084  ADC12MCTL4                    
00000085  ADC12MCTL5                    
00000086  ADC12MCTL6                    
00000087  ADC12MCTL7                    
00000088  ADC12MCTL8                    
00000089  ADC12MCTL9                    
0000008a  ADC12MCTL10                   
0000008b  ADC12MCTL11                   
0000008c  ADC12MCTL12                   
0000008d  ADC12MCTL13                   
0000008e  ADC12MCTL14                   
0000008f  ADC12MCTL15                   
0000011e  TBIV                          
00000120  WDTCTL                        
00000128  FCTL1                         
0000012a  FCTL2                         
0000012c  FCTL3                         
0000012e  TAIV                          
00000130  MPY                           
00000132  MPYS                          
00000134  MAC                           
00000136  MACS                          
00000138  OP2                           
0000013a  RESLO                         
0000013c  RESHI                         
0000013e  SUMEXT                        
00000140  ADC12MEM0                     
00000142  ADC12MEM1                     
00000144  ADC12MEM2                     
00000146  ADC12MEM3                     
00000148  ADC12MEM4                     
0000014a  ADC12MEM5                     
0000014c  ADC12MEM6                     
0000014e  ADC12MEM7                     
00000150  ADC12MEM8                     
00000152  ADC12MEM9                     
00000154  ADC12MEM10                    
00000156  ADC12MEM11                    
00000158  ADC12MEM12                    
0000015a  ADC12MEM13                    
0000015c  ADC12MEM14                    
0000015e  ADC12MEM15                    
00000160  TACTL                         
00000162  TACCTL0                       
00000164  TACCTL1                       
00000166  TACCTL2                       
00000170  TAR                           
00000172  TACCR0                        
00000174  TACCR1                        
00000176  TACCR2                        
00000180  TBCTL                         
00000182  TBCCTL0                       
00000184  TBCCTL1                       
00000186  TBCCTL2                       
00000188  TBCCTL3                       
0000018a  TBCCTL4                       
0000018c  TBCCTL5                       
0000018e  TBCCTL6                       
00000190  TBR                           
00000192  TBCCR0                        
00000194  TBCCR1                        
00000196  TBCCR2                        
00000198  TBCCR3                        
0000019a  TBCCR4                        
0000019c  TBCCR5                        
0000019e  TBCCR6                        
000001a0  ADC12CTL0                     
000001a2  ADC12CTL1                     
000001a4  ADC12IFG                      
000001a6  ADC12IE                       
000001a8  ADC12IV                       
00000200  cnt_1ms                       
00000202  cnt_5ms                       
00000204  cnt_10ms                      
00000206  cnt_20ms                      
00000208  cnt_50ms                      
0000020a  cnt_100ms                     
0000020c  cnt_200ms                     
0000020e  cnt_500ms                     
00000210  cnt_2sec                      
00000212  cnt_1sec                      
00000214  cnt_5sec                      
00000216  cnt_10sec                     
00000218  cnt_30sec                     
0000021a  f_1ms                         
0000021b  f_5ms                         
0000021c  f_10ms                        
0000021d  f_20ms                        
0000021e  f_50ms                        
0000021f  f_100ms                       
00000220  f_200ms                       
00000221  f_500ms                       
00000222  f_1sec                        
00000223  f_2sec                        
00000224  f_5sec                        
00000225  f_10sec                       
00000226  f_30sec                       
00000228  waiting_tm                    
0000022a  Display_Flag1                 
0000022b  Display_Flag2                 
0000022c  P1_Value                      
0000022e  P2_Value                      
00000230  P3_Value                      
00000232  P4_Value                      
00000234  P5_Value                      
00000236  P6_Value                      
00000238  P7_Value                      
0000023a  P8_Value                      
0000023c  ch_table                      
00000254  DisBuf2                       
00000264  DisBuf1                       
00000270  Addr_Buf                      
00000274  P1_Buf                        
00000278  P2_Buf                        
0000027c  P3_Buf                        
00000280  P4_Buf                        
00000284  P5_Buf                        
00000288  P6_Buf                        
0000028c  P7_Buf                        
00000290  P8_Buf                        
00000294  uint16_temp                   
00000296  Addr_485                      
000009b0  _stack                        
00000a00  __STACK_END                   
00001100  Pressure_To_Digit2            
00001484  Pressure_To_Digit1            
00001766  Timer_B                       
0000181c  main                          
000018ae  __TI_decompress_lzss          
0000192a  UART_Init                     
0000199c  __mspabi_srli                 
000019aa  __mspabi_srli_15              
000019ae  __mspabi_srli_14              
000019b2  __mspabi_srli_13              
000019b6  __mspabi_srli_12              
000019ba  __mspabi_srli_11              
000019be  __mspabi_srli_10              
000019c2  __mspabi_srli_9               
000019c6  __mspabi_srli_8               
000019ca  __mspabi_srli_7               
000019ce  __mspabi_srli_6               
000019d2  __mspabi_srli_5               
000019d6  __mspabi_srli_4               
000019da  __mspabi_srli_3               
000019de  __mspabi_srli_2               
000019e2  __mspabi_srli_1               
000019e8  __TI_auto_init_nobinit_nopinit
00001a2a  Update_Display1               
00001a60  Update_Display2               
00001a96  Dis_SendData1                 
00001aca  Dis_SendData2                 
00001afe  IOPort_init                   
00001b30  Init_Display1                 
00001b62  Init_Display2                 
00001b94  __mspabi_slli                 
00001ba0  __mspabi_slli_15              
00001ba2  __mspabi_slli_14              
00001ba4  __mspabi_slli_13              
00001ba6  __mspabi_slli_12              
00001ba8  __mspabi_slli_11              
00001baa  __mspabi_slli_10              
00001bac  __mspabi_slli_9               
00001bae  __mspabi_slli_8               
00001bb0  __mspabi_slli_7               
00001bb2  __mspabi_slli_6               
00001bb4  __mspabi_slli_5               
00001bb6  __mspabi_slli_4               
00001bb8  __mspabi_slli_3               
00001bba  __mspabi_slli_2               
00001bbc  __mspabi_slli_1               
00001bc0  clock_init                    
00001be6  Dis_start1                    
00001c04  Dis_start2                    
00001c22  _c_int00_noargs               
00001c3e  __mspabi_divu                 
00001c3e  __mspabi_remu                 
00001c54  Timer_B7_init                 
00001c68  __TI_zero_init_nomemset       
00001c7c  Dis_stop1                     
00001c8e  Dis_stop2                     
00001ca0  __TI_decompress_none          
00001cb2  memcpy                        
00001cc4  __mspabi_func_epilog_7        
00001cc6  __mspabi_func_epilog_6        
00001cc8  __mspabi_func_epilog_5        
00001cca  __mspabi_func_epilog_4        
00001ccc  __mspabi_func_epilog_3        
00001cce  __mspabi_func_epilog_2        
00001cd0  __mspabi_func_epilog_1        
00001cd4  Addr_Get                      
00001ce2  __TI_ISR_TRAP                 
00001cea  C$$EXIT                       
00001cea  abort                         
00001cf0  _system_pre_init              
00001cf4  _system_post_cinit            
00001d1c  __TI_Handler_Table_Base       
00001d22  __TI_Handler_Table_Limit      
00001d26  __TI_CINIT_Base               
00001d2e  __TI_CINIT_Limit              
0000ffe2  __TI_int01                    
0000ffe4  __TI_int02                    
0000ffe6  __TI_int03                    
0000ffe8  __TI_int04                    
0000ffea  __TI_int05                    
0000ffec  __TI_int06                    
0000ffee  __TI_int07                    
0000fff0  __TI_int08                    
0000fff2  __TI_int09                    
0000fff4  __TI_int10                    
0000fff6  __TI_int11                    
0000fff8  __TI_int12                    
0000fffa  __TI_int13                    
0000fffc  __TI_int14                    
0000fffe  _reset_vector                 
ffffffff  __TI_pprof_out_hndl           
ffffffff  __TI_prof_data_size           
ffffffff  __TI_prof_data_start          
ffffffff  __c_args__                    

[281 symbols]
