<?xml version="1.0" encoding="ISO-8859-1" ?>
<link_info>
   <banner>MSP430 Linker PC v20.2.5.LTS</banner>
   <copyright>Copyright (c) 2003-2018 Texas Instruments Incorporated</copyright>
   <link_time>0x64a57407</link_time>
   <link_errors>0x0</link_errors>
   <output_file>AM-TestJig-v1.7.out</output_file>
   <entry_point>
      <name>_c_int00_noargs</name>
      <address>0x3e16</address>
   </entry_point>
   <input_file_list>
      <input_file id="fl-2">
         <path>.\</path>
         <kind>object</kind>
         <file>AM-TestJig-v1.7.obj</file>
         <name>AM-TestJig-v1.7.obj</name>
      </input_file>
      <input_file id="fl-7">
         <kind>object</kind>
         <file>&lt;internal&gt;</file>
         <name>&lt;internal&gt;</name>
      </input_file>
      <input_file id="fl-1d">
         <path>C:\ti\ccs1020\ccs\tools\compiler\ti-cgt-msp430_20.2.5.LTS\lib\</path>
         <kind>archive</kind>
         <file>rts430_eabi.lib</file>
         <name>div16u.asm.obj</name>
      </input_file>
      <input_file id="fl-1e">
         <path>C:\ti\ccs1020\ccs\tools\compiler\ti-cgt-msp430_20.2.5.LTS\lib\</path>
         <kind>archive</kind>
         <file>rts430_eabi.lib</file>
         <name>epilog.asm.obj</name>
      </input_file>
      <input_file id="fl-1f">
         <path>C:\ti\ccs1020\ccs\tools\compiler\ti-cgt-msp430_20.2.5.LTS\lib\</path>
         <kind>archive</kind>
         <file>rts430_eabi.lib</file>
         <name>fs_add.asm.obj</name>
      </input_file>
      <input_file id="fl-20">
         <path>C:\ti\ccs1020\ccs\tools\compiler\ti-cgt-msp430_20.2.5.LTS\lib\</path>
         <kind>archive</kind>
         <file>rts430_eabi.lib</file>
         <name>fs_cmp.asm.obj</name>
      </input_file>
      <input_file id="fl-21">
         <path>C:\ti\ccs1020\ccs\tools\compiler\ti-cgt-msp430_20.2.5.LTS\lib\</path>
         <kind>archive</kind>
         <file>rts430_eabi.lib</file>
         <name>fs_mpy.asm.obj</name>
      </input_file>
      <input_file id="fl-22">
         <path>C:\ti\ccs1020\ccs\tools\compiler\ti-cgt-msp430_20.2.5.LTS\lib\</path>
         <kind>archive</kind>
         <file>rts430_eabi.lib</file>
         <name>fs_tou.asm.obj</name>
      </input_file>
      <input_file id="fl-23">
         <path>C:\ti\ccs1020\ccs\tools\compiler\ti-cgt-msp430_20.2.5.LTS\lib\</path>
         <kind>archive</kind>
         <file>rts430_eabi.lib</file>
         <name>fs_ultof.asm.obj</name>
      </input_file>
      <input_file id="fl-24">
         <path>C:\ti\ccs1020\ccs\tools\compiler\ti-cgt-msp430_20.2.5.LTS\lib\</path>
         <kind>archive</kind>
         <file>rts430_eabi.lib</file>
         <name>fs_utof.asm.obj</name>
      </input_file>
      <input_file id="fl-25">
         <path>C:\ti\ccs1020\ccs\tools\compiler\ti-cgt-msp430_20.2.5.LTS\lib\</path>
         <kind>archive</kind>
         <file>rts430_eabi.lib</file>
         <name>int01.asm.obj</name>
      </input_file>
      <input_file id="fl-26">
         <path>C:\ti\ccs1020\ccs\tools\compiler\ti-cgt-msp430_20.2.5.LTS\lib\</path>
         <kind>archive</kind>
         <file>rts430_eabi.lib</file>
         <name>int02.asm.obj</name>
      </input_file>
      <input_file id="fl-27">
         <path>C:\ti\ccs1020\ccs\tools\compiler\ti-cgt-msp430_20.2.5.LTS\lib\</path>
         <kind>archive</kind>
         <file>rts430_eabi.lib</file>
         <name>int04.asm.obj</name>
      </input_file>
      <input_file id="fl-28">
         <path>C:\ti\ccs1020\ccs\tools\compiler\ti-cgt-msp430_20.2.5.LTS\lib\</path>
         <kind>archive</kind>
         <file>rts430_eabi.lib</file>
         <name>int05.asm.obj</name>
      </input_file>
      <input_file id="fl-29">
         <path>C:\ti\ccs1020\ccs\tools\compiler\ti-cgt-msp430_20.2.5.LTS\lib\</path>
         <kind>archive</kind>
         <file>rts430_eabi.lib</file>
         <name>int06.asm.obj</name>
      </input_file>
      <input_file id="fl-2a">
         <path>C:\ti\ccs1020\ccs\tools\compiler\ti-cgt-msp430_20.2.5.LTS\lib\</path>
         <kind>archive</kind>
         <file>rts430_eabi.lib</file>
         <name>int07.asm.obj</name>
      </input_file>
      <input_file id="fl-2b">
         <path>C:\ti\ccs1020\ccs\tools\compiler\ti-cgt-msp430_20.2.5.LTS\lib\</path>
         <kind>archive</kind>
         <file>rts430_eabi.lib</file>
         <name>int08.asm.obj</name>
      </input_file>
      <input_file id="fl-2c">
         <path>C:\ti\ccs1020\ccs\tools\compiler\ti-cgt-msp430_20.2.5.LTS\lib\</path>
         <kind>archive</kind>
         <file>rts430_eabi.lib</file>
         <name>int10.asm.obj</name>
      </input_file>
      <input_file id="fl-2d">
         <path>C:\ti\ccs1020\ccs\tools\compiler\ti-cgt-msp430_20.2.5.LTS\lib\</path>
         <kind>archive</kind>
         <file>rts430_eabi.lib</file>
         <name>int11.asm.obj</name>
      </input_file>
      <input_file id="fl-2e">
         <path>C:\ti\ccs1020\ccs\tools\compiler\ti-cgt-msp430_20.2.5.LTS\lib\</path>
         <kind>archive</kind>
         <file>rts430_eabi.lib</file>
         <name>int12.asm.obj</name>
      </input_file>
      <input_file id="fl-2f">
         <path>C:\ti\ccs1020\ccs\tools\compiler\ti-cgt-msp430_20.2.5.LTS\lib\</path>
         <kind>archive</kind>
         <file>rts430_eabi.lib</file>
         <name>int14.asm.obj</name>
      </input_file>
      <input_file id="fl-30">
         <path>C:\ti\ccs1020\ccs\tools\compiler\ti-cgt-msp430_20.2.5.LTS\lib\</path>
         <kind>archive</kind>
         <file>rts430_eabi.lib</file>
         <name>isr_trap.asm.obj</name>
      </input_file>
      <input_file id="fl-31">
         <path>C:\ti\ccs1020\ccs\tools\compiler\ti-cgt-msp430_20.2.5.LTS\lib\</path>
         <kind>archive</kind>
         <file>rts430_eabi.lib</file>
         <name>lsr16.asm.obj</name>
      </input_file>
      <input_file id="fl-32">
         <path>C:\ti\ccs1020\ccs\tools\compiler\ti-cgt-msp430_20.2.5.LTS\lib\</path>
         <kind>archive</kind>
         <file>rts430_eabi.lib</file>
         <name>mult16_hw.asm.obj</name>
      </input_file>
      <input_file id="fl-33">
         <path>C:\ti\ccs1020\ccs\tools\compiler\ti-cgt-msp430_20.2.5.LTS\lib\</path>
         <kind>archive</kind>
         <file>rts430_eabi.lib</file>
         <name>mult1632_hw.asm.obj</name>
      </input_file>
      <input_file id="fl-34">
         <path>C:\ti\ccs1020\ccs\tools\compiler\ti-cgt-msp430_20.2.5.LTS\lib\</path>
         <kind>archive</kind>
         <file>rts430_eabi.lib</file>
         <name>mult32_hw.asm.obj</name>
      </input_file>
      <input_file id="fl-35">
         <path>C:\ti\ccs1020\ccs\tools\compiler\ti-cgt-msp430_20.2.5.LTS\lib\</path>
         <kind>archive</kind>
         <file>rts430_eabi.lib</file>
         <name>mult3264_hw.asm.obj</name>
      </input_file>
      <input_file id="fl-36">
         <path>C:\ti\ccs1020\ccs\tools\compiler\ti-cgt-msp430_20.2.5.LTS\lib\</path>
         <kind>archive</kind>
         <file>rts430_eabi.lib</file>
         <name>mult64_hw.asm.obj</name>
      </input_file>
      <input_file id="fl-37">
         <path>C:\ti\ccs1020\ccs\tools\compiler\ti-cgt-msp430_20.2.5.LTS\lib\</path>
         <kind>archive</kind>
         <file>rts430_eabi.lib</file>
         <name>boot.c.obj</name>
      </input_file>
      <input_file id="fl-38">
         <path>C:\ti\ccs1020\ccs\tools\compiler\ti-cgt-msp430_20.2.5.LTS\lib\</path>
         <kind>archive</kind>
         <file>rts430_eabi.lib</file>
         <name>autoinit.c.obj</name>
      </input_file>
      <input_file id="fl-39">
         <path>C:\ti\ccs1020\ccs\tools\compiler\ti-cgt-msp430_20.2.5.LTS\lib\</path>
         <kind>archive</kind>
         <file>rts430_eabi.lib</file>
         <name>copy_zero_init.c.obj</name>
      </input_file>
      <input_file id="fl-3a">
         <path>C:\ti\ccs1020\ccs\tools\compiler\ti-cgt-msp430_20.2.5.LTS\lib\</path>
         <kind>archive</kind>
         <file>rts430_eabi.lib</file>
         <name>cpy_tbl.c.obj</name>
      </input_file>
      <input_file id="fl-3b">
         <path>C:\ti\ccs1020\ccs\tools\compiler\ti-cgt-msp430_20.2.5.LTS\lib\</path>
         <kind>archive</kind>
         <file>rts430_eabi.lib</file>
         <name>mpu_init.c.obj</name>
      </input_file>
      <input_file id="fl-3c">
         <path>C:\ti\ccs1020\ccs\tools\compiler\ti-cgt-msp430_20.2.5.LTS\lib\</path>
         <kind>archive</kind>
         <file>rts430_eabi.lib</file>
         <name>lsr64.c.obj</name>
      </input_file>
      <input_file id="fl-3d">
         <path>C:\ti\ccs1020\ccs\tools\compiler\ti-cgt-msp430_20.2.5.LTS\lib\</path>
         <kind>archive</kind>
         <file>rts430_eabi.lib</file>
         <name>pre_init.c.obj</name>
      </input_file>
      <input_file id="fl-3e">
         <path>C:\ti\ccs1020\ccs\tools\compiler\ti-cgt-msp430_20.2.5.LTS\lib\</path>
         <kind>archive</kind>
         <file>rts430_eabi.lib</file>
         <name>startup.c.obj</name>
      </input_file>
      <input_file id="fl-3f">
         <path>C:\ti\ccs1020\ccs\tools\compiler\ti-cgt-msp430_20.2.5.LTS\lib\</path>
         <kind>archive</kind>
         <file>rts430_eabi.lib</file>
         <name>copy_decompress_none.c.obj</name>
      </input_file>
      <input_file id="fl-40">
         <path>C:\ti\ccs1020\ccs\tools\compiler\ti-cgt-msp430_20.2.5.LTS\lib\</path>
         <kind>archive</kind>
         <file>rts430_eabi.lib</file>
         <name>copy_decompress_lzss.c.obj</name>
      </input_file>
      <input_file id="fl-41">
         <path>C:\ti\ccs1020\ccs\tools\compiler\ti-cgt-msp430_20.2.5.LTS\lib\</path>
         <kind>archive</kind>
         <file>rts430_eabi.lib</file>
         <name>addd.c.obj</name>
      </input_file>
      <input_file id="fl-42">
         <path>C:\ti\ccs1020\ccs\tools\compiler\ti-cgt-msp430_20.2.5.LTS\lib\</path>
         <kind>archive</kind>
         <file>rts430_eabi.lib</file>
         <name>cvtfd.c.obj</name>
      </input_file>
      <input_file id="fl-43">
         <path>C:\ti\ccs1020\ccs\tools\compiler\ti-cgt-msp430_20.2.5.LTS\lib\</path>
         <kind>archive</kind>
         <file>rts430_eabi.lib</file>
         <name>fixdu.c.obj</name>
      </input_file>
      <input_file id="fl-44">
         <path>C:\ti\ccs1020\ccs\tools\compiler\ti-cgt-msp430_20.2.5.LTS\lib\</path>
         <kind>archive</kind>
         <file>rts430_eabi.lib</file>
         <name>fixdul.c.obj</name>
      </input_file>
      <input_file id="fl-45">
         <path>C:\ti\ccs1020\ccs\tools\compiler\ti-cgt-msp430_20.2.5.LTS\lib\</path>
         <kind>archive</kind>
         <file>rts430_eabi.lib</file>
         <name>mpyd.c.obj</name>
      </input_file>
      <input_file id="fl-46">
         <path>C:\ti\ccs1020\ccs\tools\compiler\ti-cgt-msp430_20.2.5.LTS\lib\</path>
         <kind>archive</kind>
         <file>rts430_eabi.lib</file>
         <name>cvtdf.c.obj</name>
      </input_file>
      <input_file id="fl-47">
         <path>C:\ti\ccs1020\ccs\tools\compiler\ti-cgt-msp430_20.2.5.LTS\lib\</path>
         <kind>archive</kind>
         <file>rts430_eabi.lib</file>
         <name>exit.c.obj</name>
      </input_file>
      <input_file id="fl-48">
         <path>C:\ti\ccs1020\ccs\tools\compiler\ti-cgt-msp430_20.2.5.LTS\lib\</path>
         <kind>archive</kind>
         <file>rts430_eabi.lib</file>
         <name>_lock.c.obj</name>
      </input_file>
      <input_file id="fl-49">
         <path>C:\ti\ccs1020\ccs\tools\compiler\ti-cgt-msp430_20.2.5.LTS\lib\</path>
         <kind>archive</kind>
         <file>rts430_eabi.lib</file>
         <name>args_main.c.obj</name>
      </input_file>
      <input_file id="fl-4a">
         <path>C:\ti\ccs1020\ccs\tools\compiler\ti-cgt-msp430_20.2.5.LTS\lib\</path>
         <kind>archive</kind>
         <file>rts430_eabi.lib</file>
         <name>memcpy.c.obj</name>
      </input_file>
      <input_file id="fl-4b">
         <path>C:\ti\ccs1020\ccs\tools\compiler\ti-cgt-msp430_20.2.5.LTS\lib\</path>
         <kind>archive</kind>
         <file>rts430_eabi.lib</file>
         <name>asr16.asm.obj</name>
      </input_file>
      <input_file id="fl-4c">
         <path>C:\ti\ccs1020\ccs\tools\compiler\ti-cgt-msp430_20.2.5.LTS\lib\</path>
         <kind>archive</kind>
         <file>rts430_eabi.lib</file>
         <name>asr32.asm.obj</name>
      </input_file>
      <input_file id="fl-4d">
         <path>C:\ti\ccs1020\ccs\tools\compiler\ti-cgt-msp430_20.2.5.LTS\lib\</path>
         <kind>archive</kind>
         <file>rts430_eabi.lib</file>
         <name>lsl16.asm.obj</name>
      </input_file>
      <input_file id="fl-4e">
         <path>C:\ti\ccs1020\ccs\tools\compiler\ti-cgt-msp430_20.2.5.LTS\lib\</path>
         <kind>archive</kind>
         <file>rts430_eabi.lib</file>
         <name>lsl32.asm.obj</name>
      </input_file>
      <input_file id="fl-4f">
         <path>C:\ti\ccs1020\ccs\tools\compiler\ti-cgt-msp430_20.2.5.LTS\lib\</path>
         <kind>archive</kind>
         <file>rts430_eabi.lib</file>
         <name>lsr32.asm.obj</name>
      </input_file>
      <input_file id="fl-50">
         <path>C:\ti\ccs1020\ccs\tools\compiler\ti-cgt-msp430_20.2.5.LTS\lib\</path>
         <kind>archive</kind>
         <file>rts430_eabi.lib</file>
         <name>mult16.asm.obj</name>
      </input_file>
      <input_file id="fl-51">
         <path>C:\ti\ccs1020\ccs\tools\compiler\ti-cgt-msp430_20.2.5.LTS\lib\</path>
         <kind>archive</kind>
         <file>rts430_eabi.lib</file>
         <name>exit_gvars.c.obj</name>
      </input_file>
      <input_file id="fl-52">
         <path>C:\ti\ccs1020\ccs\tools\compiler\ti-cgt-msp430_20.2.5.LTS\lib\</path>
         <kind>archive</kind>
         <file>rts430_eabi.lib</file>
         <name>asr64.c.obj</name>
      </input_file>
      <input_file id="fl-53">
         <path>C:\ti\ccs1020\ccs\tools\compiler\ti-cgt-msp430_20.2.5.LTS\lib\</path>
         <kind>archive</kind>
         <file>rts430_eabi.lib</file>
         <name>lsl64.c.obj</name>
      </input_file>
      <input_file id="fl-54">
         <path>C:\ti\ccs1020\ccs\tools\compiler\ti-cgt-msp430_20.2.5.LTS\lib\</path>
         <kind>archive</kind>
         <file>rts430_eabi.lib</file>
         <name>frcmpyd.c.obj</name>
      </input_file>
      <input_file id="fl-55">
         <path>C:\ti\ccs1020\ccs\tools\compiler\ti-cgt-msp430_20.2.5.LTS\lib\</path>
         <kind>archive</kind>
         <file>rts430_eabi.lib</file>
         <name>mult3264.asm.obj</name>
      </input_file>
      <input_file id="fl-56">
         <path>C:\ti\ccs1020\ccs\tools\compiler\ti-cgt-msp430_20.2.5.LTS\lib\</path>
         <kind>archive</kind>
         <file>rts430_eabi.lib</file>
         <name>mult64.asm.obj</name>
      </input_file>
      <input_file id="fl-57">
         <path>C:\ti\ccs1020\ccs\tools\compiler\ti-cgt-msp430_20.2.5.LTS\lib\</path>
         <kind>archive</kind>
         <file>rts430_eabi.lib</file>
         <name>mult1632.asm.obj</name>
      </input_file>
      <input_file id="fl-58">
         <path>C:\ti\ccs1020\ccs\tools\compiler\ti-cgt-msp430_20.2.5.LTS\lib\</path>
         <kind>archive</kind>
         <file>rts430_eabi.lib</file>
         <name>mult32.asm.obj</name>
      </input_file>
   </input_file_list>
   <object_component_list>
      <object_component id="oc-1f2">
         <name>.common:Addr_485</name>
         <uninitialized>true</uninitialized>
         <run_address>0x396</run_address>
         <size>0x1</size>
      </object_component>
      <object_component id="oc-2da">
         <name>.common:DisBuf1</name>
         <uninitialized>true</uninitialized>
         <run_address>0x35a</run_address>
         <size>0xc</size>
      </object_component>
      <object_component id="oc-2e5">
         <name>.common:DisBuf2</name>
         <uninitialized>true</uninitialized>
         <run_address>0x34a</run_address>
         <size>0x10</size>
      </object_component>
      <object_component id="oc-2d0">
         <name>.common:uint16_temp</name>
         <uninitialized>true</uninitialized>
         <run_address>0x394</run_address>
         <size>0x2</size>
      </object_component>
      <object_component id="oc-2d6">
         <name>.common:P1_Buf</name>
         <uninitialized>true</uninitialized>
         <run_address>0x36a</run_address>
         <size>0x4</size>
      </object_component>
      <object_component id="oc-2db">
         <name>.common:P2_Buf</name>
         <uninitialized>true</uninitialized>
         <run_address>0x36e</run_address>
         <size>0x4</size>
      </object_component>
      <object_component id="oc-2dc">
         <name>.common:P3_Buf</name>
         <uninitialized>true</uninitialized>
         <run_address>0x372</run_address>
         <size>0x4</size>
      </object_component>
      <object_component id="oc-2dd">
         <name>.common:P4_Buf</name>
         <uninitialized>true</uninitialized>
         <run_address>0x376</run_address>
         <size>0x4</size>
      </object_component>
      <object_component id="oc-2e4">
         <name>.common:P5_Buf</name>
         <uninitialized>true</uninitialized>
         <run_address>0x37a</run_address>
         <size>0x4</size>
      </object_component>
      <object_component id="oc-2e6">
         <name>.common:P6_Buf</name>
         <uninitialized>true</uninitialized>
         <run_address>0x37e</run_address>
         <size>0x4</size>
      </object_component>
      <object_component id="oc-2e7">
         <name>.common:P7_Buf</name>
         <uninitialized>true</uninitialized>
         <run_address>0x382</run_address>
         <size>0x4</size>
      </object_component>
      <object_component id="oc-2e8">
         <name>.common:P8_Buf</name>
         <uninitialized>true</uninitialized>
         <run_address>0x386</run_address>
         <size>0x4</size>
      </object_component>
      <object_component id="oc-2e9">
         <name>.common:Addr_Buf</name>
         <uninitialized>true</uninitialized>
         <run_address>0x366</run_address>
         <size>0x4</size>
      </object_component>
      <object_component id="oc-31e">
         <name>.common:Pressure_KPA</name>
         <uninitialized>true</uninitialized>
         <run_address>0x38a</run_address>
         <size>0x4</size>
      </object_component>
      <object_component id="oc-32e">
         <name>.common:float_temp1</name>
         <uninitialized>true</uninitialized>
         <run_address>0x38e</run_address>
         <size>0x4</size>
      </object_component>
      <object_component id="oc-2f8">
         <name>.common:Init_in_stat</name>
         <uninitialized>true</uninitialized>
         <run_address>0x397</run_address>
         <size>0x1</size>
      </object_component>
      <object_component id="oc-2f9">
         <name>.common:Init_input_stat</name>
         <uninitialized>true</uninitialized>
         <run_address>0x398</run_address>
         <size>0x1</size>
      </object_component>
      <object_component id="oc-2fa">
         <name>.common:Init_old_input_stat</name>
         <uninitialized>true</uninitialized>
         <run_address>0x399</run_address>
         <size>0x1</size>
      </object_component>
      <object_component id="oc-2c7">
         <name>.common:bf_data</name>
         <uninitialized>true</uninitialized>
         <run_address>0x338</run_address>
         <size>0x12</size>
      </object_component>
      <object_component id="oc-2c6">
         <name>.common:free_byte0</name>
         <uninitialized>true</uninitialized>
         <run_address>0x39b</run_address>
         <size>0x1</size>
      </object_component>
      <object_component id="oc-16c">
         <name>.common:rcv_data</name>
         <uninitialized>true</uninitialized>
         <run_address>0x39d</run_address>
         <size>0x1</size>
      </object_component>
      <object_component id="oc-175">
         <name>.common:p_rcv_buf</name>
         <uninitialized>true</uninitialized>
         <run_address>0x392</run_address>
         <size>0x2</size>
      </object_component>
      <object_component id="oc-176">
         <name>.common:compare_cnt</name>
         <uninitialized>true</uninitialized>
         <run_address>0x39a</run_address>
         <size>0x1</size>
      </object_component>
      <object_component id="oc-2f0">
         <name>.common:rcv_command</name>
         <uninitialized>true</uninitialized>
         <run_address>0x39c</run_address>
         <size>0x1</size>
      </object_component>
      <object_component id="oc-16f">
         <name>.data</name>
         <load_address>0x200</load_address>
         <run_address>0x200</run_address>
         <size>0x6b</size>
         <input_file_ref idref="fl-2"/>
      </object_component>
      <object_component id="oc-2d7">
         <name>.data:ch_table</name>
         <load_address>0x320</load_address>
         <run_address>0x320</run_address>
         <size>0x18</size>
         <input_file_ref idref="fl-2"/>
      </object_component>
      <object_component id="oc-172">
         <name>.data:rcv_buf</name>
         <load_address>0x2d0</load_address>
         <run_address>0x2d0</run_address>
         <size>0x50</size>
         <input_file_ref idref="fl-2"/>
      </object_component>
      <object_component id="oc-37a">
         <name>.data:trs_buf0</name>
         <load_address>0x26c</load_address>
         <run_address>0x26c</run_address>
         <size>0x64</size>
         <input_file_ref idref="fl-2"/>
      </object_component>
      <object_component id="oc-d3">
         <name>.stack</name>
         <uninitialized>true</uninitialized>
         <run_address>0x9b0</run_address>
         <size>0x2</size>
         <input_file_ref idref="fl-37"/>
      </object_component>
      <object_component id="oc-470">
         <name>.stack</name>
         <uninitialized>true</uninitialized>
         <run_address>0x9b0</run_address>
         <size>0x0</size>
      </object_component>
      <object_component id="oc-312">
         <name>.text:__mspabi_addd</name>
         <load_address>0x1100</load_address>
         <run_address>0x1100</run_address>
         <size>0x736</size>
         <input_file_ref idref="fl-41"/>
      </object_component>
      <object_component id="oc-217">
         <name>.text:Pressure_To_Digit2</name>
         <load_address>0x1836</load_address>
         <run_address>0x1836</run_address>
         <size>0x384</size>
         <input_file_ref idref="fl-2"/>
      </object_component>
      <object_component id="oc-1f3">
         <name>.text:Pressure_To_Digit1</name>
         <load_address>0x1bba</load_address>
         <run_address>0x1bba</run_address>
         <size>0x2e2</size>
         <input_file_ref idref="fl-2"/>
      </object_component>
      <object_component id="oc-307">
         <name>.text:__mspabi_mpyd</name>
         <load_address>0x1e9c</load_address>
         <run_address>0x1e9c</run_address>
         <size>0x2c0</size>
         <input_file_ref idref="fl-45"/>
      </object_component>
      <object_component id="oc-271">
         <name>.text:ReadCount8</name>
         <load_address>0x215c</load_address>
         <run_address>0x215c</run_address>
         <size>0x17a</size>
         <input_file_ref idref="fl-2"/>
      </object_component>
      <object_component id="oc-253">
         <name>.text:ReadCount3</name>
         <load_address>0x22d6</load_address>
         <run_address>0x22d6</run_address>
         <size>0x172</size>
         <input_file_ref idref="fl-2"/>
      </object_component>
      <object_component id="oc-259">
         <name>.text:ReadCount4</name>
         <load_address>0x2448</load_address>
         <run_address>0x2448</run_address>
         <size>0x172</size>
         <input_file_ref idref="fl-2"/>
      </object_component>
      <object_component id="oc-26b">
         <name>.text:ReadCount7</name>
         <load_address>0x25ba</load_address>
         <run_address>0x25ba</run_address>
         <size>0x172</size>
         <input_file_ref idref="fl-2"/>
      </object_component>
      <object_component id="oc-396">
         <name>.text:__TI_frcmpyd</name>
         <load_address>0x272c</load_address>
         <run_address>0x272c</run_address>
         <size>0x172</size>
         <input_file_ref idref="fl-54"/>
      </object_component>
      <object_component id="oc-247">
         <name>.text:ReadCount1</name>
         <load_address>0x289e</load_address>
         <run_address>0x289e</run_address>
         <size>0x160</size>
         <input_file_ref idref="fl-2"/>
      </object_component>
      <object_component id="oc-24d">
         <name>.text:ReadCount2</name>
         <load_address>0x29fe</load_address>
         <run_address>0x29fe</run_address>
         <size>0x160</size>
         <input_file_ref idref="fl-2"/>
      </object_component>
      <object_component id="oc-25f">
         <name>.text:ReadCount5</name>
         <load_address>0x2b5e</load_address>
         <run_address>0x2b5e</run_address>
         <size>0x160</size>
         <input_file_ref idref="fl-2"/>
      </object_component>
      <object_component id="oc-265">
         <name>.text:ReadCount6</name>
         <load_address>0x2cbe</load_address>
         <run_address>0x2cbe</run_address>
         <size>0x160</size>
         <input_file_ref idref="fl-2"/>
      </object_component>
      <object_component id="oc-30d">
         <name>.text</name>
         <load_address>0x2e1e</load_address>
         <run_address>0x2e1e</run_address>
         <size>0x132</size>
         <input_file_ref idref="fl-1f"/>
      </object_component>
      <object_component id="oc-187">
         <name>.text:main</name>
         <load_address>0x2f50</load_address>
         <run_address>0x2f50</run_address>
         <size>0x116</size>
         <input_file_ref idref="fl-2"/>
      </object_component>
      <object_component id="oc-2c8">
         <name>.text:flash_write</name>
         <load_address>0x3066</load_address>
         <run_address>0x3066</run_address>
         <size>0xda</size>
         <input_file_ref idref="fl-2"/>
      </object_component>
      <object_component id="oc-10f">
         <name>.text:Timer_B</name>
         <load_address>0x3140</load_address>
         <run_address>0x3140</run_address>
         <size>0xca</size>
         <input_file_ref idref="fl-2"/>
      </object_component>
      <object_component id="oc-31f">
         <name>.text</name>
         <load_address>0x320a</load_address>
         <run_address>0x320a</run_address>
         <size>0xc4</size>
         <input_file_ref idref="fl-21"/>
      </object_component>
      <object_component id="oc-2f1">
         <name>.text:Pressure_Data_Send</name>
         <load_address>0x32ce</load_address>
         <run_address>0x32ce</run_address>
         <size>0xc0</size>
         <input_file_ref idref="fl-2"/>
      </object_component>
      <object_component id="oc-318">
         <name>.text:__mspabi_cvtdf</name>
         <load_address>0x338e</load_address>
         <run_address>0x338e</run_address>
         <size>0xb4</size>
         <input_file_ref idref="fl-46"/>
      </object_component>
      <object_component id="oc-109">
         <name>.text:usart0_rx</name>
         <load_address>0x3442</load_address>
         <run_address>0x3442</run_address>
         <size>0xaa</size>
         <input_file_ref idref="fl-2"/>
      </object_component>
      <object_component id="oc-1e6">
         <name>.text:flashData_init</name>
         <load_address>0x34ec</load_address>
         <run_address>0x34ec</run_address>
         <size>0x9e</size>
         <input_file_ref idref="fl-2"/>
      </object_component>
      <object_component id="oc-2c0">
         <name>.text:flash_read</name>
         <load_address>0x358a</load_address>
         <run_address>0x358a</run_address>
         <size>0x9c</size>
         <input_file_ref idref="fl-2"/>
      </object_component>
      <object_component id="oc-3fe">
         <name>.text:__mpyll</name>
         <load_address>0x3626</load_address>
         <run_address>0x3626</run_address>
         <size>0x96</size>
         <input_file_ref idref="fl-36"/>
      </object_component>
      <object_component id="oc-32">
         <name>.text:decompress:lzss:__TI_decompress_lzss</name>
         <load_address>0x36bc</load_address>
         <run_address>0x36bc</run_address>
         <size>0x7c</size>
         <input_file_ref idref="fl-40"/>
      </object_component>
      <object_component id="oc-3bd">
         <name>.text:__mspabi_fixdul</name>
         <load_address>0x3738</load_address>
         <run_address>0x3738</run_address>
         <size>0x74</size>
         <input_file_ref idref="fl-44"/>
      </object_component>
      <object_component id="oc-1e0">
         <name>.text:UART_Init</name>
         <load_address>0x37ac</load_address>
         <run_address>0x37ac</run_address>
         <size>0x72</size>
         <input_file_ref idref="fl-2"/>
      </object_component>
      <object_component id="oc-301">
         <name>.text:__mspabi_cvtfd</name>
         <load_address>0x381e</load_address>
         <run_address>0x381e</run_address>
         <size>0x70</size>
         <input_file_ref idref="fl-42"/>
      </object_component>
      <object_component id="oc-241">
         <name>.text:Init_Input</name>
         <load_address>0x388e</load_address>
         <run_address>0x388e</run_address>
         <size>0x56</size>
         <input_file_ref idref="fl-2"/>
      </object_component>
      <object_component id="oc-dc">
         <name>.text</name>
         <load_address>0x38e4</load_address>
         <run_address>0x38e4</run_address>
         <size>0x4c</size>
         <input_file_ref idref="fl-31"/>
      </object_component>
      <object_component id="oc-403">
         <name>.text:__mpyull</name>
         <load_address>0x3930</load_address>
         <run_address>0x3930</run_address>
         <size>0x4a</size>
         <input_file_ref idref="fl-35"/>
      </object_component>
      <object_component id="oc-3a4">
         <name>.text:__mspabi_srall</name>
         <load_address>0x397a</load_address>
         <run_address>0x397a</run_address>
         <size>0x4a</size>
         <input_file_ref idref="fl-52"/>
      </object_component>
      <object_component id="oc-32f">
         <name>.text</name>
         <load_address>0x39c4</load_address>
         <run_address>0x39c4</run_address>
         <size>0x4a</size>
         <input_file_ref idref="fl-20"/>
      </object_component>
      <object_component id="oc-408">
         <name>.text:__mspabi_srlll</name>
         <load_address>0x3a0e</load_address>
         <run_address>0x3a0e</run_address>
         <size>0x46</size>
         <input_file_ref idref="fl-3c"/>
      </object_component>
      <object_component id="oc-324">
         <name>.text</name>
         <load_address>0x3a54</load_address>
         <run_address>0x3a54</run_address>
         <size>0x46</size>
         <input_file_ref idref="fl-22"/>
      </object_component>
      <object_component id="oc-3aa">
         <name>.text:__mspabi_sllll</name>
         <load_address>0x3a9a</load_address>
         <run_address>0x3a9a</run_address>
         <size>0x44</size>
         <input_file_ref idref="fl-53"/>
      </object_component>
      <object_component id="oc-284">
         <name>.text:__TI_auto_init_nobinit_nopinit:__TI_auto_init_nobinit_nopinit</name>
         <load_address>0x3ade</load_address>
         <run_address>0x3ade</run_address>
         <size>0x42</size>
         <input_file_ref idref="fl-38"/>
      </object_component>
      <object_component id="oc-38a">
         <name>.text:l_asr_const</name>
         <load_address>0x3b20</load_address>
         <run_address>0x3b20</run_address>
         <size>0x3e</size>
         <input_file_ref idref="fl-4c"/>
      </object_component>
      <object_component id="oc-3b2">
         <name>.text:l_lsl_const</name>
         <load_address>0x3b5e</load_address>
         <run_address>0x3b5e</run_address>
         <size>0x3e</size>
         <input_file_ref idref="fl-4e"/>
      </object_component>
      <object_component id="oc-211">
         <name>.text:Update_Display1</name>
         <load_address>0x3b9c</load_address>
         <run_address>0x3b9c</run_address>
         <size>0x36</size>
         <input_file_ref idref="fl-2"/>
      </object_component>
      <object_component id="oc-235">
         <name>.text:Update_Display2</name>
         <load_address>0x3bd2</load_address>
         <run_address>0x3bd2</run_address>
         <size>0x36</size>
         <input_file_ref idref="fl-2"/>
      </object_component>
      <object_component id="oc-1ff">
         <name>.text:Dis_SendData1</name>
         <load_address>0x3c08</load_address>
         <run_address>0x3c08</run_address>
         <size>0x34</size>
         <input_file_ref idref="fl-2"/>
      </object_component>
      <object_component id="oc-223">
         <name>.text:Dis_SendData2</name>
         <load_address>0x3c3c</load_address>
         <run_address>0x3c3c</run_address>
         <size>0x34</size>
         <input_file_ref idref="fl-2"/>
      </object_component>
      <object_component id="oc-1d4">
         <name>.text:IOPort_init</name>
         <load_address>0x3c70</load_address>
         <run_address>0x3c70</run_address>
         <size>0x32</size>
         <input_file_ref idref="fl-2"/>
      </object_component>
      <object_component id="oc-20b">
         <name>.text:Init_Display1</name>
         <load_address>0x3ca2</load_address>
         <run_address>0x3ca2</run_address>
         <size>0x32</size>
         <input_file_ref idref="fl-2"/>
      </object_component>
      <object_component id="oc-22f">
         <name>.text:Init_Display2</name>
         <load_address>0x3cd4</load_address>
         <run_address>0x3cd4</run_address>
         <size>0x32</size>
         <input_file_ref idref="fl-2"/>
      </object_component>
      <object_component id="oc-2fc">
         <name>.text</name>
         <load_address>0x3d06</load_address>
         <run_address>0x3d06</run_address>
         <size>0x32</size>
         <input_file_ref idref="fl-23"/>
      </object_component>
      <object_component id="oc-385">
         <name>.text</name>
         <load_address>0x3d38</load_address>
         <run_address>0x3d38</run_address>
         <size>0x2c</size>
         <input_file_ref idref="fl-4b"/>
      </object_component>
      <object_component id="oc-d7">
         <name>.text</name>
         <load_address>0x3d64</load_address>
         <run_address>0x3d64</run_address>
         <size>0x2c</size>
         <input_file_ref idref="fl-4d"/>
      </object_component>
      <object_component id="oc-1ce">
         <name>.text:clock_init</name>
         <load_address>0x3d90</load_address>
         <run_address>0x3d90</run_address>
         <size>0x26</size>
         <input_file_ref idref="fl-2"/>
      </object_component>
      <object_component id="oc-329">
         <name>.text</name>
         <load_address>0x3db6</load_address>
         <run_address>0x3db6</run_address>
         <size>0x24</size>
         <input_file_ref idref="fl-24"/>
      </object_component>
      <object_component id="oc-1f9">
         <name>.text:Dis_start1</name>
         <load_address>0x3dda</load_address>
         <run_address>0x3dda</run_address>
         <size>0x1e</size>
         <input_file_ref idref="fl-2"/>
      </object_component>
      <object_component id="oc-21d">
         <name>.text:Dis_start2</name>
         <load_address>0x3df8</load_address>
         <run_address>0x3df8</run_address>
         <size>0x1e</size>
         <input_file_ref idref="fl-2"/>
      </object_component>
      <object_component id="oc-127">
         <name>.text:_c_int00_noargs</name>
         <load_address>0x3e16</load_address>
         <run_address>0x3e16</run_address>
         <size>0x1c</size>
         <input_file_ref idref="fl-37"/>
      </object_component>
      <object_component id="oc-23b">
         <name>.text:rcv_proc</name>
         <load_address>0x3e32</load_address>
         <run_address>0x3e32</run_address>
         <size>0x1a</size>
         <input_file_ref idref="fl-2"/>
      </object_component>
      <object_component id="oc-37d">
         <name>.text:UCA0_strout_length</name>
         <load_address>0x3e4c</load_address>
         <run_address>0x3e4c</run_address>
         <size>0x18</size>
         <input_file_ref idref="fl-2"/>
      </object_component>
      <object_component id="oc-2d1">
         <name>.text</name>
         <load_address>0x3e64</load_address>
         <run_address>0x3e64</run_address>
         <size>0x16</size>
         <input_file_ref idref="fl-1d"/>
      </object_component>
      <object_component id="oc-1da">
         <name>.text:Timer_B7_init</name>
         <load_address>0x3e7a</load_address>
         <run_address>0x3e7a</run_address>
         <size>0x14</size>
         <input_file_ref idref="fl-2"/>
      </object_component>
      <object_component id="oc-115">
         <name>.text:decompress:ZI:__TI_zero_init_nomemset:__TI_zero_init_nomemset</name>
         <load_address>0x3e8e</load_address>
         <run_address>0x3e8e</run_address>
         <size>0x14</size>
         <input_file_ref idref="fl-39"/>
      </object_component>
      <object_component id="oc-205">
         <name>.text:Dis_stop1</name>
         <load_address>0x3ea2</load_address>
         <run_address>0x3ea2</run_address>
         <size>0x12</size>
         <input_file_ref idref="fl-2"/>
      </object_component>
      <object_component id="oc-229">
         <name>.text:Dis_stop2</name>
         <load_address>0x3eb4</load_address>
         <run_address>0x3eb4</run_address>
         <size>0x12</size>
         <input_file_ref idref="fl-2"/>
      </object_component>
      <object_component id="oc-334">
         <name>.text:__mspabi_fixdu</name>
         <load_address>0x3ec6</load_address>
         <run_address>0x3ec6</run_address>
         <size>0x12</size>
         <input_file_ref idref="fl-43"/>
      </object_component>
      <object_component id="oc-38">
         <name>.text:decompress:none:__TI_decompress_none</name>
         <load_address>0x3ed8</load_address>
         <run_address>0x3ed8</run_address>
         <size>0x12</size>
         <input_file_ref idref="fl-3f"/>
      </object_component>
      <object_component id="oc-418">
         <name>.text:l_lsr</name>
         <load_address>0x3eea</load_address>
         <run_address>0x3eea</run_address>
         <size>0x12</size>
         <input_file_ref idref="fl-4f"/>
      </object_component>
      <object_component id="oc-f1">
         <name>.text:memcpy</name>
         <load_address>0x3efc</load_address>
         <run_address>0x3efc</run_address>
         <size>0x12</size>
         <input_file_ref idref="fl-4a"/>
      </object_component>
      <object_component id="oc-103">
         <name>.text:usart1_rx</name>
         <load_address>0x3f0e</load_address>
         <run_address>0x3f0e</run_address>
         <size>0x12</size>
         <input_file_ref idref="fl-2"/>
      </object_component>
      <object_component id="oc-e1">
         <name>.text</name>
         <load_address>0x3f20</load_address>
         <run_address>0x3f20</run_address>
         <size>0x10</size>
         <input_file_ref idref="fl-1e"/>
      </object_component>
      <object_component id="oc-1ec">
         <name>.text:Addr_Get</name>
         <load_address>0x3f30</load_address>
         <run_address>0x3f30</run_address>
         <size>0xe</size>
         <input_file_ref idref="fl-2"/>
      </object_component>
      <object_component id="oc-3f3">
         <name>.text:UCA0_chout</name>
         <load_address>0x3f3e</load_address>
         <run_address>0x3f3e</run_address>
         <size>0xe</size>
         <input_file_ref idref="fl-2"/>
      </object_component>
      <object_component id="oc-fe">
         <name>.text:_isr:__TI_ISR_TRAP</name>
         <load_address>0x3f4c</load_address>
         <run_address>0x3f4c</run_address>
         <size>0x8</size>
         <input_file_ref idref="fl-30"/>
      </object_component>
      <object_component id="oc-278">
         <name>.text:abort</name>
         <load_address>0x3f54</load_address>
         <run_address>0x3f54</run_address>
         <size>0x6</size>
         <input_file_ref idref="fl-47"/>
      </object_component>
      <object_component id="oc-181">
         <name>.text:_system_pre_init</name>
         <load_address>0x3f5a</load_address>
         <run_address>0x3f5a</run_address>
         <size>0x4</size>
         <input_file_ref idref="fl-3d"/>
      </object_component>
      <object_component id="oc-354">
         <name>.text:_system_post_cinit</name>
         <load_address>0x3f5e</load_address>
         <run_address>0x3f5e</run_address>
         <size>0x2</size>
         <input_file_ref idref="fl-3e"/>
      </object_component>
      <object_component id="oc-46f">
         <name>.cinit..data.load</name>
         <load_address>0x3f60</load_address>
         <run_address>0x3f60</run_address>
         <size>0x2f</size>
      </object_component>
      <object_component id="oc-46c">
         <name>__TI_handler_table</name>
         <load_address>0x3f90</load_address>
         <run_address>0x3f90</run_address>
         <size>0x6</size>
      </object_component>
      <object_component id="oc-46e">
         <name>.cinit..bss.load</name>
         <load_address>0x3f96</load_address>
         <run_address>0x3f96</run_address>
         <size>0x4</size>
      </object_component>
      <object_component id="oc-46d">
         <name>__TI_cinit_table</name>
         <load_address>0x3f9a</load_address>
         <run_address>0x3f9a</run_address>
         <size>0x8</size>
      </object_component>
      <object_component id="oc-431">
         <name>.binit</name>
         <load_address>0x1100</load_address>
         <run_address>0x1100</run_address>
         <size>0x0</size>
      </object_component>
      <object_component id="oc-3e">
         <name>.int01</name>
         <load_address>0xffe2</load_address>
         <run_address>0xffe2</run_address>
         <size>0x2</size>
         <input_file_ref idref="fl-25"/>
      </object_component>
      <object_component id="oc-3f">
         <name>.int02</name>
         <load_address>0xffe4</load_address>
         <run_address>0xffe4</run_address>
         <size>0x2</size>
         <input_file_ref idref="fl-26"/>
      </object_component>
      <object_component id="oc-40">
         <name>.int03</name>
         <load_address>0xffe6</load_address>
         <run_address>0xffe6</run_address>
         <size>0x2</size>
         <input_file_ref idref="fl-2"/>
      </object_component>
      <object_component id="oc-41">
         <name>.int04</name>
         <load_address>0xffe8</load_address>
         <run_address>0xffe8</run_address>
         <size>0x2</size>
         <input_file_ref idref="fl-27"/>
      </object_component>
      <object_component id="oc-42">
         <name>.int05</name>
         <load_address>0xffea</load_address>
         <run_address>0xffea</run_address>
         <size>0x2</size>
         <input_file_ref idref="fl-28"/>
      </object_component>
      <object_component id="oc-43">
         <name>.int06</name>
         <load_address>0xffec</load_address>
         <run_address>0xffec</run_address>
         <size>0x2</size>
         <input_file_ref idref="fl-29"/>
      </object_component>
      <object_component id="oc-44">
         <name>.int07</name>
         <load_address>0xffee</load_address>
         <run_address>0xffee</run_address>
         <size>0x2</size>
         <input_file_ref idref="fl-2a"/>
      </object_component>
      <object_component id="oc-45">
         <name>.int08</name>
         <load_address>0xfff0</load_address>
         <run_address>0xfff0</run_address>
         <size>0x2</size>
         <input_file_ref idref="fl-2b"/>
      </object_component>
      <object_component id="oc-46">
         <name>.int09</name>
         <load_address>0xfff2</load_address>
         <run_address>0xfff2</run_address>
         <size>0x2</size>
         <input_file_ref idref="fl-2"/>
      </object_component>
      <object_component id="oc-47">
         <name>.int10</name>
         <load_address>0xfff4</load_address>
         <run_address>0xfff4</run_address>
         <size>0x2</size>
         <input_file_ref idref="fl-2c"/>
      </object_component>
      <object_component id="oc-48">
         <name>.int11</name>
         <load_address>0xfff6</load_address>
         <run_address>0xfff6</run_address>
         <size>0x2</size>
         <input_file_ref idref="fl-2d"/>
      </object_component>
      <object_component id="oc-49">
         <name>.int12</name>
         <load_address>0xfff8</load_address>
         <run_address>0xfff8</run_address>
         <size>0x2</size>
         <input_file_ref idref="fl-2e"/>
      </object_component>
      <object_component id="oc-4a">
         <name>.int13</name>
         <load_address>0xfffa</load_address>
         <run_address>0xfffa</run_address>
         <size>0x2</size>
         <input_file_ref idref="fl-2"/>
      </object_component>
      <object_component id="oc-4b">
         <name>.int14</name>
         <load_address>0xfffc</load_address>
         <run_address>0xfffc</run_address>
         <size>0x2</size>
         <input_file_ref idref="fl-2f"/>
      </object_component>
      <object_component id="oc-d6">
         <name>.reset</name>
         <load_address>0xfffe</load_address>
         <run_address>0xfffe</run_address>
         <size>0x2</size>
         <input_file_ref idref="fl-37"/>
      </object_component>
      <object_component id="oc-16d">
         <name>.debug_info</name>
         <load_address>0x0</load_address>
         <run_address>0x0</run_address>
         <size>0xb0a</size>
         <input_file_ref idref="fl-2"/>
      </object_component>
      <object_component id="oc-170">
         <name>.debug_info</name>
         <load_address>0xb0a</load_address>
         <run_address>0xb0a</run_address>
         <size>0xa07</size>
         <input_file_ref idref="fl-2"/>
      </object_component>
      <object_component id="oc-2d8">
         <name>.debug_info</name>
         <load_address>0x1511</load_address>
         <run_address>0x1511</run_address>
         <size>0xdb</size>
         <input_file_ref idref="fl-2"/>
      </object_component>
      <object_component id="oc-173">
         <name>.debug_info</name>
         <load_address>0x15ec</load_address>
         <run_address>0x15ec</run_address>
         <size>0xd9</size>
         <input_file_ref idref="fl-2"/>
      </object_component>
      <object_component id="oc-37b">
         <name>.debug_info</name>
         <load_address>0x16c5</load_address>
         <run_address>0x16c5</run_address>
         <size>0xdb</size>
         <input_file_ref idref="fl-2"/>
      </object_component>
      <object_component id="oc-104">
         <name>.debug_info</name>
         <load_address>0x17a0</load_address>
         <run_address>0x17a0</run_address>
         <size>0x121</size>
         <input_file_ref idref="fl-2"/>
      </object_component>
      <object_component id="oc-10a">
         <name>.debug_info</name>
         <load_address>0x18c1</load_address>
         <run_address>0x18c1</run_address>
         <size>0x121</size>
         <input_file_ref idref="fl-2"/>
      </object_component>
      <object_component id="oc-3f4">
         <name>.debug_info</name>
         <load_address>0x19e2</load_address>
         <run_address>0x19e2</run_address>
         <size>0x148</size>
         <input_file_ref idref="fl-2"/>
      </object_component>
      <object_component id="oc-37e">
         <name>.debug_info</name>
         <load_address>0x1b2a</load_address>
         <run_address>0x1b2a</run_address>
         <size>0x1a2</size>
         <input_file_ref idref="fl-2"/>
      </object_component>
      <object_component id="oc-2f2">
         <name>.debug_info</name>
         <load_address>0x1ccc</load_address>
         <run_address>0x1ccc</run_address>
         <size>0x156</size>
         <input_file_ref idref="fl-2"/>
      </object_component>
      <object_component id="oc-23c">
         <name>.debug_info</name>
         <load_address>0x1e22</load_address>
         <run_address>0x1e22</run_address>
         <size>0x137</size>
         <input_file_ref idref="fl-2"/>
      </object_component>
      <object_component id="oc-1cf">
         <name>.debug_info</name>
         <load_address>0x1f59</load_address>
         <run_address>0x1f59</run_address>
         <size>0x12c</size>
         <input_file_ref idref="fl-2"/>
      </object_component>
      <object_component id="oc-1d5">
         <name>.debug_info</name>
         <load_address>0x2085</load_address>
         <run_address>0x2085</run_address>
         <size>0x121</size>
         <input_file_ref idref="fl-2"/>
      </object_component>
      <object_component id="oc-1db">
         <name>.debug_info</name>
         <load_address>0x21a6</load_address>
         <run_address>0x21a6</run_address>
         <size>0x125</size>
         <input_file_ref idref="fl-2"/>
      </object_component>
      <object_component id="oc-1e1">
         <name>.debug_info</name>
         <load_address>0x22cb</load_address>
         <run_address>0x22cb</run_address>
         <size>0x11e</size>
         <input_file_ref idref="fl-2"/>
      </object_component>
      <object_component id="oc-2c1">
         <name>.debug_info</name>
         <load_address>0x23e9</load_address>
         <run_address>0x23e9</run_address>
         <size>0x14a</size>
         <input_file_ref idref="fl-2"/>
      </object_component>
      <object_component id="oc-2c9">
         <name>.debug_info</name>
         <load_address>0x2533</load_address>
         <run_address>0x2533</run_address>
         <size>0x15d</size>
         <input_file_ref idref="fl-2"/>
      </object_component>
      <object_component id="oc-1e7">
         <name>.debug_info</name>
         <load_address>0x2690</load_address>
         <run_address>0x2690</run_address>
         <size>0x16b</size>
         <input_file_ref idref="fl-2"/>
      </object_component>
      <object_component id="oc-1ed">
         <name>.debug_info</name>
         <load_address>0x27fb</load_address>
         <run_address>0x27fb</run_address>
         <size>0x133</size>
         <input_file_ref idref="fl-2"/>
      </object_component>
      <object_component id="oc-1f4">
         <name>.debug_info</name>
         <load_address>0x292e</load_address>
         <run_address>0x292e</run_address>
         <size>0x272</size>
         <input_file_ref idref="fl-2"/>
      </object_component>
      <object_component id="oc-1fa">
         <name>.debug_info</name>
         <load_address>0x2ba0</load_address>
         <run_address>0x2ba0</run_address>
         <size>0x122</size>
         <input_file_ref idref="fl-2"/>
      </object_component>
      <object_component id="oc-200">
         <name>.debug_info</name>
         <load_address>0x2cc2</load_address>
         <run_address>0x2cc2</run_address>
         <size>0x165</size>
         <input_file_ref idref="fl-2"/>
      </object_component>
      <object_component id="oc-206">
         <name>.debug_info</name>
         <load_address>0x2e27</load_address>
         <run_address>0x2e27</run_address>
         <size>0x120</size>
         <input_file_ref idref="fl-2"/>
      </object_component>
      <object_component id="oc-20c">
         <name>.debug_info</name>
         <load_address>0x2f47</load_address>
         <run_address>0x2f47</run_address>
         <size>0x1c7</size>
         <input_file_ref idref="fl-2"/>
      </object_component>
      <object_component id="oc-212">
         <name>.debug_info</name>
         <load_address>0x310e</load_address>
         <run_address>0x310e</run_address>
         <size>0x180</size>
         <input_file_ref idref="fl-2"/>
      </object_component>
      <object_component id="oc-218">
         <name>.debug_info</name>
         <load_address>0x328e</load_address>
         <run_address>0x328e</run_address>
         <size>0x2c2</size>
         <input_file_ref idref="fl-2"/>
      </object_component>
      <object_component id="oc-21e">
         <name>.debug_info</name>
         <load_address>0x3550</load_address>
         <run_address>0x3550</run_address>
         <size>0x122</size>
         <input_file_ref idref="fl-2"/>
      </object_component>
      <object_component id="oc-224">
         <name>.debug_info</name>
         <load_address>0x3672</load_address>
         <run_address>0x3672</run_address>
         <size>0x165</size>
         <input_file_ref idref="fl-2"/>
      </object_component>
      <object_component id="oc-22a">
         <name>.debug_info</name>
         <load_address>0x37d7</load_address>
         <run_address>0x37d7</run_address>
         <size>0x120</size>
         <input_file_ref idref="fl-2"/>
      </object_component>
      <object_component id="oc-230">
         <name>.debug_info</name>
         <load_address>0x38f7</load_address>
         <run_address>0x38f7</run_address>
         <size>0x1c7</size>
         <input_file_ref idref="fl-2"/>
      </object_component>
      <object_component id="oc-236">
         <name>.debug_info</name>
         <load_address>0x3abe</load_address>
         <run_address>0x3abe</run_address>
         <size>0x180</size>
         <input_file_ref idref="fl-2"/>
      </object_component>
      <object_component id="oc-242">
         <name>.debug_info</name>
         <load_address>0x3c3e</load_address>
         <run_address>0x3c3e</run_address>
         <size>0x122</size>
         <input_file_ref idref="fl-2"/>
      </object_component>
      <object_component id="oc-248">
         <name>.debug_info</name>
         <load_address>0x3d60</load_address>
         <run_address>0x3d60</run_address>
         <size>0x2d5</size>
         <input_file_ref idref="fl-2"/>
      </object_component>
      <object_component id="oc-24e">
         <name>.debug_info</name>
         <load_address>0x4035</load_address>
         <run_address>0x4035</run_address>
         <size>0x2d5</size>
         <input_file_ref idref="fl-2"/>
      </object_component>
      <object_component id="oc-254">
         <name>.debug_info</name>
         <load_address>0x430a</load_address>
         <run_address>0x430a</run_address>
         <size>0x2d5</size>
         <input_file_ref idref="fl-2"/>
      </object_component>
      <object_component id="oc-25a">
         <name>.debug_info</name>
         <load_address>0x45df</load_address>
         <run_address>0x45df</run_address>
         <size>0x2d5</size>
         <input_file_ref idref="fl-2"/>
      </object_component>
      <object_component id="oc-260">
         <name>.debug_info</name>
         <load_address>0x48b4</load_address>
         <run_address>0x48b4</run_address>
         <size>0x2d5</size>
         <input_file_ref idref="fl-2"/>
      </object_component>
      <object_component id="oc-266">
         <name>.debug_info</name>
         <load_address>0x4b89</load_address>
         <run_address>0x4b89</run_address>
         <size>0x2d5</size>
         <input_file_ref idref="fl-2"/>
      </object_component>
      <object_component id="oc-26c">
         <name>.debug_info</name>
         <load_address>0x4e5e</load_address>
         <run_address>0x4e5e</run_address>
         <size>0x2d5</size>
         <input_file_ref idref="fl-2"/>
      </object_component>
      <object_component id="oc-272">
         <name>.debug_info</name>
         <load_address>0x5133</load_address>
         <run_address>0x5133</run_address>
         <size>0x2e7</size>
         <input_file_ref idref="fl-2"/>
      </object_component>
      <object_component id="oc-188">
         <name>.debug_info</name>
         <load_address>0x541a</load_address>
         <run_address>0x541a</run_address>
         <size>0x381</size>
         <input_file_ref idref="fl-2"/>
      </object_component>
      <object_component id="oc-110">
         <name>.debug_info</name>
         <load_address>0x579b</load_address>
         <run_address>0x579b</run_address>
         <size>0x11d</size>
         <input_file_ref idref="fl-2"/>
      </object_component>
      <object_component id="oc-1bd">
         <name>.debug_info</name>
         <load_address>0x58b8</load_address>
         <run_address>0x58b8</run_address>
         <size>0x26b</size>
         <input_file_ref idref="fl-2"/>
      </object_component>
      <object_component id="oc-1ac">
         <name>.debug_info</name>
         <load_address>0x5b23</load_address>
         <run_address>0x5b23</run_address>
         <size>0x8b</size>
         <input_file_ref idref="fl-2"/>
      </object_component>
      <object_component id="oc-2b7">
         <name>.debug_info</name>
         <load_address>0x5bae</load_address>
         <run_address>0x5bae</run_address>
         <size>0x282</size>
         <input_file_ref idref="fl-2"/>
      </object_component>
      <object_component id="oc-1b8">
         <name>.debug_info</name>
         <load_address>0x5e30</load_address>
         <run_address>0x5e30</run_address>
         <size>0xbb</size>
         <input_file_ref idref="fl-2"/>
      </object_component>
      <object_component id="oc-1b3">
         <name>.debug_info</name>
         <load_address>0x5eeb</load_address>
         <run_address>0x5eeb</run_address>
         <size>0x46</size>
         <input_file_ref idref="fl-2"/>
      </object_component>
      <object_component id="oc-15e">
         <name>.debug_info</name>
         <load_address>0x5f31</load_address>
         <run_address>0x5f31</run_address>
         <size>0x2c</size>
         <input_file_ref idref="fl-2"/>
      </object_component>
      <object_component id="oc-1c2">
         <name>.debug_info</name>
         <load_address>0x5f5d</load_address>
         <run_address>0x5f5d</run_address>
         <size>0x35</size>
         <input_file_ref idref="fl-2"/>
      </object_component>
      <object_component id="oc-2d4">
         <name>.debug_info</name>
         <load_address>0x5f92</load_address>
         <run_address>0x5f92</run_address>
         <size>0x121</size>
         <input_file_ref idref="fl-1d"/>
      </object_component>
      <object_component id="oc-e3">
         <name>.debug_info</name>
         <load_address>0x60b3</load_address>
         <run_address>0x60b3</run_address>
         <size>0x12e</size>
         <input_file_ref idref="fl-1e"/>
      </object_component>
      <object_component id="oc-30e">
         <name>.debug_info</name>
         <load_address>0x61e1</load_address>
         <run_address>0x61e1</run_address>
         <size>0x121</size>
         <input_file_ref idref="fl-1f"/>
      </object_component>
      <object_component id="oc-332">
         <name>.debug_info</name>
         <load_address>0x6302</load_address>
         <run_address>0x6302</run_address>
         <size>0x12d</size>
         <input_file_ref idref="fl-20"/>
      </object_component>
      <object_component id="oc-320">
         <name>.debug_info</name>
         <load_address>0x642f</load_address>
         <run_address>0x642f</run_address>
         <size>0x121</size>
         <input_file_ref idref="fl-21"/>
      </object_component>
      <object_component id="oc-325">
         <name>.debug_info</name>
         <load_address>0x6550</load_address>
         <run_address>0x6550</run_address>
         <size>0x12f</size>
         <input_file_ref idref="fl-22"/>
      </object_component>
      <object_component id="oc-2ff">
         <name>.debug_info</name>
         <load_address>0x667f</load_address>
         <run_address>0x667f</run_address>
         <size>0x127</size>
         <input_file_ref idref="fl-23"/>
      </object_component>
      <object_component id="oc-32a">
         <name>.debug_info</name>
         <load_address>0x67a6</load_address>
         <run_address>0x67a6</run_address>
         <size>0x124</size>
         <input_file_ref idref="fl-24"/>
      </object_component>
      <object_component id="oc-ff">
         <name>.debug_info</name>
         <load_address>0x68ca</load_address>
         <run_address>0x68ca</run_address>
         <size>0x10f</size>
         <input_file_ref idref="fl-30"/>
      </object_component>
      <object_component id="oc-df">
         <name>.debug_info</name>
         <load_address>0x69d9</load_address>
         <run_address>0x69d9</run_address>
         <size>0x120</size>
         <input_file_ref idref="fl-31"/>
      </object_component>
      <object_component id="oc-404">
         <name>.debug_info</name>
         <load_address>0x6af9</load_address>
         <run_address>0x6af9</run_address>
         <size>0x125</size>
         <input_file_ref idref="fl-35"/>
      </object_component>
      <object_component id="oc-400">
         <name>.debug_info</name>
         <load_address>0x6c1e</load_address>
         <run_address>0x6c1e</run_address>
         <size>0x121</size>
         <input_file_ref idref="fl-36"/>
      </object_component>
      <object_component id="oc-d4">
         <name>.debug_info</name>
         <load_address>0x6d3f</load_address>
         <run_address>0x6d3f</run_address>
         <size>0x100</size>
         <input_file_ref idref="fl-37"/>
      </object_component>
      <object_component id="oc-12b">
         <name>.debug_info</name>
         <load_address>0x6e3f</load_address>
         <run_address>0x6e3f</run_address>
         <size>0x17a</size>
         <input_file_ref idref="fl-37"/>
      </object_component>
      <object_component id="oc-ec">
         <name>.debug_info</name>
         <load_address>0x6fb9</load_address>
         <run_address>0x6fb9</run_address>
         <size>0x84</size>
         <input_file_ref idref="fl-37"/>
      </object_component>
      <object_component id="oc-35b">
         <name>.debug_info</name>
         <load_address>0x703d</load_address>
         <run_address>0x703d</run_address>
         <size>0x3de</size>
         <input_file_ref idref="fl-38"/>
      </object_component>
      <object_component id="oc-286">
         <name>.debug_info</name>
         <load_address>0x741b</load_address>
         <run_address>0x741b</run_address>
         <size>0x1e0</size>
         <input_file_ref idref="fl-38"/>
      </object_component>
      <object_component id="oc-3db">
         <name>.debug_info</name>
         <load_address>0x75fb</load_address>
         <run_address>0x75fb</run_address>
         <size>0x39</size>
         <input_file_ref idref="fl-38"/>
      </object_component>
      <object_component id="oc-3ec">
         <name>.debug_info</name>
         <load_address>0x7634</load_address>
         <run_address>0x7634</run_address>
         <size>0x2c</size>
         <input_file_ref idref="fl-38"/>
      </object_component>
      <object_component id="oc-366">
         <name>.debug_info</name>
         <load_address>0x7660</load_address>
         <run_address>0x7660</run_address>
         <size>0x2c</size>
         <input_file_ref idref="fl-38"/>
      </object_component>
      <object_component id="oc-3e0">
         <name>.debug_info</name>
         <load_address>0x768c</load_address>
         <run_address>0x768c</run_address>
         <size>0xcd</size>
         <input_file_ref idref="fl-38"/>
      </object_component>
      <object_component id="oc-17f">
         <name>.debug_info</name>
         <load_address>0x7759</load_address>
         <run_address>0x7759</run_address>
         <size>0x175</size>
         <input_file_ref idref="fl-39"/>
      </object_component>
      <object_component id="oc-118">
         <name>.debug_info</name>
         <load_address>0x78ce</load_address>
         <run_address>0x78ce</run_address>
         <size>0x1d2</size>
         <input_file_ref idref="fl-39"/>
      </object_component>
      <object_component id="oc-17a">
         <name>.debug_info</name>
         <load_address>0x7aa0</load_address>
         <run_address>0x7aa0</run_address>
         <size>0x46</size>
         <input_file_ref idref="fl-39"/>
      </object_component>
      <object_component id="oc-409">
         <name>.debug_info</name>
         <load_address>0x7ae6</load_address>
         <run_address>0x7ae6</run_address>
         <size>0x193</size>
         <input_file_ref idref="fl-3c"/>
      </object_component>
      <object_component id="oc-182">
         <name>.debug_info</name>
         <load_address>0x7c79</load_address>
         <run_address>0x7c79</run_address>
         <size>0x153</size>
         <input_file_ref idref="fl-3d"/>
      </object_component>
      <object_component id="oc-357">
         <name>.debug_info</name>
         <load_address>0x7dcc</load_address>
         <run_address>0x7dcc</run_address>
         <size>0x150</size>
         <input_file_ref idref="fl-3e"/>
      </object_component>
      <object_component id="oc-fd">
         <name>.debug_info</name>
         <load_address>0x7f1c</load_address>
         <run_address>0x7f1c</run_address>
         <size>0x180</size>
         <input_file_ref idref="fl-3f"/>
      </object_component>
      <object_component id="oc-3c">
         <name>.debug_info</name>
         <load_address>0x809c</load_address>
         <run_address>0x809c</run_address>
         <size>0x1ea</size>
         <input_file_ref idref="fl-3f"/>
      </object_component>
      <object_component id="oc-f8">
         <name>.debug_info</name>
         <load_address>0x8286</load_address>
         <run_address>0x8286</run_address>
         <size>0x46</size>
         <input_file_ref idref="fl-3f"/>
      </object_component>
      <object_component id="oc-163">
         <name>.debug_info</name>
         <load_address>0x82cc</load_address>
         <run_address>0x82cc</run_address>
         <size>0x2c</size>
         <input_file_ref idref="fl-3f"/>
      </object_component>
      <object_component id="oc-15b">
         <name>.debug_info</name>
         <load_address>0x82f8</load_address>
         <run_address>0x82f8</run_address>
         <size>0x176</size>
         <input_file_ref idref="fl-40"/>
      </object_component>
      <object_component id="oc-33">
         <name>.debug_info</name>
         <load_address>0x846e</load_address>
         <run_address>0x846e</run_address>
         <size>0x292</size>
         <input_file_ref idref="fl-40"/>
      </object_component>
      <object_component id="oc-e7">
         <name>.debug_info</name>
         <load_address>0x8700</load_address>
         <run_address>0x8700</run_address>
         <size>0x60</size>
         <input_file_ref idref="fl-40"/>
      </object_component>
      <object_component id="oc-1a3">
         <name>.debug_info</name>
         <load_address>0x8760</load_address>
         <run_address>0x8760</run_address>
         <size>0x46</size>
         <input_file_ref idref="fl-40"/>
      </object_component>
      <object_component id="oc-156">
         <name>.debug_info</name>
         <load_address>0x87a6</load_address>
         <run_address>0x87a6</run_address>
         <size>0x39</size>
         <input_file_ref idref="fl-40"/>
      </object_component>
      <object_component id="oc-3b1">
         <name>.debug_info</name>
         <load_address>0x87df</load_address>
         <run_address>0x87df</run_address>
         <size>0x164</size>
         <input_file_ref idref="fl-41"/>
      </object_component>
      <object_component id="oc-315">
         <name>.debug_info</name>
         <load_address>0x8943</load_address>
         <run_address>0x8943</run_address>
         <size>0x35e</size>
         <input_file_ref idref="fl-41"/>
      </object_component>
      <object_component id="oc-390">
         <name>.debug_info</name>
         <load_address>0x8ca1</load_address>
         <run_address>0x8ca1</run_address>
         <size>0x165</size>
         <input_file_ref idref="fl-42"/>
      </object_component>
      <object_component id="oc-302">
         <name>.debug_info</name>
         <load_address>0x8e06</load_address>
         <run_address>0x8e06</run_address>
         <size>0x1d4</size>
         <input_file_ref idref="fl-42"/>
      </object_component>
      <object_component id="oc-391">
         <name>.debug_info</name>
         <load_address>0x8fda</load_address>
         <run_address>0x8fda</run_address>
         <size>0xdb</size>
         <input_file_ref idref="fl-42"/>
      </object_component>
      <object_component id="oc-335">
         <name>.debug_info</name>
         <load_address>0x90b5</load_address>
         <run_address>0x90b5</run_address>
         <size>0x16b</size>
         <input_file_ref idref="fl-43"/>
      </object_component>
      <object_component id="oc-3be">
         <name>.debug_info</name>
         <load_address>0x9220</load_address>
         <run_address>0x9220</run_address>
         <size>0x1c0</size>
         <input_file_ref idref="fl-44"/>
      </object_component>
      <object_component id="oc-39e">
         <name>.debug_info</name>
         <load_address>0x93e0</load_address>
         <run_address>0x93e0</run_address>
         <size>0x94</size>
         <input_file_ref idref="fl-44"/>
      </object_component>
      <object_component id="oc-39d">
         <name>.debug_info</name>
         <load_address>0x9474</load_address>
         <run_address>0x9474</run_address>
         <size>0x197</size>
         <input_file_ref idref="fl-45"/>
      </object_component>
      <object_component id="oc-308">
         <name>.debug_info</name>
         <load_address>0x960b</load_address>
         <run_address>0x960b</run_address>
         <size>0x2d2</size>
         <input_file_ref idref="fl-45"/>
      </object_component>
      <object_component id="oc-3b8">
         <name>.debug_info</name>
         <load_address>0x98dd</load_address>
         <run_address>0x98dd</run_address>
         <size>0x165</size>
         <input_file_ref idref="fl-46"/>
      </object_component>
      <object_component id="oc-319">
         <name>.debug_info</name>
         <load_address>0x9a42</load_address>
         <run_address>0x9a42</run_address>
         <size>0x208</size>
         <input_file_ref idref="fl-46"/>
      </object_component>
      <object_component id="oc-27b">
         <name>.debug_info</name>
         <load_address>0x9c4a</load_address>
         <run_address>0x9c4a</run_address>
         <size>0x122</size>
         <input_file_ref idref="fl-47"/>
      </object_component>
      <object_component id="oc-15d">
         <name>.debug_info</name>
         <load_address>0x9d6c</load_address>
         <run_address>0x9d6c</run_address>
         <size>0x181</size>
         <input_file_ref idref="fl-4a"/>
      </object_component>
      <object_component id="oc-f2">
         <name>.debug_info</name>
         <load_address>0x9eed</load_address>
         <run_address>0x9eed</run_address>
         <size>0x17a</size>
         <input_file_ref idref="fl-4a"/>
      </object_component>
      <object_component id="oc-386">
         <name>.debug_info</name>
         <load_address>0xa067</load_address>
         <run_address>0xa067</run_address>
         <size>0x120</size>
         <input_file_ref idref="fl-4b"/>
      </object_component>
      <object_component id="oc-38d">
         <name>.debug_info</name>
         <load_address>0xa187</load_address>
         <run_address>0xa187</run_address>
         <size>0x126</size>
         <input_file_ref idref="fl-4c"/>
      </object_component>
      <object_component id="oc-d8">
         <name>.debug_info</name>
         <load_address>0xa2ad</load_address>
         <run_address>0xa2ad</run_address>
         <size>0x120</size>
         <input_file_ref idref="fl-4d"/>
      </object_component>
      <object_component id="oc-3b4">
         <name>.debug_info</name>
         <load_address>0xa3cd</load_address>
         <run_address>0xa3cd</run_address>
         <size>0x126</size>
         <input_file_ref idref="fl-4e"/>
      </object_component>
      <object_component id="oc-41b">
         <name>.debug_info</name>
         <load_address>0xa4f3</load_address>
         <run_address>0xa4f3</run_address>
         <size>0x120</size>
         <input_file_ref idref="fl-4f"/>
      </object_component>
      <object_component id="oc-3a7">
         <name>.debug_info</name>
         <load_address>0xa613</load_address>
         <run_address>0xa613</run_address>
         <size>0x193</size>
         <input_file_ref idref="fl-52"/>
      </object_component>
      <object_component id="oc-3ac">
         <name>.debug_info</name>
         <load_address>0xa7a6</load_address>
         <run_address>0xa7a6</run_address>
         <size>0x193</size>
         <input_file_ref idref="fl-53"/>
      </object_component>
      <object_component id="oc-398">
         <name>.debug_info</name>
         <load_address>0xa939</load_address>
         <run_address>0xa939</run_address>
         <size>0x239</size>
         <input_file_ref idref="fl-54"/>
      </object_component>
      <object_component id="oc-471">
         <name>.debug_info</name>
         <load_address>0xab72</load_address>
         <run_address>0xab72</run_address>
         <size>0x9f</size>
      </object_component>
      <object_component id="oc-1b2">
         <name>.debug_line</name>
         <load_address>0x0</load_address>
         <run_address>0x0</run_address>
         <size>0x9a</size>
         <input_file_ref idref="fl-2"/>
      </object_component>
      <object_component id="oc-1c8">
         <name>.debug_line</name>
         <load_address>0x9a</load_address>
         <run_address>0x9a</run_address>
         <size>0x60</size>
         <input_file_ref idref="fl-2"/>
      </object_component>
      <object_component id="oc-379">
         <name>.debug_line</name>
         <load_address>0xfa</load_address>
         <run_address>0xfa</run_address>
         <size>0x60</size>
         <input_file_ref idref="fl-2"/>
      </object_component>
      <object_component id="oc-1ca">
         <name>.debug_line</name>
         <load_address>0x15a</load_address>
         <run_address>0x15a</run_address>
         <size>0x60</size>
         <input_file_ref idref="fl-2"/>
      </object_component>
      <object_component id="oc-3f2">
         <name>.debug_line</name>
         <load_address>0x1ba</load_address>
         <run_address>0x1ba</run_address>
         <size>0x60</size>
         <input_file_ref idref="fl-2"/>
      </object_component>
      <object_component id="oc-107">
         <name>.debug_line</name>
         <load_address>0x21a</load_address>
         <run_address>0x21a</run_address>
         <size>0x52</size>
         <input_file_ref idref="fl-2"/>
      </object_component>
      <object_component id="oc-10d">
         <name>.debug_line</name>
         <load_address>0x26c</load_address>
         <run_address>0x26c</run_address>
         <size>0x7e</size>
         <input_file_ref idref="fl-2"/>
      </object_component>
      <object_component id="oc-3f7">
         <name>.debug_line</name>
         <load_address>0x2ea</load_address>
         <run_address>0x2ea</run_address>
         <size>0x51</size>
         <input_file_ref idref="fl-2"/>
      </object_component>
      <object_component id="oc-381">
         <name>.debug_line</name>
         <load_address>0x33b</load_address>
         <run_address>0x33b</run_address>
         <size>0x55</size>
         <input_file_ref idref="fl-2"/>
      </object_component>
      <object_component id="oc-2f5">
         <name>.debug_line</name>
         <load_address>0x390</load_address>
         <run_address>0x390</run_address>
         <size>0x72</size>
         <input_file_ref idref="fl-2"/>
      </object_component>
      <object_component id="oc-23f">
         <name>.debug_line</name>
         <load_address>0x402</load_address>
         <run_address>0x402</run_address>
         <size>0x55</size>
         <input_file_ref idref="fl-2"/>
      </object_component>
      <object_component id="oc-1d2">
         <name>.debug_line</name>
         <load_address>0x457</load_address>
         <run_address>0x457</run_address>
         <size>0x5c</size>
         <input_file_ref idref="fl-2"/>
      </object_component>
      <object_component id="oc-1d8">
         <name>.debug_line</name>
         <load_address>0x4b3</load_address>
         <run_address>0x4b3</run_address>
         <size>0x55</size>
         <input_file_ref idref="fl-2"/>
      </object_component>
      <object_component id="oc-1de">
         <name>.debug_line</name>
         <load_address>0x508</load_address>
         <run_address>0x508</run_address>
         <size>0x50</size>
         <input_file_ref idref="fl-2"/>
      </object_component>
      <object_component id="oc-1e4">
         <name>.debug_line</name>
         <load_address>0x558</load_address>
         <run_address>0x558</run_address>
         <size>0x62</size>
         <input_file_ref idref="fl-2"/>
      </object_component>
      <object_component id="oc-2c4">
         <name>.debug_line</name>
         <load_address>0x5ba</load_address>
         <run_address>0x5ba</run_address>
         <size>0x61</size>
         <input_file_ref idref="fl-2"/>
      </object_component>
      <object_component id="oc-2cc">
         <name>.debug_line</name>
         <load_address>0x61b</load_address>
         <run_address>0x61b</run_address>
         <size>0x83</size>
         <input_file_ref idref="fl-2"/>
      </object_component>
      <object_component id="oc-1ea">
         <name>.debug_line</name>
         <load_address>0x69e</load_address>
         <run_address>0x69e</run_address>
         <size>0x76</size>
         <input_file_ref idref="fl-2"/>
      </object_component>
      <object_component id="oc-1f0">
         <name>.debug_line</name>
         <load_address>0x714</load_address>
         <run_address>0x714</run_address>
         <size>0x4f</size>
         <input_file_ref idref="fl-2"/>
      </object_component>
      <object_component id="oc-1f7">
[...]
         <object_component_ref idref="oc-30d"/>
      </symbol>
      <symbol id="sm-33d">
         <name>__mspabi_addf</name>
         <value>0x2e24</value>
         <object_component_ref idref="oc-30d"/>
      </symbol>
      <symbol id="sm-34d">
         <name>__mspabi_cmpf</name>
         <value>0x39c4</value>
         <object_component_ref idref="oc-32f"/>
      </symbol>
      <symbol id="sm-364">
         <name>__mspabi_mpyf</name>
         <value>0x320a</value>
         <object_component_ref idref="oc-31f"/>
      </symbol>
      <symbol id="sm-373">
         <name>__mspabi_fixfu</name>
         <value>0x3a54</value>
         <object_component_ref idref="oc-324"/>
      </symbol>
      <symbol id="sm-37f">
         <name>__mspabi_fltulf</name>
         <value>0x3d06</value>
         <object_component_ref idref="oc-2fc"/>
      </symbol>
      <symbol id="sm-38a">
         <name>__mspabi_fltuf</name>
         <value>0x3db6</value>
         <object_component_ref idref="oc-329"/>
      </symbol>
      <symbol id="sm-38d">
         <name>__TI_int01</name>
         <value>0xffe2</value>
         <object_component_ref idref="oc-3e"/>
      </symbol>
      <symbol id="sm-390">
         <name>__TI_int02</name>
         <value>0xffe4</value>
         <object_component_ref idref="oc-3f"/>
      </symbol>
      <symbol id="sm-393">
         <name>__TI_int04</name>
         <value>0xffe8</value>
         <object_component_ref idref="oc-41"/>
      </symbol>
      <symbol id="sm-396">
         <name>__TI_int05</name>
         <value>0xffea</value>
         <object_component_ref idref="oc-42"/>
      </symbol>
      <symbol id="sm-399">
         <name>__TI_int06</name>
         <value>0xffec</value>
         <object_component_ref idref="oc-43"/>
      </symbol>
      <symbol id="sm-39c">
         <name>__TI_int07</name>
         <value>0xffee</value>
         <object_component_ref idref="oc-44"/>
      </symbol>
      <symbol id="sm-39f">
         <name>__TI_int08</name>
         <value>0xfff0</value>
         <object_component_ref idref="oc-45"/>
      </symbol>
      <symbol id="sm-3a2">
         <name>__TI_int10</name>
         <value>0xfff4</value>
         <object_component_ref idref="oc-47"/>
      </symbol>
      <symbol id="sm-3a5">
         <name>__TI_int11</name>
         <value>0xfff6</value>
         <object_component_ref idref="oc-48"/>
      </symbol>
      <symbol id="sm-3a8">
         <name>__TI_int12</name>
         <value>0xfff8</value>
         <object_component_ref idref="oc-49"/>
      </symbol>
      <symbol id="sm-3ab">
         <name>__TI_int14</name>
         <value>0xfffc</value>
         <object_component_ref idref="oc-4b"/>
      </symbol>
      <symbol id="sm-3b3">
         <name>__TI_ISR_TRAP</name>
         <value>0x3f4c</value>
         <object_component_ref idref="oc-fe"/>
      </symbol>
      <symbol id="sm-3bb">
         <name>__mspabi_srli_8</name>
         <value>0x390e</value>
         <object_component_ref idref="oc-dc"/>
      </symbol>
      <symbol id="sm-3bc">
         <name>__mspabi_srli_9</name>
         <value>0x390a</value>
         <object_component_ref idref="oc-dc"/>
      </symbol>
      <symbol id="sm-3bd">
         <name>__mspabi_srli_6</name>
         <value>0x3916</value>
         <object_component_ref idref="oc-dc"/>
      </symbol>
      <symbol id="sm-3be">
         <name>__mspabi_srli_7</name>
         <value>0x3912</value>
         <object_component_ref idref="oc-dc"/>
      </symbol>
      <symbol id="sm-3bf">
         <name>__mspabi_srli_4</name>
         <value>0x391e</value>
         <object_component_ref idref="oc-dc"/>
      </symbol>
      <symbol id="sm-3c0">
         <name>__mspabi_srli_5</name>
         <value>0x391a</value>
         <object_component_ref idref="oc-dc"/>
      </symbol>
      <symbol id="sm-3c1">
         <name>__mspabi_srli_2</name>
         <value>0x3926</value>
         <object_component_ref idref="oc-dc"/>
      </symbol>
      <symbol id="sm-3c2">
         <name>__mspabi_srli_3</name>
         <value>0x3922</value>
         <object_component_ref idref="oc-dc"/>
      </symbol>
      <symbol id="sm-3c3">
         <name>__mspabi_srli_1</name>
         <value>0x392a</value>
         <object_component_ref idref="oc-dc"/>
      </symbol>
      <symbol id="sm-3c4">
         <name>__mspabi_srli</name>
         <value>0x38e4</value>
         <object_component_ref idref="oc-dc"/>
      </symbol>
      <symbol id="sm-3c5">
         <name>__mspabi_srli_15</name>
         <value>0x38f2</value>
         <object_component_ref idref="oc-dc"/>
      </symbol>
      <symbol id="sm-3c6">
         <name>__mspabi_srli_14</name>
         <value>0x38f6</value>
         <object_component_ref idref="oc-dc"/>
      </symbol>
      <symbol id="sm-3c7">
         <name>__mspabi_srli_13</name>
         <value>0x38fa</value>
         <object_component_ref idref="oc-dc"/>
      </symbol>
      <symbol id="sm-3c8">
         <name>__mspabi_srli_12</name>
         <value>0x38fe</value>
         <object_component_ref idref="oc-dc"/>
      </symbol>
      <symbol id="sm-3c9">
         <name>__mspabi_srli_11</name>
         <value>0x3902</value>
         <object_component_ref idref="oc-dc"/>
      </symbol>
      <symbol id="sm-3ca">
         <name>__mspabi_srli_10</name>
         <value>0x3906</value>
         <object_component_ref idref="oc-dc"/>
      </symbol>
      <symbol id="sm-3d5">
         <name>__mspabi_mpyull_hw</name>
         <value>0x3930</value>
         <object_component_ref idref="oc-403"/>
      </symbol>
      <symbol id="sm-3dd">
         <name>__mspabi_mpyll_hw</name>
         <value>0x3626</value>
         <object_component_ref idref="oc-3fe"/>
      </symbol>
      <symbol id="sm-3f2">
         <name>_stack</name>
         <value>0x9b0</value>
         <object_component_ref idref="oc-d3"/>
      </symbol>
      <symbol id="sm-3f3">
         <name>_c_int00_noargs</name>
         <value>0x3e16</value>
         <object_component_ref idref="oc-127"/>
      </symbol>
      <symbol id="sm-3f4">
         <name>_reset_vector</name>
         <value>0xfffe</value>
         <object_component_ref idref="oc-d6"/>
      </symbol>
      <symbol id="sm-416">
         <name>__TI_auto_init_nobinit_nopinit</name>
         <value>0x3ade</value>
         <object_component_ref idref="oc-284"/>
      </symbol>
      <symbol id="sm-429">
         <name>__TI_zero_init_nomemset</name>
         <value>0x3e8e</value>
         <object_component_ref idref="oc-115"/>
      </symbol>
      <symbol id="sm-438">
         <name>__mspabi_srlll</name>
         <value>0x3a0e</value>
         <object_component_ref idref="oc-408"/>
      </symbol>
      <symbol id="sm-441">
         <name>_system_pre_init</name>
         <value>0x3f5a</value>
         <object_component_ref idref="oc-181"/>
      </symbol>
      <symbol id="sm-44a">
         <name>_system_post_cinit</name>
         <value>0x3f5e</value>
         <object_component_ref idref="oc-354"/>
      </symbol>
      <symbol id="sm-460">
         <name>__TI_decompress_none</name>
         <value>0x3ed8</value>
         <object_component_ref idref="oc-38"/>
      </symbol>
      <symbol id="sm-483">
         <name>__TI_decompress_lzss</name>
         <value>0x36bc</value>
         <object_component_ref idref="oc-32"/>
      </symbol>
      <symbol id="sm-4bd">
         <name>__mspabi_addd</name>
         <value>0x1100</value>
         <object_component_ref idref="oc-312"/>
      </symbol>
      <symbol id="sm-4d3">
         <name>__mspabi_cvtfd</name>
         <value>0x381e</value>
         <object_component_ref idref="oc-301"/>
      </symbol>
      <symbol id="sm-4de">
         <name>__mspabi_fixdu</name>
         <value>0x3ec6</value>
         <object_component_ref idref="oc-334"/>
      </symbol>
      <symbol id="sm-4f3">
         <name>__mspabi_fixdul</name>
         <value>0x3738</value>
         <object_component_ref idref="oc-3bd"/>
      </symbol>
      <symbol id="sm-519">
         <name>__mspabi_mpyd</name>
         <value>0x1e9c</value>
         <object_component_ref idref="oc-307"/>
      </symbol>
      <symbol id="sm-52e">
         <name>__mspabi_cvtdf</name>
         <value>0x338e</value>
         <object_component_ref idref="oc-318"/>
      </symbol>
      <symbol id="sm-538">
         <name>C$$EXIT</name>
         <value>0x3f54</value>
         <object_component_ref idref="oc-278"/>
      </symbol>
      <symbol id="sm-539">
         <name>abort</name>
         <value>0x3f54</value>
         <object_component_ref idref="oc-278"/>
      </symbol>
      <symbol id="sm-549">
         <name>memcpy</name>
         <value>0x3efc</value>
         <object_component_ref idref="oc-f1"/>
      </symbol>
      <symbol id="sm-551">
         <name>__mspabi_srai</name>
         <value>0x3d38</value>
         <object_component_ref idref="oc-385"/>
      </symbol>
      <symbol id="sm-552">
         <name>__mspabi_srai_8</name>
         <value>0x3d52</value>
         <object_component_ref idref="oc-385"/>
      </symbol>
      <symbol id="sm-553">
         <name>__mspabi_srai_9</name>
         <value>0x3d50</value>
         <object_component_ref idref="oc-385"/>
      </symbol>
      <symbol id="sm-554">
         <name>__mspabi_srai_6</name>
         <value>0x3d56</value>
         <object_component_ref idref="oc-385"/>
      </symbol>
      <symbol id="sm-555">
         <name>__mspabi_srai_7</name>
         <value>0x3d54</value>
         <object_component_ref idref="oc-385"/>
      </symbol>
      <symbol id="sm-556">
         <name>__mspabi_srai_4</name>
         <value>0x3d5a</value>
         <object_component_ref idref="oc-385"/>
      </symbol>
      <symbol id="sm-557">
         <name>__mspabi_srai_5</name>
         <value>0x3d58</value>
         <object_component_ref idref="oc-385"/>
      </symbol>
      <symbol id="sm-558">
         <name>__mspabi_srai_2</name>
         <value>0x3d5e</value>
         <object_component_ref idref="oc-385"/>
      </symbol>
      <symbol id="sm-559">
         <name>__mspabi_srai_3</name>
         <value>0x3d5c</value>
         <object_component_ref idref="oc-385"/>
      </symbol>
      <symbol id="sm-55a">
         <name>__mspabi_srai_1</name>
         <value>0x3d60</value>
         <object_component_ref idref="oc-385"/>
      </symbol>
      <symbol id="sm-55b">
         <name>__mspabi_srai_15</name>
         <value>0x3d44</value>
         <object_component_ref idref="oc-385"/>
      </symbol>
      <symbol id="sm-55c">
         <name>__mspabi_srai_14</name>
         <value>0x3d46</value>
         <object_component_ref idref="oc-385"/>
      </symbol>
      <symbol id="sm-55d">
         <name>__mspabi_srai_13</name>
         <value>0x3d48</value>
         <object_component_ref idref="oc-385"/>
      </symbol>
      <symbol id="sm-55e">
         <name>__mspabi_srai_12</name>
         <value>0x3d4a</value>
         <object_component_ref idref="oc-385"/>
      </symbol>
      <symbol id="sm-55f">
         <name>__mspabi_srai_11</name>
         <value>0x3d4c</value>
         <object_component_ref idref="oc-385"/>
      </symbol>
      <symbol id="sm-560">
         <name>__mspabi_srai_10</name>
         <value>0x3d4e</value>
         <object_component_ref idref="oc-385"/>
      </symbol>
      <symbol id="sm-568">
         <name>__mspabi_sral_15</name>
         <value>0x3b20</value>
         <object_component_ref idref="oc-38a"/>
      </symbol>
      <symbol id="sm-569">
         <name>__mspabi_sral_14</name>
         <value>0x3b24</value>
         <object_component_ref idref="oc-38a"/>
      </symbol>
      <symbol id="sm-56a">
         <name>__mspabi_sral_13</name>
         <value>0x3b28</value>
         <object_component_ref idref="oc-38a"/>
      </symbol>
      <symbol id="sm-56b">
         <name>__mspabi_sral_12</name>
         <value>0x3b2c</value>
         <object_component_ref idref="oc-38a"/>
      </symbol>
      <symbol id="sm-56c">
         <name>__mspabi_sral_11</name>
         <value>0x3b30</value>
         <object_component_ref idref="oc-38a"/>
      </symbol>
      <symbol id="sm-56d">
         <name>__mspabi_sral_10</name>
         <value>0x3b34</value>
         <object_component_ref idref="oc-38a"/>
      </symbol>
      <symbol id="sm-56e">
         <name>__mspabi_sral_8</name>
         <value>0x3b3c</value>
         <object_component_ref idref="oc-38a"/>
      </symbol>
      <symbol id="sm-56f">
         <name>__mspabi_sral_9</name>
         <value>0x3b38</value>
         <object_component_ref idref="oc-38a"/>
      </symbol>
      <symbol id="sm-570">
         <name>__mspabi_sral_6</name>
         <value>0x3b44</value>
         <object_component_ref idref="oc-38a"/>
      </symbol>
      <symbol id="sm-571">
         <name>__mspabi_sral_7</name>
         <value>0x3b40</value>
         <object_component_ref idref="oc-38a"/>
      </symbol>
      <symbol id="sm-572">
         <name>__mspabi_sral_4</name>
         <value>0x3b4c</value>
         <object_component_ref idref="oc-38a"/>
      </symbol>
      <symbol id="sm-573">
         <name>__mspabi_sral_5</name>
         <value>0x3b48</value>
         <object_component_ref idref="oc-38a"/>
      </symbol>
      <symbol id="sm-574">
         <name>__mspabi_sral_2</name>
         <value>0x3b54</value>
         <object_component_ref idref="oc-38a"/>
      </symbol>
      <symbol id="sm-575">
         <name>__mspabi_sral_3</name>
         <value>0x3b50</value>
         <object_component_ref idref="oc-38a"/>
      </symbol>
      <symbol id="sm-576">
         <name>__mspabi_sral_1</name>
         <value>0x3b58</value>
         <object_component_ref idref="oc-38a"/>
      </symbol>
      <symbol id="sm-57e">
         <name>__mspabi_slli</name>
         <value>0x3d64</value>
         <object_component_ref idref="oc-d7"/>
      </symbol>
      <symbol id="sm-57f">
         <name>__mspabi_slli_9</name>
         <value>0x3d7c</value>
         <object_component_ref idref="oc-d7"/>
      </symbol>
      <symbol id="sm-580">
         <name>__mspabi_slli_8</name>
         <value>0x3d7e</value>
         <object_component_ref idref="oc-d7"/>
      </symbol>
      <symbol id="sm-581">
         <name>__mspabi_slli_7</name>
         <value>0x3d80</value>
         <object_component_ref idref="oc-d7"/>
      </symbol>
      <symbol id="sm-582">
         <name>__mspabi_slli_6</name>
         <value>0x3d82</value>
         <object_component_ref idref="oc-d7"/>
      </symbol>
      <symbol id="sm-583">
         <name>__mspabi_slli_5</name>
         <value>0x3d84</value>
         <object_component_ref idref="oc-d7"/>
      </symbol>
      <symbol id="sm-584">
         <name>__mspabi_slli_4</name>
         <value>0x3d86</value>
         <object_component_ref idref="oc-d7"/>
      </symbol>
      <symbol id="sm-585">
         <name>__mspabi_slli_3</name>
         <value>0x3d88</value>
         <object_component_ref idref="oc-d7"/>
      </symbol>
      <symbol id="sm-586">
         <name>__mspabi_slli_2</name>
         <value>0x3d8a</value>
         <object_component_ref idref="oc-d7"/>
      </symbol>
      <symbol id="sm-587">
         <name>__mspabi_slli_1</name>
         <value>0x3d8c</value>
         <object_component_ref idref="oc-d7"/>
      </symbol>
      <symbol id="sm-588">
         <name>__mspabi_slli_15</name>
         <value>0x3d70</value>
         <object_component_ref idref="oc-d7"/>
      </symbol>
      <symbol id="sm-589">
         <name>__mspabi_slli_14</name>
         <value>0x3d72</value>
         <object_component_ref idref="oc-d7"/>
      </symbol>
      <symbol id="sm-58a">
         <name>__mspabi_slli_13</name>
         <value>0x3d74</value>
         <object_component_ref idref="oc-d7"/>
      </symbol>
      <symbol id="sm-58b">
         <name>__mspabi_slli_12</name>
         <value>0x3d76</value>
         <object_component_ref idref="oc-d7"/>
      </symbol>
      <symbol id="sm-58c">
         <name>__mspabi_slli_11</name>
         <value>0x3d78</value>
         <object_component_ref idref="oc-d7"/>
      </symbol>
      <symbol id="sm-58d">
         <name>__mspabi_slli_10</name>
         <value>0x3d7a</value>
         <object_component_ref idref="oc-d7"/>
      </symbol>
      <symbol id="sm-595">
         <name>__mspabi_slll_9</name>
         <value>0x3b76</value>
         <object_component_ref idref="oc-3b2"/>
      </symbol>
      <symbol id="sm-596">
         <name>__mspabi_slll_8</name>
         <value>0x3b7a</value>
         <object_component_ref idref="oc-3b2"/>
      </symbol>
      <symbol id="sm-597">
         <name>__mspabi_slll_7</name>
         <value>0x3b7e</value>
         <object_component_ref idref="oc-3b2"/>
      </symbol>
      <symbol id="sm-598">
         <name>__mspabi_slll_6</name>
         <value>0x3b82</value>
         <object_component_ref idref="oc-3b2"/>
      </symbol>
      <symbol id="sm-599">
         <name>__mspabi_slll_5</name>
         <value>0x3b86</value>
         <object_component_ref idref="oc-3b2"/>
      </symbol>
      <symbol id="sm-59a">
         <name>__mspabi_slll_4</name>
         <value>0x3b8a</value>
         <object_component_ref idref="oc-3b2"/>
      </symbol>
      <symbol id="sm-59b">
         <name>__mspabi_slll_3</name>
         <value>0x3b8e</value>
         <object_component_ref idref="oc-3b2"/>
      </symbol>
      <symbol id="sm-59c">
         <name>__mspabi_slll_2</name>
         <value>0x3b92</value>
         <object_component_ref idref="oc-3b2"/>
      </symbol>
      <symbol id="sm-59d">
         <name>__mspabi_slll_1</name>
         <value>0x3b96</value>
         <object_component_ref idref="oc-3b2"/>
      </symbol>
      <symbol id="sm-59e">
         <name>__mspabi_slll_15</name>
         <value>0x3b5e</value>
         <object_component_ref idref="oc-3b2"/>
      </symbol>
      <symbol id="sm-59f">
         <name>__mspabi_slll_14</name>
         <value>0x3b62</value>
         <object_component_ref idref="oc-3b2"/>
      </symbol>
      <symbol id="sm-5a0">
         <name>__mspabi_slll_13</name>
         <value>0x3b66</value>
         <object_component_ref idref="oc-3b2"/>
      </symbol>
      <symbol id="sm-5a1">
         <name>__mspabi_slll_12</name>
         <value>0x3b6a</value>
         <object_component_ref idref="oc-3b2"/>
      </symbol>
      <symbol id="sm-5a2">
         <name>__mspabi_slll_11</name>
         <value>0x3b6e</value>
         <object_component_ref idref="oc-3b2"/>
      </symbol>
      <symbol id="sm-5a3">
         <name>__mspabi_slll_10</name>
         <value>0x3b72</value>
         <object_component_ref idref="oc-3b2"/>
      </symbol>
      <symbol id="sm-5ad">
         <name>__mspabi_srll</name>
         <value>0x3eea</value>
         <object_component_ref idref="oc-418"/>
      </symbol>
      <symbol id="sm-5bc">
         <name>__mspabi_srall</name>
         <value>0x397a</value>
         <object_component_ref idref="oc-3a4"/>
      </symbol>
      <symbol id="sm-5c9">
         <name>__mspabi_sllll</name>
         <value>0x3a9a</value>
         <object_component_ref idref="oc-3aa"/>
      </symbol>
      <symbol id="sm-5d4">
         <name>__TI_frcmpyd</name>
         <value>0x272c</value>
         <object_component_ref idref="oc-396"/>
      </symbol>
   </symbol_table>
   <title>Link successful</title>
</link_info>
