******************************************************************************
                  MSP430 Linker PC v20.2.5                     
******************************************************************************
>> Linked Tue Dec  5 11:04:06 2023

OUTPUT FILE NAME:   <Neo-AM-v1.0.out>
ENTRY POINT SYMBOL: "_c_int00_noargs"  address: 00002f94


MEMORY CONFIGURATION

         name            origin    length      used     unused   attr    fill
----------------------  --------  ---------  --------  --------  ----  --------
  SFR                   00000000   00000010  00000000  00000010  RWIX
  PERIPHERALS_8BIT      00000010   000000f0  00000000  000000f0  RWIX
  PERIPHERALS_16BIT     00000100   00000100  00000000  00000100  RWIX
  RAM                   00000200   00000800  0000017b  00000685  RWIX
  INFOB                 00001000   00000080  00000000  00000080  RWIX
  INFOA                 00001080   00000080  00000000  00000080  RWIX
  FLASH                 00001100   0000eee0  00001fb2  0000cf2e  RWIX
  INT00                 0000ffe0   00000002  00000000  00000002  RWIX
  INT01                 0000ffe2   00000002  00000002  00000000  RWIX
  INT02                 0000ffe4   00000002  00000002  00000000  RWIX
  INT03                 0000ffe6   00000002  00000002  00000000  RWIX
  INT04                 0000ffe8   00000002  00000002  00000000  RWIX
  INT05                 0000ffea   00000002  00000002  00000000  RWIX
  INT06                 0000ffec   00000002  00000002  00000000  RWIX
  INT07                 0000ffee   00000002  00000002  00000000  RWIX
  INT08                 0000fff0   00000002  00000002  00000000  RWIX
  INT09                 0000fff2   00000002  00000002  00000000  RWIX
  INT10                 0000fff4   00000002  00000002  00000000  RWIX
  INT11                 0000fff6   00000002  00000002  00000000  RWIX
  INT12                 0000fff8   00000002  00000002  00000000  RWIX
  INT13                 0000fffa   00000002  00000002  00000000  RWIX
  INT14                 0000fffc   00000002  00000002  00000000  RWIX
  RESET                 0000fffe   00000002  00000002  00000000  RWIX


SECTION ALLOCATION MAP

 output                                  attributes/
section   page    origin      length       input sections
--------  ----  ----------  ----------   ----------------
.data      0    00000200    00000106     UNINITIALIZED
                  00000200    00000064     Neo-AM-v1.0.obj (.data:trs_buf1)
                  00000264    00000052     Neo-AM-v1.0.obj (.data)
                  000002b6    00000050     Neo-AM-v1.0.obj (.data:rcv_buf1)

.bss       0    00000306    00000025     UNINITIALIZED
                  00000306    00000012     (.common:bf_data)
                  00000318    00000004     (.common:Pressure_KPA)
                  0000031c    00000004     (.common:float_temp1)
                  00000320    00000002     (.common:p_rcv_buf1)
                  00000322    00000001     (.common:Addr_485)
                  00000323    00000001     (.common:Init_in_stat)
                  00000324    00000001     (.common:Init_input_stat)
                  00000325    00000001     (.common:Init_old_input_stat)
                  00000326    00000001     (.common:compare_cnt1)
                  00000327    00000001     (.common:free_byte0)
                  00000328    00000001     (.common:rcv_address)
                  00000329    00000001     (.common:rcv_command1)
                  0000032a    00000001     (.common:rcv_data1)

.stack     0    000009b0    00000050     UNINITIALIZED
                  000009b0    00000002     rts430_eabi.lib : boot.c.obj (.stack)
                  000009b2    0000004e     --HOLE--

.text      0    00001100    00001f8c     
                  00001100    00000736     rts430_eabi.lib : addd.c.obj (.text:__mspabi_addd)
                  00001836    000002c0                     : mpyd.c.obj (.text:__mspabi_mpyd)
                  00001af6    0000017a     Neo-AM-v1.0.obj (.text:ReadCount4)
                  00001c70    00000172     Neo-AM-v1.0.obj (.text:ReadCount3)
                  00001de2    00000172     rts430_eabi.lib : frcmpyd.c.obj (.text:__TI_frcmpyd)
                  00001f54    00000160     Neo-AM-v1.0.obj (.text:ReadCount1)
                  000020b4    00000160     Neo-AM-v1.0.obj (.text:ReadCount2)
                  00002214    00000132     rts430_eabi.lib : fs_add.asm.obj (.text)
                  00002346    000000ca     Neo-AM-v1.0.obj (.text:Timer_B)
                  00002410    000000c4     rts430_eabi.lib : fs_mpy.asm.obj (.text)
                  000024d4    000000b4                     : cvtdf.c.obj (.text:__mspabi_cvtdf)
                  00002588    000000aa     Neo-AM-v1.0.obj (.text:flash_write)
                  00002632    000000a8     Neo-AM-v1.0.obj (.text:Pressure_Data_Send1)
                  000026da    000000a8     Neo-AM-v1.0.obj (.text:main)
                  00002782    000000a8     Neo-AM-v1.0.obj (.text:usart1_rx)
                  0000282a    00000096     rts430_eabi.lib : mult64_hw.asm.obj (.text:__mpyll)
                  000028c0    00000086     Neo-AM-v1.0.obj (.text:flashData_init)
                  00002946    0000007c     rts430_eabi.lib : copy_decompress_lzss.c.obj (.text:decompress:lzss:__TI_decompress_lzss)
                  000029c2    00000074                     : fixdul.c.obj (.text:__mspabi_fixdul)
                  00002a36    00000070                     : cvtfd.c.obj (.text:__mspabi_cvtfd)
                  00002aa6    00000064     Neo-AM-v1.0.obj (.text:Init_Input)
                  00002b0a    0000005c     Neo-AM-v1.0.obj (.text:flash_read)
                  00002b66    0000004c     rts430_eabi.lib : lsr16.asm.obj (.text)
                  00002bb2    0000004a                     : mult3264_hw.asm.obj (.text:__mpyull)
                  00002bfc    0000004a                     : asr64.c.obj (.text:__mspabi_srall)
                  00002c46    0000004a                     : fs_cmp.asm.obj (.text)
                  00002c90    00000046                     : lsr64.c.obj (.text:__mspabi_srlll)
                  00002cd6    00000046                     : fs_tou.asm.obj (.text)
                  00002d1c    00000044     Neo-AM-v1.0.obj (.text:UART_Init)
                  00002d60    00000044     rts430_eabi.lib : lsl64.c.obj (.text:__mspabi_sllll)
                  00002da4    00000042                     : autoinit.c.obj (.text:__TI_auto_init_nobinit_nopinit:__TI_auto_init_nobinit_nopinit)
                  00002de6    0000003e                     : asr32.asm.obj (.text:l_asr_const)
                  00002e24    0000003e                     : lsl32.asm.obj (.text:l_lsl_const)
                  00002e62    00000034     Neo-AM-v1.0.obj (.text:rcv_proc1)
                  00002e96    00000032     rts430_eabi.lib : fs_ultof.asm.obj (.text)
                  00002ec8    0000002c                     : asr16.asm.obj (.text)
                  00002ef4    0000002c                     : lsl16.asm.obj (.text)
                  00002f20    0000002a     Neo-AM-v1.0.obj (.text:IOPort_init)
                  00002f4a    00000026     Neo-AM-v1.0.obj (.text:clock_init)
                  00002f70    00000024     rts430_eabi.lib : fs_utof.asm.obj (.text)
                  00002f94    0000001c                     : boot.c.obj (.text:_c_int00_noargs)
                  00002fb0    00000018     Neo-AM-v1.0.obj (.text:UCA1_strout_length)
                  00002fc8    00000014     Neo-AM-v1.0.obj (.text:Timer_B7_init)
                  00002fdc    00000014     rts430_eabi.lib : copy_zero_init.c.obj (.text:decompress:ZI:__TI_zero_init_nomemset:__TI_zero_init_nomemset)
                  00002ff0    00000012                     : fixdu.c.obj (.text:__mspabi_fixdu)
                  00003002    00000012                     : copy_decompress_none.c.obj (.text:decompress:none:__TI_decompress_none)
                  00003014    00000012                     : lsr32.asm.obj (.text:l_lsr)
                  00003026    00000012                     : memcpy.c.obj (.text:memcpy)
                  00003038    00000010                     : epilog.asm.obj (.text)
                  00003048    0000000e     Neo-AM-v1.0.obj (.text:Addr_Get)
                  00003056    0000000e     Neo-AM-v1.0.obj (.text:UCA1_chout)
                  00003064    0000000a     Neo-AM-Func-v1.0.obj (.text:control_init)
                  0000306e    0000000a     Neo-AM-v1.0.obj (.text:sensor_init)
                  00003078    00000008     rts430_eabi.lib : isr_trap.asm.obj (.text:_isr:__TI_ISR_TRAP)
                  00003080    00000006                     : exit.c.obj (.text:abort)
                  00003086    00000004                     : pre_init.c.obj (.text:_system_pre_init)
                  0000308a    00000002                     : startup.c.obj (.text:_system_post_cinit)

.cinit     0    0000308c    00000026     
                  0000308c    00000014     (.cinit..data.load) [load image, compression = lzss]
                  000030a0    00000006     (__TI_handler_table)
                  000030a6    00000004     (.cinit..bss.load) [load image, compression = zero_init]
                  000030aa    00000008     (__TI_cinit_table)

.binit     0    00001100    00000000     

.init_array 
*          0    00001100    00000000     UNINITIALIZED

PORT2      0    0000ffe2    00000002     
                  0000ffe2    00000002     rts430_eabi.lib : int01.asm.obj (.int01)

USART1TX   0    0000ffe4    00000002     
                  0000ffe4    00000002     rts430_eabi.lib : int02.asm.obj (.int02)

USART1RX   0    0000ffe6    00000002     
                  0000ffe6    00000002     Neo-AM-v1.0.obj (.int03)

PORT1      0    0000ffe8    00000002     
                  0000ffe8    00000002     rts430_eabi.lib : int04.asm.obj (.int04)

TIMERA1    0    0000ffea    00000002     
                  0000ffea    00000002     rts430_eabi.lib : int05.asm.obj (.int05)

TIMERA0    0    0000ffec    00000002     
                  0000ffec    00000002     rts430_eabi.lib : int06.asm.obj (.int06)

ADC12      0    0000ffee    00000002     
                  0000ffee    00000002     rts430_eabi.lib : int07.asm.obj (.int07)

USART0TX   0    0000fff0    00000002     
                  0000fff0    00000002     rts430_eabi.lib : int08.asm.obj (.int08)

USART0RX   0    0000fff2    00000002     
                  0000fff2    00000002     rts430_eabi.lib : int09.asm.obj (.int09)

WDT        0    0000fff4    00000002     
                  0000fff4    00000002     rts430_eabi.lib : int10.asm.obj (.int10)

COMPARATORA 
*          0    0000fff6    00000002     
                  0000fff6    00000002     rts430_eabi.lib : int11.asm.obj (.int11)

TIMERB1    0    0000fff8    00000002     
                  0000fff8    00000002     rts430_eabi.lib : int12.asm.obj (.int12)

TIMERB0    0    0000fffa    00000002     
                  0000fffa    00000002     Neo-AM-v1.0.obj (.int13)

NMI        0    0000fffc    00000002     
                  0000fffc    00000002     rts430_eabi.lib : int14.asm.obj (.int14)

.reset     0    0000fffe    00000002     
                  0000fffe    00000002     rts430_eabi.lib : boot.c.obj (.reset)

MODULE SUMMARY

       Module                       code   ro data   rw data
       ------                       ----   -------   -------
    .\
       Neo-AM-v1.0.obj              2936   4         299    
       Neo-AM-Func-v1.0.obj         10     0         0      
    +--+----------------------------+------+---------+---------+
       Total:                       2946   4         299    
                                                            
    C:\ti\ccs1040\ccs\tools\compiler\ti-cgt-msp430_20.2.5.LTS\lib\rts430_eabi.lib
       addd.c.obj                   1846   0         0      
       mpyd.c.obj                   704    0         0      
       frcmpyd.c.obj                370    0         0      
       fs_add.asm.obj               306    0         0      
       fs_mpy.asm.obj               196    0         0      
       cvtdf.c.obj                  180    0         0      
       mult64_hw.asm.obj            150    0         0      
       copy_decompress_lzss.c.obj   124    0         0      
       fixdul.c.obj                 116    0         0      
       cvtfd.c.obj                  112    0         0      
       lsr16.asm.obj                76     0         0      
       asr64.c.obj                  74     0         0      
       fs_cmp.asm.obj               74     0         0      
       mult3264_hw.asm.obj          74     0         0      
       fs_tou.asm.obj               70     0         0      
       lsr64.c.obj                  70     0         0      
       lsl64.c.obj                  68     0         0      
       autoinit.c.obj               66     0         0      
       asr32.asm.obj                62     0         0      
       lsl32.asm.obj                62     0         0      
       fs_ultof.asm.obj             50     0         0      
       asr16.asm.obj                44     0         0      
       lsl16.asm.obj                44     0         0      
       fs_utof.asm.obj              36     0         0      
       boot.c.obj                   28     2         0      
       copy_zero_init.c.obj         20     0         0      
       copy_decompress_none.c.obj   18     0         0      
       fixdu.c.obj                  18     0         0      
       lsr32.asm.obj                18     0         0      
       memcpy.c.obj                 18     0         0      
       epilog.asm.obj               16     0         0      
       isr_trap.asm.obj             8      0         0      
       exit.c.obj                   6      0         0      
       pre_init.c.obj               4      0         0      
       int01.asm.obj                0      2         0      
       int02.asm.obj                0      2         0      
       int04.asm.obj                0      2         0      
       int05.asm.obj                0      2         0      
       int06.asm.obj                0      2         0      
       int07.asm.obj                0      2         0      
       int08.asm.obj                0      2         0      
       int09.asm.obj                0      2         0      
       int10.asm.obj                0      2         0      
       int11.asm.obj                0      2         0      
       int12.asm.obj                0      2         0      
       int14.asm.obj                0      2         0      
       startup.c.obj                2      0         0      
    +--+----------------------------+------+---------+---------+
       Total:                       5130   26        0      
                                                            
       Stack:                       0      0         80     
       Linker Generated:            0      38        0      
    +--+----------------------------+------+---------+---------+
       Grand Total:                 8076   68        379    


LINKER GENERATED COPY TABLES

__TI_cinit_table @ 000030aa records: 2, size/record: 4, table size: 8
	.data: load addr=0000308c, load size=00000014 bytes, run addr=00000200, run size=00000106 bytes, compression=lzss
	.bss: load addr=000030a6, load size=00000004 bytes, run addr=00000306, run size=00000025 bytes, compression=zero_init


LINKER GENERATED HANDLER TABLE

__TI_handler_table @ 000030a0 records: 3, size/record: 2, table size: 6
	index: 0, handler: __TI_zero_init
	index: 1, handler: __TI_decompress_lzss
	index: 2, handler: __TI_decompress_none


GLOBAL SYMBOLS: SORTED ALPHABETICALLY BY Name 

address   name                          
-------   ----                          
000001a0  ADC12CTL0                     
000001a2  ADC12CTL1                     
000001a6  ADC12IE                       
000001a4  ADC12IFG                      
000001a8  ADC12IV                       
00000080  ADC12MCTL0                    
00000081  ADC12MCTL1                    
0000008a  ADC12MCTL10                   
0000008b  ADC12MCTL11                   
0000008c  ADC12MCTL12                   
0000008d  ADC12MCTL13                   
0000008e  ADC12MCTL14                   
0000008f  ADC12MCTL15                   
00000082  ADC12MCTL2                    
00000083  ADC12MCTL3                    
00000084  ADC12MCTL4                    
00000085  ADC12MCTL5                    
00000086  ADC12MCTL6                    
00000087  ADC12MCTL7                    
00000088  ADC12MCTL8                    
00000089  ADC12MCTL9                    
00000140  ADC12MEM0                     
00000142  ADC12MEM1                     
00000154  ADC12MEM10                    
00000156  ADC12MEM11                    
00000158  ADC12MEM12                    
0000015a  ADC12MEM13                    
0000015c  ADC12MEM14                    
0000015e  ADC12MEM15                    
00000144  ADC12MEM2                     
00000146  ADC12MEM3                     
00000148  ADC12MEM4                     
0000014a  ADC12MEM5                     
0000014c  ADC12MEM6                     
0000014e  ADC12MEM7                     
00000150  ADC12MEM8                     
00000152  ADC12MEM9                     
00000322  Addr_485                      
00003048  Addr_Get                      
00000057  BCSCTL1                       
00000058  BCSCTL2                       
00003080  C$$EXIT                       
00000059  CACTL1                        
0000005a  CACTL2                        
0000005b  CAPD                          
00000056  DCOCTL                        
00000128  FCTL1                         
0000012a  FCTL2                         
0000012c  FCTL3                         
00000000  IE1                           
00000001  IE2                           
00000002  IFG1                          
00000003  IFG2                          
00002f20  IOPort_init                   
00002aa6  Init_Input                    
00000323  Init_in_stat                  
00000324  Init_input_stat               
000002ae  Init_key_counter              
00000325  Init_old_input_stat           
000002ac  Init_zero_count               
00000134  MAC                           
00000136  MACS                          
00000004  ME1                           
00000005  ME2                           
00000130  MPY                           
00000132  MPYS                          
00000298  Max_Pressure                  
0000029c  Min_Pressure                  
00000138  OP2                           
00000022  P1DIR                         
00000025  P1IE                          
00000024  P1IES                         
00000023  P1IFG                         
00000020  P1IN                          
00000021  P1OUT                         
00000026  P1SEL                         
00000290  P1_Value                      
0000002a  P2DIR                         
0000002d  P2IE                          
0000002c  P2IES                         
0000002b  P2IFG                         
00000028  P2IN                          
00000029  P2OUT                         
0000002e  P2SEL                         
00000292  P2_Value                      
0000001a  P3DIR                         
00000018  P3IN                          
00000019  P3OUT                         
0000001b  P3SEL                         
00000294  P3_Value                      
0000001e  P4DIR                         
0000001c  P4IN                          
0000001d  P4OUT                         
0000001f  P4SEL                         
00000296  P4_Value                      
00000032  P5DIR                         
00000030  P5IN                          
00000031  P5OUT                         
00000033  P5SEL                         
00000036  P6DIR                         
00000034  P6IN                          
00000035  P6OUT                         
00000037  P6SEL                         
000002a2  P_Init_Val1                   
000002a4  P_Init_Val2                   
000002a6  P_Init_Val3                   
000002a8  P_Init_Val4                   
000002a0  P_Read_Flag                   
00002632  Pressure_Data_Send1           
00000318  Pressure_KPA                  
0000013c  RESHI                         
0000013a  RESLO                         
00001f54  ReadCount1                    
000020b4  ReadCount2                    
00001c70  ReadCount3                    
00001af6  ReadCount4                    
0000013e  SUMEXT                        
00000172  TACCR0                        
00000174  TACCR1                        
00000176  TACCR2                        
00000162  TACCTL0                       
00000164  TACCTL1                       
00000166  TACCTL2                       
00000160  TACTL                         
0000012e  TAIV                          
00000170  TAR                           
00000192  TBCCR0                        
00000194  TBCCR1                        
00000196  TBCCR2                        
00000198  TBCCR3                        
0000019a  TBCCR4                        
0000019c  TBCCR5                        
0000019e  TBCCR6                        
00000182  TBCCTL0                       
00000184  TBCCTL1                       
00000186  TBCCTL2                       
00000188  TBCCTL3                       
0000018a  TBCCTL4                       
0000018c  TBCCTL5                       
0000018e  TBCCTL6                       
00000180  TBCTL                         
0000011e  TBIV                          
00000190  TBR                           
00002346  Timer_B                       
00002fc8  Timer_B7_init                 
00000074  U0BR0                         
00000075  U0BR1                         
00000070  U0CTL                         
00000073  U0MCTL                        
00000072  U0RCTL                        
00000076  U0RXBUF                       
00000071  U0TCTL                        
00000077  U0TXBUF                       
0000007c  U1BR0                         
0000007d  U1BR1                         
00000078  U1CTL                         
0000007b  U1MCTL                        
0000007a  U1RCTL                        
0000007e  U1RXBUF                       
00000079  U1TCTL                        
0000007f  U1TXBUF                       
00002d1c  UART_Init                     
00003056  UCA1_chout                    
00002fb0  UCA1_strout_length            
00000120  WDTCTL                        
00000a00  __STACK_END                   
00000050  __STACK_SIZE                  
000030aa  __TI_CINIT_Base               
000030b2  __TI_CINIT_Limit              
000030a0  __TI_Handler_Table_Base       
000030a6  __TI_Handler_Table_Limit      
00003078  __TI_ISR_TRAP                 
00002da4  __TI_auto_init_nobinit_nopinit
00002946  __TI_decompress_lzss          
00003002  __TI_decompress_none          
00001de2  __TI_frcmpyd                  
0000ffe2  __TI_int01                    
0000ffe4  __TI_int02                    
0000ffe6  __TI_int03                    
0000ffe8  __TI_int04                    
0000ffea  __TI_int05                    
0000ffec  __TI_int06                    
0000ffee  __TI_int07                    
0000fff0  __TI_int08                    
0000fff2  __TI_int09                    
0000fff4  __TI_int10                    
0000fff6  __TI_int11                    
0000fff8  __TI_int12                    
0000fffa  __TI_int13                    
0000fffc  __TI_int14                    
ffffffff  __TI_pprof_out_hndl           
ffffffff  __TI_prof_data_size           
ffffffff  __TI_prof_data_start          
00002fdc  __TI_zero_init_nomemset       
ffffffff  __c_args__                    
00001100  __mspabi_addd                 
0000221a  __mspabi_addf                 
00002c46  __mspabi_cmpf                 
000024d4  __mspabi_cvtdf                
00002a36  __mspabi_cvtfd                
00002ff0  __mspabi_fixdu                
000029c2  __mspabi_fixdul               
00002cd6  __mspabi_fixfu                
00002f70  __mspabi_fltuf                
00002e96  __mspabi_fltulf               
00003044  __mspabi_func_epilog_1        
00003042  __mspabi_func_epilog_2        
00003040  __mspabi_func_epilog_3        
0000303e  __mspabi_func_epilog_4        
0000303c  __mspabi_func_epilog_5        
0000303a  __mspabi_func_epilog_6        
00003038  __mspabi_func_epilog_7        
00001836  __mspabi_mpyd                 
00002410  __mspabi_mpyf                 
0000282a  __mspabi_mpyll_hw             
00002bb2  __mspabi_mpyull_hw            
00002ef4  __mspabi_slli                 
00002f1c  __mspabi_slli_1               
00002f0a  __mspabi_slli_10              
00002f08  __mspabi_slli_11              
00002f06  __mspabi_slli_12              
00002f04  __mspabi_slli_13              
00002f02  __mspabi_slli_14              
00002f00  __mspabi_slli_15              
00002f1a  __mspabi_slli_2               
00002f18  __mspabi_slli_3               
00002f16  __mspabi_slli_4               
00002f14  __mspabi_slli_5               
00002f12  __mspabi_slli_6               
00002f10  __mspabi_slli_7               
00002f0e  __mspabi_slli_8               
00002f0c  __mspabi_slli_9               
00002e5c  __mspabi_slll_1               
00002e38  __mspabi_slll_10              
00002e34  __mspabi_slll_11              
00002e30  __mspabi_slll_12              
00002e2c  __mspabi_slll_13              
00002e28  __mspabi_slll_14              
00002e24  __mspabi_slll_15              
00002e58  __mspabi_slll_2               
00002e54  __mspabi_slll_3               
00002e50  __mspabi_slll_4               
00002e4c  __mspabi_slll_5               
00002e48  __mspabi_slll_6               
00002e44  __mspabi_slll_7               
00002e40  __mspabi_slll_8               
00002e3c  __mspabi_slll_9               
00002d60  __mspabi_sllll                
00002ec8  __mspabi_srai                 
00002ef0  __mspabi_srai_1               
00002ede  __mspabi_srai_10              
00002edc  __mspabi_srai_11              
00002eda  __mspabi_srai_12              
00002ed8  __mspabi_srai_13              
00002ed6  __mspabi_srai_14              
00002ed4  __mspabi_srai_15              
00002eee  __mspabi_srai_2               
00002eec  __mspabi_srai_3               
00002eea  __mspabi_srai_4               
00002ee8  __mspabi_srai_5               
00002ee6  __mspabi_srai_6               
00002ee4  __mspabi_srai_7               
00002ee2  __mspabi_srai_8               
00002ee0  __mspabi_srai_9               
00002e1e  __mspabi_sral_1               
00002dfa  __mspabi_sral_10              
00002df6  __mspabi_sral_11              
00002df2  __mspabi_sral_12              
00002dee  __mspabi_sral_13              
00002dea  __mspabi_sral_14              
00002de6  __mspabi_sral_15              
00002e1a  __mspabi_sral_2               
00002e16  __mspabi_sral_3               
00002e12  __mspabi_sral_4               
00002e0e  __mspabi_sral_5               
00002e0a  __mspabi_sral_6               
00002e06  __mspabi_sral_7               
00002e02  __mspabi_sral_8               
00002dfe  __mspabi_sral_9               
00002bfc  __mspabi_srall                
00002b66  __mspabi_srli                 
00002bac  __mspabi_srli_1               
00002b88  __mspabi_srli_10              
00002b84  __mspabi_srli_11              
00002b80  __mspabi_srli_12              
00002b7c  __mspabi_srli_13              
00002b78  __mspabi_srli_14              
00002b74  __mspabi_srli_15              
00002ba8  __mspabi_srli_2               
00002ba4  __mspabi_srli_3               
00002ba0  __mspabi_srli_4               
00002b9c  __mspabi_srli_5               
00002b98  __mspabi_srli_6               
00002b94  __mspabi_srli_7               
00002b90  __mspabi_srli_8               
00002b8c  __mspabi_srli_9               
00003014  __mspabi_srll                 
00002c90  __mspabi_srlll                
00002214  __mspabi_subf                 
00002f94  _c_int00_noargs               
0000fffe  _reset_vector                 
000009b0  _stack                        
0000308a  _system_post_cinit            
00003086  _system_pre_init              
00003080  abort                         
00000306  bf_data                       
00002f4a  clock_init                    
0000026e  cnt_100ms                     
00000268  cnt_10ms                      
0000027c  cnt_10sec                     
00000264  cnt_1ms                       
00000278  cnt_1sec                      
00000270  cnt_200ms                     
0000026a  cnt_20ms                      
00000272  cnt_250ms                     
00000276  cnt_2sec                      
0000027e  cnt_30sec                     
00000274  cnt_500ms                     
0000026c  cnt_50ms                      
00000266  cnt_5ms                       
0000027a  cnt_5sec                      
00000326  compare_cnt1                  
00003064  control_init                  
00000285  f_100ms                       
00000282  f_10ms                        
0000028c  f_10sec                       
00000280  f_1ms                         
00000289  f_1sec                        
00000286  f_200ms                       
00000283  f_20ms                        
00000287  f_250ms                       
0000028a  f_2sec                        
0000028d  f_30sec                       
00000288  f_500ms                       
00000284  f_50ms                        
00000281  f_5ms                         
0000028b  f_5sec                        
000002b1  f_rcv_cnt1                    
000002b5  f_rcv_proc1                   
000002b0  f_rcv_start1                  
000002af  first_flag1                   
000028c0  flashData_init                
00002b0a  flash_read                    
00002588  flash_write                   
0000031c  float_temp1                   
00000327  free_byte0                    
000026da  main                          
00003026  memcpy                        
00000320  p_rcv_buf1                    
000002ab  pump_on                       
00000328  rcv_address                   
000002b6  rcv_buf1                      
000002b2  rcv_cnt1                      
00000329  rcv_command1                  
0000032a  rcv_data1                     
000002b3  rcv_end_cnt1                  
00002e62  rcv_proc1                     
000002b4  rcv_start_cnt1                
0000306e  sensor_init                   
000002aa  sensor_init_en                
00000200  trs_buf1                      
00002782  usart1_rx                     
0000028e  waiting_tm                    


GLOBAL SYMBOLS: SORTED BY Symbol Address 

address   name                          
-------   ----                          
00000000  IE1                           
00000001  IE2                           
00000002  IFG1                          
00000003  IFG2                          
00000004  ME1                           
00000005  ME2                           
00000018  P3IN                          
00000019  P3OUT                         
0000001a  P3DIR                         
0000001b  P3SEL                         
0000001c  P4IN                          
0000001d  P4OUT                         
0000001e  P4DIR                         
0000001f  P4SEL                         
00000020  P1IN                          
00000021  P1OUT                         
00000022  P1DIR                         
00000023  P1IFG                         
00000024  P1IES                         
00000025  P1IE                          
00000026  P1SEL                         
00000028  P2IN                          
00000029  P2OUT                         
0000002a  P2DIR                         
0000002b  P2IFG                         
0000002c  P2IES                         
0000002d  P2IE                          
0000002e  P2SEL                         
00000030  P5IN                          
00000031  P5OUT                         
00000032  P5DIR                         
00000033  P5SEL                         
00000034  P6IN                          
00000035  P6OUT                         
00000036  P6DIR                         
00000037  P6SEL                         
00000050  __STACK_SIZE                  
00000056  DCOCTL                        
00000057  BCSCTL1                       
00000058  BCSCTL2                       
00000059  CACTL1                        
0000005a  CACTL2                        
0000005b  CAPD                          
00000070  U0CTL                         
00000071  U0TCTL                        
00000072  U0RCTL                        
00000073  U0MCTL                        
00000074  U0BR0                         
00000075  U0BR1                         
00000076  U0RXBUF                       
00000077  U0TXBUF                       
00000078  U1CTL                         
00000079  U1TCTL                        
0000007a  U1RCTL                        
0000007b  U1MCTL                        
0000007c  U1BR0                         
0000007d  U1BR1                         
0000007e  U1RXBUF                       
0000007f  U1TXBUF                       
00000080  ADC12MCTL0                    
00000081  ADC12MCTL1                    
00000082  ADC12MCTL2                    
00000083  ADC12MCTL3                    
00000084  ADC12MCTL4                    
00000085  ADC12MCTL5                    
00000086  ADC12MCTL6                    
00000087  ADC12MCTL7                    
00000088  ADC12MCTL8                    
00000089  ADC12MCTL9                    
0000008a  ADC12MCTL10                   
0000008b  ADC12MCTL11                   
0000008c  ADC12MCTL12                   
0000008d  ADC12MCTL13                   
0000008e  ADC12MCTL14                   
0000008f  ADC12MCTL15                   
0000011e  TBIV                          
00000120  WDTCTL                        
00000128  FCTL1                         
0000012a  FCTL2                         
0000012c  FCTL3                         
0000012e  TAIV                          
00000130  MPY                           
00000132  MPYS                          
00000134  MAC                           
00000136  MACS                          
00000138  OP2                           
0000013a  RESLO                         
0000013c  RESHI                         
0000013e  SUMEXT                        
00000140  ADC12MEM0                     
00000142  ADC12MEM1                     
00000144  ADC12MEM2                     
00000146  ADC12MEM3                     
00000148  ADC12MEM4                     
0000014a  ADC12MEM5                     
0000014c  ADC12MEM6                     
0000014e  ADC12MEM7                     
00000150  ADC12MEM8                     
00000152  ADC12MEM9                     
00000154  ADC12MEM10                    
00000156  ADC12MEM11                    
00000158  ADC12MEM12                    
0000015a  ADC12MEM13                    
0000015c  ADC12MEM14                    
0000015e  ADC12MEM15                    
00000160  TACTL                         
00000162  TACCTL0                       
00000164  TACCTL1                       
00000166  TACCTL2                       
00000170  TAR                           
00000172  TACCR0                        
00000174  TACCR1                        
00000176  TACCR2                        
00000180  TBCTL                         
00000182  TBCCTL0                       
00000184  TBCCTL1                       
00000186  TBCCTL2                       
00000188  TBCCTL3                       
0000018a  TBCCTL4                       
0000018c  TBCCTL5                       
0000018e  TBCCTL6                       
00000190  TBR                           
00000192  TBCCR0                        
00000194  TBCCR1                        
00000196  TBCCR2                        
00000198  TBCCR3                        
0000019a  TBCCR4                        
0000019c  TBCCR5                        
0000019e  TBCCR6                        
000001a0  ADC12CTL0                     
000001a2  ADC12CTL1                     
000001a4  ADC12IFG                      
000001a6  ADC12IE                       
000001a8  ADC12IV                       
00000200  trs_buf1                      
00000264  cnt_1ms                       
00000266  cnt_5ms                       
00000268  cnt_10ms                      
0000026a  cnt_20ms                      
0000026c  cnt_50ms                      
0000026e  cnt_100ms                     
00000270  cnt_200ms                     
00000272  cnt_250ms                     
00000274  cnt_500ms                     
00000276  cnt_2sec                      
00000278  cnt_1sec                      
0000027a  cnt_5sec                      
0000027c  cnt_10sec                     
0000027e  cnt_30sec                     
00000280  f_1ms                         
00000281  f_5ms                         
00000282  f_10ms                        
00000283  f_20ms                        
00000284  f_50ms                        
00000285  f_100ms                       
00000286  f_200ms                       
00000287  f_250ms                       
00000288  f_500ms                       
00000289  f_1sec                        
0000028a  f_2sec                        
0000028b  f_5sec                        
0000028c  f_10sec                       
0000028d  f_30sec                       
0000028e  waiting_tm                    
00000290  P1_Value                      
00000292  P2_Value                      
00000294  P3_Value                      
00000296  P4_Value                      
00000298  Max_Pressure                  
0000029c  Min_Pressure                  
000002a0  P_Read_Flag                   
000002a2  P_Init_Val1                   
000002a4  P_Init_Val2                   
000002a6  P_Init_Val3                   
000002a8  P_Init_Val4                   
000002aa  sensor_init_en                
000002ab  pump_on                       
000002ac  Init_zero_count               
000002ae  Init_key_counter              
000002af  first_flag1                   
000002b0  f_rcv_start1                  
000002b1  f_rcv_cnt1                    
000002b2  rcv_cnt1                      
000002b3  rcv_end_cnt1                  
000002b4  rcv_start_cnt1                
000002b5  f_rcv_proc1                   
000002b6  rcv_buf1                      
00000306  bf_data                       
00000318  Pressure_KPA                  
0000031c  float_temp1                   
00000320  p_rcv_buf1                    
00000322  Addr_485                      
00000323  Init_in_stat                  
00000324  Init_input_stat               
00000325  Init_old_input_stat           
00000326  compare_cnt1                  
00000327  free_byte0                    
00000328  rcv_address                   
00000329  rcv_command1                  
0000032a  rcv_data1                     
000009b0  _stack                        
00000a00  __STACK_END                   
00001100  __mspabi_addd                 
00001836  __mspabi_mpyd                 
00001af6  ReadCount4                    
00001c70  ReadCount3                    
00001de2  __TI_frcmpyd                  
00001f54  ReadCount1                    
000020b4  ReadCount2                    
00002214  __mspabi_subf                 
0000221a  __mspabi_addf                 
00002346  Timer_B                       
00002410  __mspabi_mpyf                 
000024d4  __mspabi_cvtdf                
00002588  flash_write                   
00002632  Pressure_Data_Send1           
000026da  main                          
00002782  usart1_rx                     
0000282a  __mspabi_mpyll_hw             
000028c0  flashData_init                
00002946  __TI_decompress_lzss          
000029c2  __mspabi_fixdul               
00002a36  __mspabi_cvtfd                
00002aa6  Init_Input                    
00002b0a  flash_read                    
00002b66  __mspabi_srli                 
00002b74  __mspabi_srli_15              
00002b78  __mspabi_srli_14              
00002b7c  __mspabi_srli_13              
00002b80  __mspabi_srli_12              
00002b84  __mspabi_srli_11              
00002b88  __mspabi_srli_10              
00002b8c  __mspabi_srli_9               
00002b90  __mspabi_srli_8               
00002b94  __mspabi_srli_7               
00002b98  __mspabi_srli_6               
00002b9c  __mspabi_srli_5               
00002ba0  __mspabi_srli_4               
00002ba4  __mspabi_srli_3               
00002ba8  __mspabi_srli_2               
00002bac  __mspabi_srli_1               
00002bb2  __mspabi_mpyull_hw            
00002bfc  __mspabi_srall                
00002c46  __mspabi_cmpf                 
00002c90  __mspabi_srlll                
00002cd6  __mspabi_fixfu                
00002d1c  UART_Init                     
00002d60  __mspabi_sllll                
00002da4  __TI_auto_init_nobinit_nopinit
00002de6  __mspabi_sral_15              
00002dea  __mspabi_sral_14              
00002dee  __mspabi_sral_13              
00002df2  __mspabi_sral_12              
00002df6  __mspabi_sral_11              
00002dfa  __mspabi_sral_10              
00002dfe  __mspabi_sral_9               
00002e02  __mspabi_sral_8               
00002e06  __mspabi_sral_7               
00002e0a  __mspabi_sral_6               
00002e0e  __mspabi_sral_5               
00002e12  __mspabi_sral_4               
00002e16  __mspabi_sral_3               
00002e1a  __mspabi_sral_2               
00002e1e  __mspabi_sral_1               
00002e24  __mspabi_slll_15              
00002e28  __mspabi_slll_14              
00002e2c  __mspabi_slll_13              
00002e30  __mspabi_slll_12              
00002e34  __mspabi_slll_11              
00002e38  __mspabi_slll_10              
00002e3c  __mspabi_slll_9               
00002e40  __mspabi_slll_8               
00002e44  __mspabi_slll_7               
00002e48  __mspabi_slll_6               
00002e4c  __mspabi_slll_5               
00002e50  __mspabi_slll_4               
00002e54  __mspabi_slll_3               
00002e58  __mspabi_slll_2               
00002e5c  __mspabi_slll_1               
00002e62  rcv_proc1                     
00002e96  __mspabi_fltulf               
00002ec8  __mspabi_srai                 
00002ed4  __mspabi_srai_15              
00002ed6  __mspabi_srai_14              
00002ed8  __mspabi_srai_13              
00002eda  __mspabi_srai_12              
00002edc  __mspabi_srai_11              
00002ede  __mspabi_srai_10              
00002ee0  __mspabi_srai_9               
00002ee2  __mspabi_srai_8               
00002ee4  __mspabi_srai_7               
00002ee6  __mspabi_srai_6               
00002ee8  __mspabi_srai_5               
00002eea  __mspabi_srai_4               
00002eec  __mspabi_srai_3               
00002eee  __mspabi_srai_2               
00002ef0  __mspabi_srai_1               
00002ef4  __mspabi_slli                 
00002f00  __mspabi_slli_15              
00002f02  __mspabi_slli_14              
00002f04  __mspabi_slli_13              
00002f06  __mspabi_slli_12              
00002f08  __mspabi_slli_11              
00002f0a  __mspabi_slli_10              
00002f0c  __mspabi_slli_9               
00002f0e  __mspabi_slli_8               
00002f10  __mspabi_slli_7               
00002f12  __mspabi_slli_6               
00002f14  __mspabi_slli_5               
00002f16  __mspabi_slli_4               
00002f18  __mspabi_slli_3               
00002f1a  __mspabi_slli_2               
00002f1c  __mspabi_slli_1               
00002f20  IOPort_init                   
00002f4a  clock_init                    
00002f70  __mspabi_fltuf                
00002f94  _c_int00_noargs               
00002fb0  UCA1_strout_length            
00002fc8  Timer_B7_init                 
00002fdc  __TI_zero_init_nomemset       
00002ff0  __mspabi_fixdu                
00003002  __TI_decompress_none          
00003014  __mspabi_srll                 
00003026  memcpy                        
00003038  __mspabi_func_epilog_7        
0000303a  __mspabi_func_epilog_6        
0000303c  __mspabi_func_epilog_5        
0000303e  __mspabi_func_epilog_4        
00003040  __mspabi_func_epilog_3        
00003042  __mspabi_func_epilog_2        
00003044  __mspabi_func_epilog_1        
00003048  Addr_Get                      
00003056  UCA1_chout                    
00003064  control_init                  
0000306e  sensor_init                   
00003078  __TI_ISR_TRAP                 
00003080  C$$EXIT                       
00003080  abort                         
00003086  _system_pre_init              
0000308a  _system_post_cinit            
000030a0  __TI_Handler_Table_Base       
000030a6  __TI_Handler_Table_Limit      
000030aa  __TI_CINIT_Base               
000030b2  __TI_CINIT_Limit              
0000ffe2  __TI_int01                    
0000ffe4  __TI_int02                    
0000ffe6  __TI_int03                    
0000ffe8  __TI_int04                    
0000ffea  __TI_int05                    
0000ffec  __TI_int06                    
0000ffee  __TI_int07                    
0000fff0  __TI_int08                    
0000fff2  __TI_int09                    
0000fff4  __TI_int10                    
0000fff6  __TI_int11                    
0000fff8  __TI_int12                    
0000fffa  __TI_int13                    
0000fffc  __TI_int14                    
0000fffe  _reset_vector                 
ffffffff  __TI_pprof_out_hndl           
ffffffff  __TI_prof_data_size           
ffffffff  __TI_prof_data_start          
ffffffff  __c_args__                    

[363 symbols]
