******************************************************************************
                  MSP430 Linker PC v21.6.1                     
******************************************************************************
>> Linked Fri Apr  5 13:50:56 2024

OUTPUT FILE NAME:   <Neo-AM-v1.1.out>
ENTRY POINT SYMBOL: "_c_int00_noargs"  address: 000066b6


MEMORY CONFIGURATION

         name            origin    length      used     unused   attr    fill
----------------------  --------  ---------  --------  --------  ----  --------
  SFR                   00000000   00000010  00000000  00000010  RWIX
  PERIPHERALS_8BIT      00000010   000000f0  00000000  000000f0  RWIX
  PERIPHERALS_16BIT     00000100   00000100  00000000  00000100  RWIX
  RAM                   00000200   00000800  00000183  0000067d  RWIX
  INFOB                 00001000   00000080  00000000  00000080  RWIX
  INFOA                 00001080   00000080  00000000  00000080  RWIX
  FLASH                 00001100   0000eee0  000056ca  00009816  RWIX
  INT00                 0000ffe0   00000002  00000000  00000002  RWIX
  INT01                 0000ffe2   00000002  00000002  00000000  RWIX
  INT02                 0000ffe4   00000002  00000002  00000000  RWIX
  INT03                 0000ffe6   00000002  00000002  00000000  RWIX
  INT04                 0000ffe8   00000002  00000002  00000000  RWIX
  INT05                 0000ffea   00000002  00000002  00000000  RWIX
  INT06                 0000ffec   00000002  00000002  00000000  RWIX
  INT07                 0000ffee   00000002  00000002  00000000  RWIX
  INT08                 0000fff0   00000002  00000002  00000000  RWIX
  INT09                 0000fff2   00000002  00000002  00000000  RWIX
  INT10                 0000fff4   00000002  00000002  00000000  RWIX
  INT11                 0000fff6   00000002  00000002  00000000  RWIX
  INT12                 0000fff8   00000002  00000002  00000000  RWIX
  INT13                 0000fffa   00000002  00000002  00000000  RWIX
  INT14                 0000fffc   00000002  00000002  00000000  RWIX
  RESET                 0000fffe   00000002  00000002  00000000  RWIX


SECTION ALLOCATION MAP

 output                                  attributes/
section   page    origin      length       input sections
--------  ----  ----------  ----------   ----------------
.data      0    00000200    0000010e     UNINITIALIZED
                  00000200    00000064     Neo-AM-v1.23.obj (.data:trs_buf1)
                  00000264    0000005a     Neo-AM-v1.23.obj (.data)
                  000002be    00000050     Neo-AM-v1.23.obj (.data:rcv_buf1)

.bss       0    0000030e    00000025     UNINITIALIZED
                  0000030e    00000012     (.common:bf_data)
                  00000320    00000004     (.common:Pressure_KPA)
                  00000324    00000004     (.common:float_temp1)
                  00000328    00000002     (.common:p_rcv_buf1)
                  0000032a    00000001     (.common:Addr_485)
                  0000032b    00000001     (.common:Cmd_Dat)
                  0000032c    00000001     (.common:Pres_Dat)
                  0000032d    00000001     (.common:Time_Dat)
                  0000032e    00000001     (.common:compare_cnt1)
                  0000032f    00000001     (.common:free_byte0)
                  00000330    00000001     (.common:rcv_address)
                  00000331    00000001     (.common:rcv_command1)
                  00000332    00000001     (.common:rcv_data1)

.stack     0    000009b0    00000050     UNINITIALIZED
                  000009b0    00000002     rts430_eabi.lib : boot.c.obj (.stack)
                  000009b2    0000004e     --HOLE--

.text      0    00001100    000056a4     
                  00001100    00000736     rts430_eabi.lib : addd.c.obj (.text:__mspabi_addd)
                  00001836    000003f4     Neo-AM-v1.23.obj (.text:main)
                  00001c2a    000002c0     Neo-AM-v1.23.obj (.text:OUT_Open_Time_M1)
                  00001eea    000002c0     rts430_eabi.lib : mpyd.c.obj (.text:__mspabi_mpyd)
                  000021aa    00000172                     : frcmpyd.c.obj (.text:__TI_frcmpyd)
                  0000231c    0000015a     Neo-AM-v1.23.obj (.text:ReadCount3)
                  00002476    0000015a     Neo-AM-v1.23.obj (.text:ReadCount4)
                  000025d0    00000158     Neo-AM-v1.23.obj (.text:IN_Close_M15)
                  00002728    00000158     Neo-AM-v1.23.obj (.text:IN_Open_M15)
                  00002880    00000158     Neo-AM-v1.23.obj (.text:OUT_Close_M15)
                  000029d8    00000158     Neo-AM-v1.23.obj (.text:OUT_Open_M15)
                  00002b30    00000148     Neo-AM-v1.23.obj (.text:ReadCount1)
                  00002c78    00000148     Neo-AM-v1.23.obj (.text:ReadCount2)
                  00002dc0    00000132     rts430_eabi.lib : fs_add.asm.obj (.text)
                  00002ef2    0000011a     Neo-AM-v1.23.obj (.text:IN_Close_M14)
                  0000300c    0000011a     Neo-AM-v1.23.obj (.text:IN_Open_M14)
                  00003126    0000011a     Neo-AM-v1.23.obj (.text:OUT_Close_M14)
                  00003240    0000011a     Neo-AM-v1.23.obj (.text:OUT_Open_M14)
                  0000335a    00000114     Neo-AM-v1.23.obj (.text:IN_Close_M12)
                  0000346e    00000114     Neo-AM-v1.23.obj (.text:IN_Open_M12)
                  00003582    00000114     Neo-AM-v1.23.obj (.text:OUT_Close_M12)
                  00003696    00000114     Neo-AM-v1.23.obj (.text:OUT_Open_M12)
                  000037aa    00000112     Neo-AM-v1.23.obj (.text:IN_Close_M13)
                  000038bc    00000112     Neo-AM-v1.23.obj (.text:IN_Open_M13)
                  000039ce    00000112     Neo-AM-v1.23.obj (.text:OUT_Close_M13)
                  00003ae0    00000112     Neo-AM-v1.23.obj (.text:OUT_Open_M13)
                  00003bf2    0000010c     Neo-AM-v1.23.obj (.text:IN_Close_M11)
                  00003cfe    0000010c     Neo-AM-v1.23.obj (.text:IN_Open_M11)
                  00003e0a    0000010c     Neo-AM-v1.23.obj (.text:OUT_Close_M11)
                  00003f16    0000010c     Neo-AM-v1.23.obj (.text:OUT_Open_M11)
                  00004022    00000108     Neo-AM-v1.23.obj (.text:rcv_proc1)
                  0000412a    000000d6     Neo-AM-v1.23.obj (.text:IN_Close_M9)
                  00004200    000000d6     Neo-AM-v1.23.obj (.text:IN_Open_M9)
                  000042d6    000000d6     Neo-AM-v1.23.obj (.text:OUT_Close_M9)
                  000043ac    000000d6     Neo-AM-v1.23.obj (.text:OUT_Open_M9)
                  00004482    000000d4     Neo-AM-v1.23.obj (.text:IN_Close_M10)
                  00004556    000000d4     Neo-AM-v1.23.obj (.text:IN_Open_M10)
                  0000462a    000000d4     Neo-AM-v1.23.obj (.text:OUT_Close_M10)
                  000046fe    000000d4     Neo-AM-v1.23.obj (.text:OUT_Open_M10)
                  000047d2    000000d2     Neo-AM-v1.23.obj (.text:Preessure_M1)
                  000048a4    000000ce     Neo-AM-v1.23.obj (.text:IN_Close_M7)
                  00004972    000000ce     Neo-AM-v1.23.obj (.text:IN_Close_M8)
                  00004a40    000000ce     Neo-AM-v1.23.obj (.text:IN_Open_M7)
                  00004b0e    000000ce     Neo-AM-v1.23.obj (.text:IN_Open_M8)
                  00004bdc    000000ce     Neo-AM-v1.23.obj (.text:OUT_Close_M7)
                  00004caa    000000ce     Neo-AM-v1.23.obj (.text:OUT_Close_M8)
                  00004d78    000000ce     Neo-AM-v1.23.obj (.text:OUT_Open_M7)
                  00004e46    000000ce     Neo-AM-v1.23.obj (.text:OUT_Open_M8)
                  00004f14    000000c8     Neo-AM-v1.23.obj (.text:IN_Open_M5)
                  00004fdc    000000c8     Neo-AM-v1.23.obj (.text:OUT_Close_M5)
                  000050a4    000000c8     Neo-AM-v1.23.obj (.text:OUT_Open_M5)
                  0000516c    000000c6     Neo-AM-v1.23.obj (.text:IN_Close_M5)
                  00005232    000000c6     Neo-AM-v1.23.obj (.text:IN_Close_M6)
                  000052f8    000000c6     Neo-AM-v1.23.obj (.text:IN_Open_M6)
                  000053be    000000c6     Neo-AM-v1.23.obj (.text:OUT_Close_M6)
                  00005484    000000c6     Neo-AM-v1.23.obj (.text:OUT_Open_M6)
                  0000554a    000000c4     Neo-AM-v1.23.obj (.text:Timer_B)
                  0000560e    000000c4     rts430_eabi.lib : fs_mpy.asm.obj (.text)
                  000056d2    000000b4                     : cvtdf.c.obj (.text:__mspabi_cvtdf)
                  00005786    000000aa     Neo-AM-v1.23.obj (.text:Pressure_Data_Send1)
                  00005830    000000a8     Neo-AM-v1.23.obj (.text:usart1_rx)
                  000058d8    00000096     rts430_eabi.lib : mult64_hw.asm.obj (.text:__mpyll)
                  0000596e    00000082     Neo-AM-v1.23.obj (.text:Answer_Mquestion)
                  000059f0    0000007c     rts430_eabi.lib : copy_decompress_lzss.c.obj (.text:decompress:lzss:__TI_decompress_lzss)
                  00005a6c    00000078     Neo-AM-v1.23.obj (.text:IN_Close_M4)
                  00005ae4    00000078     Neo-AM-v1.23.obj (.text:IN_Open_M4)
                  00005b5c    00000078     Neo-AM-v1.23.obj (.text:OUT_Close_M4)
                  00005bd4    00000078     Neo-AM-v1.23.obj (.text:OUT_Open_M4)
                  00005c4c    00000074     rts430_eabi.lib : fixdul.c.obj (.text:__mspabi_fixdul)
                  00005cc0    00000072     Neo-AM-v1.23.obj (.text:IN_Close_M2)
                  00005d32    00000072     Neo-AM-v1.23.obj (.text:IN_Open_M2)
                  00005da4    00000072     Neo-AM-v1.23.obj (.text:OUT_Close_M2)
                  00005e16    00000072     Neo-AM-v1.23.obj (.text:OUT_Open_M2)
                  00005e88    00000070     Neo-AM-v1.23.obj (.text:IN_Close_M3)
                  00005ef8    00000070     Neo-AM-v1.23.obj (.text:IN_Open_M3)
                  00005f68    00000070     Neo-AM-v1.23.obj (.text:OUT_Close_M3)
                  00005fd8    00000070     Neo-AM-v1.23.obj (.text:OUT_Open_M3)
                  00006048    00000070     rts430_eabi.lib : cvtfd.c.obj (.text:__mspabi_cvtfd)
                  000060b8    0000006a     Neo-AM-v1.23.obj (.text:IN_Close_M1)
                  00006122    0000006a     Neo-AM-v1.23.obj (.text:IN_Open_M1)
                  0000618c    0000006a     Neo-AM-v1.23.obj (.text:OUT_Close_M1)
                  000061f6    0000006a     Neo-AM-v1.23.obj (.text:OUT_Open_M1)
                  00006260    0000005c     Neo-AM-v1.23.obj (.text:flash_read)
                  000062bc    0000004c     rts430_eabi.lib : lsr16.asm.obj (.text)
                  00006308    0000004a                     : mult3264_hw.asm.obj (.text:__mpyull)
                  00006352    0000004a                     : asr64.c.obj (.text:__mspabi_srall)
                  0000639c    0000004a                     : fs_cmp.asm.obj (.text)
                  000063e6    00000046                     : lsr64.c.obj (.text:__mspabi_srlll)
                  0000642c    00000044     Neo-AM-v1.23.obj (.text:UART_Init)
                  00006470    00000044     rts430_eabi.lib : lsl64.c.obj (.text:__mspabi_sllll)
                  000064b4    00000042                     : autoinit.c.obj (.text:__TI_auto_init_nobinit_nopinit:__TI_auto_init_nobinit_nopinit)
                  000064f6    0000003e                     : asr32.asm.obj (.text:l_asr_const)
                  00006534    0000003e                     : lsl32.asm.obj (.text:l_lsl_const)
                  00006572    00000032                     : fs_ultof.asm.obj (.text)
                  000065a4    0000002c                     : asr16.asm.obj (.text)
                  000065d0    0000002c                     : lsl16.asm.obj (.text)
                  000065fc    0000002a     Neo-AM-v1.23.obj (.text:rcv_proc2)
                  00006626    00000026     Neo-AM-v1.23.obj (.text:IOPort_init)
                  0000664c    00000026     Neo-AM-v1.23.obj (.text:clock_init)
                  00006672    00000026     Neo-AM-v1.23.obj (.text:pressureCount)
                  00006698    0000001e     Neo-AM-v1.23.obj (.text:M485_Delay)
                  000066b6    0000001c     rts430_eabi.lib : boot.c.obj (.text:_c_int00_noargs)
                  000066d2    00000018     Neo-AM-v1.23.obj (.text:UCA1_strout_length)
                  000066ea    00000014     Neo-AM-v1.23.obj (.text:Timer_B7_init)
                  000066fe    00000014     rts430_eabi.lib : copy_zero_init.c.obj (.text:decompress:ZI:__TI_zero_init_nomemset:__TI_zero_init_nomemset)
                  00006712    00000012                     : fixdu.c.obj (.text:__mspabi_fixdu)
                  00006724    00000012                     : copy_decompress_none.c.obj (.text:decompress:none:__TI_decompress_none)
                  00006736    00000012                     : lsr32.asm.obj (.text:l_lsr)
                  00006748    00000012                     : memcpy.c.obj (.text:memcpy)
                  0000675a    00000010                     : epilog.asm.obj (.text)
                  0000676a    0000000e     Neo-AM-v1.23.obj (.text:Addr_Get)
                  00006778    0000000e     Neo-AM-v1.23.obj (.text:UCA1_chout)
                  00006786    0000000a     Neo-AM-Func-v1.1.obj (.text:control_init)
                  00006790    00000008     rts430_eabi.lib : isr_trap.asm.obj (.text:_isr:__TI_ISR_TRAP)
                  00006798    00000006                     : exit.c.obj (.text:abort)
                  0000679e    00000004                     : pre_init.c.obj (.text:_system_pre_init)
                  000067a2    00000002                     : startup.c.obj (.text:_system_post_cinit)

.cinit     0    000067a4    00000026     
                  000067a4    00000014     (.cinit..data.load) [load image, compression = lzss]
                  000067b8    00000006     (__TI_handler_table)
                  000067be    00000004     (.cinit..bss.load) [load image, compression = zero_init]
                  000067c2    00000008     (__TI_cinit_table)

.binit     0    00001100    00000000     

.init_array 
*          0    00001100    00000000     UNINITIALIZED

PORT2      0    0000ffe2    00000002     
                  0000ffe2    00000002     rts430_eabi.lib : int01.asm.obj (.int01)

USART1TX   0    0000ffe4    00000002     
                  0000ffe4    00000002     rts430_eabi.lib : int02.asm.obj (.int02)

USART1RX   0    0000ffe6    00000002     
                  0000ffe6    00000002     Neo-AM-v1.23.obj (.int03)

PORT1      0    0000ffe8    00000002     
                  0000ffe8    00000002     rts430_eabi.lib : int04.asm.obj (.int04)

TIMERA1    0    0000ffea    00000002     
                  0000ffea    00000002     rts430_eabi.lib : int05.asm.obj (.int05)

TIMERA0    0    0000ffec    00000002     
                  0000ffec    00000002     rts430_eabi.lib : int06.asm.obj (.int06)

ADC12      0    0000ffee    00000002     
                  0000ffee    00000002     rts430_eabi.lib : int07.asm.obj (.int07)

USART0TX   0    0000fff0    00000002     
                  0000fff0    00000002     rts430_eabi.lib : int08.asm.obj (.int08)

USART0RX   0    0000fff2    00000002     
                  0000fff2    00000002     rts430_eabi.lib : int09.asm.obj (.int09)

WDT        0    0000fff4    00000002     
                  0000fff4    00000002     rts430_eabi.lib : int10.asm.obj (.int10)

COMPARATORA 
*          0    0000fff6    00000002     
                  0000fff6    00000002     rts430_eabi.lib : int11.asm.obj (.int11)

TIMERB1    0    0000fff8    00000002     
                  0000fff8    00000002     rts430_eabi.lib : int12.asm.obj (.int12)

TIMERB0    0    0000fffa    00000002     
                  0000fffa    00000002     Neo-AM-v1.23.obj (.int13)

NMI        0    0000fffc    00000002     
                  0000fffc    00000002     rts430_eabi.lib : int14.asm.obj (.int14)

.reset     0    0000fffe    00000002     
                  0000fffe    00000002     rts430_eabi.lib : boot.c.obj (.reset)

MODULE SUMMARY

       Module                       code    ro data   rw data
       ------                       ----    -------   -------
    .\
       Neo-AM-v1.23.obj             17146   4         307    
       Neo-AM-Func-v1.1.obj         10      0         0      
    +--+----------------------------+-------+---------+---------+
       Total:                       17156   4         307    
                                                             
    C:\ti\ccs1250\ccs\tools\compiler\ti-cgt-msp430_21.6.1.LTS\lib\rts430_eabi.lib
       addd.c.obj                   1846    0         0      
       mpyd.c.obj                   704     0         0      
       frcmpyd.c.obj                370     0         0      
       fs_add.asm.obj               306     0         0      
       fs_mpy.asm.obj               196     0         0      
       cvtdf.c.obj                  180     0         0      
       mult64_hw.asm.obj            150     0         0      
       copy_decompress_lzss.c.obj   124     0         0      
       fixdul.c.obj                 116     0         0      
       cvtfd.c.obj                  112     0         0      
       lsr16.asm.obj                76      0         0      
       asr64.c.obj                  74      0         0      
       fs_cmp.asm.obj               74      0         0      
       mult3264_hw.asm.obj          74      0         0      
       lsr64.c.obj                  70      0         0      
       lsl64.c.obj                  68      0         0      
       autoinit.c.obj               66      0         0      
       asr32.asm.obj                62      0         0      
       lsl32.asm.obj                62      0         0      
       fs_ultof.asm.obj             50      0         0      
       asr16.asm.obj                44      0         0      
       lsl16.asm.obj                44      0         0      
       boot.c.obj                   28      2         0      
       copy_zero_init.c.obj         20      0         0      
       copy_decompress_none.c.obj   18      0         0      
       fixdu.c.obj                  18      0         0      
       lsr32.asm.obj                18      0         0      
       memcpy.c.obj                 18      0         0      
       epilog.asm.obj               16      0         0      
       isr_trap.asm.obj             8       0         0      
       exit.c.obj                   6       0         0      
       pre_init.c.obj               4       0         0      
       int01.asm.obj                0       2         0      
       int02.asm.obj                0       2         0      
       int04.asm.obj                0       2         0      
       int05.asm.obj                0       2         0      
       int06.asm.obj                0       2         0      
       int07.asm.obj                0       2         0      
       int08.asm.obj                0       2         0      
       int09.asm.obj                0       2         0      
       int10.asm.obj                0       2         0      
       int11.asm.obj                0       2         0      
       int12.asm.obj                0       2         0      
       int14.asm.obj                0       2         0      
       startup.c.obj                2       0         0      
    +--+----------------------------+-------+---------+---------+
       Total:                       5024    26        0      
                                                             
       Stack:                       0       0         80     
       Linker Generated:            0       38        0      
    +--+----------------------------+-------+---------+---------+
       Grand Total:                 22180   68        387    


LINKER GENERATED COPY TABLES

__TI_cinit_table @ 000067c2 records: 2, size/record: 4, table size: 8
	.data: load addr=000067a4, load size=00000014 bytes, run addr=00000200, run size=0000010e bytes, compression=lzss
	.bss: load addr=000067be, load size=00000004 bytes, run addr=0000030e, run size=00000025 bytes, compression=zero_init


LINKER GENERATED HANDLER TABLE

__TI_handler_table @ 000067b8 records: 3, size/record: 2, table size: 6
	index: 0, handler: __TI_zero_init
	index: 1, handler: __TI_decompress_lzss
	index: 2, handler: __TI_decompress_none


GLOBAL SYMBOLS: SORTED ALPHABETICALLY BY Name 

address   name                          
-------   ----                          
000001a0  ADC12CTL0                     
000001a2  ADC12CTL1                     
000001a6  ADC12IE                       
000001a4  ADC12IFG                      
000001a8  ADC12IV                       
00000080  ADC12MCTL0                    
00000081  ADC12MCTL1                    
0000008a  ADC12MCTL10                   
0000008b  ADC12MCTL11                   
0000008c  ADC12MCTL12                   
0000008d  ADC12MCTL13                   
0000008e  ADC12MCTL14                   
0000008f  ADC12MCTL15                   
00000082  ADC12MCTL2                    
00000083  ADC12MCTL3                    
00000084  ADC12MCTL4                    
00000085  ADC12MCTL5                    
00000086  ADC12MCTL6                    
00000087  ADC12MCTL7                    
00000088  ADC12MCTL8                    
00000089  ADC12MCTL9                    
00000140  ADC12MEM0                     
00000142  ADC12MEM1                     
00000154  ADC12MEM10                    
00000156  ADC12MEM11                    
00000158  ADC12MEM12                    
0000015a  ADC12MEM13                    
0000015c  ADC12MEM14                    
0000015e  ADC12MEM15                    
00000144  ADC12MEM2                     
00000146  ADC12MEM3                     
00000148  ADC12MEM4                     
0000014a  ADC12MEM5                     
0000014c  ADC12MEM6                     
0000014e  ADC12MEM7                     
00000150  ADC12MEM8                     
00000152  ADC12MEM9                     
0000032a  Addr_485                      
0000676a  Addr_Get                      
0000596e  Answer_Mquestion              
00000057  BCSCTL1                       
00000058  BCSCTL2                       
00006798  C$$EXIT                       
00000059  CACTL1                        
0000005a  CACTL2                        
0000005b  CAPD                          
000002ba  Calib_CmdFlag                 
0000032b  Cmd_Dat                       
00000056  DCOCTL                        
00000128  FCTL1                         
0000012a  FCTL2                         
0000012c  FCTL3                         
00000000  IE1                           
00000001  IE2                           
00000002  IFG1                          
00000003  IFG2                          
000002b7  INValve_ClFlag                
000002b6  INValve_OpFlag                
000060b8  IN_Close_M1                   
00004482  IN_Close_M10                  
00003bf2  IN_Close_M11                  
0000335a  IN_Close_M12                  
000037aa  IN_Close_M13                  
00002ef2  IN_Close_M14                  
000025d0  IN_Close_M15                  
00005cc0  IN_Close_M2                   
00005e88  IN_Close_M3                   
00005a6c  IN_Close_M4                   
0000516c  IN_Close_M5                   
00005232  IN_Close_M6                   
000048a4  IN_Close_M7                   
00004972  IN_Close_M8                   
0000412a  IN_Close_M9                   
00006122  IN_Open_M1                    
00004556  IN_Open_M10                   
00003cfe  IN_Open_M11                   
0000346e  IN_Open_M12                   
000038bc  IN_Open_M13                   
0000300c  IN_Open_M14                   
00002728  IN_Open_M15                   
00005d32  IN_Open_M2                    
00005ef8  IN_Open_M3                    
00005ae4  IN_Open_M4                    
00004f14  IN_Open_M5                    
000052f8  IN_Open_M6                    
00004a40  IN_Open_M7                    
00004b0e  IN_Open_M8                    
00004200  IN_Open_M9                    
00006626  IOPort_init                   
000002ae  Init_key_counter              
000002ac  Init_zero_count               
00006698  M485_Delay                    
00000134  MAC                           
00000136  MACS                          
00000004  ME1                           
00000005  ME2                           
00000130  MPY                           
00000132  MPYS                          
00000298  Max_Pressure                  
0000029c  Min_Pressure                  
000002bb  Motor_CmdFlag                 
00000138  OP2                           
000002b9  OUTValve_ClFlag               
000002b8  OUTValve_OpFlag               
0000618c  OUT_Close_M1                  
0000462a  OUT_Close_M10                 
00003e0a  OUT_Close_M11                 
00003582  OUT_Close_M12                 
000039ce  OUT_Close_M13                 
00003126  OUT_Close_M14                 
00002880  OUT_Close_M15                 
00005da4  OUT_Close_M2                  
00005f68  OUT_Close_M3                  
00005b5c  OUT_Close_M4                  
00004fdc  OUT_Close_M5                  
000053be  OUT_Close_M6                  
00004bdc  OUT_Close_M7                  
00004caa  OUT_Close_M8                  
000042d6  OUT_Close_M9                  
000061f6  OUT_Open_M1                   
000046fe  OUT_Open_M10                  
00003f16  OUT_Open_M11                  
00003696  OUT_Open_M12                  
00003ae0  OUT_Open_M13                  
00003240  OUT_Open_M14                  
000029d8  OUT_Open_M15                  
00005e16  OUT_Open_M2                   
00005fd8  OUT_Open_M3                   
00005bd4  OUT_Open_M4                   
000050a4  OUT_Open_M5                   
00005484  OUT_Open_M6                   
00004d78  OUT_Open_M7                   
00004e46  OUT_Open_M8                   
000043ac  OUT_Open_M9                   
00001c2a  OUT_Open_Time_M1              
000002bc  Open_TimeFlag                 
00000022  P1DIR                         
00000025  P1IE                          
00000024  P1IES                         
00000023  P1IFG                         
00000020  P1IN                          
00000021  P1OUT                         
00000026  P1SEL                         
00000290  P1_Value                      
0000002a  P2DIR                         
0000002d  P2IE                          
0000002c  P2IES                         
0000002b  P2IFG                         
00000028  P2IN                          
00000029  P2OUT                         
0000002e  P2SEL                         
00000292  P2_Value                      
0000001a  P3DIR                         
00000018  P3IN                          
00000019  P3OUT                         
0000001b  P3SEL                         
00000294  P3_Value                      
0000001e  P4DIR                         
0000001c  P4IN                          
0000001d  P4OUT                         
0000001f  P4SEL                         
00000296  P4_Value                      
00000032  P5DIR                         
00000030  P5IN                          
00000031  P5OUT                         
00000033  P5SEL                         
00000036  P6DIR                         
00000034  P6IN                          
00000035  P6OUT                         
00000037  P6SEL                         
000002a2  P_Init_Val1                   
000002a4  P_Init_Val2                   
000002a6  P_Init_Val3                   
000002a8  P_Init_Val4                   
000002a0  P_Read_Flag                   
000047d2  Preessure_M1                  
0000032c  Pres_Dat                      
00005786  Pressure_Data_Send1           
00000320  Pressure_KPA                  
000002bd  Pressure_SetFlag              
0000013c  RESHI                         
0000013a  RESLO                         
00002b30  ReadCount1                    
00002c78  ReadCount2                    
0000231c  ReadCount3                    
00002476  ReadCount4                    
0000013e  SUMEXT                        
00000172  TACCR0                        
00000174  TACCR1                        
00000176  TACCR2                        
00000162  TACCTL0                       
00000164  TACCTL1                       
00000166  TACCTL2                       
00000160  TACTL                         
0000012e  TAIV                          
00000170  TAR                           
00000192  TBCCR0                        
00000194  TBCCR1                        
00000196  TBCCR2                        
00000198  TBCCR3                        
0000019a  TBCCR4                        
0000019c  TBCCR5                        
0000019e  TBCCR6                        
00000182  TBCCTL0                       
00000184  TBCCTL1                       
00000186  TBCCTL2                       
00000188  TBCCTL3                       
0000018a  TBCCTL4                       
0000018c  TBCCTL5                       
0000018e  TBCCTL6                       
00000180  TBCTL                         
0000011e  TBIV                          
00000190  TBR                           
0000032d  Time_Dat                      
0000554a  Timer_B                       
000066ea  Timer_B7_init                 
00000074  U0BR0                         
00000075  U0BR1                         
00000070  U0CTL                         
00000073  U0MCTL                        
00000072  U0RCTL                        
00000076  U0RXBUF                       
00000071  U0TCTL                        
00000077  U0TXBUF                       
0000007c  U1BR0                         
0000007d  U1BR1                         
00000078  U1CTL                         
0000007b  U1MCTL                        
0000007a  U1RCTL                        
0000007e  U1RXBUF                       
00000079  U1TCTL                        
0000007f  U1TXBUF                       
0000642c  UART_Init                     
00006778  UCA1_chout                    
000066d2  UCA1_strout_length            
00000120  WDTCTL                        
00000a00  __STACK_END                   
00000050  __STACK_SIZE                  
000067c2  __TI_CINIT_Base               
000067ca  __TI_CINIT_Limit              
000067ca  __TI_CINIT_Warm               
000067b8  __TI_Handler_Table_Base       
000067be  __TI_Handler_Table_Limit      
00006790  __TI_ISR_TRAP                 
000064b4  __TI_auto_init_nobinit_nopinit
000059f0  __TI_decompress_lzss          
00006724  __TI_decompress_none          
000021aa  __TI_frcmpyd                  
0000ffe2  __TI_int01                    
0000ffe4  __TI_int02                    
0000ffe6  __TI_int03                    
0000ffe8  __TI_int04                    
0000ffea  __TI_int05                    
0000ffec  __TI_int06                    
0000ffee  __TI_int07                    
0000fff0  __TI_int08                    
0000fff2  __TI_int09                    
0000fff4  __TI_int10                    
0000fff6  __TI_int11                    
0000fff8  __TI_int12                    
0000fffa  __TI_int13                    
0000fffc  __TI_int14                    
ffffffff  __TI_pprof_out_hndl           
ffffffff  __TI_prof_data_size           
ffffffff  __TI_prof_data_start          
000066fe  __TI_zero_init_nomemset       
ffffffff  __c_args__                    
00001100  __mspabi_addd                 
00002dc6  __mspabi_addf                 
0000639c  __mspabi_cmpf                 
000056d2  __mspabi_cvtdf                
00006048  __mspabi_cvtfd                
00006712  __mspabi_fixdu                
00005c4c  __mspabi_fixdul               
00006572  __mspabi_fltulf               
00006766  __mspabi_func_epilog_1        
00006764  __mspabi_func_epilog_2        
00006762  __mspabi_func_epilog_3        
00006760  __mspabi_func_epilog_4        
0000675e  __mspabi_func_epilog_5        
0000675c  __mspabi_func_epilog_6        
0000675a  __mspabi_func_epilog_7        
00001eea  __mspabi_mpyd                 
0000560e  __mspabi_mpyf                 
000058d8  __mspabi_mpyll_hw             
00006308  __mspabi_mpyull_hw            
000065d0  __mspabi_slli                 
000065f8  __mspabi_slli_1               
000065e6  __mspabi_slli_10              
000065e4  __mspabi_slli_11              
000065e2  __mspabi_slli_12              
000065e0  __mspabi_slli_13              
000065de  __mspabi_slli_14              
000065dc  __mspabi_slli_15              
000065f6  __mspabi_slli_2               
000065f4  __mspabi_slli_3               
000065f2  __mspabi_slli_4               
000065f0  __mspabi_slli_5               
000065ee  __mspabi_slli_6               
000065ec  __mspabi_slli_7               
000065ea  __mspabi_slli_8               
000065e8  __mspabi_slli_9               
0000656c  __mspabi_slll_1               
00006548  __mspabi_slll_10              
00006544  __mspabi_slll_11              
00006540  __mspabi_slll_12              
0000653c  __mspabi_slll_13              
00006538  __mspabi_slll_14              
00006534  __mspabi_slll_15              
00006568  __mspabi_slll_2               
00006564  __mspabi_slll_3               
00006560  __mspabi_slll_4               
0000655c  __mspabi_slll_5               
00006558  __mspabi_slll_6               
00006554  __mspabi_slll_7               
00006550  __mspabi_slll_8               
0000654c  __mspabi_slll_9               
00006470  __mspabi_sllll                
000065a4  __mspabi_srai                 
000065cc  __mspabi_srai_1               
000065ba  __mspabi_srai_10              
000065b8  __mspabi_srai_11              
000065b6  __mspabi_srai_12              
000065b4  __mspabi_srai_13              
000065b2  __mspabi_srai_14              
000065b0  __mspabi_srai_15              
000065ca  __mspabi_srai_2               
000065c8  __mspabi_srai_3               
000065c6  __mspabi_srai_4               
000065c4  __mspabi_srai_5               
000065c2  __mspabi_srai_6               
000065c0  __mspabi_srai_7               
000065be  __mspabi_srai_8               
000065bc  __mspabi_srai_9               
0000652e  __mspabi_sral_1               
0000650a  __mspabi_sral_10              
00006506  __mspabi_sral_11              
00006502  __mspabi_sral_12              
000064fe  __mspabi_sral_13              
000064fa  __mspabi_sral_14              
000064f6  __mspabi_sral_15              
0000652a  __mspabi_sral_2               
00006526  __mspabi_sral_3               
00006522  __mspabi_sral_4               
0000651e  __mspabi_sral_5               
0000651a  __mspabi_sral_6               
00006516  __mspabi_sral_7               
00006512  __mspabi_sral_8               
0000650e  __mspabi_sral_9               
00006352  __mspabi_srall                
000062bc  __mspabi_srli                 
00006302  __mspabi_srli_1               
000062de  __mspabi_srli_10              
000062da  __mspabi_srli_11              
000062d6  __mspabi_srli_12              
000062d2  __mspabi_srli_13              
000062ce  __mspabi_srli_14              
000062ca  __mspabi_srli_15              
000062fe  __mspabi_srli_2               
000062fa  __mspabi_srli_3               
000062f6  __mspabi_srli_4               
000062f2  __mspabi_srli_5               
000062ee  __mspabi_srli_6               
000062ea  __mspabi_srli_7               
000062e6  __mspabi_srli_8               
000062e2  __mspabi_srli_9               
00006736  __mspabi_srll                 
000063e6  __mspabi_srlll                
00002dc0  __mspabi_subf                 
000066b6  _c_int00_noargs               
0000fffe  _reset_vector                 
000009b0  _stack                        
000067a2  _system_post_cinit            
0000679e  _system_pre_init              
00006798  abort                         
0000030e  bf_data                       
0000664c  clock_init                    
0000026e  cnt_100ms                     
00000268  cnt_10ms                      
0000027c  cnt_10sec                     
00000264  cnt_1ms                       
00000278  cnt_1sec                      
00000270  cnt_200ms                     
0000026a  cnt_20ms                      
00000272  cnt_250ms                     
00000276  cnt_2sec                      
0000027e  cnt_30sec                     
00000274  cnt_500ms                     
0000026c  cnt_50ms                      
00000266  cnt_5ms                       
0000027a  cnt_5sec                      
0000032e  compare_cnt1                  
00006786  control_init                  
00000285  f_100ms                       
00000282  f_10ms                        
0000028c  f_10sec                       
00000280  f_1ms                         
00000289  f_1sec                        
00000286  f_200ms                       
00000283  f_20ms                        
00000287  f_250ms                       
0000028a  f_2sec                        
0000028d  f_30sec                       
00000288  f_500ms                       
00000284  f_50ms                        
00000281  f_5ms                         
0000028b  f_5sec                        
000002b1  f_rcv_cnt1                    
000002b5  f_rcv_proc1                   
000002b0  f_rcv_start1                  
000002af  first_flag1                   
00006260  flash_read                    
00000324  float_temp1                   
0000032f  free_byte0                    
00001836  main                          
00006748  memcpy                        
00000328  p_rcv_buf1                    
00006672  pressureCount                 
000002ab  pump_on                       
00000330  rcv_address                   
000002be  rcv_buf1                      
000002b2  rcv_cnt1                      
00000331  rcv_command1                  
00000332  rcv_data1                     
000002b3  rcv_end_cnt1                  
00004022  rcv_proc1                     
000065fc  rcv_proc2                     
000002b4  rcv_start_cnt1                
000002aa  sensor_init_en                
00000200  trs_buf1                      
00005830  usart1_rx                     
0000028e  waiting_tm                    


GLOBAL SYMBOLS: SORTED BY Symbol Address 

address   name                          
-------   ----                          
00000000  IE1                           
00000001  IE2                           
00000002  IFG1                          
00000003  IFG2                          
00000004  ME1                           
00000005  ME2                           
00000018  P3IN                          
00000019  P3OUT                         
0000001a  P3DIR                         
0000001b  P3SEL                         
0000001c  P4IN                          
0000001d  P4OUT                         
0000001e  P4DIR                         
0000001f  P4SEL                         
00000020  P1IN                          
00000021  P1OUT                         
00000022  P1DIR                         
00000023  P1IFG                         
00000024  P1IES                         
00000025  P1IE                          
00000026  P1SEL                         
00000028  P2IN                          
00000029  P2OUT                         
0000002a  P2DIR                         
0000002b  P2IFG                         
0000002c  P2IES                         
0000002d  P2IE                          
0000002e  P2SEL                         
00000030  P5IN                          
00000031  P5OUT                         
00000032  P5DIR                         
00000033  P5SEL                         
00000034  P6IN                          
00000035  P6OUT                         
00000036  P6DIR                         
00000037  P6SEL                         
00000050  __STACK_SIZE                  
00000056  DCOCTL                        
00000057  BCSCTL1                       
00000058  BCSCTL2                       
00000059  CACTL1                        
0000005a  CACTL2                        
0000005b  CAPD                          
00000070  U0CTL                         
00000071  U0TCTL                        
00000072  U0RCTL                        
00000073  U0MCTL                        
00000074  U0BR0                         
00000075  U0BR1                         
00000076  U0RXBUF                       
00000077  U0TXBUF                       
00000078  U1CTL                         
00000079  U1TCTL                        
0000007a  U1RCTL                        
0000007b  U1MCTL                        
0000007c  U1BR0                         
0000007d  U1BR1                         
0000007e  U1RXBUF                       
0000007f  U1TXBUF                       
00000080  ADC12MCTL0                    
00000081  ADC12MCTL1                    
00000082  ADC12MCTL2                    
00000083  ADC12MCTL3                    
00000084  ADC12MCTL4                    
00000085  ADC12MCTL5                    
00000086  ADC12MCTL6                    
00000087  ADC12MCTL7                    
00000088  ADC12MCTL8                    
00000089  ADC12MCTL9                    
0000008a  ADC12MCTL10                   
0000008b  ADC12MCTL11                   
0000008c  ADC12MCTL12                   
0000008d  ADC12MCTL13                   
0000008e  ADC12MCTL14                   
0000008f  ADC12MCTL15                   
0000011e  TBIV                          
00000120  WDTCTL                        
00000128  FCTL1                         
0000012a  FCTL2                         
0000012c  FCTL3                         
0000012e  TAIV                          
00000130  MPY                           
00000132  MPYS                          
00000134  MAC                           
00000136  MACS                          
00000138  OP2                           
0000013a  RESLO                         
0000013c  RESHI                         
0000013e  SUMEXT                        
00000140  ADC12MEM0                     
00000142  ADC12MEM1                     
00000144  ADC12MEM2                     
00000146  ADC12MEM3                     
00000148  ADC12MEM4                     
0000014a  ADC12MEM5                     
0000014c  ADC12MEM6                     
0000014e  ADC12MEM7                     
00000150  ADC12MEM8                     
00000152  ADC12MEM9                     
00000154  ADC12MEM10                    
00000156  ADC12MEM11                    
00000158  ADC12MEM12                    
0000015a  ADC12MEM13                    
0000015c  ADC12MEM14                    
0000015e  ADC12MEM15                    
00000160  TACTL                         
00000162  TACCTL0                       
00000164  TACCTL1                       
00000166  TACCTL2                       
00000170  TAR                           
00000172  TACCR0                        
00000174  TACCR1                        
00000176  TACCR2                        
00000180  TBCTL                         
00000182  TBCCTL0                       
00000184  TBCCTL1                       
00000186  TBCCTL2                       
00000188  TBCCTL3                       
0000018a  TBCCTL4                       
0000018c  TBCCTL5                       
0000018e  TBCCTL6                       
00000190  TBR                           
00000192  TBCCR0                        
00000194  TBCCR1                        
00000196  TBCCR2                        
00000198  TBCCR3                        
0000019a  TBCCR4                        
0000019c  TBCCR5                        
0000019e  TBCCR6                        
000001a0  ADC12CTL0                     
000001a2  ADC12CTL1                     
000001a4  ADC12IFG                      
000001a6  ADC12IE                       
000001a8  ADC12IV                       
00000200  trs_buf1                      
00000264  cnt_1ms                       
00000266  cnt_5ms                       
00000268  cnt_10ms                      
0000026a  cnt_20ms                      
0000026c  cnt_50ms                      
0000026e  cnt_100ms                     
00000270  cnt_200ms                     
00000272  cnt_250ms                     
00000274  cnt_500ms                     
00000276  cnt_2sec                      
00000278  cnt_1sec                      
0000027a  cnt_5sec                      
0000027c  cnt_10sec                     
0000027e  cnt_30sec                     
00000280  f_1ms                         
00000281  f_5ms                         
00000282  f_10ms                        
00000283  f_20ms                        
00000284  f_50ms                        
00000285  f_100ms                       
00000286  f_200ms                       
00000287  f_250ms                       
00000288  f_500ms                       
00000289  f_1sec                        
0000028a  f_2sec                        
0000028b  f_5sec                        
0000028c  f_10sec                       
0000028d  f_30sec                       
0000028e  waiting_tm                    
00000290  P1_Value                      
00000292  P2_Value                      
00000294  P3_Value                      
00000296  P4_Value                      
00000298  Max_Pressure                  
0000029c  Min_Pressure                  
000002a0  P_Read_Flag                   
000002a2  P_Init_Val1                   
000002a4  P_Init_Val2                   
000002a6  P_Init_Val3                   
000002a8  P_Init_Val4                   
000002aa  sensor_init_en                
000002ab  pump_on                       
000002ac  Init_zero_count               
000002ae  Init_key_counter              
000002af  first_flag1                   
000002b0  f_rcv_start1                  
000002b1  f_rcv_cnt1                    
000002b2  rcv_cnt1                      
000002b3  rcv_end_cnt1                  
000002b4  rcv_start_cnt1                
000002b5  f_rcv_proc1                   
000002b6  INValve_OpFlag                
000002b7  INValve_ClFlag                
000002b8  OUTValve_OpFlag               
000002b9  OUTValve_ClFlag               
000002ba  Calib_CmdFlag                 
000002bb  Motor_CmdFlag                 
000002bc  Open_TimeFlag                 
000002bd  Pressure_SetFlag              
000002be  rcv_buf1                      
0000030e  bf_data                       
00000320  Pressure_KPA                  
00000324  float_temp1                   
00000328  p_rcv_buf1                    
0000032a  Addr_485                      
0000032b  Cmd_Dat                       
0000032c  Pres_Dat                      
0000032d  Time_Dat                      
0000032e  compare_cnt1                  
0000032f  free_byte0                    
00000330  rcv_address                   
00000331  rcv_command1                  
00000332  rcv_data1                     
000009b0  _stack                        
00000a00  __STACK_END                   
00001100  __mspabi_addd                 
00001836  main                          
00001c2a  OUT_Open_Time_M1              
00001eea  __mspabi_mpyd                 
000021aa  __TI_frcmpyd                  
0000231c  ReadCount3                    
00002476  ReadCount4                    
000025d0  IN_Close_M15                  
00002728  IN_Open_M15                   
00002880  OUT_Close_M15                 
000029d8  OUT_Open_M15                  
00002b30  ReadCount1                    
00002c78  ReadCount2                    
00002dc0  __mspabi_subf                 
00002dc6  __mspabi_addf                 
00002ef2  IN_Close_M14                  
0000300c  IN_Open_M14                   
00003126  OUT_Close_M14                 
00003240  OUT_Open_M14                  
0000335a  IN_Close_M12                  
0000346e  IN_Open_M12                   
00003582  OUT_Close_M12                 
00003696  OUT_Open_M12                  
000037aa  IN_Close_M13                  
000038bc  IN_Open_M13                   
000039ce  OUT_Close_M13                 
00003ae0  OUT_Open_M13                  
00003bf2  IN_Close_M11                  
00003cfe  IN_Open_M11                   
00003e0a  OUT_Close_M11                 
00003f16  OUT_Open_M11                  
00004022  rcv_proc1                     
0000412a  IN_Close_M9                   
00004200  IN_Open_M9                    
000042d6  OUT_Close_M9                  
000043ac  OUT_Open_M9                   
00004482  IN_Close_M10                  
00004556  IN_Open_M10                   
0000462a  OUT_Close_M10                 
000046fe  OUT_Open_M10                  
000047d2  Preessure_M1                  
000048a4  IN_Close_M7                   
00004972  IN_Close_M8                   
00004a40  IN_Open_M7                    
00004b0e  IN_Open_M8                    
00004bdc  OUT_Close_M7                  
00004caa  OUT_Close_M8                  
00004d78  OUT_Open_M7                   
00004e46  OUT_Open_M8                   
00004f14  IN_Open_M5                    
00004fdc  OUT_Close_M5                  
000050a4  OUT_Open_M5                   
0000516c  IN_Close_M5                   
00005232  IN_Close_M6                   
000052f8  IN_Open_M6                    
000053be  OUT_Close_M6                  
00005484  OUT_Open_M6                   
0000554a  Timer_B                       
0000560e  __mspabi_mpyf                 
000056d2  __mspabi_cvtdf                
00005786  Pressure_Data_Send1           
00005830  usart1_rx                     
000058d8  __mspabi_mpyll_hw             
0000596e  Answer_Mquestion              
000059f0  __TI_decompress_lzss          
00005a6c  IN_Close_M4                   
00005ae4  IN_Open_M4                    
00005b5c  OUT_Close_M4                  
00005bd4  OUT_Open_M4                   
00005c4c  __mspabi_fixdul               
00005cc0  IN_Close_M2                   
00005d32  IN_Open_M2                    
00005da4  OUT_Close_M2                  
00005e16  OUT_Open_M2                   
00005e88  IN_Close_M3                   
00005ef8  IN_Open_M3                    
00005f68  OUT_Close_M3                  
00005fd8  OUT_Open_M3                   
00006048  __mspabi_cvtfd                
000060b8  IN_Close_M1                   
00006122  IN_Open_M1                    
0000618c  OUT_Close_M1                  
000061f6  OUT_Open_M1                   
00006260  flash_read                    
000062bc  __mspabi_srli                 
000062ca  __mspabi_srli_15              
000062ce  __mspabi_srli_14              
000062d2  __mspabi_srli_13              
000062d6  __mspabi_srli_12              
000062da  __mspabi_srli_11              
000062de  __mspabi_srli_10              
000062e2  __mspabi_srli_9               
000062e6  __mspabi_srli_8               
000062ea  __mspabi_srli_7               
000062ee  __mspabi_srli_6               
000062f2  __mspabi_srli_5               
000062f6  __mspabi_srli_4               
000062fa  __mspabi_srli_3               
000062fe  __mspabi_srli_2               
00006302  __mspabi_srli_1               
00006308  __mspabi_mpyull_hw            
00006352  __mspabi_srall                
0000639c  __mspabi_cmpf                 
000063e6  __mspabi_srlll                
0000642c  UART_Init                     
00006470  __mspabi_sllll                
000064b4  __TI_auto_init_nobinit_nopinit
000064f6  __mspabi_sral_15              
000064fa  __mspabi_sral_14              
000064fe  __mspabi_sral_13              
00006502  __mspabi_sral_12              
00006506  __mspabi_sral_11              
0000650a  __mspabi_sral_10              
0000650e  __mspabi_sral_9               
00006512  __mspabi_sral_8               
00006516  __mspabi_sral_7               
0000651a  __mspabi_sral_6               
0000651e  __mspabi_sral_5               
00006522  __mspabi_sral_4               
00006526  __mspabi_sral_3               
0000652a  __mspabi_sral_2               
0000652e  __mspabi_sral_1               
00006534  __mspabi_slll_15              
00006538  __mspabi_slll_14              
0000653c  __mspabi_slll_13              
00006540  __mspabi_slll_12              
00006544  __mspabi_slll_11              
00006548  __mspabi_slll_10              
0000654c  __mspabi_slll_9               
00006550  __mspabi_slll_8               
00006554  __mspabi_slll_7               
00006558  __mspabi_slll_6               
0000655c  __mspabi_slll_5               
00006560  __mspabi_slll_4               
00006564  __mspabi_slll_3               
00006568  __mspabi_slll_2               
0000656c  __mspabi_slll_1               
00006572  __mspabi_fltulf               
000065a4  __mspabi_srai                 
000065b0  __mspabi_srai_15              
000065b2  __mspabi_srai_14              
000065b4  __mspabi_srai_13              
000065b6  __mspabi_srai_12              
000065b8  __mspabi_srai_11              
000065ba  __mspabi_srai_10              
000065bc  __mspabi_srai_9               
000065be  __mspabi_srai_8               
000065c0  __mspabi_srai_7               
000065c2  __mspabi_srai_6               
000065c4  __mspabi_srai_5               
000065c6  __mspabi_srai_4               
000065c8  __mspabi_srai_3               
000065ca  __mspabi_srai_2               
000065cc  __mspabi_srai_1               
000065d0  __mspabi_slli                 
000065dc  __mspabi_slli_15              
000065de  __mspabi_slli_14              
000065e0  __mspabi_slli_13              
000065e2  __mspabi_slli_12              
000065e4  __mspabi_slli_11              
000065e6  __mspabi_slli_10              
000065e8  __mspabi_slli_9               
000065ea  __mspabi_slli_8               
000065ec  __mspabi_slli_7               
000065ee  __mspabi_slli_6               
000065f0  __mspabi_slli_5               
000065f2  __mspabi_slli_4               
000065f4  __mspabi_slli_3               
000065f6  __mspabi_slli_2               
000065f8  __mspabi_slli_1               
000065fc  rcv_proc2                     
00006626  IOPort_init                   
0000664c  clock_init                    
00006672  pressureCount                 
00006698  M485_Delay                    
000066b6  _c_int00_noargs               
000066d2  UCA1_strout_length            
000066ea  Timer_B7_init                 
000066fe  __TI_zero_init_nomemset       
00006712  __mspabi_fixdu                
00006724  __TI_decompress_none          
00006736  __mspabi_srll                 
00006748  memcpy                        
0000675a  __mspabi_func_epilog_7        
0000675c  __mspabi_func_epilog_6        
0000675e  __mspabi_func_epilog_5        
00006760  __mspabi_func_epilog_4        
00006762  __mspabi_func_epilog_3        
00006764  __mspabi_func_epilog_2        
00006766  __mspabi_func_epilog_1        
0000676a  Addr_Get                      
00006778  UCA1_chout                    
00006786  control_init                  
00006790  __TI_ISR_TRAP                 
00006798  C$$EXIT                       
00006798  abort                         
0000679e  _system_pre_init              
000067a2  _system_post_cinit            
000067b8  __TI_Handler_Table_Base       
000067be  __TI_Handler_Table_Limit      
000067c2  __TI_CINIT_Base               
000067ca  __TI_CINIT_Limit              
000067ca  __TI_CINIT_Warm               
0000ffe2  __TI_int01                    
0000ffe4  __TI_int02                    
0000ffe6  __TI_int03                    
0000ffe8  __TI_int04                    
0000ffea  __TI_int05                    
0000ffec  __TI_int06                    
0000ffee  __TI_int07                    
0000fff0  __TI_int08                    
0000fff2  __TI_int09                    
0000fff4  __TI_int10                    
0000fff6  __TI_int11                    
0000fff8  __TI_int12                    
0000fffa  __TI_int13                    
0000fffc  __TI_int14                    
0000fffe  _reset_vector                 
ffffffff  __TI_pprof_out_hndl           
ffffffff  __TI_prof_data_size           
ffffffff  __TI_prof_data_start          
ffffffff  __c_args__                    

[432 symbols]
