******************************************************************************
                  MSP430 Linker PC v20.2.5                     
******************************************************************************
>> Linked Fri Jan  5 15:12:37 2024

OUTPUT FILE NAME:   <Neo-SM-v2.1.2.out>
ENTRY POINT SYMBOL: "_c_int00_noargs"  address: 00004a40


MEMORY CONFIGURATION

         name            origin    length      used     unused   attr    fill
----------------------  --------  ---------  --------  --------  ----  --------
  SFR                   00000000   00000010  00000000  00000010  RWIX
  PERIPHERALS_8BIT      00000010   000000f0  00000000  000000f0  RWIX
  PERIPHERALS_16BIT     00000100   00000100  00000000  00000100  RWIX
  RAM                   00000200   00000800  000001e5  0000061b  RWIX
  INFOB                 00001000   00000080  00000000  00000080  RWIX
  INFOA                 00001080   00000080  00000000  00000080  RWIX
  FLASH                 00001100   0000eee0  00003ada  0000b406  RWIX
  INT00                 0000ffe0   00000002  00000000  00000002  RWIX
  INT01                 0000ffe2   00000002  00000002  00000000  RWIX
  INT02                 0000ffe4   00000002  00000002  00000000  RWIX
  INT03                 0000ffe6   00000002  00000002  00000000  RWIX
  INT04                 0000ffe8   00000002  00000002  00000000  RWIX
  INT05                 0000ffea   00000002  00000002  00000000  RWIX
  INT06                 0000ffec   00000002  00000002  00000000  RWIX
  INT07                 0000ffee   00000002  00000002  00000000  RWIX
  INT08                 0000fff0   00000002  00000002  00000000  RWIX
  INT09                 0000fff2   00000002  00000002  00000000  RWIX
  INT10                 0000fff4   00000002  00000002  00000000  RWIX
  INT11                 0000fff6   00000002  00000002  00000000  RWIX
  INT12                 0000fff8   00000002  00000002  00000000  RWIX
  INT13                 0000fffa   00000002  00000002  00000000  RWIX
  INT14                 0000fffc   00000002  00000002  00000000  RWIX
  RESET                 0000fffe   00000002  00000002  00000000  RWIX


SECTION ALLOCATION MAP

 output                                  attributes/
section   page    origin      length       input sections
--------  ----  ----------  ----------   ----------------
.data      0    00000200    00000152     UNINITIALIZED
                  00000200    0000009d     Neo-SM-v2.1.2.obj (.data)
                  0000029d    00000001     --HOLE--
                  0000029e    00000064     Neo-SM-v2.1.2.obj (.data:trs_buf0)
                  00000302    00000050     Neo-SM-v2.1.2.obj (.data:rcv_buf)

.bss       0    00000352    00000043     UNINITIALIZED
                  00000352    00000012     (.common:bf_data)
                  00000364    00000004     (.common:Pressure_KPA)
                  00000368    00000004     (.common:float_temp1)
                  0000036c    00000004     (.common:float_temp2)
                  00000370    00000004     (.common:float_temp3)
                  00000374    00000002     (.common:p_rcv_buf)
                  00000376    00000001     (.common:Init_in_stat)
                  00000377    00000001     (.common:Init_in_stat1)
                  00000378    00000001     (.common:Init_in_stat2)
                  00000379    00000001     (.common:Init_in_stat3)
                  0000037a    00000001     (.common:Init_input_stat)
                  0000037b    00000001     (.common:Init_input_stat1)
                  0000037c    00000001     (.common:Init_input_stat2)
                  0000037d    00000001     (.common:Init_input_stat3)
                  0000037e    00000001     (.common:Init_old_input_stat)
                  0000037f    00000001     (.common:Init_old_input_stat1)
                  00000380    00000001     (.common:Init_old_input_stat2)
                  00000381    00000001     (.common:Init_old_input_stat3)
                  00000382    00000001     (.common:blt_in_stat1)
                  00000383    00000001     (.common:blt_in_stat2)
                  00000384    00000001     (.common:blt_in_stat3)
                  00000385    00000001     (.common:blt_input_stat1)
                  00000386    00000001     (.common:blt_input_stat2)
                  00000387    00000001     (.common:blt_input_stat3)
                  00000388    00000001     (.common:blt_old_input_stat1)
                  00000389    00000001     (.common:blt_old_input_stat2)
                  0000038a    00000001     (.common:blt_old_input_stat3)
                  0000038b    00000001     (.common:compare_cnt)
                  0000038c    00000001     (.common:free_byte0)
                  0000038d    00000001     (.common:press_in_stat1)
                  0000038e    00000001     (.common:press_in_stat2)
                  0000038f    00000001     (.common:press_input_stat1)
                  00000390    00000001     (.common:press_input_stat2)
                  00000391    00000001     (.common:press_old_input_stat1)
                  00000392    00000001     (.common:press_old_input_stat2)
                  00000393    00000001     (.common:rcv_command)
                  00000394    00000001     (.common:rcv_data)

.stack     0    000009b0    00000050     UNINITIALIZED
                  000009b0    00000002     rts430_eabi.lib : boot.c.obj (.stack)
                  000009b2    0000004e     --HOLE--

.text      0    00001100    00003aae     
                  00001100    00000ff2     Neo-SM-v2.1.2.obj (.text:main)
                  000020f2    00000736     rts430_eabi.lib : addd.c.obj (.text:__mspabi_addd)
                  00002828    00000478                     : frcdivd.c.obj (.text:__TI_frcdivd)
                  00002ca0    000002c0                     : mpyd.c.obj (.text:__mspabi_mpyd)
                  00002f60    00000238                     : divd.c.obj (.text:__mspabi_divd)
                  00003198    0000017a     Neo-SM-v2.1.2.obj (.text:ReadCount3)
                  00003312    00000172     rts430_eabi.lib : frcmpyd.c.obj (.text:__TI_frcmpyd)
                  00003484    00000160     Neo-SM-v2.1.2.obj (.text:ReadCount1)
                  000035e4    00000160     Neo-SM-v2.1.2.obj (.text:ReadCount2)
                  00003744    00000132     rts430_eabi.lib : fs_add.asm.obj (.text)
                  00003876    00000104     Neo-SM-v2.1.2.obj (.text:Timer_B)
                  0000397a    000000dc     rts430_eabi.lib : cmpd.c.obj (.text:__mspabi_cmpd)
                  00003a56    000000da     Neo-SM-v2.1.2.obj (.text:flash_write)
                  00003b30    000000c4     rts430_eabi.lib : fs_mpy.asm.obj (.text)
                  00003bf4    000000b4     Neo-SM-v2.1.2.obj (.text:Blt_Input)
                  00003ca8    000000b4     rts430_eabi.lib : cvtdf.c.obj (.text:__mspabi_cvtdf)
                  00003d5c    000000aa     Neo-SM-v2.1.2.obj (.text:usart0_rx)
                  00003e06    0000009e     Neo-SM-v2.1.2.obj (.text:flashData_init)
                  00003ea4    0000009c     Neo-SM-v2.1.2.obj (.text:flash_read)
                  00003f40    00000096     rts430_eabi.lib : mult64_hw.asm.obj (.text:__mpyll)
                  00003fd6    00000082     Neo-SM-v2.1.2.obj (.text:Pressure_Data_Send)
                  00004058    00000080     Neo-SM-v2.1.2.obj (.text:Init_Pressure_Input)
                  000040d8    0000007e     Neo-SM-v2.1.2.obj (.text:IOPort_init)
                  00004156    0000007c     Neo-SM-v2.1.2.obj (.text:Auto_Button_Input)
                  000041d2    0000007c     Neo-SM-v2.1.2.obj (.text:Default_Button_Input)
                  0000424e    0000007c     rts430_eabi.lib : copy_decompress_lzss.c.obj (.text:decompress:lzss:__TI_decompress_lzss)
                  000042ca    00000078     Neo-SM-v2.1.2.obj (.text:Air_Button_Input)
                  00004342    00000074     rts430_eabi.lib : fixdul.c.obj (.text:__mspabi_fixdul)
                  000043b6    00000070                     : cvtfd.c.obj (.text:__mspabi_cvtfd)
                  00004426    0000006c     Neo-SM-v2.1.2.obj (.text:Power_Button_Input)
                  00004492    0000005c     rts430_eabi.lib : lsr32.asm.obj (.text:l_lsr_const)
                  000044ee    00000052     Neo-SM-v2.1.2.obj (.text:Beep2)
                  00004540    00000050     Neo-SM-v2.1.2.obj (.text:Power_off_ready)
                  00004590    00000050     Neo-SM-Mode-v2.1.2.obj (.text:controlValves)
                  000045e0    0000004c     rts430_eabi.lib : lsr16.asm.obj (.text)
                  0000462c    0000004a                     : mult3264_hw.asm.obj (.text:__mpyull)
                  00004676    0000004a                     : asr64.c.obj (.text:__mspabi_srall)
                  000046c0    0000004a                     : fs_cmp.asm.obj (.text)
                  0000470a    00000046                     : lsr64.c.obj (.text:__mspabi_srlll)
                  00004750    00000046                     : fs_tou.asm.obj (.text)
                  00004796    00000044                     : lsl64.c.obj (.text:__mspabi_sllll)
                  000047da    00000042                     : autoinit.c.obj (.text:__TI_auto_init_nobinit_nopinit:__TI_auto_init_nobinit_nopinit)
                  0000481c    00000040     Neo-SM-v2.1.2.obj (.text:Port1_ISR)
                  0000485c    0000003e     rts430_eabi.lib : asr32.asm.obj (.text:l_asr_const)
                  0000489a    0000003e                     : lsl32.asm.obj (.text:l_lsl_const)
                  000048d8    00000038     Neo-SM-v2.1.2.obj (.text:UART_Init)
                  00004910    00000032     rts430_eabi.lib : fs_ultof.asm.obj (.text)
                  00004942    0000002e     Neo-SM-v2.1.2.obj (.text:Beep1)
                  00004970    0000002e     rts430_eabi.lib : mult32_hw.asm.obj (.text)
                  0000499e    0000002c                     : asr16.asm.obj (.text)
                  000049ca    0000002c                     : lsl16.asm.obj (.text)
                  000049f6    00000026     Neo-SM-v2.1.2.obj (.text:clock_init)
                  00004a1c    00000024     rts430_eabi.lib : fs_utof.asm.obj (.text)
                  00004a40    0000001c                     : boot.c.obj (.text:_c_int00_noargs)
                  00004a5c    0000001a     Neo-SM-v2.1.2.obj (.text:rcv_proc)
                  00004a76    0000001a     Neo-SM-v2.1.2.obj (.text:setValveAndPumpState)
                  00004a90    00000018     Neo-SM-Mode-v2.1.2.obj (.text:Power_Off)
                  00004aa8    00000018     Neo-SM-v2.1.2.obj (.text:UCA0_strout_length)
                  00004ac0    00000014     Neo-SM-v2.1.2.obj (.text:Timer_A_init)
                  00004ad4    00000014     Neo-SM-v2.1.2.obj (.text:Timer_B7_init)
                  00004ae8    00000014     rts430_eabi.lib : copy_zero_init.c.obj (.text:decompress:ZI:__TI_zero_init_nomemset:__TI_zero_init_nomemset)
                  00004afc    00000014                     : mult16_hw.asm.obj (.text)
                  00004b10    00000012     Neo-SM-v2.1.2.obj (.text:ADC12_ISR)
                  00004b22    00000012     rts430_eabi.lib : fixdu.c.obj (.text:__mspabi_fixdu)
                  00004b34    00000012                     : copy_decompress_none.c.obj (.text:decompress:none:__TI_decompress_none)
                  00004b46    00000012                     : lsr32.asm.obj (.text:l_lsr)
                  00004b58    00000012                     : memcpy.c.obj (.text:memcpy)
                  00004b6a    00000010                     : epilog.asm.obj (.text)
                  00004b7a    0000000e     Neo-SM-v2.1.2.obj (.text:UCA0_chout)
                  00004b88    0000000c     Neo-SM-Mode-v2.1.2.obj (.text:control_init)
                  00004b94    00000008     rts430_eabi.lib : isr_trap.asm.obj (.text:_isr:__TI_ISR_TRAP)
                  00004b9c    00000006     Neo-SM-v2.1.2.obj (.text:TimerA0_ISR)
                  00004ba2    00000006     rts430_eabi.lib : exit.c.obj (.text:abort)
                  00004ba8    00000004                     : pre_init.c.obj (.text:_system_pre_init)
                  00004bac    00000002                     : startup.c.obj (.text:_system_post_cinit)

.cinit     0    00004bae    0000002c     
                  00004bae    0000001a     (.cinit..data.load) [load image, compression = lzss]
                  00004bc8    00000006     (__TI_handler_table)
                  00004bce    00000004     (.cinit..bss.load) [load image, compression = zero_init]
                  00004bd2    00000008     (__TI_cinit_table)

.binit     0    00001100    00000000     

.init_array 
*          0    00001100    00000000     UNINITIALIZED

PORT2      0    0000ffe2    00000002     
                  0000ffe2    00000002     rts430_eabi.lib : int01.asm.obj (.int01)

USART1TX   0    0000ffe4    00000002     
                  0000ffe4    00000002     rts430_eabi.lib : int02.asm.obj (.int02)

USART1RX   0    0000ffe6    00000002     
                  0000ffe6    00000002     rts430_eabi.lib : int03.asm.obj (.int03)

PORT1      0    0000ffe8    00000002     
                  0000ffe8    00000002     Neo-SM-v2.1.2.obj (.int04)

TIMERA1    0    0000ffea    00000002     
                  0000ffea    00000002     rts430_eabi.lib : int05.asm.obj (.int05)

TIMERA0    0    0000ffec    00000002     
                  0000ffec    00000002     Neo-SM-v2.1.2.obj (.int06)

ADC12      0    0000ffee    00000002     
                  0000ffee    00000002     Neo-SM-v2.1.2.obj (.int07)

USART0TX   0    0000fff0    00000002     
                  0000fff0    00000002     rts430_eabi.lib : int08.asm.obj (.int08)

USART0RX   0    0000fff2    00000002     
                  0000fff2    00000002     Neo-SM-v2.1.2.obj (.int09)

WDT        0    0000fff4    00000002     
                  0000fff4    00000002     rts430_eabi.lib : int10.asm.obj (.int10)

COMPARATORA 
*          0    0000fff6    00000002     
                  0000fff6    00000002     rts430_eabi.lib : int11.asm.obj (.int11)

TIMERB1    0    0000fff8    00000002     
                  0000fff8    00000002     rts430_eabi.lib : int12.asm.obj (.int12)

TIMERB0    0    0000fffa    00000002     
                  0000fffa    00000002     Neo-SM-v2.1.2.obj (.int13)

NMI        0    0000fffc    00000002     
                  0000fffc    00000002     rts430_eabi.lib : int14.asm.obj (.int14)

.reset     0    0000fffe    00000002     
                  0000fffe    00000002     rts430_eabi.lib : boot.c.obj (.reset)

MODULE SUMMARY

       Module                       code    ro data   rw data
       ------                       ----    -------   -------
    .\
       Neo-SM-v2.1.2.obj            7686    10        404    
       Neo-SM-Mode-v2.1.2.obj       116     0         0      
    +--+----------------------------+-------+---------+---------+
       Total:                       7802    10        404    
                                                             
    C:\ti\ccs1040\ccs\tools\compiler\ti-cgt-msp430_20.2.5.LTS\lib\rts430_eabi.lib
       addd.c.obj                   1846    0         0      
       frcdivd.c.obj                1144    0         0      
       mpyd.c.obj                   704     0         0      
       divd.c.obj                   568     0         0      
       frcmpyd.c.obj                370     0         0      
       fs_add.asm.obj               306     0         0      
       cmpd.c.obj                   220     0         0      
       fs_mpy.asm.obj               196     0         0      
       cvtdf.c.obj                  180     0         0      
       mult64_hw.asm.obj            150     0         0      
       copy_decompress_lzss.c.obj   124     0         0      
       fixdul.c.obj                 116     0         0      
       cvtfd.c.obj                  112     0         0      
       lsr32.asm.obj                110     0         0      
       lsr16.asm.obj                76      0         0      
       asr64.c.obj                  74      0         0      
       fs_cmp.asm.obj               74      0         0      
       mult3264_hw.asm.obj          74      0         0      
       fs_tou.asm.obj               70      0         0      
       lsr64.c.obj                  70      0         0      
       lsl64.c.obj                  68      0         0      
       autoinit.c.obj               66      0         0      
       asr32.asm.obj                62      0         0      
       lsl32.asm.obj                62      0         0      
       fs_ultof.asm.obj             50      0         0      
       mult32_hw.asm.obj            46      0         0      
       asr16.asm.obj                44      0         0      
       lsl16.asm.obj                44      0         0      
       fs_utof.asm.obj              36      0         0      
       boot.c.obj                   28      2         0      
       copy_zero_init.c.obj         20      0         0      
       mult16_hw.asm.obj            20      0         0      
       copy_decompress_none.c.obj   18      0         0      
       fixdu.c.obj                  18      0         0      
       memcpy.c.obj                 18      0         0      
       epilog.asm.obj               16      0         0      
       isr_trap.asm.obj             8       0         0      
       exit.c.obj                   6       0         0      
       pre_init.c.obj               4       0         0      
       int01.asm.obj                0       2         0      
       int02.asm.obj                0       2         0      
       int03.asm.obj                0       2         0      
       int05.asm.obj                0       2         0      
       int08.asm.obj                0       2         0      
       int10.asm.obj                0       2         0      
       int11.asm.obj                0       2         0      
       int12.asm.obj                0       2         0      
       int14.asm.obj                0       2         0      
       startup.c.obj                2       0         0      
    +--+----------------------------+-------+---------+---------+
       Total:                       7220    20        0      
                                                             
       Stack:                       0       0         80     
       Linker Generated:            0       44        0      
    +--+----------------------------+-------+---------+---------+
       Grand Total:                 15022   74        484    


LINKER GENERATED COPY TABLES

__TI_cinit_table @ 00004bd2 records: 2, size/record: 4, table size: 8
	.data: load addr=00004bae, load size=0000001a bytes, run addr=00000200, run size=00000152 bytes, compression=lzss
	.bss: load addr=00004bce, load size=00000004 bytes, run addr=00000352, run size=00000043 bytes, compression=zero_init


LINKER GENERATED HANDLER TABLE

__TI_handler_table @ 00004bc8 records: 3, size/record: 2, table size: 6
	index: 0, handler: __TI_zero_init
	index: 1, handler: __TI_decompress_lzss
	index: 2, handler: __TI_decompress_none


GLOBAL SYMBOLS: SORTED ALPHABETICALLY BY Name 

address   name                          
-------   ----                          
000001a0  ADC12CTL0                     
000001a2  ADC12CTL1                     
000001a6  ADC12IE                       
000001a4  ADC12IFG                      
000001a8  ADC12IV                       
00000080  ADC12MCTL0                    
00000081  ADC12MCTL1                    
0000008a  ADC12MCTL10                   
0000008b  ADC12MCTL11                   
0000008c  ADC12MCTL12                   
0000008d  ADC12MCTL13                   
0000008e  ADC12MCTL14                   
0000008f  ADC12MCTL15                   
00000082  ADC12MCTL2                    
00000083  ADC12MCTL3                    
00000084  ADC12MCTL4                    
00000085  ADC12MCTL5                    
00000086  ADC12MCTL6                    
00000087  ADC12MCTL7                    
00000088  ADC12MCTL8                    
00000089  ADC12MCTL9                    
00000140  ADC12MEM0                     
00000142  ADC12MEM1                     
00000154  ADC12MEM10                    
00000156  ADC12MEM11                    
00000158  ADC12MEM12                    
0000015a  ADC12MEM13                    
0000015c  ADC12MEM14                    
0000015e  ADC12MEM15                    
00000144  ADC12MEM2                     
00000146  ADC12MEM3                     
00000148  ADC12MEM4                     
0000014a  ADC12MEM5                     
0000014c  ADC12MEM6                     
0000014e  ADC12MEM7                     
00000150  ADC12MEM8                     
00000152  ADC12MEM9                     
00004b10  ADC12_ISR                     
0000024e  A_btn                         
000042ca  Air_Button_Input              
0000024c  Air_btn                       
00004156  Auto_Button_Input             
00000057  BCSCTL1                       
00000058  BCSCTL2                       
0000024d  B_btn                         
00004942  Beep1                         
000044ee  Beep2                         
00003bf4  Blt_Input                     
00004ba2  C$$EXIT                       
00000059  CACTL1                        
0000005a  CACTL2                        
0000005b  CAPD                          
00000056  DCOCTL                        
000041d2  Default_Button_Input          
00000128  FCTL1                         
0000012a  FCTL2                         
0000012c  FCTL3                         
00000000  IE1                           
00000001  IE2                           
00000002  IFG1                          
00000003  IFG2                          
000040d8  IOPort_init                   
00004058  Init_Pressure_Input           
00000376  Init_in_stat                  
00000377  Init_in_stat1                 
00000378  Init_in_stat2                 
00000379  Init_in_stat3                 
0000037a  Init_input_stat               
0000037b  Init_input_stat1              
0000037c  Init_input_stat2              
0000037d  Init_input_stat3              
00000282  Init_key_counter              
00000286  Init_key_counter1             
0000028a  Init_key_counter2             
0000028e  Init_key_counter3             
0000037e  Init_old_input_stat           
0000037f  Init_old_input_stat1          
00000380  Init_old_input_stat2          
00000381  Init_old_input_stat3          
00000280  Init_zero_count               
00000284  Init_zero_count1              
00000288  Init_zero_count2              
0000028c  Init_zero_count3              
00000134  MAC                           
00000136  MACS                          
00000004  ME1                           
00000005  ME2                           
00000130  MPY                           
00000132  MPYS                          
00000268  Max_Pressure                  
0000026c  Min_Pressure                  
00000138  OP2                           
00000022  P1DIR                         
00000025  P1IE                          
00000024  P1IES                         
00000023  P1IFG                         
00000020  P1IN                          
00000021  P1OUT                         
00000026  P1SEL                         
00000250  P1_Value                      
0000002a  P2DIR                         
0000002d  P2IE                          
0000002c  P2IES                         
0000002b  P2IFG                         
00000028  P2IN                          
00000029  P2OUT                         
0000002e  P2SEL                         
00000252  P2_Value                      
0000001a  P3DIR                         
00000018  P3IN                          
00000019  P3OUT                         
0000001b  P3SEL                         
00000254  P3_Value                      
0000001e  P4DIR                         
0000001c  P4IN                          
0000001d  P4OUT                         
0000001f  P4SEL                         
00000032  P5DIR                         
00000030  P5IN                          
00000031  P5OUT                         
00000033  P5SEL                         
00000036  P6DIR                         
00000034  P6IN                          
00000035  P6OUT                         
00000037  P6SEL                         
00000270  P_Init_Val1                   
00000272  P_Init_Val2                   
00000274  P_Init_Val3                   
00000276  P_Init_Val4                   
00000278  P_Init_Val5                   
0000027a  P_Init_Val6                   
0000027c  P_Init_Val7                   
0000027e  P_Init_Val8                   
0000025f  P_Read_Flag                   
0000481c  Port1_ISR                     
00004426  Power_Button_Input            
00004a90  Power_Off                     
00004540  Power_off_ready               
00003fd6  Pressure_Data_Send            
00000364  Pressure_KPA                  
0000013c  RESHI                         
0000013a  RESLO                         
00003484  ReadCount1                    
000035e4  ReadCount2                    
00003198  ReadCount3                    
0000013e  SUMEXT                        
00000172  TACCR0                        
00000174  TACCR1                        
00000176  TACCR2                        
00000162  TACCTL0                       
00000164  TACCTL1                       
00000166  TACCTL2                       
00000160  TACTL                         
0000012e  TAIV                          
00000170  TAR                           
00000192  TBCCR0                        
00000194  TBCCR1                        
00000196  TBCCR2                        
00000198  TBCCR3                        
0000019a  TBCCR4                        
0000019c  TBCCR5                        
0000019e  TBCCR6                        
00000182  TBCCTL0                       
00000184  TBCCTL1                       
00000186  TBCCTL2                       
00000188  TBCCTL3                       
0000018a  TBCCTL4                       
0000018c  TBCCTL5                       
0000018e  TBCCTL6                       
00000180  TBCTL                         
0000011e  TBIV                          
00000190  TBR                           
00004b9c  TimerA0_ISR                   
00004ac0  Timer_A_init                  
00003876  Timer_B                       
00004ad4  Timer_B7_init                 
00000074  U0BR0                         
00000075  U0BR1                         
00000070  U0CTL                         
00000073  U0MCTL                        
00000072  U0RCTL                        
00000076  U0RXBUF                       
00000071  U0TCTL                        
00000077  U0TXBUF                       
0000007c  U1BR0                         
0000007d  U1BR1                         
00000078  U1CTL                         
0000007b  U1MCTL                        
0000007a  U1RCTL                        
0000007e  U1RXBUF                       
00000079  U1TCTL                        
0000007f  U1TXBUF                       
000048d8  UART_Init                     
00004b7a  UCA0_chout                    
00004aa8  UCA0_strout_length            
00000120  WDTCTL                        
00000a00  __STACK_END                   
00000050  __STACK_SIZE                  
00004bd2  __TI_CINIT_Base               
00004bda  __TI_CINIT_Limit              
00004bc8  __TI_Handler_Table_Base       
00004bce  __TI_Handler_Table_Limit      
00004b94  __TI_ISR_TRAP                 
000047da  __TI_auto_init_nobinit_nopinit
0000424e  __TI_decompress_lzss          
00004b34  __TI_decompress_none          
00002828  __TI_frcdivd                  
00003312  __TI_frcmpyd                  
0000ffe2  __TI_int01                    
0000ffe4  __TI_int02                    
0000ffe6  __TI_int03                    
0000ffe8  __TI_int04                    
0000ffea  __TI_int05                    
0000ffec  __TI_int06                    
0000ffee  __TI_int07                    
0000fff0  __TI_int08                    
0000fff2  __TI_int09                    
0000fff4  __TI_int10                    
0000fff6  __TI_int11                    
0000fff8  __TI_int12                    
0000fffa  __TI_int13                    
0000fffc  __TI_int14                    
ffffffff  __TI_pprof_out_hndl           
ffffffff  __TI_prof_data_size           
ffffffff  __TI_prof_data_start          
00004ae8  __TI_zero_init_nomemset       
ffffffff  __c_args__                    
000020f2  __mspabi_addd                 
0000374a  __mspabi_addf                 
0000397a  __mspabi_cmpd                 
000046c0  __mspabi_cmpf                 
00003ca8  __mspabi_cvtdf                
000043b6  __mspabi_cvtfd                
00002f60  __mspabi_divd                 
00004b22  __mspabi_fixdu                
00004342  __mspabi_fixdul               
00004750  __mspabi_fixfu                
00004a1c  __mspabi_fltuf                
00004910  __mspabi_fltulf               
00004b76  __mspabi_func_epilog_1        
00004b74  __mspabi_func_epilog_2        
00004b72  __mspabi_func_epilog_3        
00004b70  __mspabi_func_epilog_4        
00004b6e  __mspabi_func_epilog_5        
00004b6c  __mspabi_func_epilog_6        
00004b6a  __mspabi_func_epilog_7        
00002ca0  __mspabi_mpyd                 
00003b30  __mspabi_mpyf                 
00004afc  __mspabi_mpyi_hw              
00004970  __mspabi_mpyl_hw              
00003f40  __mspabi_mpyll_hw             
0000462c  __mspabi_mpyull_hw            
000049ca  __mspabi_slli                 
000049f2  __mspabi_slli_1               
000049e0  __mspabi_slli_10              
000049de  __mspabi_slli_11              
000049dc  __mspabi_slli_12              
000049da  __mspabi_slli_13              
000049d8  __mspabi_slli_14              
000049d6  __mspabi_slli_15              
000049f0  __mspabi_slli_2               
000049ee  __mspabi_slli_3               
000049ec  __mspabi_slli_4               
000049ea  __mspabi_slli_5               
000049e8  __mspabi_slli_6               
000049e6  __mspabi_slli_7               
000049e4  __mspabi_slli_8               
000049e2  __mspabi_slli_9               
000048d2  __mspabi_slll_1               
000048ae  __mspabi_slll_10              
000048aa  __mspabi_slll_11              
000048a6  __mspabi_slll_12              
000048a2  __mspabi_slll_13              
0000489e  __mspabi_slll_14              
0000489a  __mspabi_slll_15              
000048ce  __mspabi_slll_2               
000048ca  __mspabi_slll_3               
000048c6  __mspabi_slll_4               
000048c2  __mspabi_slll_5               
000048be  __mspabi_slll_6               
000048ba  __mspabi_slll_7               
000048b6  __mspabi_slll_8               
000048b2  __mspabi_slll_9               
00004796  __mspabi_sllll                
0000499e  __mspabi_srai                 
000049c6  __mspabi_srai_1               
000049b4  __mspabi_srai_10              
000049b2  __mspabi_srai_11              
000049b0  __mspabi_srai_12              
000049ae  __mspabi_srai_13              
000049ac  __mspabi_srai_14              
000049aa  __mspabi_srai_15              
000049c4  __mspabi_srai_2               
000049c2  __mspabi_srai_3               
000049c0  __mspabi_srai_4               
000049be  __mspabi_srai_5               
000049bc  __mspabi_srai_6               
000049ba  __mspabi_srai_7               
000049b8  __mspabi_srai_8               
000049b6  __mspabi_srai_9               
00004894  __mspabi_sral_1               
00004870  __mspabi_sral_10              
0000486c  __mspabi_sral_11              
00004868  __mspabi_sral_12              
00004864  __mspabi_sral_13              
00004860  __mspabi_sral_14              
0000485c  __mspabi_sral_15              
00004890  __mspabi_sral_2               
0000488c  __mspabi_sral_3               
00004888  __mspabi_sral_4               
00004884  __mspabi_sral_5               
00004880  __mspabi_sral_6               
0000487c  __mspabi_sral_7               
00004878  __mspabi_sral_8               
00004874  __mspabi_sral_9               
00004676  __mspabi_srall                
000045e0  __mspabi_srli                 
00004626  __mspabi_srli_1               
00004602  __mspabi_srli_10              
000045fe  __mspabi_srli_11              
000045fa  __mspabi_srli_12              
000045f6  __mspabi_srli_13              
000045f2  __mspabi_srli_14              
000045ee  __mspabi_srli_15              
00004622  __mspabi_srli_2               
0000461e  __mspabi_srli_3               
0000461a  __mspabi_srli_4               
00004616  __mspabi_srli_5               
00004612  __mspabi_srli_6               
0000460e  __mspabi_srli_7               
0000460a  __mspabi_srli_8               
00004606  __mspabi_srli_9               
00004b46  __mspabi_srll                 
000044e6  __mspabi_srll_1               
000044b0  __mspabi_srll_10              
000044aa  __mspabi_srll_11              
000044a4  __mspabi_srll_12              
0000449e  __mspabi_srll_13              
00004498  __mspabi_srll_14              
00004492  __mspabi_srll_15              
000044e0  __mspabi_srll_2               
000044da  __mspabi_srll_3               
000044d4  __mspabi_srll_4               
000044ce  __mspabi_srll_5               
000044c8  __mspabi_srll_6               
000044c2  __mspabi_srll_7               
000044bc  __mspabi_srll_8               
000044b6  __mspabi_srll_9               
0000470a  __mspabi_srlll                
00003744  __mspabi_subf                 
00004a40  _c_int00_noargs               
0000fffe  _reset_vector                 
000009b0  _stack                        
00004bac  _system_post_cinit            
00004ba8  _system_pre_init              
00004ba2  abort                         
00000266  adc_value                     
00000262  battery_voltage               
00000202  beep1_en                      
0000020a  beep1_seq                     
00000201  beep2_en                      
00000209  beep2_seq                     
00000200  beep3_en                      
00000208  beep3_seq                     
0000022c  beep_100ms                    
0000022a  beep_300ms                    
00000352  bf_data                       
00000382  blt_in_stat1                  
00000383  blt_in_stat2                  
00000384  blt_in_stat3                  
00000385  blt_input_stat1               
00000386  blt_input_stat2               
00000387  blt_input_stat3               
00000292  blt_key_counter1              
00000388  blt_old_input_stat1           
00000389  blt_old_input_stat2           
0000038a  blt_old_input_stat3           
00000290  blt_zero_count1               
000049f6  clock_init                    
00000218  cnt_100ms                     
00000212  cnt_10ms                      
00000226  cnt_10sec                     
0000020e  cnt_1ms                       
00000222  cnt_1sec                      
0000021a  cnt_200ms                     
00000214  cnt_20ms                      
0000021c  cnt_250ms                     
00000220  cnt_2sec                      
00000228  cnt_30sec                     
00000224  cnt_3sec                      
0000021e  cnt_500ms                     
00000216  cnt_50ms                      
00000210  cnt_5ms                       
0000023c  cnt_auto                      
00000244  cnt_auto_basic                
00000242  cnt_auto_mode                 
0000023e  cnt_basic_F                   
00000240  cnt_basic_L                   
0000038b  compare_cnt                   
00004590  controlValves                 
00004b88  control_init                  
00000233  f_100ms                       
00000230  f_10ms                        
0000023a  f_10sec                       
0000022e  f_1ms                         
00000237  f_1sec                        
00000234  f_200ms                       
00000231  f_20ms                        
00000235  f_250ms                       
00000238  f_2sec                        
0000023b  f_30sec                       
00000239  f_3sec                        
00000236  f_500ms                       
00000232  f_50ms                        
0000022f  f_5ms                         
00000299  f_rcv_cnt                     
00000260  f_rcv_proc                    
00000298  f_rcv_start                   
00000297  first_flag                    
00003e06  flashData_init                
00003ea4  flash_read                    
00003a56  flash_write                   
00000368  float_temp1                   
0000036c  float_temp2                   
00000370  float_temp3                   
0000038c  free_byte0                    
00000261  init_pressure                 
0000025d  is_1sec_led                   
00000247  is_air_F                      
00000248  is_air_L                      
00000246  is_auto                       
0000024b  is_auto_basic                 
00000249  is_basic                      
00000206  is_center_valve               
00000257  is_charging_first             
00000258  is_charging_mode              
00000256  is_first                      
0000025b  is_first_6_4                  
0000025a  is_init_beep                  
00000259  is_init_connect               
00000205  is_left_valve                 
00000207  is_out_valve                  
0000024a  is_power                      
0000025e  is_poweroff_5min              
00000203  is_pump                       
00000204  is_right_valve                
0000025c  is_under_6_4                  
00001100  main                          
00004b58  memcpy                        
00000374  p_rcv_buf                     
0000038d  press_in_stat1                
0000038e  press_in_stat2                
0000038f  press_input_stat1             
00000390  press_input_stat2             
00000296  press_key_counter1            
00000391  press_old_input_stat1         
00000392  press_old_input_stat2         
00000294  press_zero_count1             
00000302  rcv_buf                       
0000029a  rcv_cnt                       
00000393  rcv_command                   
00000394  rcv_data                      
0000029b  rcv_end_cnt                   
00004a5c  rcv_proc                      
0000029c  rcv_start_cnt                 
00004a76  setValveAndPumpState          
0000029e  trs_buf0                      
00003d5c  usart0_rx                     
0000020c  waiting_tm                    


GLOBAL SYMBOLS: SORTED BY Symbol Address 

address   name                          
-------   ----                          
00000000  IE1                           
00000001  IE2                           
00000002  IFG1                          
00000003  IFG2                          
00000004  ME1                           
00000005  ME2                           
00000018  P3IN                          
00000019  P3OUT                         
0000001a  P3DIR                         
0000001b  P3SEL                         
0000001c  P4IN                          
0000001d  P4OUT                         
0000001e  P4DIR                         
0000001f  P4SEL                         
00000020  P1IN                          
00000021  P1OUT                         
00000022  P1DIR                         
00000023  P1IFG                         
00000024  P1IES                         
00000025  P1IE                          
00000026  P1SEL                         
00000028  P2IN                          
00000029  P2OUT                         
0000002a  P2DIR                         
0000002b  P2IFG                         
0000002c  P2IES                         
0000002d  P2IE                          
0000002e  P2SEL                         
00000030  P5IN                          
00000031  P5OUT                         
00000032  P5DIR                         
00000033  P5SEL                         
00000034  P6IN                          
00000035  P6OUT                         
00000036  P6DIR                         
00000037  P6SEL                         
00000050  __STACK_SIZE                  
00000056  DCOCTL                        
00000057  BCSCTL1                       
00000058  BCSCTL2                       
00000059  CACTL1                        
0000005a  CACTL2                        
0000005b  CAPD                          
00000070  U0CTL                         
00000071  U0TCTL                        
00000072  U0RCTL                        
00000073  U0MCTL                        
00000074  U0BR0                         
00000075  U0BR1                         
00000076  U0RXBUF                       
00000077  U0TXBUF                       
00000078  U1CTL                         
00000079  U1TCTL                        
0000007a  U1RCTL                        
0000007b  U1MCTL                        
0000007c  U1BR0                         
0000007d  U1BR1                         
0000007e  U1RXBUF                       
0000007f  U1TXBUF                       
00000080  ADC12MCTL0                    
00000081  ADC12MCTL1                    
00000082  ADC12MCTL2                    
00000083  ADC12MCTL3                    
00000084  ADC12MCTL4                    
00000085  ADC12MCTL5                    
00000086  ADC12MCTL6                    
00000087  ADC12MCTL7                    
00000088  ADC12MCTL8                    
00000089  ADC12MCTL9                    
0000008a  ADC12MCTL10                   
0000008b  ADC12MCTL11                   
0000008c  ADC12MCTL12                   
0000008d  ADC12MCTL13                   
0000008e  ADC12MCTL14                   
0000008f  ADC12MCTL15                   
0000011e  TBIV                          
00000120  WDTCTL                        
00000128  FCTL1                         
0000012a  FCTL2                         
0000012c  FCTL3                         
0000012e  TAIV                          
00000130  MPY                           
00000132  MPYS                          
00000134  MAC                           
00000136  MACS                          
00000138  OP2                           
0000013a  RESLO                         
0000013c  RESHI                         
0000013e  SUMEXT                        
00000140  ADC12MEM0                     
00000142  ADC12MEM1                     
00000144  ADC12MEM2                     
00000146  ADC12MEM3                     
00000148  ADC12MEM4                     
0000014a  ADC12MEM5                     
0000014c  ADC12MEM6                     
0000014e  ADC12MEM7                     
00000150  ADC12MEM8                     
00000152  ADC12MEM9                     
00000154  ADC12MEM10                    
00000156  ADC12MEM11                    
00000158  ADC12MEM12                    
0000015a  ADC12MEM13                    
0000015c  ADC12MEM14                    
0000015e  ADC12MEM15                    
00000160  TACTL                         
00000162  TACCTL0                       
00000164  TACCTL1                       
00000166  TACCTL2                       
00000170  TAR                           
00000172  TACCR0                        
00000174  TACCR1                        
00000176  TACCR2                        
00000180  TBCTL                         
00000182  TBCCTL0                       
00000184  TBCCTL1                       
00000186  TBCCTL2                       
00000188  TBCCTL3                       
0000018a  TBCCTL4                       
0000018c  TBCCTL5                       
0000018e  TBCCTL6                       
00000190  TBR                           
00000192  TBCCR0                        
00000194  TBCCR1                        
00000196  TBCCR2                        
00000198  TBCCR3                        
0000019a  TBCCR4                        
0000019c  TBCCR5                        
0000019e  TBCCR6                        
000001a0  ADC12CTL0                     
000001a2  ADC12CTL1                     
000001a4  ADC12IFG                      
000001a6  ADC12IE                       
000001a8  ADC12IV                       
00000200  beep3_en                      
00000201  beep2_en                      
00000202  beep1_en                      
00000203  is_pump                       
00000204  is_right_valve                
00000205  is_left_valve                 
00000206  is_center_valve               
00000207  is_out_valve                  
00000208  beep3_seq                     
00000209  beep2_seq                     
0000020a  beep1_seq                     
0000020c  waiting_tm                    
0000020e  cnt_1ms                       
00000210  cnt_5ms                       
00000212  cnt_10ms                      
00000214  cnt_20ms                      
00000216  cnt_50ms                      
00000218  cnt_100ms                     
0000021a  cnt_200ms                     
0000021c  cnt_250ms                     
0000021e  cnt_500ms                     
00000220  cnt_2sec                      
00000222  cnt_1sec                      
00000224  cnt_3sec                      
00000226  cnt_10sec                     
00000228  cnt_30sec                     
0000022a  beep_300ms                    
0000022c  beep_100ms                    
0000022e  f_1ms                         
0000022f  f_5ms                         
00000230  f_10ms                        
00000231  f_20ms                        
00000232  f_50ms                        
00000233  f_100ms                       
00000234  f_200ms                       
00000235  f_250ms                       
00000236  f_500ms                       
00000237  f_1sec                        
00000238  f_2sec                        
00000239  f_3sec                        
0000023a  f_10sec                       
0000023b  f_30sec                       
0000023c  cnt_auto                      
0000023e  cnt_basic_F                   
00000240  cnt_basic_L                   
00000242  cnt_auto_mode                 
00000244  cnt_auto_basic                
00000246  is_auto                       
00000247  is_air_F                      
00000248  is_air_L                      
00000249  is_basic                      
0000024a  is_power                      
0000024b  is_auto_basic                 
0000024c  Air_btn                       
0000024d  B_btn                         
0000024e  A_btn                         
00000250  P1_Value                      
00000252  P2_Value                      
00000254  P3_Value                      
00000256  is_first                      
00000257  is_charging_first             
00000258  is_charging_mode              
00000259  is_init_connect               
0000025a  is_init_beep                  
0000025b  is_first_6_4                  
0000025c  is_under_6_4                  
0000025d  is_1sec_led                   
0000025e  is_poweroff_5min              
0000025f  P_Read_Flag                   
00000260  f_rcv_proc                    
00000261  init_pressure                 
00000262  battery_voltage               
00000266  adc_value                     
00000268  Max_Pressure                  
0000026c  Min_Pressure                  
00000270  P_Init_Val1                   
00000272  P_Init_Val2                   
00000274  P_Init_Val3                   
00000276  P_Init_Val4                   
00000278  P_Init_Val5                   
0000027a  P_Init_Val6                   
0000027c  P_Init_Val7                   
0000027e  P_Init_Val8                   
00000280  Init_zero_count               
00000282  Init_key_counter              
00000284  Init_zero_count1              
00000286  Init_key_counter1             
00000288  Init_zero_count2              
0000028a  Init_key_counter2             
0000028c  Init_zero_count3              
0000028e  Init_key_counter3             
00000290  blt_zero_count1               
00000292  blt_key_counter1              
00000294  press_zero_count1             
00000296  press_key_counter1            
00000297  first_flag                    
00000298  f_rcv_start                   
00000299  f_rcv_cnt                     
0000029a  rcv_cnt                       
0000029b  rcv_end_cnt                   
0000029c  rcv_start_cnt                 
0000029e  trs_buf0                      
00000302  rcv_buf                       
00000352  bf_data                       
00000364  Pressure_KPA                  
00000368  float_temp1                   
0000036c  float_temp2                   
00000370  float_temp3                   
00000374  p_rcv_buf                     
00000376  Init_in_stat                  
00000377  Init_in_stat1                 
00000378  Init_in_stat2                 
00000379  Init_in_stat3                 
0000037a  Init_input_stat               
0000037b  Init_input_stat1              
0000037c  Init_input_stat2              
0000037d  Init_input_stat3              
0000037e  Init_old_input_stat           
0000037f  Init_old_input_stat1          
00000380  Init_old_input_stat2          
00000381  Init_old_input_stat3          
00000382  blt_in_stat1                  
00000383  blt_in_stat2                  
00000384  blt_in_stat3                  
00000385  blt_input_stat1               
00000386  blt_input_stat2               
00000387  blt_input_stat3               
00000388  blt_old_input_stat1           
00000389  blt_old_input_stat2           
0000038a  blt_old_input_stat3           
0000038b  compare_cnt                   
0000038c  free_byte0                    
0000038d  press_in_stat1                
0000038e  press_in_stat2                
0000038f  press_input_stat1             
00000390  press_input_stat2             
00000391  press_old_input_stat1         
00000392  press_old_input_stat2         
00000393  rcv_command                   
00000394  rcv_data                      
000009b0  _stack                        
00000a00  __STACK_END                   
00001100  main                          
000020f2  __mspabi_addd                 
00002828  __TI_frcdivd                  
00002ca0  __mspabi_mpyd                 
00002f60  __mspabi_divd                 
00003198  ReadCount3                    
00003312  __TI_frcmpyd                  
00003484  ReadCount1                    
000035e4  ReadCount2                    
00003744  __mspabi_subf                 
0000374a  __mspabi_addf                 
00003876  Timer_B                       
0000397a  __mspabi_cmpd                 
00003a56  flash_write                   
00003b30  __mspabi_mpyf                 
00003bf4  Blt_Input                     
00003ca8  __mspabi_cvtdf                
00003d5c  usart0_rx                     
00003e06  flashData_init                
00003ea4  flash_read                    
00003f40  __mspabi_mpyll_hw             
00003fd6  Pressure_Data_Send            
00004058  Init_Pressure_Input           
000040d8  IOPort_init                   
00004156  Auto_Button_Input             
000041d2  Default_Button_Input          
0000424e  __TI_decompress_lzss          
000042ca  Air_Button_Input              
00004342  __mspabi_fixdul               
000043b6  __mspabi_cvtfd                
00004426  Power_Button_Input            
00004492  __mspabi_srll_15              
00004498  __mspabi_srll_14              
0000449e  __mspabi_srll_13              
000044a4  __mspabi_srll_12              
000044aa  __mspabi_srll_11              
000044b0  __mspabi_srll_10              
000044b6  __mspabi_srll_9               
000044bc  __mspabi_srll_8               
000044c2  __mspabi_srll_7               
000044c8  __mspabi_srll_6               
000044ce  __mspabi_srll_5               
000044d4  __mspabi_srll_4               
000044da  __mspabi_srll_3               
000044e0  __mspabi_srll_2               
000044e6  __mspabi_srll_1               
000044ee  Beep2                         
00004540  Power_off_ready               
00004590  controlValves                 
000045e0  __mspabi_srli                 
000045ee  __mspabi_srli_15              
000045f2  __mspabi_srli_14              
000045f6  __mspabi_srli_13              
000045fa  __mspabi_srli_12              
000045fe  __mspabi_srli_11              
00004602  __mspabi_srli_10              
00004606  __mspabi_srli_9               
0000460a  __mspabi_srli_8               
0000460e  __mspabi_srli_7               
00004612  __mspabi_srli_6               
00004616  __mspabi_srli_5               
0000461a  __mspabi_srli_4               
0000461e  __mspabi_srli_3               
00004622  __mspabi_srli_2               
00004626  __mspabi_srli_1               
0000462c  __mspabi_mpyull_hw            
00004676  __mspabi_srall                
000046c0  __mspabi_cmpf                 
0000470a  __mspabi_srlll                
00004750  __mspabi_fixfu                
00004796  __mspabi_sllll                
000047da  __TI_auto_init_nobinit_nopinit
0000481c  Port1_ISR                     
0000485c  __mspabi_sral_15              
00004860  __mspabi_sral_14              
00004864  __mspabi_sral_13              
00004868  __mspabi_sral_12              
0000486c  __mspabi_sral_11              
00004870  __mspabi_sral_10              
00004874  __mspabi_sral_9               
00004878  __mspabi_sral_8               
0000487c  __mspabi_sral_7               
00004880  __mspabi_sral_6               
00004884  __mspabi_sral_5               
00004888  __mspabi_sral_4               
0000488c  __mspabi_sral_3               
00004890  __mspabi_sral_2               
00004894  __mspabi_sral_1               
0000489a  __mspabi_slll_15              
0000489e  __mspabi_slll_14              
000048a2  __mspabi_slll_13              
000048a6  __mspabi_slll_12              
000048aa  __mspabi_slll_11              
000048ae  __mspabi_slll_10              
000048b2  __mspabi_slll_9               
000048b6  __mspabi_slll_8               
000048ba  __mspabi_slll_7               
000048be  __mspabi_slll_6               
000048c2  __mspabi_slll_5               
000048c6  __mspabi_slll_4               
000048ca  __mspabi_slll_3               
000048ce  __mspabi_slll_2               
000048d2  __mspabi_slll_1               
000048d8  UART_Init                     
00004910  __mspabi_fltulf               
00004942  Beep1                         
00004970  __mspabi_mpyl_hw              
0000499e  __mspabi_srai                 
000049aa  __mspabi_srai_15              
000049ac  __mspabi_srai_14              
000049ae  __mspabi_srai_13              
000049b0  __mspabi_srai_12              
000049b2  __mspabi_srai_11              
000049b4  __mspabi_srai_10              
000049b6  __mspabi_srai_9               
000049b8  __mspabi_srai_8               
000049ba  __mspabi_srai_7               
000049bc  __mspabi_srai_6               
000049be  __mspabi_srai_5               
000049c0  __mspabi_srai_4               
000049c2  __mspabi_srai_3               
000049c4  __mspabi_srai_2               
000049c6  __mspabi_srai_1               
000049ca  __mspabi_slli                 
000049d6  __mspabi_slli_15              
000049d8  __mspabi_slli_14              
000049da  __mspabi_slli_13              
000049dc  __mspabi_slli_12              
000049de  __mspabi_slli_11              
000049e0  __mspabi_slli_10              
000049e2  __mspabi_slli_9               
000049e4  __mspabi_slli_8               
000049e6  __mspabi_slli_7               
000049e8  __mspabi_slli_6               
000049ea  __mspabi_slli_5               
000049ec  __mspabi_slli_4               
000049ee  __mspabi_slli_3               
000049f0  __mspabi_slli_2               
000049f2  __mspabi_slli_1               
000049f6  clock_init                    
00004a1c  __mspabi_fltuf                
00004a40  _c_int00_noargs               
00004a5c  rcv_proc                      
00004a76  setValveAndPumpState          
00004a90  Power_Off                     
00004aa8  UCA0_strout_length            
00004ac0  Timer_A_init                  
00004ad4  Timer_B7_init                 
00004ae8  __TI_zero_init_nomemset       
00004afc  __mspabi_mpyi_hw              
00004b10  ADC12_ISR                     
00004b22  __mspabi_fixdu                
00004b34  __TI_decompress_none          
00004b46  __mspabi_srll                 
00004b58  memcpy                        
00004b6a  __mspabi_func_epilog_7        
00004b6c  __mspabi_func_epilog_6        
00004b6e  __mspabi_func_epilog_5        
00004b70  __mspabi_func_epilog_4        
00004b72  __mspabi_func_epilog_3        
00004b74  __mspabi_func_epilog_2        
00004b76  __mspabi_func_epilog_1        
00004b7a  UCA0_chout                    
00004b88  control_init                  
00004b94  __TI_ISR_TRAP                 
00004b9c  TimerA0_ISR                   
00004ba2  C$$EXIT                       
00004ba2  abort                         
00004ba8  _system_pre_init              
00004bac  _system_post_cinit            
00004bc8  __TI_Handler_Table_Base       
00004bce  __TI_Handler_Table_Limit      
00004bd2  __TI_CINIT_Base               
00004bda  __TI_CINIT_Limit              
0000ffe2  __TI_int01                    
0000ffe4  __TI_int02                    
0000ffe6  __TI_int03                    
0000ffe8  __TI_int04                    
0000ffea  __TI_int05                    
0000ffec  __TI_int06                    
0000ffee  __TI_int07                    
0000fff0  __TI_int08                    
0000fff2  __TI_int09                    
0000fff4  __TI_int10                    
0000fff6  __TI_int11                    
0000fff8  __TI_int12                    
0000fffa  __TI_int13                    
0000fffc  __TI_int14                    
0000fffe  _reset_vector                 
ffffffff  __TI_pprof_out_hndl           
ffffffff  __TI_prof_data_size           
ffffffff  __TI_prof_data_start          
ffffffff  __c_args__                    

[469 symbols]
