******************************************************************************
                  MSP430 Linker PC v20.2.5                     
******************************************************************************
>> Linked Tue Mar 12 13:37:59 2024

OUTPUT FILE NAME:   <Neo-SM-v2.1.6.out>
ENTRY POINT SYMBOL: "_c_int00_noargs"  address: 00004a00


MEMORY CONFIGURATION

         name            origin    length      used     unused   attr    fill
----------------------  --------  ---------  --------  --------  ----  --------
  SFR                   00000000   00000010  00000000  00000010  RWIX
  PERIPHERALS_8BIT      00000010   000000f0  00000000  000000f0  RWIX
  PERIPHERALS_16BIT     00000100   00000100  00000000  00000100  RWIX
  RAM                   00000200   00000800  00000191  0000066f  RWIX
  INFOB                 00001000   00000080  00000000  00000080  RWIX
  INFOA                 00001080   00000080  00000000  00000080  RWIX
  FLASH                 00001100   0000eee0  00003a9e  0000b442  RWIX
  INT00                 0000ffe0   00000002  00000000  00000002  RWIX
  INT01                 0000ffe2   00000002  00000002  00000000  RWIX
  INT02                 0000ffe4   00000002  00000002  00000000  RWIX
  INT03                 0000ffe6   00000002  00000002  00000000  RWIX
  INT04                 0000ffe8   00000002  00000002  00000000  RWIX
  INT05                 0000ffea   00000002  00000002  00000000  RWIX
  INT06                 0000ffec   00000002  00000002  00000000  RWIX
  INT07                 0000ffee   00000002  00000002  00000000  RWIX
  INT08                 0000fff0   00000002  00000002  00000000  RWIX
  INT09                 0000fff2   00000002  00000002  00000000  RWIX
  INT10                 0000fff4   00000002  00000002  00000000  RWIX
  INT11                 0000fff6   00000002  00000002  00000000  RWIX
  INT12                 0000fff8   00000002  00000002  00000000  RWIX
  INT13                 0000fffa   00000002  00000002  00000000  RWIX
  INT14                 0000fffc   00000002  00000002  00000000  RWIX
  RESET                 0000fffe   00000002  00000002  00000000  RWIX


SECTION ALLOCATION MAP

 output                                  attributes/
section   page    origin      length       input sections
--------  ----  ----------  ----------   ----------------
.data      0    00000200    00000102     UNINITIALIZED
                  00000200    0000009d     Neo-SM-v2.1.6.obj (.data)
                  0000029d    00000001     --HOLE--
                  0000029e    00000064     Neo-SM-v2.1.6.obj (.data:trs_buf0)

.bss       0    00000302    0000003f     UNINITIALIZED
                  00000302    00000012     (.common:bf_data)
                  00000314    00000004     (.common:Pressure_KPA)
                  00000318    00000004     (.common:float_temp1)
                  0000031c    00000004     (.common:float_temp2)
                  00000320    00000004     (.common:float_temp3)
                  00000324    00000001     (.common:Init_in_stat)
                  00000325    00000001     (.common:Init_in_stat1)
                  00000326    00000001     (.common:Init_in_stat2)
                  00000327    00000001     (.common:Init_in_stat3)
                  00000328    00000001     (.common:Init_input_stat)
                  00000329    00000001     (.common:Init_input_stat1)
                  0000032a    00000001     (.common:Init_input_stat2)
                  0000032b    00000001     (.common:Init_input_stat3)
                  0000032c    00000001     (.common:Init_old_input_stat)
                  0000032d    00000001     (.common:Init_old_input_stat1)
                  0000032e    00000001     (.common:Init_old_input_stat2)
                  0000032f    00000001     (.common:Init_old_input_stat3)
                  00000330    00000001     (.common:blt_in_stat1)
                  00000331    00000001     (.common:blt_in_stat2)
                  00000332    00000001     (.common:blt_in_stat3)
                  00000333    00000001     (.common:blt_input_stat1)
                  00000334    00000001     (.common:blt_input_stat2)
                  00000335    00000001     (.common:blt_input_stat3)
                  00000336    00000001     (.common:blt_old_input_stat1)
                  00000337    00000001     (.common:blt_old_input_stat2)
                  00000338    00000001     (.common:blt_old_input_stat3)
                  00000339    00000001     (.common:free_byte0)
                  0000033a    00000001     (.common:press_in_stat1)
                  0000033b    00000001     (.common:press_in_stat2)
                  0000033c    00000001     (.common:press_input_stat1)
                  0000033d    00000001     (.common:press_input_stat2)
                  0000033e    00000001     (.common:press_old_input_stat1)
                  0000033f    00000001     (.common:press_old_input_stat2)
                  00000340    00000001     (.common:rcv_data)

.stack     0    000009b0    00000050     UNINITIALIZED
                  000009b0    00000002     rts430_eabi.lib : boot.c.obj (.stack)
                  000009b2    0000004e     --HOLE--

.text      0    00001100    00003a72     
                  00001100    00000fd6     Neo-SM-v2.1.6.obj (.text:main)
                  000020d6    00000736     rts430_eabi.lib : addd.c.obj (.text:__mspabi_addd)
                  0000280c    00000478                     : frcdivd.c.obj (.text:__TI_frcdivd)
                  00002c84    000002c0                     : mpyd.c.obj (.text:__mspabi_mpyd)
                  00002f44    00000238                     : divd.c.obj (.text:__mspabi_divd)
                  0000317c    0000017a     Neo-SM-v2.1.6.obj (.text:ReadCount3)
                  000032f6    00000172     rts430_eabi.lib : frcmpyd.c.obj (.text:__TI_frcmpyd)
                  00003468    00000160     Neo-SM-v2.1.6.obj (.text:ReadCount1)
                  000035c8    00000160     Neo-SM-v2.1.6.obj (.text:ReadCount2)
                  00003728    00000132     rts430_eabi.lib : fs_add.asm.obj (.text)
                  0000385a    000000f0     Neo-SM-v2.1.6.obj (.text:Timer_B)
                  0000394a    000000dc     rts430_eabi.lib : cmpd.c.obj (.text:__mspabi_cmpd)
                  00003a26    000000da     Neo-SM-v2.1.6.obj (.text:flash_write)
                  00003b00    000000c4     rts430_eabi.lib : fs_mpy.asm.obj (.text)
                  00003bc4    000000b4     Neo-SM-v2.1.6.obj (.text:Blt_Input)
                  00003c78    000000b4     rts430_eabi.lib : cvtdf.c.obj (.text:__mspabi_cvtdf)
                  00003d2c    0000009e     Neo-SM-v2.1.6.obj (.text:flashData_init)
                  00003dca    0000009c     Neo-SM-v2.1.6.obj (.text:flash_read)
                  00003e66    00000096     rts430_eabi.lib : mult64_hw.asm.obj (.text:__mpyll)
                  00003efc    0000008a                     : fltuld.c.obj (.text:__mspabi_fltuld)
                  00003f86    00000082     Neo-SM-v2.1.6.obj (.text:Pressure_Data_Send)
                  00004008    00000080     Neo-SM-v2.1.6.obj (.text:Init_Pressure_Input)
                  00004088    0000007e     Neo-SM-v2.1.6.obj (.text:IOPort_init)
                  00004106    0000007c     Neo-SM-v2.1.6.obj (.text:Auto_Button_Input)
                  00004182    0000007c     Neo-SM-v2.1.6.obj (.text:Default_Button_Input)
                  000041fe    0000007c     rts430_eabi.lib : copy_decompress_lzss.c.obj (.text:decompress:lzss:__TI_decompress_lzss)
                  0000427a    00000078     Neo-SM-v2.1.6.obj (.text:Air_Button_Input)
                  000042f2    00000074     rts430_eabi.lib : fixdul.c.obj (.text:__mspabi_fixdul)
                  00004366    00000070                     : cvtfd.c.obj (.text:__mspabi_cvtfd)
                  000043d6    0000006c     Neo-SM-v2.1.6.obj (.text:Power_Button_Input)
                  00004442    00000060     Neo-SM-v2.1.6.obj (.text:Power_off_ready)
                  000044a2    0000005c     rts430_eabi.lib : lsr32.asm.obj (.text:l_lsr_const)
                  000044fe    00000052     Neo-SM-v2.1.6.obj (.text:Beep2)
                  00004550    00000050     Neo-SM-Mode-v2.1.6.obj (.text:controlValves)
                  000045a0    0000004c     rts430_eabi.lib : lsr16.asm.obj (.text)
                  000045ec    0000004a                     : mult3264_hw.asm.obj (.text:__mpyull)
                  00004636    0000004a                     : asr64.c.obj (.text:__mspabi_srall)
                  00004680    0000004a                     : fs_cmp.asm.obj (.text)
                  000046ca    00000046                     : lsr64.c.obj (.text:__mspabi_srlll)
                  00004710    00000046                     : fs_tou.asm.obj (.text)
                  00004756    00000044                     : lsl64.c.obj (.text:__mspabi_sllll)
                  0000479a    00000042                     : autoinit.c.obj (.text:__TI_auto_init_nobinit_nopinit:__TI_auto_init_nobinit_nopinit)
                  000047dc    00000040     Neo-SM-v2.1.6.obj (.text:Port1_ISR)
                  0000481c    0000003e     rts430_eabi.lib : asr32.asm.obj (.text:l_asr_const)
                  0000485a    0000003e                     : lsl32.asm.obj (.text:l_lsl_const)
                  00004898    00000038     Neo-SM-v2.1.6.obj (.text:UART_Init)
                  000048d0    00000032     rts430_eabi.lib : fs_ultof.asm.obj (.text)
                  00004902    0000002e     Neo-SM-v2.1.6.obj (.text:Beep1)
                  00004930    0000002e     rts430_eabi.lib : mult32_hw.asm.obj (.text)
                  0000495e    0000002c                     : asr16.asm.obj (.text)
                  0000498a    0000002c                     : lsl16.asm.obj (.text)
                  000049b6    00000026     Neo-SM-v2.1.6.obj (.text:clock_init)
                  000049dc    00000024     rts430_eabi.lib : fs_utof.asm.obj (.text)
                  00004a00    0000001c                     : boot.c.obj (.text:_c_int00_noargs)
                  00004a1c    0000001a     Neo-SM-v2.1.6.obj (.text:setValveAndPumpState)
                  00004a36    00000018     Neo-SM-Mode-v2.1.6.obj (.text:Power_Off)
                  00004a4e    00000018     Neo-SM-v2.1.6.obj (.text:UCA0_strout_length)
                  00004a66    00000018     Neo-SM-v2.1.6.obj (.text:usart0_rx)
                  00004a7e    00000014     Neo-SM-v2.1.6.obj (.text:Timer_A_init)
                  00004a92    00000014     Neo-SM-v2.1.6.obj (.text:Timer_B7_init)
                  00004aa6    00000014     rts430_eabi.lib : copy_zero_init.c.obj (.text:decompress:ZI:__TI_zero_init_nomemset:__TI_zero_init_nomemset)
                  00004aba    00000014                     : mult16_hw.asm.obj (.text)
                  00004ace    00000012     Neo-SM-v2.1.6.obj (.text:ADC12_ISR)
                  00004ae0    00000012     rts430_eabi.lib : fixdu.c.obj (.text:__mspabi_fixdu)
                  00004af2    00000012                     : copy_decompress_none.c.obj (.text:decompress:none:__TI_decompress_none)
                  00004b04    00000012                     : lsr32.asm.obj (.text:l_lsr)
                  00004b16    00000012                     : memcpy.c.obj (.text:memcpy)
                  00004b28    00000010                     : epilog.asm.obj (.text)
                  00004b38    0000000e     Neo-SM-v2.1.6.obj (.text:UCA0_chout)
                  00004b46    0000000c     Neo-SM-Mode-v2.1.6.obj (.text:control_init)
                  00004b52    00000008     rts430_eabi.lib : isr_trap.asm.obj (.text:_isr:__TI_ISR_TRAP)
                  00004b5a    00000006     Neo-SM-v2.1.6.obj (.text:TimerA0_ISR)
                  00004b60    00000006     rts430_eabi.lib : fltud.c.obj (.text:__mspabi_fltud)
                  00004b66    00000006                     : exit.c.obj (.text:abort)
                  00004b6c    00000004                     : pre_init.c.obj (.text:_system_pre_init)
                  00004b70    00000002                     : startup.c.obj (.text:_system_post_cinit)

.cinit     0    00004b72    0000002c     
                  00004b72    0000001a     (.cinit..data.load) [load image, compression = lzss]
                  00004b8c    00000006     (__TI_handler_table)
                  00004b92    00000004     (.cinit..bss.load) [load image, compression = zero_init]
                  00004b96    00000008     (__TI_cinit_table)

.binit     0    00001100    00000000     

.init_array 
*          0    00001100    00000000     UNINITIALIZED

PORT2      0    0000ffe2    00000002     
                  0000ffe2    00000002     rts430_eabi.lib : int01.asm.obj (.int01)

USART1TX   0    0000ffe4    00000002     
                  0000ffe4    00000002     rts430_eabi.lib : int02.asm.obj (.int02)

USART1RX   0    0000ffe6    00000002     
                  0000ffe6    00000002     rts430_eabi.lib : int03.asm.obj (.int03)

PORT1      0    0000ffe8    00000002     
                  0000ffe8    00000002     Neo-SM-v2.1.6.obj (.int04)

TIMERA1    0    0000ffea    00000002     
                  0000ffea    00000002     rts430_eabi.lib : int05.asm.obj (.int05)

TIMERA0    0    0000ffec    00000002     
                  0000ffec    00000002     Neo-SM-v2.1.6.obj (.int06)

ADC12      0    0000ffee    00000002     
                  0000ffee    00000002     Neo-SM-v2.1.6.obj (.int07)

USART0TX   0    0000fff0    00000002     
                  0000fff0    00000002     rts430_eabi.lib : int08.asm.obj (.int08)

USART0RX   0    0000fff2    00000002     
                  0000fff2    00000002     Neo-SM-v2.1.6.obj (.int09)

WDT        0    0000fff4    00000002     
                  0000fff4    00000002     rts430_eabi.lib : int10.asm.obj (.int10)

COMPARATORA 
*          0    0000fff6    00000002     
                  0000fff6    00000002     rts430_eabi.lib : int11.asm.obj (.int11)

TIMERB1    0    0000fff8    00000002     
                  0000fff8    00000002     rts430_eabi.lib : int12.asm.obj (.int12)

TIMERB0    0    0000fffa    00000002     
                  0000fffa    00000002     Neo-SM-v2.1.6.obj (.int13)

NMI        0    0000fffc    00000002     
                  0000fffc    00000002     rts430_eabi.lib : int14.asm.obj (.int14)

.reset     0    0000fffe    00000002     
                  0000fffe    00000002     rts430_eabi.lib : boot.c.obj (.reset)

MODULE SUMMARY

       Module                       code    ro data   rw data
       ------                       ----    -------   -------
    .\
       Neo-SM-v2.1.6.obj            7482    10        320    
       Neo-SM-Mode-v2.1.6.obj       116     0         0      
    +--+----------------------------+-------+---------+---------+
       Total:                       7598    10        320    
                                                             
    C:\ti\ccs1040\ccs\tools\compiler\ti-cgt-msp430_20.2.5.LTS\lib\rts430_eabi.lib
       addd.c.obj                   1846    0         0      
       frcdivd.c.obj                1144    0         0      
       mpyd.c.obj                   704     0         0      
       divd.c.obj                   568     0         0      
       frcmpyd.c.obj                370     0         0      
       fs_add.asm.obj               306     0         0      
       cmpd.c.obj                   220     0         0      
       fs_mpy.asm.obj               196     0         0      
       cvtdf.c.obj                  180     0         0      
       mult64_hw.asm.obj            150     0         0      
       fltuld.c.obj                 138     0         0      
       copy_decompress_lzss.c.obj   124     0         0      
       fixdul.c.obj                 116     0         0      
       cvtfd.c.obj                  112     0         0      
       lsr32.asm.obj                110     0         0      
       lsr16.asm.obj                76      0         0      
       asr64.c.obj                  74      0         0      
       fs_cmp.asm.obj               74      0         0      
       mult3264_hw.asm.obj          74      0         0      
       fs_tou.asm.obj               70      0         0      
       lsr64.c.obj                  70      0         0      
       lsl64.c.obj                  68      0         0      
       autoinit.c.obj               66      0         0      
       asr32.asm.obj                62      0         0      
       lsl32.asm.obj                62      0         0      
       fs_ultof.asm.obj             50      0         0      
       mult32_hw.asm.obj            46      0         0      
       asr16.asm.obj                44      0         0      
       lsl16.asm.obj                44      0         0      
       fs_utof.asm.obj              36      0         0      
       boot.c.obj                   28      2         0      
       copy_zero_init.c.obj         20      0         0      
       mult16_hw.asm.obj            20      0         0      
       copy_decompress_none.c.obj   18      0         0      
       fixdu.c.obj                  18      0         0      
       memcpy.c.obj                 18      0         0      
       epilog.asm.obj               16      0         0      
       isr_trap.asm.obj             8       0         0      
       exit.c.obj                   6       0         0      
       fltud.c.obj                  6       0         0      
       pre_init.c.obj               4       0         0      
       int01.asm.obj                0       2         0      
       int02.asm.obj                0       2         0      
       int03.asm.obj                0       2         0      
       int05.asm.obj                0       2         0      
       int08.asm.obj                0       2         0      
       int10.asm.obj                0       2         0      
       int11.asm.obj                0       2         0      
       int12.asm.obj                0       2         0      
       int14.asm.obj                0       2         0      
       startup.c.obj                2       0         0      
    +--+----------------------------+-------+---------+---------+
       Total:                       7364    20        0      
                                                             
       Stack:                       0       0         80     
       Linker Generated:            0       44        0      
    +--+----------------------------+-------+---------+---------+
       Grand Total:                 14962   74        400    


LINKER GENERATED COPY TABLES

__TI_cinit_table @ 00004b96 records: 2, size/record: 4, table size: 8
	.data: load addr=00004b72, load size=0000001a bytes, run addr=00000200, run size=00000102 bytes, compression=lzss
	.bss: load addr=00004b92, load size=00000004 bytes, run addr=00000302, run size=0000003f bytes, compression=zero_init


LINKER GENERATED HANDLER TABLE

__TI_handler_table @ 00004b8c records: 3, size/record: 2, table size: 6
	index: 0, handler: __TI_zero_init
	index: 1, handler: __TI_decompress_lzss
	index: 2, handler: __TI_decompress_none


GLOBAL SYMBOLS: SORTED ALPHABETICALLY BY Name 

address   name                          
-------   ----                          
000001a0  ADC12CTL0                     
000001a2  ADC12CTL1                     
000001a6  ADC12IE                       
000001a4  ADC12IFG                      
000001a8  ADC12IV                       
00000080  ADC12MCTL0                    
00000081  ADC12MCTL1                    
0000008a  ADC12MCTL10                   
0000008b  ADC12MCTL11                   
0000008c  ADC12MCTL12                   
0000008d  ADC12MCTL13                   
0000008e  ADC12MCTL14                   
0000008f  ADC12MCTL15                   
00000082  ADC12MCTL2                    
00000083  ADC12MCTL3                    
00000084  ADC12MCTL4                    
00000085  ADC12MCTL5                    
00000086  ADC12MCTL6                    
00000087  ADC12MCTL7                    
00000088  ADC12MCTL8                    
00000089  ADC12MCTL9                    
00000140  ADC12MEM0                     
00000142  ADC12MEM1                     
00000154  ADC12MEM10                    
00000156  ADC12MEM11                    
00000158  ADC12MEM12                    
0000015a  ADC12MEM13                    
0000015c  ADC12MEM14                    
0000015e  ADC12MEM15                    
00000144  ADC12MEM2                     
00000146  ADC12MEM3                     
00000148  ADC12MEM4                     
0000014a  ADC12MEM5                     
0000014c  ADC12MEM6                     
0000014e  ADC12MEM7                     
00000150  ADC12MEM8                     
00000152  ADC12MEM9                     
00004ace  ADC12_ISR                     
00000242  A_btn                         
0000427a  Air_Button_Input              
00000240  Air_btn                       
00004106  Auto_Button_Input             
00000057  BCSCTL1                       
00000058  BCSCTL2                       
00000241  B_btn                         
00004902  Beep1                         
000044fe  Beep2                         
00003bc4  Blt_Input                     
00004b66  C$$EXIT                       
00000059  CACTL1                        
0000005a  CACTL2                        
0000005b  CAPD                          
00000056  DCOCTL                        
00004182  Default_Button_Input          
00000128  FCTL1                         
0000012a  FCTL2                         
0000012c  FCTL3                         
00000000  IE1                           
00000001  IE2                           
00000002  IFG1                          
00000003  IFG2                          
00004088  IOPort_init                   
00004008  Init_Pressure_Input           
00000324  Init_in_stat                  
00000325  Init_in_stat1                 
00000326  Init_in_stat2                 
00000327  Init_in_stat3                 
00000328  Init_input_stat               
00000329  Init_input_stat1              
0000032a  Init_input_stat2              
0000032b  Init_input_stat3              
00000282  Init_key_counter              
00000286  Init_key_counter1             
0000028a  Init_key_counter2             
0000028e  Init_key_counter3             
0000032c  Init_old_input_stat           
0000032d  Init_old_input_stat1          
0000032e  Init_old_input_stat2          
0000032f  Init_old_input_stat3          
00000280  Init_zero_count               
00000284  Init_zero_count1              
00000288  Init_zero_count2              
0000028c  Init_zero_count3              
00000134  MAC                           
00000136  MACS                          
00000004  ME1                           
00000005  ME2                           
00000130  MPY                           
00000132  MPYS                          
00000268  Max_Pressure                  
0000026c  Min_Pressure                  
00000138  OP2                           
00000022  P1DIR                         
00000025  P1IE                          
00000024  P1IES                         
00000023  P1IFG                         
00000020  P1IN                          
00000021  P1OUT                         
00000026  P1SEL                         
00000244  P1_Value                      
0000002a  P2DIR                         
0000002d  P2IE                          
0000002c  P2IES                         
0000002b  P2IFG                         
00000028  P2IN                          
00000029  P2OUT                         
0000002e  P2SEL                         
00000246  P2_Value                      
0000001a  P3DIR                         
00000018  P3IN                          
00000019  P3OUT                         
0000001b  P3SEL                         
00000248  P3_Value                      
0000001e  P4DIR                         
0000001c  P4IN                          
0000001d  P4OUT                         
0000001f  P4SEL                         
00000032  P5DIR                         
00000030  P5IN                          
00000031  P5OUT                         
00000033  P5SEL                         
00000036  P6DIR                         
00000034  P6IN                          
00000035  P6OUT                         
00000037  P6SEL                         
00000270  P_Init_Val1                   
00000272  P_Init_Val2                   
00000274  P_Init_Val3                   
00000276  P_Init_Val4                   
00000278  P_Init_Val5                   
0000027a  P_Init_Val6                   
0000027c  P_Init_Val7                   
0000027e  P_Init_Val8                   
0000025e  P_Read_Flag                   
000047dc  Port1_ISR                     
000043d6  Power_Button_Input            
00004a36  Power_Off                     
00004442  Power_off_ready               
00003f86  Pressure_Data_Send            
00000314  Pressure_KPA                  
0000013c  RESHI                         
0000013a  RESLO                         
00003468  ReadCount1                    
000035c8  ReadCount2                    
0000317c  ReadCount3                    
0000013e  SUMEXT                        
00000172  TACCR0                        
00000174  TACCR1                        
00000176  TACCR2                        
00000162  TACCTL0                       
00000164  TACCTL1                       
00000166  TACCTL2                       
00000160  TACTL                         
0000012e  TAIV                          
00000170  TAR                           
00000192  TBCCR0                        
00000194  TBCCR1                        
00000196  TBCCR2                        
00000198  TBCCR3                        
0000019a  TBCCR4                        
0000019c  TBCCR5                        
0000019e  TBCCR6                        
00000182  TBCCTL0                       
00000184  TBCCTL1                       
00000186  TBCCTL2                       
00000188  TBCCTL3                       
0000018a  TBCCTL4                       
0000018c  TBCCTL5                       
0000018e  TBCCTL6                       
00000180  TBCTL                         
0000011e  TBIV                          
00000190  TBR                           
00004b5a  TimerA0_ISR                   
00004a7e  Timer_A_init                  
0000385a  Timer_B                       
00004a92  Timer_B7_init                 
00000074  U0BR0                         
00000075  U0BR1                         
00000070  U0CTL                         
00000073  U0MCTL                        
00000072  U0RCTL                        
00000076  U0RXBUF                       
00000071  U0TCTL                        
00000077  U0TXBUF                       
0000007c  U1BR0                         
0000007d  U1BR1                         
00000078  U1CTL                         
0000007b  U1MCTL                        
0000007a  U1RCTL                        
0000007e  U1RXBUF                       
00000079  U1TCTL                        
0000007f  U1TXBUF                       
00004898  UART_Init                     
00004b38  UCA0_chout                    
00004a4e  UCA0_strout_length            
00000120  WDTCTL                        
00000a00  __STACK_END                   
00000050  __STACK_SIZE                  
00004b96  __TI_CINIT_Base               
00004b9e  __TI_CINIT_Limit              
00004b8c  __TI_Handler_Table_Base       
00004b92  __TI_Handler_Table_Limit      
00004b52  __TI_ISR_TRAP                 
0000479a  __TI_auto_init_nobinit_nopinit
000041fe  __TI_decompress_lzss          
00004af2  __TI_decompress_none          
0000280c  __TI_frcdivd                  
000032f6  __TI_frcmpyd                  
0000ffe2  __TI_int01                    
0000ffe4  __TI_int02                    
0000ffe6  __TI_int03                    
0000ffe8  __TI_int04                    
0000ffea  __TI_int05                    
0000ffec  __TI_int06                    
0000ffee  __TI_int07                    
0000fff0  __TI_int08                    
0000fff2  __TI_int09                    
0000fff4  __TI_int10                    
0000fff6  __TI_int11                    
0000fff8  __TI_int12                    
0000fffa  __TI_int13                    
0000fffc  __TI_int14                    
ffffffff  __TI_pprof_out_hndl           
ffffffff  __TI_prof_data_size           
ffffffff  __TI_prof_data_start          
00004aa6  __TI_zero_init_nomemset       
ffffffff  __c_args__                    
000020d6  __mspabi_addd                 
0000372e  __mspabi_addf                 
0000394a  __mspabi_cmpd                 
00004680  __mspabi_cmpf                 
00003c78  __mspabi_cvtdf                
00004366  __mspabi_cvtfd                
00002f44  __mspabi_divd                 
00004ae0  __mspabi_fixdu                
000042f2  __mspabi_fixdul               
00004710  __mspabi_fixfu                
00004b60  __mspabi_fltud                
000049dc  __mspabi_fltuf                
00003efc  __mspabi_fltuld               
000048d0  __mspabi_fltulf               
00004b34  __mspabi_func_epilog_1        
00004b32  __mspabi_func_epilog_2        
00004b30  __mspabi_func_epilog_3        
00004b2e  __mspabi_func_epilog_4        
00004b2c  __mspabi_func_epilog_5        
00004b2a  __mspabi_func_epilog_6        
00004b28  __mspabi_func_epilog_7        
00002c84  __mspabi_mpyd                 
00003b00  __mspabi_mpyf                 
00004aba  __mspabi_mpyi_hw              
00004930  __mspabi_mpyl_hw              
00003e66  __mspabi_mpyll_hw             
000045ec  __mspabi_mpyull_hw            
0000498a  __mspabi_slli                 
000049b2  __mspabi_slli_1               
000049a0  __mspabi_slli_10              
0000499e  __mspabi_slli_11              
0000499c  __mspabi_slli_12              
0000499a  __mspabi_slli_13              
00004998  __mspabi_slli_14              
00004996  __mspabi_slli_15              
000049b0  __mspabi_slli_2               
000049ae  __mspabi_slli_3               
000049ac  __mspabi_slli_4               
000049aa  __mspabi_slli_5               
000049a8  __mspabi_slli_6               
000049a6  __mspabi_slli_7               
000049a4  __mspabi_slli_8               
000049a2  __mspabi_slli_9               
00004892  __mspabi_slll_1               
0000486e  __mspabi_slll_10              
0000486a  __mspabi_slll_11              
00004866  __mspabi_slll_12              
00004862  __mspabi_slll_13              
0000485e  __mspabi_slll_14              
0000485a  __mspabi_slll_15              
0000488e  __mspabi_slll_2               
0000488a  __mspabi_slll_3               
00004886  __mspabi_slll_4               
00004882  __mspabi_slll_5               
0000487e  __mspabi_slll_6               
0000487a  __mspabi_slll_7               
00004876  __mspabi_slll_8               
00004872  __mspabi_slll_9               
00004756  __mspabi_sllll                
0000495e  __mspabi_srai                 
00004986  __mspabi_srai_1               
00004974  __mspabi_srai_10              
00004972  __mspabi_srai_11              
00004970  __mspabi_srai_12              
0000496e  __mspabi_srai_13              
0000496c  __mspabi_srai_14              
0000496a  __mspabi_srai_15              
00004984  __mspabi_srai_2               
00004982  __mspabi_srai_3               
00004980  __mspabi_srai_4               
0000497e  __mspabi_srai_5               
0000497c  __mspabi_srai_6               
0000497a  __mspabi_srai_7               
00004978  __mspabi_srai_8               
00004976  __mspabi_srai_9               
00004854  __mspabi_sral_1               
00004830  __mspabi_sral_10              
0000482c  __mspabi_sral_11              
00004828  __mspabi_sral_12              
00004824  __mspabi_sral_13              
00004820  __mspabi_sral_14              
0000481c  __mspabi_sral_15              
00004850  __mspabi_sral_2               
0000484c  __mspabi_sral_3               
00004848  __mspabi_sral_4               
00004844  __mspabi_sral_5               
00004840  __mspabi_sral_6               
0000483c  __mspabi_sral_7               
00004838  __mspabi_sral_8               
00004834  __mspabi_sral_9               
00004636  __mspabi_srall                
000045a0  __mspabi_srli                 
000045e6  __mspabi_srli_1               
000045c2  __mspabi_srli_10              
000045be  __mspabi_srli_11              
000045ba  __mspabi_srli_12              
000045b6  __mspabi_srli_13              
000045b2  __mspabi_srli_14              
000045ae  __mspabi_srli_15              
000045e2  __mspabi_srli_2               
000045de  __mspabi_srli_3               
000045da  __mspabi_srli_4               
000045d6  __mspabi_srli_5               
000045d2  __mspabi_srli_6               
000045ce  __mspabi_srli_7               
000045ca  __mspabi_srli_8               
000045c6  __mspabi_srli_9               
00004b04  __mspabi_srll                 
000044f6  __mspabi_srll_1               
000044c0  __mspabi_srll_10              
000044ba  __mspabi_srll_11              
000044b4  __mspabi_srll_12              
000044ae  __mspabi_srll_13              
000044a8  __mspabi_srll_14              
000044a2  __mspabi_srll_15              
000044f0  __mspabi_srll_2               
000044ea  __mspabi_srll_3               
000044e4  __mspabi_srll_4               
000044de  __mspabi_srll_5               
000044d8  __mspabi_srll_6               
000044d2  __mspabi_srll_7               
000044cc  __mspabi_srll_8               
000044c6  __mspabi_srll_9               
000046ca  __mspabi_srlll                
00003728  __mspabi_subf                 
00004a00  _c_int00_noargs               
0000fffe  _reset_vector                 
000009b0  _stack                        
00004b70  _system_post_cinit            
00004b6c  _system_pre_init              
00004b66  abort                         
00000266  adc_value                     
00000262  battery_voltage               
00000202  beep1_en                      
0000020a  beep1_seq                     
00000201  beep2_en                      
00000209  beep2_seq                     
00000200  beep3_en                      
00000208  beep3_seq                     
00000220  beep_100ms                    
0000021e  beep_300ms                    
00000302  bf_data                       
00000330  blt_in_stat1                  
00000331  blt_in_stat2                  
00000332  blt_in_stat3                  
00000333  blt_input_stat1               
00000334  blt_input_stat2               
00000335  blt_input_stat3               
00000292  blt_key_counter1              
00000336  blt_old_input_stat1           
00000337  blt_old_input_stat2           
00000338  blt_old_input_stat3           
00000290  blt_zero_count1               
000049b6  clock_init                    
00000216  cnt_100ms                     
0000020e  cnt_1ms                       
0000021c  cnt_1sec                      
00000212  cnt_20ms                      
00000218  cnt_250ms                     
0000021a  cnt_500ms                     
00000214  cnt_50ms                      
00000210  cnt_5ms                       
0000022a  cnt_auto                      
00000232  cnt_auto_basic                
00000230  cnt_auto_mode                 
0000022c  cnt_basic_F                   
0000022e  cnt_basic_L                   
00000236  cnt_cal_pos                   
00000238  cnt_low_pos                   
00000234  cnt_position                  
00004550  controlValves                 
00004b46  control_init                  
00000226  f_100ms                       
00000222  f_1ms                         
00000229  f_1sec                        
00000224  f_20ms                        
00000227  f_250ms                       
00000228  f_500ms                       
00000225  f_50ms                        
00000223  f_5ms                         
00000299  f_rcv_cnt                     
0000025f  f_rcv_proc                    
00000298  f_rcv_start                   
00000297  first_flag                    
00003d2c  flashData_init                
00003dca  flash_read                    
00003a26  flash_write                   
00000318  float_temp1                   
0000031c  float_temp2                   
00000320  float_temp3                   
00000339  free_byte0                    
00000260  init_pressure                 
0000025c  is_1sec_led                   
0000023b  is_air_F                      
0000023c  is_air_L                      
0000023a  is_auto                       
0000023f  is_auto_basic                 
0000023d  is_basic                      
00000206  is_center_valve               
00000253  is_charging_first             
00000254  is_charging_mode              
00000252  is_first                      
0000025a  is_first_6_4                  
00000258  is_high_pos                   
00000256  is_init_beep                  
00000255  is_init_connect               
00000205  is_left_valve                 
00000259  is_low_pos                    
00000207  is_out_valve                  
00000257  is_position                   
0000023e  is_power                      
0000025d  is_poweroff_5min              
00000203  is_pump                       
00000204  is_right_valve                
0000025b  is_under_6_4                  
00001100  main                          
00004b16  memcpy                        
0000024a  position_abs                  
0000024c  position_max                  
0000024e  position_result               
0000033a  press_in_stat1                
0000033b  press_in_stat2                
0000033c  press_input_stat1             
0000033d  press_input_stat2             
00000296  press_key_counter1            
0000033e  press_old_input_stat1         
0000033f  press_old_input_stat2         
00000294  press_zero_count1             
0000029a  rcv_cnt                       
00000340  rcv_data                      
0000029b  rcv_end_cnt                   
0000029c  rcv_start_cnt                 
00004a1c  setValveAndPumpState          
0000029e  trs_buf0                      
00004a66  usart0_rx                     
0000020c  waiting_tm                    


GLOBAL SYMBOLS: SORTED BY Symbol Address 

address   name                          
-------   ----                          
00000000  IE1                           
00000001  IE2                           
00000002  IFG1                          
00000003  IFG2                          
00000004  ME1                           
00000005  ME2                           
00000018  P3IN                          
00000019  P3OUT                         
0000001a  P3DIR                         
0000001b  P3SEL                         
0000001c  P4IN                          
0000001d  P4OUT                         
0000001e  P4DIR                         
0000001f  P4SEL                         
00000020  P1IN                          
00000021  P1OUT                         
00000022  P1DIR                         
00000023  P1IFG                         
00000024  P1IES                         
00000025  P1IE                          
00000026  P1SEL                         
00000028  P2IN                          
00000029  P2OUT                         
0000002a  P2DIR                         
0000002b  P2IFG                         
0000002c  P2IES                         
0000002d  P2IE                          
0000002e  P2SEL                         
00000030  P5IN                          
00000031  P5OUT                         
00000032  P5DIR                         
00000033  P5SEL                         
00000034  P6IN                          
00000035  P6OUT                         
00000036  P6DIR                         
00000037  P6SEL                         
00000050  __STACK_SIZE                  
00000056  DCOCTL                        
00000057  BCSCTL1                       
00000058  BCSCTL2                       
00000059  CACTL1                        
0000005a  CACTL2                        
0000005b  CAPD                          
00000070  U0CTL                         
00000071  U0TCTL                        
00000072  U0RCTL                        
00000073  U0MCTL                        
00000074  U0BR0                         
00000075  U0BR1                         
00000076  U0RXBUF                       
00000077  U0TXBUF                       
00000078  U1CTL                         
00000079  U1TCTL                        
0000007a  U1RCTL                        
0000007b  U1MCTL                        
0000007c  U1BR0                         
0000007d  U1BR1                         
0000007e  U1RXBUF                       
0000007f  U1TXBUF                       
00000080  ADC12MCTL0                    
00000081  ADC12MCTL1                    
00000082  ADC12MCTL2                    
00000083  ADC12MCTL3                    
00000084  ADC12MCTL4                    
00000085  ADC12MCTL5                    
00000086  ADC12MCTL6                    
00000087  ADC12MCTL7                    
00000088  ADC12MCTL8                    
00000089  ADC12MCTL9                    
0000008a  ADC12MCTL10                   
0000008b  ADC12MCTL11                   
0000008c  ADC12MCTL12                   
0000008d  ADC12MCTL13                   
0000008e  ADC12MCTL14                   
0000008f  ADC12MCTL15                   
0000011e  TBIV                          
00000120  WDTCTL                        
00000128  FCTL1                         
0000012a  FCTL2                         
0000012c  FCTL3                         
0000012e  TAIV                          
00000130  MPY                           
00000132  MPYS                          
00000134  MAC                           
00000136  MACS                          
00000138  OP2                           
0000013a  RESLO                         
0000013c  RESHI                         
0000013e  SUMEXT                        
00000140  ADC12MEM0                     
00000142  ADC12MEM1                     
00000144  ADC12MEM2                     
00000146  ADC12MEM3                     
00000148  ADC12MEM4                     
0000014a  ADC12MEM5                     
0000014c  ADC12MEM6                     
0000014e  ADC12MEM7                     
00000150  ADC12MEM8                     
00000152  ADC12MEM9                     
00000154  ADC12MEM10                    
00000156  ADC12MEM11                    
00000158  ADC12MEM12                    
0000015a  ADC12MEM13                    
0000015c  ADC12MEM14                    
0000015e  ADC12MEM15                    
00000160  TACTL                         
00000162  TACCTL0                       
00000164  TACCTL1                       
00000166  TACCTL2                       
00000170  TAR                           
00000172  TACCR0                        
00000174  TACCR1                        
00000176  TACCR2                        
00000180  TBCTL                         
00000182  TBCCTL0                       
00000184  TBCCTL1                       
00000186  TBCCTL2                       
00000188  TBCCTL3                       
0000018a  TBCCTL4                       
0000018c  TBCCTL5                       
0000018e  TBCCTL6                       
00000190  TBR                           
00000192  TBCCR0                        
00000194  TBCCR1                        
00000196  TBCCR2                        
00000198  TBCCR3                        
0000019a  TBCCR4                        
0000019c  TBCCR5                        
0000019e  TBCCR6                        
000001a0  ADC12CTL0                     
000001a2  ADC12CTL1                     
000001a4  ADC12IFG                      
000001a6  ADC12IE                       
000001a8  ADC12IV                       
00000200  beep3_en                      
00000201  beep2_en                      
00000202  beep1_en                      
00000203  is_pump                       
00000204  is_right_valve                
00000205  is_left_valve                 
00000206  is_center_valve               
00000207  is_out_valve                  
00000208  beep3_seq                     
00000209  beep2_seq                     
0000020a  beep1_seq                     
0000020c  waiting_tm                    
0000020e  cnt_1ms                       
00000210  cnt_5ms                       
00000212  cnt_20ms                      
00000214  cnt_50ms                      
00000216  cnt_100ms                     
00000218  cnt_250ms                     
0000021a  cnt_500ms                     
0000021c  cnt_1sec                      
0000021e  beep_300ms                    
00000220  beep_100ms                    
00000222  f_1ms                         
00000223  f_5ms                         
00000224  f_20ms                        
00000225  f_50ms                        
00000226  f_100ms                       
00000227  f_250ms                       
00000228  f_500ms                       
00000229  f_1sec                        
0000022a  cnt_auto                      
0000022c  cnt_basic_F                   
0000022e  cnt_basic_L                   
00000230  cnt_auto_mode                 
00000232  cnt_auto_basic                
00000234  cnt_position                  
00000236  cnt_cal_pos                   
00000238  cnt_low_pos                   
0000023a  is_auto                       
0000023b  is_air_F                      
0000023c  is_air_L                      
0000023d  is_basic                      
0000023e  is_power                      
0000023f  is_auto_basic                 
00000240  Air_btn                       
00000241  B_btn                         
00000242  A_btn                         
00000244  P1_Value                      
00000246  P2_Value                      
00000248  P3_Value                      
0000024a  position_abs                  
0000024c  position_max                  
0000024e  position_result               
00000252  is_first                      
00000253  is_charging_first             
00000254  is_charging_mode              
00000255  is_init_connect               
00000256  is_init_beep                  
00000257  is_position                   
00000258  is_high_pos                   
00000259  is_low_pos                    
0000025a  is_first_6_4                  
0000025b  is_under_6_4                  
0000025c  is_1sec_led                   
0000025d  is_poweroff_5min              
0000025e  P_Read_Flag                   
0000025f  f_rcv_proc                    
00000260  init_pressure                 
00000262  battery_voltage               
00000266  adc_value                     
00000268  Max_Pressure                  
0000026c  Min_Pressure                  
00000270  P_Init_Val1                   
00000272  P_Init_Val2                   
00000274  P_Init_Val3                   
00000276  P_Init_Val4                   
00000278  P_Init_Val5                   
0000027a  P_Init_Val6                   
0000027c  P_Init_Val7                   
0000027e  P_Init_Val8                   
00000280  Init_zero_count               
00000282  Init_key_counter              
00000284  Init_zero_count1              
00000286  Init_key_counter1             
00000288  Init_zero_count2              
0000028a  Init_key_counter2             
0000028c  Init_zero_count3              
0000028e  Init_key_counter3             
00000290  blt_zero_count1               
00000292  blt_key_counter1              
00000294  press_zero_count1             
00000296  press_key_counter1            
00000297  first_flag                    
00000298  f_rcv_start                   
00000299  f_rcv_cnt                     
0000029a  rcv_cnt                       
0000029b  rcv_end_cnt                   
0000029c  rcv_start_cnt                 
0000029e  trs_buf0                      
00000302  bf_data                       
00000314  Pressure_KPA                  
00000318  float_temp1                   
0000031c  float_temp2                   
00000320  float_temp3                   
00000324  Init_in_stat                  
00000325  Init_in_stat1                 
00000326  Init_in_stat2                 
00000327  Init_in_stat3                 
00000328  Init_input_stat               
00000329  Init_input_stat1              
0000032a  Init_input_stat2              
0000032b  Init_input_stat3              
0000032c  Init_old_input_stat           
0000032d  Init_old_input_stat1          
0000032e  Init_old_input_stat2          
0000032f  Init_old_input_stat3          
00000330  blt_in_stat1                  
00000331  blt_in_stat2                  
00000332  blt_in_stat3                  
00000333  blt_input_stat1               
00000334  blt_input_stat2               
00000335  blt_input_stat3               
00000336  blt_old_input_stat1           
00000337  blt_old_input_stat2           
00000338  blt_old_input_stat3           
00000339  free_byte0                    
0000033a  press_in_stat1                
0000033b  press_in_stat2                
0000033c  press_input_stat1             
0000033d  press_input_stat2             
0000033e  press_old_input_stat1         
0000033f  press_old_input_stat2         
00000340  rcv_data                      
000009b0  _stack                        
00000a00  __STACK_END                   
00001100  main                          
000020d6  __mspabi_addd                 
0000280c  __TI_frcdivd                  
00002c84  __mspabi_mpyd                 
00002f44  __mspabi_divd                 
0000317c  ReadCount3                    
000032f6  __TI_frcmpyd                  
00003468  ReadCount1                    
000035c8  ReadCount2                    
00003728  __mspabi_subf                 
0000372e  __mspabi_addf                 
0000385a  Timer_B                       
0000394a  __mspabi_cmpd                 
00003a26  flash_write                   
00003b00  __mspabi_mpyf                 
00003bc4  Blt_Input                     
00003c78  __mspabi_cvtdf                
00003d2c  flashData_init                
00003dca  flash_read                    
00003e66  __mspabi_mpyll_hw             
00003efc  __mspabi_fltuld               
00003f86  Pressure_Data_Send            
00004008  Init_Pressure_Input           
00004088  IOPort_init                   
00004106  Auto_Button_Input             
00004182  Default_Button_Input          
000041fe  __TI_decompress_lzss          
0000427a  Air_Button_Input              
000042f2  __mspabi_fixdul               
00004366  __mspabi_cvtfd                
000043d6  Power_Button_Input            
00004442  Power_off_ready               
000044a2  __mspabi_srll_15              
000044a8  __mspabi_srll_14              
000044ae  __mspabi_srll_13              
000044b4  __mspabi_srll_12              
000044ba  __mspabi_srll_11              
000044c0  __mspabi_srll_10              
000044c6  __mspabi_srll_9               
000044cc  __mspabi_srll_8               
000044d2  __mspabi_srll_7               
000044d8  __mspabi_srll_6               
000044de  __mspabi_srll_5               
000044e4  __mspabi_srll_4               
000044ea  __mspabi_srll_3               
000044f0  __mspabi_srll_2               
000044f6  __mspabi_srll_1               
000044fe  Beep2                         
00004550  controlValves                 
000045a0  __mspabi_srli                 
000045ae  __mspabi_srli_15              
000045b2  __mspabi_srli_14              
000045b6  __mspabi_srli_13              
000045ba  __mspabi_srli_12              
000045be  __mspabi_srli_11              
000045c2  __mspabi_srli_10              
000045c6  __mspabi_srli_9               
000045ca  __mspabi_srli_8               
000045ce  __mspabi_srli_7               
000045d2  __mspabi_srli_6               
000045d6  __mspabi_srli_5               
000045da  __mspabi_srli_4               
000045de  __mspabi_srli_3               
000045e2  __mspabi_srli_2               
000045e6  __mspabi_srli_1               
000045ec  __mspabi_mpyull_hw            
00004636  __mspabi_srall                
00004680  __mspabi_cmpf                 
000046ca  __mspabi_srlll                
00004710  __mspabi_fixfu                
00004756  __mspabi_sllll                
0000479a  __TI_auto_init_nobinit_nopinit
000047dc  Port1_ISR                     
0000481c  __mspabi_sral_15              
00004820  __mspabi_sral_14              
00004824  __mspabi_sral_13              
00004828  __mspabi_sral_12              
0000482c  __mspabi_sral_11              
00004830  __mspabi_sral_10              
00004834  __mspabi_sral_9               
00004838  __mspabi_sral_8               
0000483c  __mspabi_sral_7               
00004840  __mspabi_sral_6               
00004844  __mspabi_sral_5               
00004848  __mspabi_sral_4               
0000484c  __mspabi_sral_3               
00004850  __mspabi_sral_2               
00004854  __mspabi_sral_1               
0000485a  __mspabi_slll_15              
0000485e  __mspabi_slll_14              
00004862  __mspabi_slll_13              
00004866  __mspabi_slll_12              
0000486a  __mspabi_slll_11              
0000486e  __mspabi_slll_10              
00004872  __mspabi_slll_9               
00004876  __mspabi_slll_8               
0000487a  __mspabi_slll_7               
0000487e  __mspabi_slll_6               
00004882  __mspabi_slll_5               
00004886  __mspabi_slll_4               
0000488a  __mspabi_slll_3               
0000488e  __mspabi_slll_2               
00004892  __mspabi_slll_1               
00004898  UART_Init                     
000048d0  __mspabi_fltulf               
00004902  Beep1                         
00004930  __mspabi_mpyl_hw              
0000495e  __mspabi_srai                 
0000496a  __mspabi_srai_15              
0000496c  __mspabi_srai_14              
0000496e  __mspabi_srai_13              
00004970  __mspabi_srai_12              
00004972  __mspabi_srai_11              
00004974  __mspabi_srai_10              
00004976  __mspabi_srai_9               
00004978  __mspabi_srai_8               
0000497a  __mspabi_srai_7               
0000497c  __mspabi_srai_6               
0000497e  __mspabi_srai_5               
00004980  __mspabi_srai_4               
00004982  __mspabi_srai_3               
00004984  __mspabi_srai_2               
00004986  __mspabi_srai_1               
0000498a  __mspabi_slli                 
00004996  __mspabi_slli_15              
00004998  __mspabi_slli_14              
0000499a  __mspabi_slli_13              
0000499c  __mspabi_slli_12              
0000499e  __mspabi_slli_11              
000049a0  __mspabi_slli_10              
000049a2  __mspabi_slli_9               
000049a4  __mspabi_slli_8               
000049a6  __mspabi_slli_7               
000049a8  __mspabi_slli_6               
000049aa  __mspabi_slli_5               
000049ac  __mspabi_slli_4               
000049ae  __mspabi_slli_3               
000049b0  __mspabi_slli_2               
000049b2  __mspabi_slli_1               
000049b6  clock_init                    
000049dc  __mspabi_fltuf                
00004a00  _c_int00_noargs               
00004a1c  setValveAndPumpState          
00004a36  Power_Off                     
00004a4e  UCA0_strout_length            
00004a66  usart0_rx                     
00004a7e  Timer_A_init                  
00004a92  Timer_B7_init                 
00004aa6  __TI_zero_init_nomemset       
00004aba  __mspabi_mpyi_hw              
00004ace  ADC12_ISR                     
00004ae0  __mspabi_fixdu                
00004af2  __TI_decompress_none          
00004b04  __mspabi_srll                 
00004b16  memcpy                        
00004b28  __mspabi_func_epilog_7        
00004b2a  __mspabi_func_epilog_6        
00004b2c  __mspabi_func_epilog_5        
00004b2e  __mspabi_func_epilog_4        
00004b30  __mspabi_func_epilog_3        
00004b32  __mspabi_func_epilog_2        
00004b34  __mspabi_func_epilog_1        
00004b38  UCA0_chout                    
00004b46  control_init                  
00004b52  __TI_ISR_TRAP                 
00004b5a  TimerA0_ISR                   
00004b60  __mspabi_fltud                
00004b66  C$$EXIT                       
00004b66  abort                         
00004b6c  _system_pre_init              
00004b70  _system_post_cinit            
00004b8c  __TI_Handler_Table_Base       
00004b92  __TI_Handler_Table_Limit      
00004b96  __TI_CINIT_Base               
00004b9e  __TI_CINIT_Limit              
0000ffe2  __TI_int01                    
0000ffe4  __TI_int02                    
0000ffe6  __TI_int03                    
0000ffe8  __TI_int04                    
0000ffea  __TI_int05                    
0000ffec  __TI_int06                    
0000ffee  __TI_int07                    
0000fff0  __TI_int08                    
0000fff2  __TI_int09                    
0000fff4  __TI_int10                    
0000fff6  __TI_int11                    
0000fff8  __TI_int12                    
0000fffa  __TI_int13                    
0000fffc  __TI_int14                    
0000fffe  _reset_vector                 
ffffffff  __TI_pprof_out_hndl           
ffffffff  __TI_prof_data_size           
ffffffff  __TI_prof_data_start          
ffffffff  __c_args__                    

[463 symbols]
