******************************************************************************
                  MSP430 Linker PC v20.2.5                     
******************************************************************************
>> Linked Fri Mar 15 17:30:32 2024

OUTPUT FILE NAME:   <Neo-SM-v2.1.7.out>
ENTRY POINT SYMBOL: "_c_int00_noargs"  address: 000049de


MEMORY CONFIGURATION

         name            origin    length      used     unused   attr    fill
----------------------  --------  ---------  --------  --------  ----  --------
  SFR                   00000000   00000010  00000000  00000010  RWIX
  PERIPHERALS_8BIT      00000010   000000f0  00000000  000000f0  RWIX
  PERIPHERALS_16BIT     00000100   00000100  00000000  00000100  RWIX
  RAM                   00000200   00000800  00000197  00000669  RWIX
  INFOB                 00001000   00000080  00000000  00000080  RWIX
  INFOA                 00001080   00000080  00000000  00000080  RWIX
  FLASH                 00001100   0000eee0  00003a7c  0000b464  RWIX
  INT00                 0000ffe0   00000002  00000000  00000002  RWIX
  INT01                 0000ffe2   00000002  00000002  00000000  RWIX
  INT02                 0000ffe4   00000002  00000002  00000000  RWIX
  INT03                 0000ffe6   00000002  00000002  00000000  RWIX
  INT04                 0000ffe8   00000002  00000002  00000000  RWIX
  INT05                 0000ffea   00000002  00000002  00000000  RWIX
  INT06                 0000ffec   00000002  00000002  00000000  RWIX
  INT07                 0000ffee   00000002  00000002  00000000  RWIX
  INT08                 0000fff0   00000002  00000002  00000000  RWIX
  INT09                 0000fff2   00000002  00000002  00000000  RWIX
  INT10                 0000fff4   00000002  00000002  00000000  RWIX
  INT11                 0000fff6   00000002  00000002  00000000  RWIX
  INT12                 0000fff8   00000002  00000002  00000000  RWIX
  INT13                 0000fffa   00000002  00000002  00000000  RWIX
  INT14                 0000fffc   00000002  00000002  00000000  RWIX
  RESET                 0000fffe   00000002  00000002  00000000  RWIX


SECTION ALLOCATION MAP

 output                                  attributes/
section   page    origin      length       input sections
--------  ----  ----------  ----------   ----------------
.data      0    00000200    00000108     UNINITIALIZED
                  00000200    000000a3     Neo-SM-v2.1.7.obj (.data)
                  000002a3    00000001     --HOLE--
                  000002a4    00000064     Neo-SM-v2.1.7.obj (.data:trs_buf0)

.bss       0    00000308    0000003f     UNINITIALIZED
                  00000308    00000012     (.common:bf_data)
                  0000031a    00000004     (.common:Pressure_KPA)
                  0000031e    00000004     (.common:float_temp1)
                  00000322    00000004     (.common:float_temp2)
                  00000326    00000004     (.common:float_temp3)
                  0000032a    00000001     (.common:Init_in_stat)
                  0000032b    00000001     (.common:Init_in_stat1)
                  0000032c    00000001     (.common:Init_in_stat2)
                  0000032d    00000001     (.common:Init_in_stat3)
                  0000032e    00000001     (.common:Init_input_stat)
                  0000032f    00000001     (.common:Init_input_stat1)
                  00000330    00000001     (.common:Init_input_stat2)
                  00000331    00000001     (.common:Init_input_stat3)
                  00000332    00000001     (.common:Init_old_input_stat)
                  00000333    00000001     (.common:Init_old_input_stat1)
                  00000334    00000001     (.common:Init_old_input_stat2)
                  00000335    00000001     (.common:Init_old_input_stat3)
                  00000336    00000001     (.common:blt_in_stat1)
                  00000337    00000001     (.common:blt_in_stat2)
                  00000338    00000001     (.common:blt_in_stat3)
                  00000339    00000001     (.common:blt_input_stat1)
                  0000033a    00000001     (.common:blt_input_stat2)
                  0000033b    00000001     (.common:blt_input_stat3)
                  0000033c    00000001     (.common:blt_old_input_stat1)
                  0000033d    00000001     (.common:blt_old_input_stat2)
                  0000033e    00000001     (.common:blt_old_input_stat3)
                  0000033f    00000001     (.common:free_byte0)
                  00000340    00000001     (.common:press_in_stat1)
                  00000341    00000001     (.common:press_in_stat2)
                  00000342    00000001     (.common:press_input_stat1)
                  00000343    00000001     (.common:press_input_stat2)
                  00000344    00000001     (.common:press_old_input_stat1)
                  00000345    00000001     (.common:press_old_input_stat2)
                  00000346    00000001     (.common:rcv_data)

.stack     0    000009b0    00000050     UNINITIALIZED
                  000009b0    00000002     rts430_eabi.lib : boot.c.obj (.stack)
                  000009b2    0000004e     --HOLE--

.text      0    00001100    00003a50     
                  00001100    00000fb4     Neo-SM-v2.1.7.obj (.text:main)
                  000020b4    00000736     rts430_eabi.lib : addd.c.obj (.text:__mspabi_addd)
                  000027ea    00000478                     : frcdivd.c.obj (.text:__TI_frcdivd)
                  00002c62    000002c0                     : mpyd.c.obj (.text:__mspabi_mpyd)
                  00002f22    00000238                     : divd.c.obj (.text:__mspabi_divd)
                  0000315a    0000017a     Neo-SM-v2.1.7.obj (.text:ReadCount3)
                  000032d4    00000172     rts430_eabi.lib : frcmpyd.c.obj (.text:__TI_frcmpyd)
                  00003446    00000160     Neo-SM-v2.1.7.obj (.text:ReadCount1)
                  000035a6    00000160     Neo-SM-v2.1.7.obj (.text:ReadCount2)
                  00003706    00000132     rts430_eabi.lib : fs_add.asm.obj (.text)
                  00003838    000000f0     Neo-SM-v2.1.7.obj (.text:Timer_B)
                  00003928    000000dc     rts430_eabi.lib : cmpd.c.obj (.text:__mspabi_cmpd)
                  00003a04    000000da     Neo-SM-v2.1.7.obj (.text:flash_write)
                  00003ade    000000c4     rts430_eabi.lib : fs_mpy.asm.obj (.text)
                  00003ba2    000000b4     Neo-SM-v2.1.7.obj (.text:Blt_Input)
                  00003c56    000000b4     rts430_eabi.lib : cvtdf.c.obj (.text:__mspabi_cvtdf)
                  00003d0a    0000009e     Neo-SM-v2.1.7.obj (.text:flashData_init)
                  00003da8    0000009c     Neo-SM-v2.1.7.obj (.text:flash_read)
                  00003e44    00000096     rts430_eabi.lib : mult64_hw.asm.obj (.text:__mpyll)
                  00003eda    0000008a                     : fltuld.c.obj (.text:__mspabi_fltuld)
                  00003f64    00000082     Neo-SM-v2.1.7.obj (.text:Pressure_Data_Send)
                  00003fe6    00000080     Neo-SM-v2.1.7.obj (.text:Init_Pressure_Input)
                  00004066    0000007e     Neo-SM-v2.1.7.obj (.text:IOPort_init)
                  000040e4    0000007c     Neo-SM-v2.1.7.obj (.text:Auto_Button_Input)
                  00004160    0000007c     Neo-SM-v2.1.7.obj (.text:Default_Button_Input)
                  000041dc    0000007c     rts430_eabi.lib : copy_decompress_lzss.c.obj (.text:decompress:lzss:__TI_decompress_lzss)
                  00004258    00000078     Neo-SM-v2.1.7.obj (.text:Air_Button_Input)
                  000042d0    00000074     rts430_eabi.lib : fixdul.c.obj (.text:__mspabi_fixdul)
                  00004344    00000070                     : cvtfd.c.obj (.text:__mspabi_cvtfd)
                  000043b4    0000006c     Neo-SM-v2.1.7.obj (.text:Power_Button_Input)
                  00004420    00000060     Neo-SM-v2.1.7.obj (.text:Power_off_ready)
                  00004480    0000005c     rts430_eabi.lib : lsr32.asm.obj (.text:l_lsr_const)
                  000044dc    00000052     Neo-SM-v2.1.7.obj (.text:Beep2)
                  0000452e    00000050     Neo-SM-Mode-v2.1.7.obj (.text:controlValves)
                  0000457e    0000004c     rts430_eabi.lib : lsr16.asm.obj (.text)
                  000045ca    0000004a                     : mult3264_hw.asm.obj (.text:__mpyull)
                  00004614    0000004a                     : asr64.c.obj (.text:__mspabi_srall)
                  0000465e    0000004a                     : fs_cmp.asm.obj (.text)
                  000046a8    00000046                     : lsr64.c.obj (.text:__mspabi_srlll)
                  000046ee    00000046                     : fs_tou.asm.obj (.text)
                  00004734    00000044                     : lsl64.c.obj (.text:__mspabi_sllll)
                  00004778    00000042                     : autoinit.c.obj (.text:__TI_auto_init_nobinit_nopinit:__TI_auto_init_nobinit_nopinit)
                  000047ba    00000040     Neo-SM-v2.1.7.obj (.text:Port1_ISR)
                  000047fa    0000003e     rts430_eabi.lib : asr32.asm.obj (.text:l_asr_const)
                  00004838    0000003e                     : lsl32.asm.obj (.text:l_lsl_const)
                  00004876    00000038     Neo-SM-v2.1.7.obj (.text:UART_Init)
                  000048ae    00000032     rts430_eabi.lib : fs_ultof.asm.obj (.text)
                  000048e0    0000002e     Neo-SM-v2.1.7.obj (.text:Beep1)
                  0000490e    0000002e     rts430_eabi.lib : mult32_hw.asm.obj (.text)
                  0000493c    0000002c                     : asr16.asm.obj (.text)
                  00004968    0000002c                     : lsl16.asm.obj (.text)
                  00004994    00000026     Neo-SM-v2.1.7.obj (.text:clock_init)
                  000049ba    00000024     rts430_eabi.lib : fs_utof.asm.obj (.text)
                  000049de    0000001c                     : boot.c.obj (.text:_c_int00_noargs)
                  000049fa    0000001a     Neo-SM-v2.1.7.obj (.text:setValveAndPumpState)
                  00004a14    00000018     Neo-SM-Mode-v2.1.7.obj (.text:Power_Off)
                  00004a2c    00000018     Neo-SM-v2.1.7.obj (.text:UCA0_strout_length)
                  00004a44    00000018     Neo-SM-v2.1.7.obj (.text:usart0_rx)
                  00004a5c    00000014     Neo-SM-v2.1.7.obj (.text:Timer_A_init)
                  00004a70    00000014     Neo-SM-v2.1.7.obj (.text:Timer_B7_init)
                  00004a84    00000014     rts430_eabi.lib : copy_zero_init.c.obj (.text:decompress:ZI:__TI_zero_init_nomemset:__TI_zero_init_nomemset)
                  00004a98    00000014                     : mult16_hw.asm.obj (.text)
                  00004aac    00000012     Neo-SM-v2.1.7.obj (.text:ADC12_ISR)
                  00004abe    00000012     rts430_eabi.lib : fixdu.c.obj (.text:__mspabi_fixdu)
                  00004ad0    00000012                     : copy_decompress_none.c.obj (.text:decompress:none:__TI_decompress_none)
                  00004ae2    00000012                     : lsr32.asm.obj (.text:l_lsr)
                  00004af4    00000012                     : memcpy.c.obj (.text:memcpy)
                  00004b06    00000010                     : epilog.asm.obj (.text)
                  00004b16    0000000e     Neo-SM-v2.1.7.obj (.text:UCA0_chout)
                  00004b24    0000000c     Neo-SM-Mode-v2.1.7.obj (.text:control_init)
                  00004b30    00000008     rts430_eabi.lib : isr_trap.asm.obj (.text:_isr:__TI_ISR_TRAP)
                  00004b38    00000006     Neo-SM-v2.1.7.obj (.text:TimerA0_ISR)
                  00004b3e    00000006     rts430_eabi.lib : fltud.c.obj (.text:__mspabi_fltud)
                  00004b44    00000006                     : exit.c.obj (.text:abort)
                  00004b4a    00000004                     : pre_init.c.obj (.text:_system_pre_init)
                  00004b4e    00000002                     : startup.c.obj (.text:_system_post_cinit)

.cinit     0    00004b50    0000002c     
                  00004b50    0000001a     (.cinit..data.load) [load image, compression = lzss]
                  00004b6a    00000006     (__TI_handler_table)
                  00004b70    00000004     (.cinit..bss.load) [load image, compression = zero_init]
                  00004b74    00000008     (__TI_cinit_table)

.binit     0    00001100    00000000     

.init_array 
*          0    00001100    00000000     UNINITIALIZED

PORT2      0    0000ffe2    00000002     
                  0000ffe2    00000002     rts430_eabi.lib : int01.asm.obj (.int01)

USART1TX   0    0000ffe4    00000002     
                  0000ffe4    00000002     rts430_eabi.lib : int02.asm.obj (.int02)

USART1RX   0    0000ffe6    00000002     
                  0000ffe6    00000002     rts430_eabi.lib : int03.asm.obj (.int03)

PORT1      0    0000ffe8    00000002     
                  0000ffe8    00000002     Neo-SM-v2.1.7.obj (.int04)

TIMERA1    0    0000ffea    00000002     
                  0000ffea    00000002     rts430_eabi.lib : int05.asm.obj (.int05)

TIMERA0    0    0000ffec    00000002     
                  0000ffec    00000002     Neo-SM-v2.1.7.obj (.int06)

ADC12      0    0000ffee    00000002     
                  0000ffee    00000002     Neo-SM-v2.1.7.obj (.int07)

USART0TX   0    0000fff0    00000002     
                  0000fff0    00000002     rts430_eabi.lib : int08.asm.obj (.int08)

USART0RX   0    0000fff2    00000002     
                  0000fff2    00000002     Neo-SM-v2.1.7.obj (.int09)

WDT        0    0000fff4    00000002     
                  0000fff4    00000002     rts430_eabi.lib : int10.asm.obj (.int10)

COMPARATORA 
*          0    0000fff6    00000002     
                  0000fff6    00000002     rts430_eabi.lib : int11.asm.obj (.int11)

TIMERB1    0    0000fff8    00000002     
                  0000fff8    00000002     rts430_eabi.lib : int12.asm.obj (.int12)

TIMERB0    0    0000fffa    00000002     
                  0000fffa    00000002     Neo-SM-v2.1.7.obj (.int13)

NMI        0    0000fffc    00000002     
                  0000fffc    00000002     rts430_eabi.lib : int14.asm.obj (.int14)

.reset     0    0000fffe    00000002     
                  0000fffe    00000002     rts430_eabi.lib : boot.c.obj (.reset)

MODULE SUMMARY

       Module                       code    ro data   rw data
       ------                       ----    -------   -------
    .\
       Neo-SM-v2.1.7.obj            7448    10        326    
       Neo-SM-Mode-v2.1.7.obj       116     0         0      
    +--+----------------------------+-------+---------+---------+
       Total:                       7564    10        326    
                                                             
    C:\ti\ccs1040\ccs\tools\compiler\ti-cgt-msp430_20.2.5.LTS\lib\rts430_eabi.lib
       addd.c.obj                   1846    0         0      
       frcdivd.c.obj                1144    0         0      
       mpyd.c.obj                   704     0         0      
       divd.c.obj                   568     0         0      
       frcmpyd.c.obj                370     0         0      
       fs_add.asm.obj               306     0         0      
       cmpd.c.obj                   220     0         0      
       fs_mpy.asm.obj               196     0         0      
       cvtdf.c.obj                  180     0         0      
       mult64_hw.asm.obj            150     0         0      
       fltuld.c.obj                 138     0         0      
       copy_decompress_lzss.c.obj   124     0         0      
       fixdul.c.obj                 116     0         0      
       cvtfd.c.obj                  112     0         0      
       lsr32.asm.obj                110     0         0      
       lsr16.asm.obj                76      0         0      
       asr64.c.obj                  74      0         0      
       fs_cmp.asm.obj               74      0         0      
       mult3264_hw.asm.obj          74      0         0      
       fs_tou.asm.obj               70      0         0      
       lsr64.c.obj                  70      0         0      
       lsl64.c.obj                  68      0         0      
       autoinit.c.obj               66      0         0      
       asr32.asm.obj                62      0         0      
       lsl32.asm.obj                62      0         0      
       fs_ultof.asm.obj             50      0         0      
       mult32_hw.asm.obj            46      0         0      
       asr16.asm.obj                44      0         0      
       lsl16.asm.obj                44      0         0      
       fs_utof.asm.obj              36      0         0      
       boot.c.obj                   28      2         0      
       copy_zero_init.c.obj         20      0         0      
       mult16_hw.asm.obj            20      0         0      
       copy_decompress_none.c.obj   18      0         0      
       fixdu.c.obj                  18      0         0      
       memcpy.c.obj                 18      0         0      
       epilog.asm.obj               16      0         0      
       isr_trap.asm.obj             8       0         0      
       exit.c.obj                   6       0         0      
       fltud.c.obj                  6       0         0      
       pre_init.c.obj               4       0         0      
       int01.asm.obj                0       2         0      
       int02.asm.obj                0       2         0      
       int03.asm.obj                0       2         0      
       int05.asm.obj                0       2         0      
       int08.asm.obj                0       2         0      
       int10.asm.obj                0       2         0      
       int11.asm.obj                0       2         0      
       int12.asm.obj                0       2         0      
       int14.asm.obj                0       2         0      
       startup.c.obj                2       0         0      
    +--+----------------------------+-------+---------+---------+
       Total:                       7364    20        0      
                                                             
       Stack:                       0       0         80     
       Linker Generated:            0       44        0      
    +--+----------------------------+-------+---------+---------+
       Grand Total:                 14928   74        406    


LINKER GENERATED COPY TABLES

__TI_cinit_table @ 00004b74 records: 2, size/record: 4, table size: 8
	.data: load addr=00004b50, load size=0000001a bytes, run addr=00000200, run size=00000108 bytes, compression=lzss
	.bss: load addr=00004b70, load size=00000004 bytes, run addr=00000308, run size=0000003f bytes, compression=zero_init


LINKER GENERATED HANDLER TABLE

__TI_handler_table @ 00004b6a records: 3, size/record: 2, table size: 6
	index: 0, handler: __TI_zero_init
	index: 1, handler: __TI_decompress_lzss
	index: 2, handler: __TI_decompress_none


GLOBAL SYMBOLS: SORTED ALPHABETICALLY BY Name 

address   name                          
-------   ----                          
000001a0  ADC12CTL0                     
000001a2  ADC12CTL1                     
000001a6  ADC12IE                       
000001a4  ADC12IFG                      
000001a8  ADC12IV                       
00000080  ADC12MCTL0                    
00000081  ADC12MCTL1                    
0000008a  ADC12MCTL10                   
0000008b  ADC12MCTL11                   
0000008c  ADC12MCTL12                   
0000008d  ADC12MCTL13                   
0000008e  ADC12MCTL14                   
0000008f  ADC12MCTL15                   
00000082  ADC12MCTL2                    
00000083  ADC12MCTL3                    
00000084  ADC12MCTL4                    
00000085  ADC12MCTL5                    
00000086  ADC12MCTL6                    
00000087  ADC12MCTL7                    
00000088  ADC12MCTL8                    
00000089  ADC12MCTL9                    
00000140  ADC12MEM0                     
00000142  ADC12MEM1                     
00000154  ADC12MEM10                    
00000156  ADC12MEM11                    
00000158  ADC12MEM12                    
0000015a  ADC12MEM13                    
0000015c  ADC12MEM14                    
0000015e  ADC12MEM15                    
00000144  ADC12MEM2                     
00000146  ADC12MEM3                     
00000148  ADC12MEM4                     
0000014a  ADC12MEM5                     
0000014c  ADC12MEM6                     
0000014e  ADC12MEM7                     
00000150  ADC12MEM8                     
00000152  ADC12MEM9                     
00004aac  ADC12_ISR                     
00000242  A_btn                         
00004258  Air_Button_Input              
00000240  Air_btn                       
000040e4  Auto_Button_Input             
00000057  BCSCTL1                       
00000058  BCSCTL2                       
00000241  B_btn                         
000048e0  Beep1                         
000044dc  Beep2                         
00003ba2  Blt_Input                     
00004b44  C$$EXIT                       
00000059  CACTL1                        
0000005a  CACTL2                        
0000005b  CAPD                          
00000056  DCOCTL                        
00004160  Default_Button_Input          
00000128  FCTL1                         
0000012a  FCTL2                         
0000012c  FCTL3                         
00000000  IE1                           
00000001  IE2                           
00000002  IFG1                          
00000003  IFG2                          
00004066  IOPort_init                   
00003fe6  Init_Pressure_Input           
0000032a  Init_in_stat                  
0000032b  Init_in_stat1                 
0000032c  Init_in_stat2                 
0000032d  Init_in_stat3                 
0000032e  Init_input_stat               
0000032f  Init_input_stat1              
00000330  Init_input_stat2              
00000331  Init_input_stat3              
00000288  Init_key_counter              
0000028c  Init_key_counter1             
00000290  Init_key_counter2             
00000294  Init_key_counter3             
00000332  Init_old_input_stat           
00000333  Init_old_input_stat1          
00000334  Init_old_input_stat2          
00000335  Init_old_input_stat3          
00000286  Init_zero_count               
0000028a  Init_zero_count1              
0000028e  Init_zero_count2              
00000292  Init_zero_count3              
00000134  MAC                           
00000136  MACS                          
00000004  ME1                           
00000005  ME2                           
00000130  MPY                           
00000132  MPYS                          
0000026e  Max_Pressure                  
00000272  Min_Pressure                  
00000138  OP2                           
00000022  P1DIR                         
00000025  P1IE                          
00000024  P1IES                         
00000023  P1IFG                         
00000020  P1IN                          
00000021  P1OUT                         
00000026  P1SEL                         
00000244  P1_Value                      
0000002a  P2DIR                         
0000002d  P2IE                          
0000002c  P2IES                         
0000002b  P2IFG                         
00000028  P2IN                          
00000029  P2OUT                         
0000002e  P2SEL                         
00000246  P2_Value                      
0000001a  P3DIR                         
00000018  P3IN                          
00000019  P3OUT                         
0000001b  P3SEL                         
00000248  P3_Value                      
0000001e  P4DIR                         
0000001c  P4IN                          
0000001d  P4OUT                         
0000001f  P4SEL                         
00000032  P5DIR                         
00000030  P5IN                          
00000031  P5OUT                         
00000033  P5SEL                         
00000036  P6DIR                         
00000034  P6IN                          
00000035  P6OUT                         
00000037  P6SEL                         
00000276  P_Init_Val1                   
00000278  P_Init_Val2                   
0000027a  P_Init_Val3                   
0000027c  P_Init_Val4                   
0000027e  P_Init_Val5                   
00000280  P_Init_Val6                   
00000282  P_Init_Val7                   
00000284  P_Init_Val8                   
00000264  P_Read_Flag                   
000047ba  Port1_ISR                     
000043b4  Power_Button_Input            
00004a14  Power_Off                     
00004420  Power_off_ready               
00003f64  Pressure_Data_Send            
0000031a  Pressure_KPA                  
0000013c  RESHI                         
0000013a  RESLO                         
00003446  ReadCount1                    
000035a6  ReadCount2                    
0000315a  ReadCount3                    
0000013e  SUMEXT                        
00000172  TACCR0                        
00000174  TACCR1                        
00000176  TACCR2                        
00000162  TACCTL0                       
00000164  TACCTL1                       
00000166  TACCTL2                       
00000160  TACTL                         
0000012e  TAIV                          
00000170  TAR                           
00000192  TBCCR0                        
00000194  TBCCR1                        
00000196  TBCCR2                        
00000198  TBCCR3                        
0000019a  TBCCR4                        
0000019c  TBCCR5                        
0000019e  TBCCR6                        
00000182  TBCCTL0                       
00000184  TBCCTL1                       
00000186  TBCCTL2                       
00000188  TBCCTL3                       
0000018a  TBCCTL4                       
0000018c  TBCCTL5                       
0000018e  TBCCTL6                       
00000180  TBCTL                         
0000011e  TBIV                          
00000190  TBR                           
00004b38  TimerA0_ISR                   
00004a5c  Timer_A_init                  
00003838  Timer_B                       
00004a70  Timer_B7_init                 
00000074  U0BR0                         
00000075  U0BR1                         
00000070  U0CTL                         
00000073  U0MCTL                        
00000072  U0RCTL                        
00000076  U0RXBUF                       
00000071  U0TCTL                        
00000077  U0TXBUF                       
0000007c  U1BR0                         
0000007d  U1BR1                         
00000078  U1CTL                         
0000007b  U1MCTL                        
0000007a  U1RCTL                        
0000007e  U1RXBUF                       
00000079  U1TCTL                        
0000007f  U1TXBUF                       
00004876  UART_Init                     
00004b16  UCA0_chout                    
00004a2c  UCA0_strout_length            
00000120  WDTCTL                        
00000a00  __STACK_END                   
00000050  __STACK_SIZE                  
00004b74  __TI_CINIT_Base               
00004b7c  __TI_CINIT_Limit              
00004b6a  __TI_Handler_Table_Base       
00004b70  __TI_Handler_Table_Limit      
00004b30  __TI_ISR_TRAP                 
00004778  __TI_auto_init_nobinit_nopinit
000041dc  __TI_decompress_lzss          
00004ad0  __TI_decompress_none          
000027ea  __TI_frcdivd                  
000032d4  __TI_frcmpyd                  
0000ffe2  __TI_int01                    
0000ffe4  __TI_int02                    
0000ffe6  __TI_int03                    
0000ffe8  __TI_int04                    
0000ffea  __TI_int05                    
0000ffec  __TI_int06                    
0000ffee  __TI_int07                    
0000fff0  __TI_int08                    
0000fff2  __TI_int09                    
0000fff4  __TI_int10                    
0000fff6  __TI_int11                    
0000fff8  __TI_int12                    
0000fffa  __TI_int13                    
0000fffc  __TI_int14                    
ffffffff  __TI_pprof_out_hndl           
ffffffff  __TI_prof_data_size           
ffffffff  __TI_prof_data_start          
00004a84  __TI_zero_init_nomemset       
ffffffff  __c_args__                    
000020b4  __mspabi_addd                 
0000370c  __mspabi_addf                 
00003928  __mspabi_cmpd                 
0000465e  __mspabi_cmpf                 
00003c56  __mspabi_cvtdf                
00004344  __mspabi_cvtfd                
00002f22  __mspabi_divd                 
00004abe  __mspabi_fixdu                
000042d0  __mspabi_fixdul               
000046ee  __mspabi_fixfu                
00004b3e  __mspabi_fltud                
000049ba  __mspabi_fltuf                
00003eda  __mspabi_fltuld               
000048ae  __mspabi_fltulf               
00004b12  __mspabi_func_epilog_1        
00004b10  __mspabi_func_epilog_2        
00004b0e  __mspabi_func_epilog_3        
00004b0c  __mspabi_func_epilog_4        
00004b0a  __mspabi_func_epilog_5        
00004b08  __mspabi_func_epilog_6        
00004b06  __mspabi_func_epilog_7        
00002c62  __mspabi_mpyd                 
00003ade  __mspabi_mpyf                 
00004a98  __mspabi_mpyi_hw              
0000490e  __mspabi_mpyl_hw              
00003e44  __mspabi_mpyll_hw             
000045ca  __mspabi_mpyull_hw            
00004968  __mspabi_slli                 
00004990  __mspabi_slli_1               
0000497e  __mspabi_slli_10              
0000497c  __mspabi_slli_11              
0000497a  __mspabi_slli_12              
00004978  __mspabi_slli_13              
00004976  __mspabi_slli_14              
00004974  __mspabi_slli_15              
0000498e  __mspabi_slli_2               
0000498c  __mspabi_slli_3               
0000498a  __mspabi_slli_4               
00004988  __mspabi_slli_5               
00004986  __mspabi_slli_6               
00004984  __mspabi_slli_7               
00004982  __mspabi_slli_8               
00004980  __mspabi_slli_9               
00004870  __mspabi_slll_1               
0000484c  __mspabi_slll_10              
00004848  __mspabi_slll_11              
00004844  __mspabi_slll_12              
00004840  __mspabi_slll_13              
0000483c  __mspabi_slll_14              
00004838  __mspabi_slll_15              
0000486c  __mspabi_slll_2               
00004868  __mspabi_slll_3               
00004864  __mspabi_slll_4               
00004860  __mspabi_slll_5               
0000485c  __mspabi_slll_6               
00004858  __mspabi_slll_7               
00004854  __mspabi_slll_8               
00004850  __mspabi_slll_9               
00004734  __mspabi_sllll                
0000493c  __mspabi_srai                 
00004964  __mspabi_srai_1               
00004952  __mspabi_srai_10              
00004950  __mspabi_srai_11              
0000494e  __mspabi_srai_12              
0000494c  __mspabi_srai_13              
0000494a  __mspabi_srai_14              
00004948  __mspabi_srai_15              
00004962  __mspabi_srai_2               
00004960  __mspabi_srai_3               
0000495e  __mspabi_srai_4               
0000495c  __mspabi_srai_5               
0000495a  __mspabi_srai_6               
00004958  __mspabi_srai_7               
00004956  __mspabi_srai_8               
00004954  __mspabi_srai_9               
00004832  __mspabi_sral_1               
0000480e  __mspabi_sral_10              
0000480a  __mspabi_sral_11              
00004806  __mspabi_sral_12              
00004802  __mspabi_sral_13              
000047fe  __mspabi_sral_14              
000047fa  __mspabi_sral_15              
0000482e  __mspabi_sral_2               
0000482a  __mspabi_sral_3               
00004826  __mspabi_sral_4               
00004822  __mspabi_sral_5               
0000481e  __mspabi_sral_6               
0000481a  __mspabi_sral_7               
00004816  __mspabi_sral_8               
00004812  __mspabi_sral_9               
00004614  __mspabi_srall                
0000457e  __mspabi_srli                 
000045c4  __mspabi_srli_1               
000045a0  __mspabi_srli_10              
0000459c  __mspabi_srli_11              
00004598  __mspabi_srli_12              
00004594  __mspabi_srli_13              
00004590  __mspabi_srli_14              
0000458c  __mspabi_srli_15              
000045c0  __mspabi_srli_2               
000045bc  __mspabi_srli_3               
000045b8  __mspabi_srli_4               
000045b4  __mspabi_srli_5               
000045b0  __mspabi_srli_6               
000045ac  __mspabi_srli_7               
000045a8  __mspabi_srli_8               
000045a4  __mspabi_srli_9               
00004ae2  __mspabi_srll                 
000044d4  __mspabi_srll_1               
0000449e  __mspabi_srll_10              
00004498  __mspabi_srll_11              
00004492  __mspabi_srll_12              
0000448c  __mspabi_srll_13              
00004486  __mspabi_srll_14              
00004480  __mspabi_srll_15              
000044ce  __mspabi_srll_2               
000044c8  __mspabi_srll_3               
000044c2  __mspabi_srll_4               
000044bc  __mspabi_srll_5               
000044b6  __mspabi_srll_6               
000044b0  __mspabi_srll_7               
000044aa  __mspabi_srll_8               
000044a4  __mspabi_srll_9               
000046a8  __mspabi_srlll                
00003706  __mspabi_subf                 
000049de  _c_int00_noargs               
0000fffe  _reset_vector                 
000009b0  _stack                        
00004b4e  _system_post_cinit            
00004b4a  _system_pre_init              
0000024a  aa                            
00004b44  abort                         
0000026c  adc_value                     
00000268  battery_voltage               
0000024c  bb                            
00000202  beep1_en                      
0000020b  beep1_seq                     
00000201  beep2_en                      
0000020a  beep2_seq                     
00000200  beep3_en                      
00000209  beep3_seq                     
00000220  beep_100ms                    
0000021e  beep_300ms                    
00000308  bf_data                       
00000336  blt_in_stat1                  
00000337  blt_in_stat2                  
00000338  blt_in_stat3                  
00000339  blt_input_stat1               
0000033a  blt_input_stat2               
0000033b  blt_input_stat3               
00000298  blt_key_counter1              
0000033c  blt_old_input_stat1           
0000033d  blt_old_input_stat2           
0000033e  blt_old_input_stat3           
00000296  blt_zero_count1               
0000024e  cc                            
00004994  clock_init                    
00000216  cnt_100ms                     
0000020e  cnt_1ms                       
0000021c  cnt_1sec                      
00000212  cnt_20ms                      
00000218  cnt_250ms                     
0000021a  cnt_500ms                     
00000214  cnt_50ms                      
00000210  cnt_5ms                       
0000022a  cnt_auto                      
00000232  cnt_auto_basic                
00000230  cnt_auto_mode                 
0000022c  cnt_basic_F                   
0000022e  cnt_basic_L                   
00000236  cnt_cal_pos                   
00000238  cnt_low_pos                   
00000234  cnt_position                  
0000452e  controlValves                 
00004b24  control_init                  
00000226  f_100ms                       
00000222  f_1ms                         
00000229  f_1sec                        
00000224  f_20ms                        
00000227  f_250ms                       
00000228  f_500ms                       
00000225  f_50ms                        
00000223  f_5ms                         
0000029f  f_rcv_cnt                     
00000265  f_rcv_proc                    
0000029e  f_rcv_start                   
0000029d  first_flag                    
00003d0a  flashData_init                
00003da8  flash_read                    
00003a04  flash_write                   
0000031e  float_temp1                   
00000322  float_temp2                   
00000326  float_temp3                   
0000033f  free_byte0                    
00000266  init_pressure                 
00000262  is_1sec_led                   
0000023b  is_air_F                      
0000023c  is_air_L                      
0000023a  is_auto                       
0000023f  is_auto_basic                 
0000023d  is_basic                      
00000206  is_center_valve               
00000259  is_charging_first             
0000025a  is_charging_mode              
00000258  is_first                      
00000260  is_first_6_4                  
0000025e  is_high_pos                   
0000025c  is_init_beep                  
0000025b  is_init_connect               
00000205  is_left_valve                 
0000025f  is_low_pos                    
00000207  is_out_valve                  
0000025d  is_position                   
0000023e  is_power                      
00000263  is_poweroff_5min              
00000203  is_pump                       
00000204  is_right_valve                
00000261  is_under_6_4                  
00001100  main                          
00004af4  memcpy                        
00000250  position_abs                  
00000252  position_max                  
00000254  position_result               
00000340  press_in_stat1                
00000341  press_in_stat2                
00000342  press_input_stat1             
00000343  press_input_stat2             
0000029c  press_key_counter1            
00000344  press_old_input_stat1         
00000345  press_old_input_stat2         
0000029a  press_zero_count1             
000002a0  rcv_cnt                       
00000346  rcv_data                      
000002a1  rcv_end_cnt                   
000002a2  rcv_start_cnt                 
000049fa  setValveAndPumpState          
00000208  test_toggle                   
000002a4  trs_buf0                      
00004a44  usart0_rx                     
0000020c  waiting_tm                    


GLOBAL SYMBOLS: SORTED BY Symbol Address 

address   name                          
-------   ----                          
00000000  IE1                           
00000001  IE2                           
00000002  IFG1                          
00000003  IFG2                          
00000004  ME1                           
00000005  ME2                           
00000018  P3IN                          
00000019  P3OUT                         
0000001a  P3DIR                         
0000001b  P3SEL                         
0000001c  P4IN                          
0000001d  P4OUT                         
0000001e  P4DIR                         
0000001f  P4SEL                         
00000020  P1IN                          
00000021  P1OUT                         
00000022  P1DIR                         
00000023  P1IFG                         
00000024  P1IES                         
00000025  P1IE                          
00000026  P1SEL                         
00000028  P2IN                          
00000029  P2OUT                         
0000002a  P2DIR                         
0000002b  P2IFG                         
0000002c  P2IES                         
0000002d  P2IE                          
0000002e  P2SEL                         
00000030  P5IN                          
00000031  P5OUT                         
00000032  P5DIR                         
00000033  P5SEL                         
00000034  P6IN                          
00000035  P6OUT                         
00000036  P6DIR                         
00000037  P6SEL                         
00000050  __STACK_SIZE                  
00000056  DCOCTL                        
00000057  BCSCTL1                       
00000058  BCSCTL2                       
00000059  CACTL1                        
0000005a  CACTL2                        
0000005b  CAPD                          
00000070  U0CTL                         
00000071  U0TCTL                        
00000072  U0RCTL                        
00000073  U0MCTL                        
00000074  U0BR0                         
00000075  U0BR1                         
00000076  U0RXBUF                       
00000077  U0TXBUF                       
00000078  U1CTL                         
00000079  U1TCTL                        
0000007a  U1RCTL                        
0000007b  U1MCTL                        
0000007c  U1BR0                         
0000007d  U1BR1                         
0000007e  U1RXBUF                       
0000007f  U1TXBUF                       
00000080  ADC12MCTL0                    
00000081  ADC12MCTL1                    
00000082  ADC12MCTL2                    
00000083  ADC12MCTL3                    
00000084  ADC12MCTL4                    
00000085  ADC12MCTL5                    
00000086  ADC12MCTL6                    
00000087  ADC12MCTL7                    
00000088  ADC12MCTL8                    
00000089  ADC12MCTL9                    
0000008a  ADC12MCTL10                   
0000008b  ADC12MCTL11                   
0000008c  ADC12MCTL12                   
0000008d  ADC12MCTL13                   
0000008e  ADC12MCTL14                   
0000008f  ADC12MCTL15                   
0000011e  TBIV                          
00000120  WDTCTL                        
00000128  FCTL1                         
0000012a  FCTL2                         
0000012c  FCTL3                         
0000012e  TAIV                          
00000130  MPY                           
00000132  MPYS                          
00000134  MAC                           
00000136  MACS                          
00000138  OP2                           
0000013a  RESLO                         
0000013c  RESHI                         
0000013e  SUMEXT                        
00000140  ADC12MEM0                     
00000142  ADC12MEM1                     
00000144  ADC12MEM2                     
00000146  ADC12MEM3                     
00000148  ADC12MEM4                     
0000014a  ADC12MEM5                     
0000014c  ADC12MEM6                     
0000014e  ADC12MEM7                     
00000150  ADC12MEM8                     
00000152  ADC12MEM9                     
00000154  ADC12MEM10                    
00000156  ADC12MEM11                    
00000158  ADC12MEM12                    
0000015a  ADC12MEM13                    
0000015c  ADC12MEM14                    
0000015e  ADC12MEM15                    
00000160  TACTL                         
00000162  TACCTL0                       
00000164  TACCTL1                       
00000166  TACCTL2                       
00000170  TAR                           
00000172  TACCR0                        
00000174  TACCR1                        
00000176  TACCR2                        
00000180  TBCTL                         
00000182  TBCCTL0                       
00000184  TBCCTL1                       
00000186  TBCCTL2                       
00000188  TBCCTL3                       
0000018a  TBCCTL4                       
0000018c  TBCCTL5                       
0000018e  TBCCTL6                       
00000190  TBR                           
00000192  TBCCR0                        
00000194  TBCCR1                        
00000196  TBCCR2                        
00000198  TBCCR3                        
0000019a  TBCCR4                        
0000019c  TBCCR5                        
0000019e  TBCCR6                        
000001a0  ADC12CTL0                     
000001a2  ADC12CTL1                     
000001a4  ADC12IFG                      
000001a6  ADC12IE                       
000001a8  ADC12IV                       
00000200  beep3_en                      
00000201  beep2_en                      
00000202  beep1_en                      
00000203  is_pump                       
00000204  is_right_valve                
00000205  is_left_valve                 
00000206  is_center_valve               
00000207  is_out_valve                  
00000208  test_toggle                   
00000209  beep3_seq                     
0000020a  beep2_seq                     
0000020b  beep1_seq                     
0000020c  waiting_tm                    
0000020e  cnt_1ms                       
00000210  cnt_5ms                       
00000212  cnt_20ms                      
00000214  cnt_50ms                      
00000216  cnt_100ms                     
00000218  cnt_250ms                     
0000021a  cnt_500ms                     
0000021c  cnt_1sec                      
0000021e  beep_300ms                    
00000220  beep_100ms                    
00000222  f_1ms                         
00000223  f_5ms                         
00000224  f_20ms                        
00000225  f_50ms                        
00000226  f_100ms                       
00000227  f_250ms                       
00000228  f_500ms                       
00000229  f_1sec                        
0000022a  cnt_auto                      
0000022c  cnt_basic_F                   
0000022e  cnt_basic_L                   
00000230  cnt_auto_mode                 
00000232  cnt_auto_basic                
00000234  cnt_position                  
00000236  cnt_cal_pos                   
00000238  cnt_low_pos                   
0000023a  is_auto                       
0000023b  is_air_F                      
0000023c  is_air_L                      
0000023d  is_basic                      
0000023e  is_power                      
0000023f  is_auto_basic                 
00000240  Air_btn                       
00000241  B_btn                         
00000242  A_btn                         
00000244  P1_Value                      
00000246  P2_Value                      
00000248  P3_Value                      
0000024a  aa                            
0000024c  bb                            
0000024e  cc                            
00000250  position_abs                  
00000252  position_max                  
00000254  position_result               
00000258  is_first                      
00000259  is_charging_first             
0000025a  is_charging_mode              
0000025b  is_init_connect               
0000025c  is_init_beep                  
0000025d  is_position                   
0000025e  is_high_pos                   
0000025f  is_low_pos                    
00000260  is_first_6_4                  
00000261  is_under_6_4                  
00000262  is_1sec_led                   
00000263  is_poweroff_5min              
00000264  P_Read_Flag                   
00000265  f_rcv_proc                    
00000266  init_pressure                 
00000268  battery_voltage               
0000026c  adc_value                     
0000026e  Max_Pressure                  
00000272  Min_Pressure                  
00000276  P_Init_Val1                   
00000278  P_Init_Val2                   
0000027a  P_Init_Val3                   
0000027c  P_Init_Val4                   
0000027e  P_Init_Val5                   
00000280  P_Init_Val6                   
00000282  P_Init_Val7                   
00000284  P_Init_Val8                   
00000286  Init_zero_count               
00000288  Init_key_counter              
0000028a  Init_zero_count1              
0000028c  Init_key_counter1             
0000028e  Init_zero_count2              
00000290  Init_key_counter2             
00000292  Init_zero_count3              
00000294  Init_key_counter3             
00000296  blt_zero_count1               
00000298  blt_key_counter1              
0000029a  press_zero_count1             
0000029c  press_key_counter1            
0000029d  first_flag                    
0000029e  f_rcv_start                   
0000029f  f_rcv_cnt                     
000002a0  rcv_cnt                       
000002a1  rcv_end_cnt                   
000002a2  rcv_start_cnt                 
000002a4  trs_buf0                      
00000308  bf_data                       
0000031a  Pressure_KPA                  
0000031e  float_temp1                   
00000322  float_temp2                   
00000326  float_temp3                   
0000032a  Init_in_stat                  
0000032b  Init_in_stat1                 
0000032c  Init_in_stat2                 
0000032d  Init_in_stat3                 
0000032e  Init_input_stat               
0000032f  Init_input_stat1              
00000330  Init_input_stat2              
00000331  Init_input_stat3              
00000332  Init_old_input_stat           
00000333  Init_old_input_stat1          
00000334  Init_old_input_stat2          
00000335  Init_old_input_stat3          
00000336  blt_in_stat1                  
00000337  blt_in_stat2                  
00000338  blt_in_stat3                  
00000339  blt_input_stat1               
0000033a  blt_input_stat2               
0000033b  blt_input_stat3               
0000033c  blt_old_input_stat1           
0000033d  blt_old_input_stat2           
0000033e  blt_old_input_stat3           
0000033f  free_byte0                    
00000340  press_in_stat1                
00000341  press_in_stat2                
00000342  press_input_stat1             
00000343  press_input_stat2             
00000344  press_old_input_stat1         
00000345  press_old_input_stat2         
00000346  rcv_data                      
000009b0  _stack                        
00000a00  __STACK_END                   
00001100  main                          
000020b4  __mspabi_addd                 
000027ea  __TI_frcdivd                  
00002c62  __mspabi_mpyd                 
00002f22  __mspabi_divd                 
0000315a  ReadCount3                    
000032d4  __TI_frcmpyd                  
00003446  ReadCount1                    
000035a6  ReadCount2                    
00003706  __mspabi_subf                 
0000370c  __mspabi_addf                 
00003838  Timer_B                       
00003928  __mspabi_cmpd                 
00003a04  flash_write                   
00003ade  __mspabi_mpyf                 
00003ba2  Blt_Input                     
00003c56  __mspabi_cvtdf                
00003d0a  flashData_init                
00003da8  flash_read                    
00003e44  __mspabi_mpyll_hw             
00003eda  __mspabi_fltuld               
00003f64  Pressure_Data_Send            
00003fe6  Init_Pressure_Input           
00004066  IOPort_init                   
000040e4  Auto_Button_Input             
00004160  Default_Button_Input          
000041dc  __TI_decompress_lzss          
00004258  Air_Button_Input              
000042d0  __mspabi_fixdul               
00004344  __mspabi_cvtfd                
000043b4  Power_Button_Input            
00004420  Power_off_ready               
00004480  __mspabi_srll_15              
00004486  __mspabi_srll_14              
0000448c  __mspabi_srll_13              
00004492  __mspabi_srll_12              
00004498  __mspabi_srll_11              
0000449e  __mspabi_srll_10              
000044a4  __mspabi_srll_9               
000044aa  __mspabi_srll_8               
000044b0  __mspabi_srll_7               
000044b6  __mspabi_srll_6               
000044bc  __mspabi_srll_5               
000044c2  __mspabi_srll_4               
000044c8  __mspabi_srll_3               
000044ce  __mspabi_srll_2               
000044d4  __mspabi_srll_1               
000044dc  Beep2                         
0000452e  controlValves                 
0000457e  __mspabi_srli                 
0000458c  __mspabi_srli_15              
00004590  __mspabi_srli_14              
00004594  __mspabi_srli_13              
00004598  __mspabi_srli_12              
0000459c  __mspabi_srli_11              
000045a0  __mspabi_srli_10              
000045a4  __mspabi_srli_9               
000045a8  __mspabi_srli_8               
000045ac  __mspabi_srli_7               
000045b0  __mspabi_srli_6               
000045b4  __mspabi_srli_5               
000045b8  __mspabi_srli_4               
000045bc  __mspabi_srli_3               
000045c0  __mspabi_srli_2               
000045c4  __mspabi_srli_1               
000045ca  __mspabi_mpyull_hw            
00004614  __mspabi_srall                
0000465e  __mspabi_cmpf                 
000046a8  __mspabi_srlll                
000046ee  __mspabi_fixfu                
00004734  __mspabi_sllll                
00004778  __TI_auto_init_nobinit_nopinit
000047ba  Port1_ISR                     
000047fa  __mspabi_sral_15              
000047fe  __mspabi_sral_14              
00004802  __mspabi_sral_13              
00004806  __mspabi_sral_12              
0000480a  __mspabi_sral_11              
0000480e  __mspabi_sral_10              
00004812  __mspabi_sral_9               
00004816  __mspabi_sral_8               
0000481a  __mspabi_sral_7               
0000481e  __mspabi_sral_6               
00004822  __mspabi_sral_5               
00004826  __mspabi_sral_4               
0000482a  __mspabi_sral_3               
0000482e  __mspabi_sral_2               
00004832  __mspabi_sral_1               
00004838  __mspabi_slll_15              
0000483c  __mspabi_slll_14              
00004840  __mspabi_slll_13              
00004844  __mspabi_slll_12              
00004848  __mspabi_slll_11              
0000484c  __mspabi_slll_10              
00004850  __mspabi_slll_9               
00004854  __mspabi_slll_8               
00004858  __mspabi_slll_7               
0000485c  __mspabi_slll_6               
00004860  __mspabi_slll_5               
00004864  __mspabi_slll_4               
00004868  __mspabi_slll_3               
0000486c  __mspabi_slll_2               
00004870  __mspabi_slll_1               
00004876  UART_Init                     
000048ae  __mspabi_fltulf               
000048e0  Beep1                         
0000490e  __mspabi_mpyl_hw              
0000493c  __mspabi_srai                 
00004948  __mspabi_srai_15              
0000494a  __mspabi_srai_14              
0000494c  __mspabi_srai_13              
0000494e  __mspabi_srai_12              
00004950  __mspabi_srai_11              
00004952  __mspabi_srai_10              
00004954  __mspabi_srai_9               
00004956  __mspabi_srai_8               
00004958  __mspabi_srai_7               
0000495a  __mspabi_srai_6               
0000495c  __mspabi_srai_5               
0000495e  __mspabi_srai_4               
00004960  __mspabi_srai_3               
00004962  __mspabi_srai_2               
00004964  __mspabi_srai_1               
00004968  __mspabi_slli                 
00004974  __mspabi_slli_15              
00004976  __mspabi_slli_14              
00004978  __mspabi_slli_13              
0000497a  __mspabi_slli_12              
0000497c  __mspabi_slli_11              
0000497e  __mspabi_slli_10              
00004980  __mspabi_slli_9               
00004982  __mspabi_slli_8               
00004984  __mspabi_slli_7               
00004986  __mspabi_slli_6               
00004988  __mspabi_slli_5               
0000498a  __mspabi_slli_4               
0000498c  __mspabi_slli_3               
0000498e  __mspabi_slli_2               
00004990  __mspabi_slli_1               
00004994  clock_init                    
000049ba  __mspabi_fltuf                
000049de  _c_int00_noargs               
000049fa  setValveAndPumpState          
00004a14  Power_Off                     
00004a2c  UCA0_strout_length            
00004a44  usart0_rx                     
00004a5c  Timer_A_init                  
00004a70  Timer_B7_init                 
00004a84  __TI_zero_init_nomemset       
00004a98  __mspabi_mpyi_hw              
00004aac  ADC12_ISR                     
00004abe  __mspabi_fixdu                
00004ad0  __TI_decompress_none          
00004ae2  __mspabi_srll                 
00004af4  memcpy                        
00004b06  __mspabi_func_epilog_7        
00004b08  __mspabi_func_epilog_6        
00004b0a  __mspabi_func_epilog_5        
00004b0c  __mspabi_func_epilog_4        
00004b0e  __mspabi_func_epilog_3        
00004b10  __mspabi_func_epilog_2        
00004b12  __mspabi_func_epilog_1        
00004b16  UCA0_chout                    
00004b24  control_init                  
00004b30  __TI_ISR_TRAP                 
00004b38  TimerA0_ISR                   
00004b3e  __mspabi_fltud                
00004b44  C$$EXIT                       
00004b44  abort                         
00004b4a  _system_pre_init              
00004b4e  _system_post_cinit            
00004b6a  __TI_Handler_Table_Base       
00004b70  __TI_Handler_Table_Limit      
00004b74  __TI_CINIT_Base               
00004b7c  __TI_CINIT_Limit              
0000ffe2  __TI_int01                    
0000ffe4  __TI_int02                    
0000ffe6  __TI_int03                    
0000ffe8  __TI_int04                    
0000ffea  __TI_int05                    
0000ffec  __TI_int06                    
0000ffee  __TI_int07                    
0000fff0  __TI_int08                    
0000fff2  __TI_int09                    
0000fff4  __TI_int10                    
0000fff6  __TI_int11                    
0000fff8  __TI_int12                    
0000fffa  __TI_int13                    
0000fffc  __TI_int14                    
0000fffe  _reset_vector                 
ffffffff  __TI_pprof_out_hndl           
ffffffff  __TI_prof_data_size           
ffffffff  __TI_prof_data_start          
ffffffff  __c_args__                    

[467 symbols]
