******************************************************************************
                  MSP430 Linker PC v20.2.5                     
******************************************************************************
>> Linked Tue Feb 13 14:18:16 2024

OUTPUT FILE NAME:   <Neo-SM-v2.1.5.out>
ENTRY POINT SYMBOL: "_c_int00_noargs"  address: 00004882


MEMORY CONFIGURATION

         name            origin    length      used     unused   attr    fill
----------------------  --------  ---------  --------  --------  ----  --------
  SFR                   00000000   00000010  00000000  00000010  RWIX
  PERIPHERALS_8BIT      00000010   000000f0  00000000  000000f0  RWIX
  PERIPHERALS_16BIT     00000100   00000100  00000000  00000100  RWIX
  RAM                   00000200   00000800  0000017f  00000681  RWIX
  INFOB                 00001000   00000080  00000000  00000080  RWIX
  INFOA                 00001080   00000080  00000000  00000080  RWIX
  FLASH                 00001100   0000eee0  0000391a  0000b5c6  RWIX
  INT00                 0000ffe0   00000002  00000000  00000002  RWIX
  INT01                 0000ffe2   00000002  00000002  00000000  RWIX
  INT02                 0000ffe4   00000002  00000002  00000000  RWIX
  INT03                 0000ffe6   00000002  00000002  00000000  RWIX
  INT04                 0000ffe8   00000002  00000002  00000000  RWIX
  INT05                 0000ffea   00000002  00000002  00000000  RWIX
  INT06                 0000ffec   00000002  00000002  00000000  RWIX
  INT07                 0000ffee   00000002  00000002  00000000  RWIX
  INT08                 0000fff0   00000002  00000002  00000000  RWIX
  INT09                 0000fff2   00000002  00000002  00000000  RWIX
  INT10                 0000fff4   00000002  00000002  00000000  RWIX
  INT11                 0000fff6   00000002  00000002  00000000  RWIX
  INT12                 0000fff8   00000002  00000002  00000000  RWIX
  INT13                 0000fffa   00000002  00000002  00000000  RWIX
  INT14                 0000fffc   00000002  00000002  00000000  RWIX
  RESET                 0000fffe   00000002  00000002  00000000  RWIX


SECTION ALLOCATION MAP

 output                                  attributes/
section   page    origin      length       input sections
--------  ----  ----------  ----------   ----------------
.data      0    00000200    000000f0     UNINITIALIZED
                  00000200    0000008b     Neo-SM-v2.1.4.obj (.data)
                  0000028b    00000001     --HOLE--
                  0000028c    00000064     Neo-SM-v2.1.4.obj (.data:trs_buf0)

.bss       0    000002f0    0000003f     UNINITIALIZED
                  000002f0    00000012     (.common:bf_data)
                  00000302    00000004     (.common:Pressure_KPA)
                  00000306    00000004     (.common:float_temp1)
                  0000030a    00000004     (.common:float_temp2)
                  0000030e    00000004     (.common:float_temp3)
                  00000312    00000001     (.common:Init_in_stat)
                  00000313    00000001     (.common:Init_in_stat1)
                  00000314    00000001     (.common:Init_in_stat2)
                  00000315    00000001     (.common:Init_in_stat3)
                  00000316    00000001     (.common:Init_input_stat)
                  00000317    00000001     (.common:Init_input_stat1)
                  00000318    00000001     (.common:Init_input_stat2)
                  00000319    00000001     (.common:Init_input_stat3)
                  0000031a    00000001     (.common:Init_old_input_stat)
                  0000031b    00000001     (.common:Init_old_input_stat1)
                  0000031c    00000001     (.common:Init_old_input_stat2)
                  0000031d    00000001     (.common:Init_old_input_stat3)
                  0000031e    00000001     (.common:blt_in_stat1)
                  0000031f    00000001     (.common:blt_in_stat2)
                  00000320    00000001     (.common:blt_in_stat3)
                  00000321    00000001     (.common:blt_input_stat1)
                  00000322    00000001     (.common:blt_input_stat2)
                  00000323    00000001     (.common:blt_input_stat3)
                  00000324    00000001     (.common:blt_old_input_stat1)
                  00000325    00000001     (.common:blt_old_input_stat2)
                  00000326    00000001     (.common:blt_old_input_stat3)
                  00000327    00000001     (.common:free_byte0)
                  00000328    00000001     (.common:press_in_stat1)
                  00000329    00000001     (.common:press_in_stat2)
                  0000032a    00000001     (.common:press_input_stat1)
                  0000032b    00000001     (.common:press_input_stat2)
                  0000032c    00000001     (.common:press_old_input_stat1)
                  0000032d    00000001     (.common:press_old_input_stat2)
                  0000032e    00000001     (.common:rcv_data)

.stack     0    000009b0    00000050     UNINITIALIZED
                  000009b0    00000002     rts430_eabi.lib : boot.c.obj (.stack)
                  000009b2    0000004e     --HOLE--

.text      0    00001100    000038ee     
                  00001100    00000ef2     Neo-SM-v2.1.4.obj (.text:main)
                  00001ff2    00000736     rts430_eabi.lib : addd.c.obj (.text:__mspabi_addd)
                  00002728    00000478                     : frcdivd.c.obj (.text:__TI_frcdivd)
                  00002ba0    000002c0                     : mpyd.c.obj (.text:__mspabi_mpyd)
                  00002e60    00000238                     : divd.c.obj (.text:__mspabi_divd)
                  00003098    0000017a     Neo-SM-v2.1.4.obj (.text:ReadCount3)
                  00003212    00000172     rts430_eabi.lib : frcmpyd.c.obj (.text:__TI_frcmpyd)
                  00003384    00000160     Neo-SM-v2.1.4.obj (.text:ReadCount1)
                  000034e4    00000160     Neo-SM-v2.1.4.obj (.text:ReadCount2)
                  00003644    00000132     rts430_eabi.lib : fs_add.asm.obj (.text)
                  00003776    000000f0     Neo-SM-v2.1.4.obj (.text:Timer_B)
                  00003866    000000dc     rts430_eabi.lib : cmpd.c.obj (.text:__mspabi_cmpd)
                  00003942    000000da     Neo-SM-v2.1.4.obj (.text:flash_write)
                  00003a1c    000000c4     rts430_eabi.lib : fs_mpy.asm.obj (.text)
                  00003ae0    000000b4     Neo-SM-v2.1.4.obj (.text:Blt_Input)
                  00003b94    000000b4     rts430_eabi.lib : cvtdf.c.obj (.text:__mspabi_cvtdf)
                  00003c48    0000009e     Neo-SM-v2.1.4.obj (.text:flashData_init)
                  00003ce6    0000009c     Neo-SM-v2.1.4.obj (.text:flash_read)
                  00003d82    00000096     rts430_eabi.lib : mult64_hw.asm.obj (.text:__mpyll)
                  00003e18    00000082     Neo-SM-v2.1.4.obj (.text:Pressure_Data_Send)
                  00003e9a    00000080     Neo-SM-v2.1.4.obj (.text:Init_Pressure_Input)
                  00003f1a    0000007e     Neo-SM-v2.1.4.obj (.text:IOPort_init)
                  00003f98    0000007c     Neo-SM-v2.1.4.obj (.text:Auto_Button_Input)
                  00004014    0000007c     Neo-SM-v2.1.4.obj (.text:Default_Button_Input)
                  00004090    0000007c     rts430_eabi.lib : copy_decompress_lzss.c.obj (.text:decompress:lzss:__TI_decompress_lzss)
                  0000410c    00000078     Neo-SM-v2.1.4.obj (.text:Air_Button_Input)
                  00004184    00000074     rts430_eabi.lib : fixdul.c.obj (.text:__mspabi_fixdul)
                  000041f8    00000070                     : cvtfd.c.obj (.text:__mspabi_cvtfd)
                  00004268    0000006c     Neo-SM-v2.1.4.obj (.text:Power_Button_Input)
                  000042d4    0000005c     rts430_eabi.lib : lsr32.asm.obj (.text:l_lsr_const)
                  00004330    00000052     Neo-SM-v2.1.4.obj (.text:Beep2)
                  00004382    00000050     Neo-SM-v2.1.4.obj (.text:Power_off_ready)
                  000043d2    00000050     Neo-SM-Mode-v2.1.4.obj (.text:controlValves)
                  00004422    0000004c     rts430_eabi.lib : lsr16.asm.obj (.text)
                  0000446e    0000004a                     : mult3264_hw.asm.obj (.text:__mpyull)
                  000044b8    0000004a                     : asr64.c.obj (.text:__mspabi_srall)
                  00004502    0000004a                     : fs_cmp.asm.obj (.text)
                  0000454c    00000046                     : lsr64.c.obj (.text:__mspabi_srlll)
                  00004592    00000046                     : fs_tou.asm.obj (.text)
                  000045d8    00000044                     : lsl64.c.obj (.text:__mspabi_sllll)
                  0000461c    00000042                     : autoinit.c.obj (.text:__TI_auto_init_nobinit_nopinit:__TI_auto_init_nobinit_nopinit)
                  0000465e    00000040     Neo-SM-v2.1.4.obj (.text:Port1_ISR)
                  0000469e    0000003e     rts430_eabi.lib : asr32.asm.obj (.text:l_asr_const)
                  000046dc    0000003e                     : lsl32.asm.obj (.text:l_lsl_const)
                  0000471a    00000038     Neo-SM-v2.1.4.obj (.text:UART_Init)
                  00004752    00000032     rts430_eabi.lib : fs_ultof.asm.obj (.text)
                  00004784    0000002e     Neo-SM-v2.1.4.obj (.text:Beep1)
                  000047b2    0000002e     rts430_eabi.lib : mult32_hw.asm.obj (.text)
                  000047e0    0000002c                     : asr16.asm.obj (.text)
                  0000480c    0000002c                     : lsl16.asm.obj (.text)
                  00004838    00000026     Neo-SM-v2.1.4.obj (.text:clock_init)
                  0000485e    00000024     rts430_eabi.lib : fs_utof.asm.obj (.text)
                  00004882    0000001c                     : boot.c.obj (.text:_c_int00_noargs)
                  0000489e    0000001a     Neo-SM-v2.1.4.obj (.text:setValveAndPumpState)
                  000048b8    00000018     Neo-SM-Mode-v2.1.4.obj (.text:Power_Off)
                  000048d0    00000018     Neo-SM-v2.1.4.obj (.text:UCA0_strout_length)
                  000048e8    00000018     Neo-SM-v2.1.4.obj (.text:usart0_rx)
                  00004900    00000014     Neo-SM-v2.1.4.obj (.text:Timer_A_init)
                  00004914    00000014     Neo-SM-v2.1.4.obj (.text:Timer_B7_init)
                  00004928    00000014     rts430_eabi.lib : copy_zero_init.c.obj (.text:decompress:ZI:__TI_zero_init_nomemset:__TI_zero_init_nomemset)
                  0000493c    00000014                     : mult16_hw.asm.obj (.text)
                  00004950    00000012     Neo-SM-v2.1.4.obj (.text:ADC12_ISR)
                  00004962    00000012     rts430_eabi.lib : fixdu.c.obj (.text:__mspabi_fixdu)
                  00004974    00000012                     : copy_decompress_none.c.obj (.text:decompress:none:__TI_decompress_none)
                  00004986    00000012                     : lsr32.asm.obj (.text:l_lsr)
                  00004998    00000012                     : memcpy.c.obj (.text:memcpy)
                  000049aa    00000010                     : epilog.asm.obj (.text)
                  000049ba    0000000e     Neo-SM-v2.1.4.obj (.text:UCA0_chout)
                  000049c8    0000000c     Neo-SM-Mode-v2.1.4.obj (.text:control_init)
                  000049d4    00000008     rts430_eabi.lib : isr_trap.asm.obj (.text:_isr:__TI_ISR_TRAP)
                  000049dc    00000006     Neo-SM-v2.1.4.obj (.text:TimerA0_ISR)
                  000049e2    00000006     rts430_eabi.lib : exit.c.obj (.text:abort)
                  000049e8    00000004                     : pre_init.c.obj (.text:_system_pre_init)
                  000049ec    00000002                     : startup.c.obj (.text:_system_post_cinit)

.cinit     0    000049ee    0000002c     
                  000049ee    00000019     (.cinit..data.load) [load image, compression = lzss]
                  00004a07    00000001     --HOLE-- [fill = 0]
                  00004a08    00000006     (__TI_handler_table)
                  00004a0e    00000004     (.cinit..bss.load) [load image, compression = zero_init]
                  00004a12    00000008     (__TI_cinit_table)

.binit     0    00001100    00000000     

.init_array 
*          0    00001100    00000000     UNINITIALIZED

PORT2      0    0000ffe2    00000002     
                  0000ffe2    00000002     rts430_eabi.lib : int01.asm.obj (.int01)

USART1TX   0    0000ffe4    00000002     
                  0000ffe4    00000002     rts430_eabi.lib : int02.asm.obj (.int02)

USART1RX   0    0000ffe6    00000002     
                  0000ffe6    00000002     rts430_eabi.lib : int03.asm.obj (.int03)

PORT1      0    0000ffe8    00000002     
                  0000ffe8    00000002     Neo-SM-v2.1.4.obj (.int04)

TIMERA1    0    0000ffea    00000002     
                  0000ffea    00000002     rts430_eabi.lib : int05.asm.obj (.int05)

TIMERA0    0    0000ffec    00000002     
                  0000ffec    00000002     Neo-SM-v2.1.4.obj (.int06)

ADC12      0    0000ffee    00000002     
                  0000ffee    00000002     Neo-SM-v2.1.4.obj (.int07)

USART0TX   0    0000fff0    00000002     
                  0000fff0    00000002     rts430_eabi.lib : int08.asm.obj (.int08)

USART0RX   0    0000fff2    00000002     
                  0000fff2    00000002     Neo-SM-v2.1.4.obj (.int09)

WDT        0    0000fff4    00000002     
                  0000fff4    00000002     rts430_eabi.lib : int10.asm.obj (.int10)

COMPARATORA 
*          0    0000fff6    00000002     
                  0000fff6    00000002     rts430_eabi.lib : int11.asm.obj (.int11)

TIMERB1    0    0000fff8    00000002     
                  0000fff8    00000002     rts430_eabi.lib : int12.asm.obj (.int12)

TIMERB0    0    0000fffa    00000002     
                  0000fffa    00000002     Neo-SM-v2.1.4.obj (.int13)

NMI        0    0000fffc    00000002     
                  0000fffc    00000002     rts430_eabi.lib : int14.asm.obj (.int14)

.reset     0    0000fffe    00000002     
                  0000fffe    00000002     rts430_eabi.lib : boot.c.obj (.reset)

MODULE SUMMARY

       Module                       code    ro data   rw data
       ------                       ----    -------   -------
    .\
       Neo-SM-v2.1.4.obj            7238    10        302    
       Neo-SM-Mode-v2.1.4.obj       116     0         0      
    +--+----------------------------+-------+---------+---------+
       Total:                       7354    10        302    
                                                             
    C:\ti\ccs1040\ccs\tools\compiler\ti-cgt-msp430_20.2.5.LTS\lib\rts430_eabi.lib
       addd.c.obj                   1846    0         0      
       frcdivd.c.obj                1144    0         0      
       mpyd.c.obj                   704     0         0      
       divd.c.obj                   568     0         0      
       frcmpyd.c.obj                370     0         0      
       fs_add.asm.obj               306     0         0      
       cmpd.c.obj                   220     0         0      
       fs_mpy.asm.obj               196     0         0      
       cvtdf.c.obj                  180     0         0      
       mult64_hw.asm.obj            150     0         0      
       copy_decompress_lzss.c.obj   124     0         0      
       fixdul.c.obj                 116     0         0      
       cvtfd.c.obj                  112     0         0      
       lsr32.asm.obj                110     0         0      
       lsr16.asm.obj                76      0         0      
       asr64.c.obj                  74      0         0      
       fs_cmp.asm.obj               74      0         0      
       mult3264_hw.asm.obj          74      0         0      
       fs_tou.asm.obj               70      0         0      
       lsr64.c.obj                  70      0         0      
       lsl64.c.obj                  68      0         0      
       autoinit.c.obj               66      0         0      
       asr32.asm.obj                62      0         0      
       lsl32.asm.obj                62      0         0      
       fs_ultof.asm.obj             50      0         0      
       mult32_hw.asm.obj            46      0         0      
       asr16.asm.obj                44      0         0      
       lsl16.asm.obj                44      0         0      
       fs_utof.asm.obj              36      0         0      
       boot.c.obj                   28      2         0      
       copy_zero_init.c.obj         20      0         0      
       mult16_hw.asm.obj            20      0         0      
       copy_decompress_none.c.obj   18      0         0      
       fixdu.c.obj                  18      0         0      
       memcpy.c.obj                 18      0         0      
       epilog.asm.obj               16      0         0      
       isr_trap.asm.obj             8       0         0      
       exit.c.obj                   6       0         0      
       pre_init.c.obj               4       0         0      
       int01.asm.obj                0       2         0      
       int02.asm.obj                0       2         0      
       int03.asm.obj                0       2         0      
       int05.asm.obj                0       2         0      
       int08.asm.obj                0       2         0      
       int10.asm.obj                0       2         0      
       int11.asm.obj                0       2         0      
       int12.asm.obj                0       2         0      
       int14.asm.obj                0       2         0      
       startup.c.obj                2       0         0      
    +--+----------------------------+-------+---------+---------+
       Total:                       7220    20        0      
                                                             
       Stack:                       0       0         80     
       Linker Generated:            0       43        0      
    +--+----------------------------+-------+---------+---------+
       Grand Total:                 14574   73        382    


LINKER GENERATED COPY TABLES

__TI_cinit_table @ 00004a12 records: 2, size/record: 4, table size: 8
	.data: load addr=000049ee, load size=00000019 bytes, run addr=00000200, run size=000000f0 bytes, compression=lzss
	.bss: load addr=00004a0e, load size=00000004 bytes, run addr=000002f0, run size=0000003f bytes, compression=zero_init


LINKER GENERATED HANDLER TABLE

__TI_handler_table @ 00004a08 records: 3, size/record: 2, table size: 6
	index: 0, handler: __TI_zero_init
	index: 1, handler: __TI_decompress_lzss
	index: 2, handler: __TI_decompress_none


GLOBAL SYMBOLS: SORTED ALPHABETICALLY BY Name 

address   name                          
-------   ----                          
000001a0  ADC12CTL0                     
000001a2  ADC12CTL1                     
000001a6  ADC12IE                       
000001a4  ADC12IFG                      
000001a8  ADC12IV                       
00000080  ADC12MCTL0                    
00000081  ADC12MCTL1                    
0000008a  ADC12MCTL10                   
0000008b  ADC12MCTL11                   
0000008c  ADC12MCTL12                   
0000008d  ADC12MCTL13                   
0000008e  ADC12MCTL14                   
0000008f  ADC12MCTL15                   
00000082  ADC12MCTL2                    
00000083  ADC12MCTL3                    
00000084  ADC12MCTL4                    
00000085  ADC12MCTL5                    
00000086  ADC12MCTL6                    
00000087  ADC12MCTL7                    
00000088  ADC12MCTL8                    
00000089  ADC12MCTL9                    
00000140  ADC12MEM0                     
00000142  ADC12MEM1                     
00000154  ADC12MEM10                    
00000156  ADC12MEM11                    
00000158  ADC12MEM12                    
0000015a  ADC12MEM13                    
0000015c  ADC12MEM14                    
0000015e  ADC12MEM15                    
00000144  ADC12MEM2                     
00000146  ADC12MEM3                     
00000148  ADC12MEM4                     
0000014a  ADC12MEM5                     
0000014c  ADC12MEM6                     
0000014e  ADC12MEM7                     
00000150  ADC12MEM8                     
00000152  ADC12MEM9                     
00004950  ADC12_ISR                     
0000023c  A_btn                         
0000410c  Air_Button_Input              
0000023a  Air_btn                       
00003f98  Auto_Button_Input             
00000057  BCSCTL1                       
00000058  BCSCTL2                       
0000023b  B_btn                         
00004784  Beep1                         
00004330  Beep2                         
00003ae0  Blt_Input                     
000049e2  C$$EXIT                       
00000059  CACTL1                        
0000005a  CACTL2                        
0000005b  CAPD                          
00000056  DCOCTL                        
00004014  Default_Button_Input          
00000128  FCTL1                         
0000012a  FCTL2                         
0000012c  FCTL3                         
00000000  IE1                           
00000001  IE2                           
00000002  IFG1                          
00000003  IFG2                          
00003f1a  IOPort_init                   
00003e9a  Init_Pressure_Input           
00000312  Init_in_stat                  
00000313  Init_in_stat1                 
00000314  Init_in_stat2                 
00000315  Init_in_stat3                 
00000316  Init_input_stat               
00000317  Init_input_stat1              
00000318  Init_input_stat2              
00000319  Init_input_stat3              
00000270  Init_key_counter              
00000274  Init_key_counter1             
00000278  Init_key_counter2             
0000027c  Init_key_counter3             
0000031a  Init_old_input_stat           
0000031b  Init_old_input_stat1          
0000031c  Init_old_input_stat2          
0000031d  Init_old_input_stat3          
0000026e  Init_zero_count               
00000272  Init_zero_count1              
00000276  Init_zero_count2              
0000027a  Init_zero_count3              
00000134  MAC                           
00000136  MACS                          
00000004  ME1                           
00000005  ME2                           
00000130  MPY                           
00000132  MPYS                          
00000256  Max_Pressure                  
0000025a  Min_Pressure                  
00000138  OP2                           
00000022  P1DIR                         
00000025  P1IE                          
00000024  P1IES                         
00000023  P1IFG                         
00000020  P1IN                          
00000021  P1OUT                         
00000026  P1SEL                         
0000023e  P1_Value                      
0000002a  P2DIR                         
0000002d  P2IE                          
0000002c  P2IES                         
0000002b  P2IFG                         
00000028  P2IN                          
00000029  P2OUT                         
0000002e  P2SEL                         
00000240  P2_Value                      
0000001a  P3DIR                         
00000018  P3IN                          
00000019  P3OUT                         
0000001b  P3SEL                         
00000242  P3_Value                      
0000001e  P4DIR                         
0000001c  P4IN                          
0000001d  P4OUT                         
0000001f  P4SEL                         
00000032  P5DIR                         
00000030  P5IN                          
00000031  P5OUT                         
00000033  P5SEL                         
00000036  P6DIR                         
00000034  P6IN                          
00000035  P6OUT                         
00000037  P6SEL                         
0000025e  P_Init_Val1                   
00000260  P_Init_Val2                   
00000262  P_Init_Val3                   
00000264  P_Init_Val4                   
00000266  P_Init_Val5                   
00000268  P_Init_Val6                   
0000026a  P_Init_Val7                   
0000026c  P_Init_Val8                   
0000024d  P_Read_Flag                   
0000465e  Port1_ISR                     
00004268  Power_Button_Input            
000048b8  Power_Off                     
00004382  Power_off_ready               
00003e18  Pressure_Data_Send            
00000302  Pressure_KPA                  
0000013c  RESHI                         
0000013a  RESLO                         
00003384  ReadCount1                    
000034e4  ReadCount2                    
00003098  ReadCount3                    
0000013e  SUMEXT                        
00000172  TACCR0                        
00000174  TACCR1                        
00000176  TACCR2                        
00000162  TACCTL0                       
00000164  TACCTL1                       
00000166  TACCTL2                       
00000160  TACTL                         
0000012e  TAIV                          
00000170  TAR                           
00000192  TBCCR0                        
00000194  TBCCR1                        
00000196  TBCCR2                        
00000198  TBCCR3                        
0000019a  TBCCR4                        
0000019c  TBCCR5                        
0000019e  TBCCR6                        
00000182  TBCCTL0                       
00000184  TBCCTL1                       
00000186  TBCCTL2                       
00000188  TBCCTL3                       
0000018a  TBCCTL4                       
0000018c  TBCCTL5                       
0000018e  TBCCTL6                       
00000180  TBCTL                         
0000011e  TBIV                          
00000190  TBR                           
000049dc  TimerA0_ISR                   
00004900  Timer_A_init                  
00003776  Timer_B                       
00004914  Timer_B7_init                 
00000074  U0BR0                         
00000075  U0BR1                         
00000070  U0CTL                         
00000073  U0MCTL                        
00000072  U0RCTL                        
00000076  U0RXBUF                       
00000071  U0TCTL                        
00000077  U0TXBUF                       
0000007c  U1BR0                         
0000007d  U1BR1                         
00000078  U1CTL                         
0000007b  U1MCTL                        
0000007a  U1RCTL                        
0000007e  U1RXBUF                       
00000079  U1TCTL                        
0000007f  U1TXBUF                       
0000471a  UART_Init                     
000049ba  UCA0_chout                    
000048d0  UCA0_strout_length            
00000120  WDTCTL                        
00000a00  __STACK_END                   
00000050  __STACK_SIZE                  
00004a12  __TI_CINIT_Base               
00004a1a  __TI_CINIT_Limit              
00004a08  __TI_Handler_Table_Base       
00004a0e  __TI_Handler_Table_Limit      
000049d4  __TI_ISR_TRAP                 
0000461c  __TI_auto_init_nobinit_nopinit
00004090  __TI_decompress_lzss          
00004974  __TI_decompress_none          
00002728  __TI_frcdivd                  
00003212  __TI_frcmpyd                  
0000ffe2  __TI_int01                    
0000ffe4  __TI_int02                    
0000ffe6  __TI_int03                    
0000ffe8  __TI_int04                    
0000ffea  __TI_int05                    
0000ffec  __TI_int06                    
0000ffee  __TI_int07                    
0000fff0  __TI_int08                    
0000fff2  __TI_int09                    
0000fff4  __TI_int10                    
0000fff6  __TI_int11                    
0000fff8  __TI_int12                    
0000fffa  __TI_int13                    
0000fffc  __TI_int14                    
ffffffff  __TI_pprof_out_hndl           
ffffffff  __TI_prof_data_size           
ffffffff  __TI_prof_data_start          
00004928  __TI_zero_init_nomemset       
ffffffff  __c_args__                    
00001ff2  __mspabi_addd                 
0000364a  __mspabi_addf                 
00003866  __mspabi_cmpd                 
00004502  __mspabi_cmpf                 
00003b94  __mspabi_cvtdf                
000041f8  __mspabi_cvtfd                
00002e60  __mspabi_divd                 
00004962  __mspabi_fixdu                
00004184  __mspabi_fixdul               
00004592  __mspabi_fixfu                
0000485e  __mspabi_fltuf                
00004752  __mspabi_fltulf               
000049b6  __mspabi_func_epilog_1        
000049b4  __mspabi_func_epilog_2        
000049b2  __mspabi_func_epilog_3        
000049b0  __mspabi_func_epilog_4        
000049ae  __mspabi_func_epilog_5        
000049ac  __mspabi_func_epilog_6        
000049aa  __mspabi_func_epilog_7        
00002ba0  __mspabi_mpyd                 
00003a1c  __mspabi_mpyf                 
0000493c  __mspabi_mpyi_hw              
000047b2  __mspabi_mpyl_hw              
00003d82  __mspabi_mpyll_hw             
0000446e  __mspabi_mpyull_hw            
0000480c  __mspabi_slli                 
00004834  __mspabi_slli_1               
00004822  __mspabi_slli_10              
00004820  __mspabi_slli_11              
0000481e  __mspabi_slli_12              
0000481c  __mspabi_slli_13              
0000481a  __mspabi_slli_14              
00004818  __mspabi_slli_15              
00004832  __mspabi_slli_2               
00004830  __mspabi_slli_3               
0000482e  __mspabi_slli_4               
0000482c  __mspabi_slli_5               
0000482a  __mspabi_slli_6               
00004828  __mspabi_slli_7               
00004826  __mspabi_slli_8               
00004824  __mspabi_slli_9               
00004714  __mspabi_slll_1               
000046f0  __mspabi_slll_10              
000046ec  __mspabi_slll_11              
000046e8  __mspabi_slll_12              
000046e4  __mspabi_slll_13              
000046e0  __mspabi_slll_14              
000046dc  __mspabi_slll_15              
00004710  __mspabi_slll_2               
0000470c  __mspabi_slll_3               
00004708  __mspabi_slll_4               
00004704  __mspabi_slll_5               
00004700  __mspabi_slll_6               
000046fc  __mspabi_slll_7               
000046f8  __mspabi_slll_8               
000046f4  __mspabi_slll_9               
000045d8  __mspabi_sllll                
000047e0  __mspabi_srai                 
00004808  __mspabi_srai_1               
000047f6  __mspabi_srai_10              
000047f4  __mspabi_srai_11              
000047f2  __mspabi_srai_12              
000047f0  __mspabi_srai_13              
000047ee  __mspabi_srai_14              
000047ec  __mspabi_srai_15              
00004806  __mspabi_srai_2               
00004804  __mspabi_srai_3               
00004802  __mspabi_srai_4               
00004800  __mspabi_srai_5               
000047fe  __mspabi_srai_6               
000047fc  __mspabi_srai_7               
000047fa  __mspabi_srai_8               
000047f8  __mspabi_srai_9               
000046d6  __mspabi_sral_1               
000046b2  __mspabi_sral_10              
000046ae  __mspabi_sral_11              
000046aa  __mspabi_sral_12              
000046a6  __mspabi_sral_13              
000046a2  __mspabi_sral_14              
0000469e  __mspabi_sral_15              
000046d2  __mspabi_sral_2               
000046ce  __mspabi_sral_3               
000046ca  __mspabi_sral_4               
000046c6  __mspabi_sral_5               
000046c2  __mspabi_sral_6               
000046be  __mspabi_sral_7               
000046ba  __mspabi_sral_8               
000046b6  __mspabi_sral_9               
000044b8  __mspabi_srall                
00004422  __mspabi_srli                 
00004468  __mspabi_srli_1               
00004444  __mspabi_srli_10              
00004440  __mspabi_srli_11              
0000443c  __mspabi_srli_12              
00004438  __mspabi_srli_13              
00004434  __mspabi_srli_14              
00004430  __mspabi_srli_15              
00004464  __mspabi_srli_2               
00004460  __mspabi_srli_3               
0000445c  __mspabi_srli_4               
00004458  __mspabi_srli_5               
00004454  __mspabi_srli_6               
00004450  __mspabi_srli_7               
0000444c  __mspabi_srli_8               
00004448  __mspabi_srli_9               
00004986  __mspabi_srll                 
00004328  __mspabi_srll_1               
000042f2  __mspabi_srll_10              
000042ec  __mspabi_srll_11              
000042e6  __mspabi_srll_12              
000042e0  __mspabi_srll_13              
000042da  __mspabi_srll_14              
000042d4  __mspabi_srll_15              
00004322  __mspabi_srll_2               
0000431c  __mspabi_srll_3               
00004316  __mspabi_srll_4               
00004310  __mspabi_srll_5               
0000430a  __mspabi_srll_6               
00004304  __mspabi_srll_7               
000042fe  __mspabi_srll_8               
000042f8  __mspabi_srll_9               
0000454c  __mspabi_srlll                
00003644  __mspabi_subf                 
00004882  _c_int00_noargs               
0000fffe  _reset_vector                 
000009b0  _stack                        
000049ec  _system_post_cinit            
000049e8  _system_pre_init              
000049e2  abort                         
00000254  adc_value                     
00000250  battery_voltage               
00000202  beep1_en                      
0000020a  beep1_seq                     
00000201  beep2_en                      
00000209  beep2_seq                     
00000200  beep3_en                      
00000208  beep3_seq                     
00000220  beep_100ms                    
0000021e  beep_300ms                    
000002f0  bf_data                       
0000031e  blt_in_stat1                  
0000031f  blt_in_stat2                  
00000320  blt_in_stat3                  
00000321  blt_input_stat1               
00000322  blt_input_stat2               
00000323  blt_input_stat3               
00000280  blt_key_counter1              
00000324  blt_old_input_stat1           
00000325  blt_old_input_stat2           
00000326  blt_old_input_stat3           
0000027e  blt_zero_count1               
00004838  clock_init                    
00000216  cnt_100ms                     
0000020e  cnt_1ms                       
0000021c  cnt_1sec                      
00000212  cnt_20ms                      
00000218  cnt_250ms                     
0000021a  cnt_500ms                     
00000214  cnt_50ms                      
00000210  cnt_5ms                       
0000022a  cnt_auto                      
00000232  cnt_auto_basic                
00000230  cnt_auto_mode                 
0000022c  cnt_basic_F                   
0000022e  cnt_basic_L                   
000043d2  controlValves                 
000049c8  control_init                  
00000226  f_100ms                       
00000222  f_1ms                         
00000229  f_1sec                        
00000224  f_20ms                        
00000227  f_250ms                       
00000228  f_500ms                       
00000225  f_50ms                        
00000223  f_5ms                         
00000287  f_rcv_cnt                     
0000024e  f_rcv_proc                    
00000286  f_rcv_start                   
00000285  first_flag                    
00003c48  flashData_init                
00003ce6  flash_read                    
00003942  flash_write                   
00000306  float_temp1                   
0000030a  float_temp2                   
0000030e  float_temp3                   
00000327  free_byte0                    
0000024f  init_pressure                 
0000024b  is_1sec_led                   
00000235  is_air_F                      
00000236  is_air_L                      
00000234  is_auto                       
00000239  is_auto_basic                 
00000237  is_basic                      
00000206  is_center_valve               
00000245  is_charging_first             
00000246  is_charging_mode              
00000244  is_first                      
00000249  is_first_6_4                  
00000248  is_init_beep                  
00000247  is_init_connect               
00000205  is_left_valve                 
00000207  is_out_valve                  
00000238  is_power                      
0000024c  is_poweroff_5min              
00000203  is_pump                       
00000204  is_right_valve                
0000024a  is_under_6_4                  
00001100  main                          
00004998  memcpy                        
00000328  press_in_stat1                
00000329  press_in_stat2                
0000032a  press_input_stat1             
0000032b  press_input_stat2             
00000284  press_key_counter1            
0000032c  press_old_input_stat1         
0000032d  press_old_input_stat2         
00000282  press_zero_count1             
00000288  rcv_cnt                       
0000032e  rcv_data                      
00000289  rcv_end_cnt                   
0000028a  rcv_start_cnt                 
0000489e  setValveAndPumpState          
0000028c  trs_buf0                      
000048e8  usart0_rx                     
0000020c  waiting_tm                    


GLOBAL SYMBOLS: SORTED BY Symbol Address 

address   name                          
-------   ----                          
00000000  IE1                           
00000001  IE2                           
00000002  IFG1                          
00000003  IFG2                          
00000004  ME1                           
00000005  ME2                           
00000018  P3IN                          
00000019  P3OUT                         
0000001a  P3DIR                         
0000001b  P3SEL                         
0000001c  P4IN                          
0000001d  P4OUT                         
0000001e  P4DIR                         
0000001f  P4SEL                         
00000020  P1IN                          
00000021  P1OUT                         
00000022  P1DIR                         
00000023  P1IFG                         
00000024  P1IES                         
00000025  P1IE                          
00000026  P1SEL                         
00000028  P2IN                          
00000029  P2OUT                         
0000002a  P2DIR                         
0000002b  P2IFG                         
0000002c  P2IES                         
0000002d  P2IE                          
0000002e  P2SEL                         
00000030  P5IN                          
00000031  P5OUT                         
00000032  P5DIR                         
00000033  P5SEL                         
00000034  P6IN                          
00000035  P6OUT                         
00000036  P6DIR                         
00000037  P6SEL                         
00000050  __STACK_SIZE                  
00000056  DCOCTL                        
00000057  BCSCTL1                       
00000058  BCSCTL2                       
00000059  CACTL1                        
0000005a  CACTL2                        
0000005b  CAPD                          
00000070  U0CTL                         
00000071  U0TCTL                        
00000072  U0RCTL                        
00000073  U0MCTL                        
00000074  U0BR0                         
00000075  U0BR1                         
00000076  U0RXBUF                       
00000077  U0TXBUF                       
00000078  U1CTL                         
00000079  U1TCTL                        
0000007a  U1RCTL                        
0000007b  U1MCTL                        
0000007c  U1BR0                         
0000007d  U1BR1                         
0000007e  U1RXBUF                       
0000007f  U1TXBUF                       
00000080  ADC12MCTL0                    
00000081  ADC12MCTL1                    
00000082  ADC12MCTL2                    
00000083  ADC12MCTL3                    
00000084  ADC12MCTL4                    
00000085  ADC12MCTL5                    
00000086  ADC12MCTL6                    
00000087  ADC12MCTL7                    
00000088  ADC12MCTL8                    
00000089  ADC12MCTL9                    
0000008a  ADC12MCTL10                   
0000008b  ADC12MCTL11                   
0000008c  ADC12MCTL12                   
0000008d  ADC12MCTL13                   
0000008e  ADC12MCTL14                   
0000008f  ADC12MCTL15                   
0000011e  TBIV                          
00000120  WDTCTL                        
00000128  FCTL1                         
0000012a  FCTL2                         
0000012c  FCTL3                         
0000012e  TAIV                          
00000130  MPY                           
00000132  MPYS                          
00000134  MAC                           
00000136  MACS                          
00000138  OP2                           
0000013a  RESLO                         
0000013c  RESHI                         
0000013e  SUMEXT                        
00000140  ADC12MEM0                     
00000142  ADC12MEM1                     
00000144  ADC12MEM2                     
00000146  ADC12MEM3                     
00000148  ADC12MEM4                     
0000014a  ADC12MEM5                     
0000014c  ADC12MEM6                     
0000014e  ADC12MEM7                     
00000150  ADC12MEM8                     
00000152  ADC12MEM9                     
00000154  ADC12MEM10                    
00000156  ADC12MEM11                    
00000158  ADC12MEM12                    
0000015a  ADC12MEM13                    
0000015c  ADC12MEM14                    
0000015e  ADC12MEM15                    
00000160  TACTL                         
00000162  TACCTL0                       
00000164  TACCTL1                       
00000166  TACCTL2                       
00000170  TAR                           
00000172  TACCR0                        
00000174  TACCR1                        
00000176  TACCR2                        
00000180  TBCTL                         
00000182  TBCCTL0                       
00000184  TBCCTL1                       
00000186  TBCCTL2                       
00000188  TBCCTL3                       
0000018a  TBCCTL4                       
0000018c  TBCCTL5                       
0000018e  TBCCTL6                       
00000190  TBR                           
00000192  TBCCR0                        
00000194  TBCCR1                        
00000196  TBCCR2                        
00000198  TBCCR3                        
0000019a  TBCCR4                        
0000019c  TBCCR5                        
0000019e  TBCCR6                        
000001a0  ADC12CTL0                     
000001a2  ADC12CTL1                     
000001a4  ADC12IFG                      
000001a6  ADC12IE                       
000001a8  ADC12IV                       
00000200  beep3_en                      
00000201  beep2_en                      
00000202  beep1_en                      
00000203  is_pump                       
00000204  is_right_valve                
00000205  is_left_valve                 
00000206  is_center_valve               
00000207  is_out_valve                  
00000208  beep3_seq                     
00000209  beep2_seq                     
0000020a  beep1_seq                     
0000020c  waiting_tm                    
0000020e  cnt_1ms                       
00000210  cnt_5ms                       
00000212  cnt_20ms                      
00000214  cnt_50ms                      
00000216  cnt_100ms                     
00000218  cnt_250ms                     
0000021a  cnt_500ms                     
0000021c  cnt_1sec                      
0000021e  beep_300ms                    
00000220  beep_100ms                    
00000222  f_1ms                         
00000223  f_5ms                         
00000224  f_20ms                        
00000225  f_50ms                        
00000226  f_100ms                       
00000227  f_250ms                       
00000228  f_500ms                       
00000229  f_1sec                        
0000022a  cnt_auto                      
0000022c  cnt_basic_F                   
0000022e  cnt_basic_L                   
00000230  cnt_auto_mode                 
00000232  cnt_auto_basic                
00000234  is_auto                       
00000235  is_air_F                      
00000236  is_air_L                      
00000237  is_basic                      
00000238  is_power                      
00000239  is_auto_basic                 
0000023a  Air_btn                       
0000023b  B_btn                         
0000023c  A_btn                         
0000023e  P1_Value                      
00000240  P2_Value                      
00000242  P3_Value                      
00000244  is_first                      
00000245  is_charging_first             
00000246  is_charging_mode              
00000247  is_init_connect               
00000248  is_init_beep                  
00000249  is_first_6_4                  
0000024a  is_under_6_4                  
0000024b  is_1sec_led                   
0000024c  is_poweroff_5min              
0000024d  P_Read_Flag                   
0000024e  f_rcv_proc                    
0000024f  init_pressure                 
00000250  battery_voltage               
00000254  adc_value                     
00000256  Max_Pressure                  
0000025a  Min_Pressure                  
0000025e  P_Init_Val1                   
00000260  P_Init_Val2                   
00000262  P_Init_Val3                   
00000264  P_Init_Val4                   
00000266  P_Init_Val5                   
00000268  P_Init_Val6                   
0000026a  P_Init_Val7                   
0000026c  P_Init_Val8                   
0000026e  Init_zero_count               
00000270  Init_key_counter              
00000272  Init_zero_count1              
00000274  Init_key_counter1             
00000276  Init_zero_count2              
00000278  Init_key_counter2             
0000027a  Init_zero_count3              
0000027c  Init_key_counter3             
0000027e  blt_zero_count1               
00000280  blt_key_counter1              
00000282  press_zero_count1             
00000284  press_key_counter1            
00000285  first_flag                    
00000286  f_rcv_start                   
00000287  f_rcv_cnt                     
00000288  rcv_cnt                       
00000289  rcv_end_cnt                   
0000028a  rcv_start_cnt                 
0000028c  trs_buf0                      
000002f0  bf_data                       
00000302  Pressure_KPA                  
00000306  float_temp1                   
0000030a  float_temp2                   
0000030e  float_temp3                   
00000312  Init_in_stat                  
00000313  Init_in_stat1                 
00000314  Init_in_stat2                 
00000315  Init_in_stat3                 
00000316  Init_input_stat               
00000317  Init_input_stat1              
00000318  Init_input_stat2              
00000319  Init_input_stat3              
0000031a  Init_old_input_stat           
0000031b  Init_old_input_stat1          
0000031c  Init_old_input_stat2          
0000031d  Init_old_input_stat3          
0000031e  blt_in_stat1                  
0000031f  blt_in_stat2                  
00000320  blt_in_stat3                  
00000321  blt_input_stat1               
00000322  blt_input_stat2               
00000323  blt_input_stat3               
00000324  blt_old_input_stat1           
00000325  blt_old_input_stat2           
00000326  blt_old_input_stat3           
00000327  free_byte0                    
00000328  press_in_stat1                
00000329  press_in_stat2                
0000032a  press_input_stat1             
0000032b  press_input_stat2             
0000032c  press_old_input_stat1         
0000032d  press_old_input_stat2         
0000032e  rcv_data                      
000009b0  _stack                        
00000a00  __STACK_END                   
00001100  main                          
00001ff2  __mspabi_addd                 
00002728  __TI_frcdivd                  
00002ba0  __mspabi_mpyd                 
00002e60  __mspabi_divd                 
00003098  ReadCount3                    
00003212  __TI_frcmpyd                  
00003384  ReadCount1                    
000034e4  ReadCount2                    
00003644  __mspabi_subf                 
0000364a  __mspabi_addf                 
00003776  Timer_B                       
00003866  __mspabi_cmpd                 
00003942  flash_write                   
00003a1c  __mspabi_mpyf                 
00003ae0  Blt_Input                     
00003b94  __mspabi_cvtdf                
00003c48  flashData_init                
00003ce6  flash_read                    
00003d82  __mspabi_mpyll_hw             
00003e18  Pressure_Data_Send            
00003e9a  Init_Pressure_Input           
00003f1a  IOPort_init                   
00003f98  Auto_Button_Input             
00004014  Default_Button_Input          
00004090  __TI_decompress_lzss          
0000410c  Air_Button_Input              
00004184  __mspabi_fixdul               
000041f8  __mspabi_cvtfd                
00004268  Power_Button_Input            
000042d4  __mspabi_srll_15              
000042da  __mspabi_srll_14              
000042e0  __mspabi_srll_13              
000042e6  __mspabi_srll_12              
000042ec  __mspabi_srll_11              
000042f2  __mspabi_srll_10              
000042f8  __mspabi_srll_9               
000042fe  __mspabi_srll_8               
00004304  __mspabi_srll_7               
0000430a  __mspabi_srll_6               
00004310  __mspabi_srll_5               
00004316  __mspabi_srll_4               
0000431c  __mspabi_srll_3               
00004322  __mspabi_srll_2               
00004328  __mspabi_srll_1               
00004330  Beep2                         
00004382  Power_off_ready               
000043d2  controlValves                 
00004422  __mspabi_srli                 
00004430  __mspabi_srli_15              
00004434  __mspabi_srli_14              
00004438  __mspabi_srli_13              
0000443c  __mspabi_srli_12              
00004440  __mspabi_srli_11              
00004444  __mspabi_srli_10              
00004448  __mspabi_srli_9               
0000444c  __mspabi_srli_8               
00004450  __mspabi_srli_7               
00004454  __mspabi_srli_6               
00004458  __mspabi_srli_5               
0000445c  __mspabi_srli_4               
00004460  __mspabi_srli_3               
00004464  __mspabi_srli_2               
00004468  __mspabi_srli_1               
0000446e  __mspabi_mpyull_hw            
000044b8  __mspabi_srall                
00004502  __mspabi_cmpf                 
0000454c  __mspabi_srlll                
00004592  __mspabi_fixfu                
000045d8  __mspabi_sllll                
0000461c  __TI_auto_init_nobinit_nopinit
0000465e  Port1_ISR                     
0000469e  __mspabi_sral_15              
000046a2  __mspabi_sral_14              
000046a6  __mspabi_sral_13              
000046aa  __mspabi_sral_12              
000046ae  __mspabi_sral_11              
000046b2  __mspabi_sral_10              
000046b6  __mspabi_sral_9               
000046ba  __mspabi_sral_8               
000046be  __mspabi_sral_7               
000046c2  __mspabi_sral_6               
000046c6  __mspabi_sral_5               
000046ca  __mspabi_sral_4               
000046ce  __mspabi_sral_3               
000046d2  __mspabi_sral_2               
000046d6  __mspabi_sral_1               
000046dc  __mspabi_slll_15              
000046e0  __mspabi_slll_14              
000046e4  __mspabi_slll_13              
000046e8  __mspabi_slll_12              
000046ec  __mspabi_slll_11              
000046f0  __mspabi_slll_10              
000046f4  __mspabi_slll_9               
000046f8  __mspabi_slll_8               
000046fc  __mspabi_slll_7               
00004700  __mspabi_slll_6               
00004704  __mspabi_slll_5               
00004708  __mspabi_slll_4               
0000470c  __mspabi_slll_3               
00004710  __mspabi_slll_2               
00004714  __mspabi_slll_1               
0000471a  UART_Init                     
00004752  __mspabi_fltulf               
00004784  Beep1                         
000047b2  __mspabi_mpyl_hw              
000047e0  __mspabi_srai                 
000047ec  __mspabi_srai_15              
000047ee  __mspabi_srai_14              
000047f0  __mspabi_srai_13              
000047f2  __mspabi_srai_12              
000047f4  __mspabi_srai_11              
000047f6  __mspabi_srai_10              
000047f8  __mspabi_srai_9               
000047fa  __mspabi_srai_8               
000047fc  __mspabi_srai_7               
000047fe  __mspabi_srai_6               
00004800  __mspabi_srai_5               
00004802  __mspabi_srai_4               
00004804  __mspabi_srai_3               
00004806  __mspabi_srai_2               
00004808  __mspabi_srai_1               
0000480c  __mspabi_slli                 
00004818  __mspabi_slli_15              
0000481a  __mspabi_slli_14              
0000481c  __mspabi_slli_13              
0000481e  __mspabi_slli_12              
00004820  __mspabi_slli_11              
00004822  __mspabi_slli_10              
00004824  __mspabi_slli_9               
00004826  __mspabi_slli_8               
00004828  __mspabi_slli_7               
0000482a  __mspabi_slli_6               
0000482c  __mspabi_slli_5               
0000482e  __mspabi_slli_4               
00004830  __mspabi_slli_3               
00004832  __mspabi_slli_2               
00004834  __mspabi_slli_1               
00004838  clock_init                    
0000485e  __mspabi_fltuf                
00004882  _c_int00_noargs               
0000489e  setValveAndPumpState          
000048b8  Power_Off                     
000048d0  UCA0_strout_length            
000048e8  usart0_rx                     
00004900  Timer_A_init                  
00004914  Timer_B7_init                 
00004928  __TI_zero_init_nomemset       
0000493c  __mspabi_mpyi_hw              
00004950  ADC12_ISR                     
00004962  __mspabi_fixdu                
00004974  __TI_decompress_none          
00004986  __mspabi_srll                 
00004998  memcpy                        
000049aa  __mspabi_func_epilog_7        
000049ac  __mspabi_func_epilog_6        
000049ae  __mspabi_func_epilog_5        
000049b0  __mspabi_func_epilog_4        
000049b2  __mspabi_func_epilog_3        
000049b4  __mspabi_func_epilog_2        
000049b6  __mspabi_func_epilog_1        
000049ba  UCA0_chout                    
000049c8  control_init                  
000049d4  __TI_ISR_TRAP                 
000049dc  TimerA0_ISR                   
000049e2  C$$EXIT                       
000049e2  abort                         
000049e8  _system_pre_init              
000049ec  _system_post_cinit            
00004a08  __TI_Handler_Table_Base       
00004a0e  __TI_Handler_Table_Limit      
00004a12  __TI_CINIT_Base               
00004a1a  __TI_CINIT_Limit              
0000ffe2  __TI_int01                    
0000ffe4  __TI_int02                    
0000ffe6  __TI_int03                    
0000ffe8  __TI_int04                    
0000ffea  __TI_int05                    
0000ffec  __TI_int06                    
0000ffee  __TI_int07                    
0000fff0  __TI_int08                    
0000fff2  __TI_int09                    
0000fff4  __TI_int10                    
0000fff6  __TI_int11                    
0000fff8  __TI_int12                    
0000fffa  __TI_int13                    
0000fffc  __TI_int14                    
0000fffe  _reset_vector                 
ffffffff  __TI_pprof_out_hndl           
ffffffff  __TI_prof_data_size           
ffffffff  __TI_prof_data_start          
ffffffff  __c_args__                    

[452 symbols]
