<?xml version="1.0" encoding="ISO-8859-1" ?>
<link_info>
   <banner>MSP430 Linker PC v20.2.5.LTS</banner>
   <copyright>Copyright (c) 2003-2018 Texas Instruments Incorporated</copyright>
   <link_time>0x65efdc27</link_time>
   <link_errors>0x0</link_errors>
   <output_file>Neo-SM-v2.1.6.out</output_file>
   <entry_point>
      <name>_c_int00_noargs</name>
      <address>0x4a00</address>
   </entry_point>
   <input_file_list>
      <input_file id="fl-2">
         <path>.\</path>
         <kind>object</kind>
         <file>Neo-SM-Mode-v2.1.6.obj</file>
         <name>Neo-SM-Mode-v2.1.6.obj</name>
      </input_file>
      <input_file id="fl-3">
         <path>.\</path>
         <kind>object</kind>
         <file>Neo-SM-v2.1.6.obj</file>
         <name>Neo-SM-v2.1.6.obj</name>
      </input_file>
      <input_file id="fl-8">
         <kind>object</kind>
         <file>&lt;internal&gt;</file>
         <name>&lt;internal&gt;</name>
      </input_file>
      <input_file id="fl-1e">
         <path>C:\ti\ccs1040\ccs\tools\compiler\ti-cgt-msp430_20.2.5.LTS\lib\</path>
         <kind>archive</kind>
         <file>rts430_eabi.lib</file>
         <name>epilog.asm.obj</name>
      </input_file>
      <input_file id="fl-1f">
         <path>C:\ti\ccs1040\ccs\tools\compiler\ti-cgt-msp430_20.2.5.LTS\lib\</path>
         <kind>archive</kind>
         <file>rts430_eabi.lib</file>
         <name>fs_add.asm.obj</name>
      </input_file>
      <input_file id="fl-20">
         <path>C:\ti\ccs1040\ccs\tools\compiler\ti-cgt-msp430_20.2.5.LTS\lib\</path>
         <kind>archive</kind>
         <file>rts430_eabi.lib</file>
         <name>fs_cmp.asm.obj</name>
      </input_file>
      <input_file id="fl-21">
         <path>C:\ti\ccs1040\ccs\tools\compiler\ti-cgt-msp430_20.2.5.LTS\lib\</path>
         <kind>archive</kind>
         <file>rts430_eabi.lib</file>
         <name>fs_mpy.asm.obj</name>
      </input_file>
      <input_file id="fl-22">
         <path>C:\ti\ccs1040\ccs\tools\compiler\ti-cgt-msp430_20.2.5.LTS\lib\</path>
         <kind>archive</kind>
         <file>rts430_eabi.lib</file>
         <name>fs_tou.asm.obj</name>
      </input_file>
      <input_file id="fl-23">
         <path>C:\ti\ccs1040\ccs\tools\compiler\ti-cgt-msp430_20.2.5.LTS\lib\</path>
         <kind>archive</kind>
         <file>rts430_eabi.lib</file>
         <name>fs_ultof.asm.obj</name>
      </input_file>
      <input_file id="fl-24">
         <path>C:\ti\ccs1040\ccs\tools\compiler\ti-cgt-msp430_20.2.5.LTS\lib\</path>
         <kind>archive</kind>
         <file>rts430_eabi.lib</file>
         <name>fs_utof.asm.obj</name>
      </input_file>
      <input_file id="fl-25">
         <path>C:\ti\ccs1040\ccs\tools\compiler\ti-cgt-msp430_20.2.5.LTS\lib\</path>
         <kind>archive</kind>
         <file>rts430_eabi.lib</file>
         <name>int01.asm.obj</name>
      </input_file>
      <input_file id="fl-26">
         <path>C:\ti\ccs1040\ccs\tools\compiler\ti-cgt-msp430_20.2.5.LTS\lib\</path>
         <kind>archive</kind>
         <file>rts430_eabi.lib</file>
         <name>int02.asm.obj</name>
      </input_file>
      <input_file id="fl-27">
         <path>C:\ti\ccs1040\ccs\tools\compiler\ti-cgt-msp430_20.2.5.LTS\lib\</path>
         <kind>archive</kind>
         <file>rts430_eabi.lib</file>
         <name>int03.asm.obj</name>
      </input_file>
      <input_file id="fl-28">
         <path>C:\ti\ccs1040\ccs\tools\compiler\ti-cgt-msp430_20.2.5.LTS\lib\</path>
         <kind>archive</kind>
         <file>rts430_eabi.lib</file>
         <name>int05.asm.obj</name>
      </input_file>
      <input_file id="fl-29">
         <path>C:\ti\ccs1040\ccs\tools\compiler\ti-cgt-msp430_20.2.5.LTS\lib\</path>
         <kind>archive</kind>
         <file>rts430_eabi.lib</file>
         <name>int08.asm.obj</name>
      </input_file>
      <input_file id="fl-2a">
         <path>C:\ti\ccs1040\ccs\tools\compiler\ti-cgt-msp430_20.2.5.LTS\lib\</path>
         <kind>archive</kind>
         <file>rts430_eabi.lib</file>
         <name>int10.asm.obj</name>
      </input_file>
      <input_file id="fl-2b">
         <path>C:\ti\ccs1040\ccs\tools\compiler\ti-cgt-msp430_20.2.5.LTS\lib\</path>
         <kind>archive</kind>
         <file>rts430_eabi.lib</file>
         <name>int11.asm.obj</name>
      </input_file>
      <input_file id="fl-2c">
         <path>C:\ti\ccs1040\ccs\tools\compiler\ti-cgt-msp430_20.2.5.LTS\lib\</path>
         <kind>archive</kind>
         <file>rts430_eabi.lib</file>
         <name>int12.asm.obj</name>
      </input_file>
      <input_file id="fl-2d">
         <path>C:\ti\ccs1040\ccs\tools\compiler\ti-cgt-msp430_20.2.5.LTS\lib\</path>
         <kind>archive</kind>
         <file>rts430_eabi.lib</file>
         <name>int14.asm.obj</name>
      </input_file>
      <input_file id="fl-2e">
         <path>C:\ti\ccs1040\ccs\tools\compiler\ti-cgt-msp430_20.2.5.LTS\lib\</path>
         <kind>archive</kind>
         <file>rts430_eabi.lib</file>
         <name>isr_trap.asm.obj</name>
      </input_file>
      <input_file id="fl-2f">
         <path>C:\ti\ccs1040\ccs\tools\compiler\ti-cgt-msp430_20.2.5.LTS\lib\</path>
         <kind>archive</kind>
         <file>rts430_eabi.lib</file>
         <name>lsr16.asm.obj</name>
      </input_file>
      <input_file id="fl-30">
         <path>C:\ti\ccs1040\ccs\tools\compiler\ti-cgt-msp430_20.2.5.LTS\lib\</path>
         <kind>archive</kind>
         <file>rts430_eabi.lib</file>
         <name>mult16_hw.asm.obj</name>
      </input_file>
      <input_file id="fl-31">
         <path>C:\ti\ccs1040\ccs\tools\compiler\ti-cgt-msp430_20.2.5.LTS\lib\</path>
         <kind>archive</kind>
         <file>rts430_eabi.lib</file>
         <name>mult1632_hw.asm.obj</name>
      </input_file>
      <input_file id="fl-32">
         <path>C:\ti\ccs1040\ccs\tools\compiler\ti-cgt-msp430_20.2.5.LTS\lib\</path>
         <kind>archive</kind>
         <file>rts430_eabi.lib</file>
         <name>mult32_hw.asm.obj</name>
      </input_file>
      <input_file id="fl-33">
         <path>C:\ti\ccs1040\ccs\tools\compiler\ti-cgt-msp430_20.2.5.LTS\lib\</path>
         <kind>archive</kind>
         <file>rts430_eabi.lib</file>
         <name>mult3264_hw.asm.obj</name>
      </input_file>
      <input_file id="fl-34">
         <path>C:\ti\ccs1040\ccs\tools\compiler\ti-cgt-msp430_20.2.5.LTS\lib\</path>
         <kind>archive</kind>
         <file>rts430_eabi.lib</file>
         <name>mult64_hw.asm.obj</name>
      </input_file>
      <input_file id="fl-35">
         <path>C:\ti\ccs1040\ccs\tools\compiler\ti-cgt-msp430_20.2.5.LTS\lib\</path>
         <kind>archive</kind>
         <file>rts430_eabi.lib</file>
         <name>boot.c.obj</name>
      </input_file>
      <input_file id="fl-36">
         <path>C:\ti\ccs1040\ccs\tools\compiler\ti-cgt-msp430_20.2.5.LTS\lib\</path>
         <kind>archive</kind>
         <file>rts430_eabi.lib</file>
         <name>autoinit.c.obj</name>
      </input_file>
      <input_file id="fl-37">
         <path>C:\ti\ccs1040\ccs\tools\compiler\ti-cgt-msp430_20.2.5.LTS\lib\</path>
         <kind>archive</kind>
         <file>rts430_eabi.lib</file>
         <name>copy_zero_init.c.obj</name>
      </input_file>
      <input_file id="fl-38">
         <path>C:\ti\ccs1040\ccs\tools\compiler\ti-cgt-msp430_20.2.5.LTS\lib\</path>
         <kind>archive</kind>
         <file>rts430_eabi.lib</file>
         <name>cpy_tbl.c.obj</name>
      </input_file>
      <input_file id="fl-39">
         <path>C:\ti\ccs1040\ccs\tools\compiler\ti-cgt-msp430_20.2.5.LTS\lib\</path>
         <kind>archive</kind>
         <file>rts430_eabi.lib</file>
         <name>mpu_init.c.obj</name>
      </input_file>
      <input_file id="fl-3a">
         <path>C:\ti\ccs1040\ccs\tools\compiler\ti-cgt-msp430_20.2.5.LTS\lib\</path>
         <kind>archive</kind>
         <file>rts430_eabi.lib</file>
         <name>lsr64.c.obj</name>
      </input_file>
      <input_file id="fl-3b">
         <path>C:\ti\ccs1040\ccs\tools\compiler\ti-cgt-msp430_20.2.5.LTS\lib\</path>
         <kind>archive</kind>
         <file>rts430_eabi.lib</file>
         <name>pre_init.c.obj</name>
      </input_file>
      <input_file id="fl-3c">
         <path>C:\ti\ccs1040\ccs\tools\compiler\ti-cgt-msp430_20.2.5.LTS\lib\</path>
         <kind>archive</kind>
         <file>rts430_eabi.lib</file>
         <name>startup.c.obj</name>
      </input_file>
      <input_file id="fl-3d">
         <path>C:\ti\ccs1040\ccs\tools\compiler\ti-cgt-msp430_20.2.5.LTS\lib\</path>
         <kind>archive</kind>
         <file>rts430_eabi.lib</file>
         <name>copy_decompress_none.c.obj</name>
      </input_file>
      <input_file id="fl-3e">
         <path>C:\ti\ccs1040\ccs\tools\compiler\ti-cgt-msp430_20.2.5.LTS\lib\</path>
         <kind>archive</kind>
         <file>rts430_eabi.lib</file>
         <name>copy_decompress_lzss.c.obj</name>
      </input_file>
      <input_file id="fl-3f">
         <path>C:\ti\ccs1040\ccs\tools\compiler\ti-cgt-msp430_20.2.5.LTS\lib\</path>
         <kind>archive</kind>
         <file>rts430_eabi.lib</file>
         <name>addd.c.obj</name>
      </input_file>
      <input_file id="fl-40">
         <path>C:\ti\ccs1040\ccs\tools\compiler\ti-cgt-msp430_20.2.5.LTS\lib\</path>
         <kind>archive</kind>
         <file>rts430_eabi.lib</file>
         <name>cmpd.c.obj</name>
      </input_file>
      <input_file id="fl-41">
         <path>C:\ti\ccs1040\ccs\tools\compiler\ti-cgt-msp430_20.2.5.LTS\lib\</path>
         <kind>archive</kind>
         <file>rts430_eabi.lib</file>
         <name>cvtfd.c.obj</name>
      </input_file>
      <input_file id="fl-42">
         <path>C:\ti\ccs1040\ccs\tools\compiler\ti-cgt-msp430_20.2.5.LTS\lib\</path>
         <kind>archive</kind>
         <file>rts430_eabi.lib</file>
         <name>divd.c.obj</name>
      </input_file>
      <input_file id="fl-43">
         <path>C:\ti\ccs1040\ccs\tools\compiler\ti-cgt-msp430_20.2.5.LTS\lib\</path>
         <kind>archive</kind>
         <file>rts430_eabi.lib</file>
         <name>fixdu.c.obj</name>
      </input_file>
      <input_file id="fl-44">
         <path>C:\ti\ccs1040\ccs\tools\compiler\ti-cgt-msp430_20.2.5.LTS\lib\</path>
         <kind>archive</kind>
         <file>rts430_eabi.lib</file>
         <name>fixdul.c.obj</name>
      </input_file>
      <input_file id="fl-45">
         <path>C:\ti\ccs1040\ccs\tools\compiler\ti-cgt-msp430_20.2.5.LTS\lib\</path>
         <kind>archive</kind>
         <file>rts430_eabi.lib</file>
         <name>fltud.c.obj</name>
      </input_file>
      <input_file id="fl-46">
         <path>C:\ti\ccs1040\ccs\tools\compiler\ti-cgt-msp430_20.2.5.LTS\lib\</path>
         <kind>archive</kind>
         <file>rts430_eabi.lib</file>
         <name>fltuld.c.obj</name>
      </input_file>
      <input_file id="fl-47">
         <path>C:\ti\ccs1040\ccs\tools\compiler\ti-cgt-msp430_20.2.5.LTS\lib\</path>
         <kind>archive</kind>
         <file>rts430_eabi.lib</file>
         <name>frcdivd.c.obj</name>
      </input_file>
      <input_file id="fl-48">
         <path>C:\ti\ccs1040\ccs\tools\compiler\ti-cgt-msp430_20.2.5.LTS\lib\</path>
         <kind>archive</kind>
         <file>rts430_eabi.lib</file>
         <name>mpyd.c.obj</name>
      </input_file>
      <input_file id="fl-49">
         <path>C:\ti\ccs1040\ccs\tools\compiler\ti-cgt-msp430_20.2.5.LTS\lib\</path>
         <kind>archive</kind>
         <file>rts430_eabi.lib</file>
         <name>cvtdf.c.obj</name>
      </input_file>
      <input_file id="fl-4a">
         <path>C:\ti\ccs1040\ccs\tools\compiler\ti-cgt-msp430_20.2.5.LTS\lib\</path>
         <kind>archive</kind>
         <file>rts430_eabi.lib</file>
         <name>exit.c.obj</name>
      </input_file>
      <input_file id="fl-4b">
         <path>C:\ti\ccs1040\ccs\tools\compiler\ti-cgt-msp430_20.2.5.LTS\lib\</path>
         <kind>archive</kind>
         <file>rts430_eabi.lib</file>
         <name>_lock.c.obj</name>
      </input_file>
      <input_file id="fl-4c">
         <path>C:\ti\ccs1040\ccs\tools\compiler\ti-cgt-msp430_20.2.5.LTS\lib\</path>
         <kind>archive</kind>
         <file>rts430_eabi.lib</file>
         <name>args_main.c.obj</name>
      </input_file>
      <input_file id="fl-4d">
         <path>C:\ti\ccs1040\ccs\tools\compiler\ti-cgt-msp430_20.2.5.LTS\lib\</path>
         <kind>archive</kind>
         <file>rts430_eabi.lib</file>
         <name>memcpy.c.obj</name>
      </input_file>
      <input_file id="fl-4e">
         <path>C:\ti\ccs1040\ccs\tools\compiler\ti-cgt-msp430_20.2.5.LTS\lib\</path>
         <kind>archive</kind>
         <file>rts430_eabi.lib</file>
         <name>asr16.asm.obj</name>
      </input_file>
      <input_file id="fl-4f">
         <path>C:\ti\ccs1040\ccs\tools\compiler\ti-cgt-msp430_20.2.5.LTS\lib\</path>
         <kind>archive</kind>
         <file>rts430_eabi.lib</file>
         <name>asr32.asm.obj</name>
      </input_file>
      <input_file id="fl-50">
         <path>C:\ti\ccs1040\ccs\tools\compiler\ti-cgt-msp430_20.2.5.LTS\lib\</path>
         <kind>archive</kind>
         <file>rts430_eabi.lib</file>
         <name>lsl16.asm.obj</name>
      </input_file>
      <input_file id="fl-51">
         <path>C:\ti\ccs1040\ccs\tools\compiler\ti-cgt-msp430_20.2.5.LTS\lib\</path>
         <kind>archive</kind>
         <file>rts430_eabi.lib</file>
         <name>lsl32.asm.obj</name>
      </input_file>
      <input_file id="fl-52">
         <path>C:\ti\ccs1040\ccs\tools\compiler\ti-cgt-msp430_20.2.5.LTS\lib\</path>
         <kind>archive</kind>
         <file>rts430_eabi.lib</file>
         <name>lsr32.asm.obj</name>
      </input_file>
      <input_file id="fl-53">
         <path>C:\ti\ccs1040\ccs\tools\compiler\ti-cgt-msp430_20.2.5.LTS\lib\</path>
         <kind>archive</kind>
         <file>rts430_eabi.lib</file>
         <name>mult16.asm.obj</name>
      </input_file>
      <input_file id="fl-54">
         <path>C:\ti\ccs1040\ccs\tools\compiler\ti-cgt-msp430_20.2.5.LTS\lib\</path>
         <kind>archive</kind>
         <file>rts430_eabi.lib</file>
         <name>mult32.asm.obj</name>
      </input_file>
      <input_file id="fl-55">
         <path>C:\ti\ccs1040\ccs\tools\compiler\ti-cgt-msp430_20.2.5.LTS\lib\</path>
         <kind>archive</kind>
         <file>rts430_eabi.lib</file>
         <name>exit_gvars.c.obj</name>
      </input_file>
      <input_file id="fl-56">
         <path>C:\ti\ccs1040\ccs\tools\compiler\ti-cgt-msp430_20.2.5.LTS\lib\</path>
         <kind>archive</kind>
         <file>rts430_eabi.lib</file>
         <name>asr64.c.obj</name>
      </input_file>
      <input_file id="fl-57">
         <path>C:\ti\ccs1040\ccs\tools\compiler\ti-cgt-msp430_20.2.5.LTS\lib\</path>
         <kind>archive</kind>
         <file>rts430_eabi.lib</file>
         <name>lsl64.c.obj</name>
      </input_file>
      <input_file id="fl-58">
         <path>C:\ti\ccs1040\ccs\tools\compiler\ti-cgt-msp430_20.2.5.LTS\lib\</path>
         <kind>archive</kind>
         <file>rts430_eabi.lib</file>
         <name>frcmpyd.c.obj</name>
      </input_file>
      <input_file id="fl-59">
         <path>C:\ti\ccs1040\ccs\tools\compiler\ti-cgt-msp430_20.2.5.LTS\lib\</path>
         <kind>archive</kind>
         <file>rts430_eabi.lib</file>
         <name>mult3264.asm.obj</name>
      </input_file>
      <input_file id="fl-5a">
         <path>C:\ti\ccs1040\ccs\tools\compiler\ti-cgt-msp430_20.2.5.LTS\lib\</path>
         <kind>archive</kind>
         <file>rts430_eabi.lib</file>
         <name>mult64.asm.obj</name>
      </input_file>
      <input_file id="fl-5b">
         <path>C:\ti\ccs1040\ccs\tools\compiler\ti-cgt-msp430_20.2.5.LTS\lib\</path>
         <kind>archive</kind>
         <file>rts430_eabi.lib</file>
         <name>mult1632.asm.obj</name>
      </input_file>
   </input_file_list>
   <object_component_list>
      <object_component id="oc-326">
         <name>.common:Pressure_KPA</name>
         <uninitialized>true</uninitialized>
         <run_address>0x314</run_address>
         <size>0x4</size>
      </object_component>
      <object_component id="oc-331">
         <name>.common:float_temp1</name>
         <uninitialized>true</uninitialized>
         <run_address>0x318</run_address>
         <size>0x4</size>
      </object_component>
      <object_component id="oc-338">
         <name>.common:float_temp2</name>
         <uninitialized>true</uninitialized>
         <run_address>0x31c</run_address>
         <size>0x4</size>
      </object_component>
      <object_component id="oc-33a">
         <name>.common:float_temp3</name>
         <uninitialized>true</uninitialized>
         <run_address>0x320</run_address>
         <size>0x4</size>
      </object_component>
      <object_component id="oc-2e2">
         <name>.common:Init_in_stat</name>
         <uninitialized>true</uninitialized>
         <run_address>0x324</run_address>
         <size>0x1</size>
      </object_component>
      <object_component id="oc-2e3">
         <name>.common:Init_input_stat</name>
         <uninitialized>true</uninitialized>
         <run_address>0x328</run_address>
         <size>0x1</size>
      </object_component>
      <object_component id="oc-2e4">
         <name>.common:Init_old_input_stat</name>
         <uninitialized>true</uninitialized>
         <run_address>0x32c</run_address>
         <size>0x1</size>
      </object_component>
      <object_component id="oc-2e8">
         <name>.common:Init_in_stat1</name>
         <uninitialized>true</uninitialized>
         <run_address>0x325</run_address>
         <size>0x1</size>
      </object_component>
      <object_component id="oc-2e9">
         <name>.common:Init_input_stat1</name>
         <uninitialized>true</uninitialized>
         <run_address>0x329</run_address>
         <size>0x1</size>
      </object_component>
      <object_component id="oc-2ea">
         <name>.common:Init_old_input_stat1</name>
         <uninitialized>true</uninitialized>
         <run_address>0x32d</run_address>
         <size>0x1</size>
      </object_component>
      <object_component id="oc-2ec">
         <name>.common:Init_in_stat2</name>
         <uninitialized>true</uninitialized>
         <run_address>0x326</run_address>
         <size>0x1</size>
      </object_component>
      <object_component id="oc-2ed">
         <name>.common:Init_input_stat2</name>
         <uninitialized>true</uninitialized>
         <run_address>0x32a</run_address>
         <size>0x1</size>
      </object_component>
      <object_component id="oc-2ee">
         <name>.common:Init_old_input_stat2</name>
         <uninitialized>true</uninitialized>
         <run_address>0x32e</run_address>
         <size>0x1</size>
      </object_component>
      <object_component id="oc-2f0">
         <name>.common:Init_in_stat3</name>
         <uninitialized>true</uninitialized>
         <run_address>0x327</run_address>
         <size>0x1</size>
      </object_component>
      <object_component id="oc-2f1">
         <name>.common:Init_input_stat3</name>
         <uninitialized>true</uninitialized>
         <run_address>0x32b</run_address>
         <size>0x1</size>
      </object_component>
      <object_component id="oc-2f2">
         <name>.common:Init_old_input_stat3</name>
         <uninitialized>true</uninitialized>
         <run_address>0x32f</run_address>
         <size>0x1</size>
      </object_component>
      <object_component id="oc-2f7">
         <name>.common:blt_input_stat1</name>
         <uninitialized>true</uninitialized>
         <run_address>0x333</run_address>
         <size>0x1</size>
      </object_component>
      <object_component id="oc-2f8">
         <name>.common:blt_input_stat2</name>
         <uninitialized>true</uninitialized>
         <run_address>0x334</run_address>
         <size>0x1</size>
      </object_component>
      <object_component id="oc-2f9">
         <name>.common:blt_input_stat3</name>
         <uninitialized>true</uninitialized>
         <run_address>0x335</run_address>
         <size>0x1</size>
      </object_component>
      <object_component id="oc-2f4">
         <name>.common:blt_in_stat1</name>
         <uninitialized>true</uninitialized>
         <run_address>0x330</run_address>
         <size>0x1</size>
      </object_component>
      <object_component id="oc-2f5">
         <name>.common:blt_in_stat2</name>
         <uninitialized>true</uninitialized>
         <run_address>0x331</run_address>
         <size>0x1</size>
      </object_component>
      <object_component id="oc-2f6">
         <name>.common:blt_in_stat3</name>
         <uninitialized>true</uninitialized>
         <run_address>0x332</run_address>
         <size>0x1</size>
      </object_component>
      <object_component id="oc-2fa">
         <name>.common:blt_old_input_stat1</name>
         <uninitialized>true</uninitialized>
         <run_address>0x336</run_address>
         <size>0x1</size>
      </object_component>
      <object_component id="oc-2fb">
         <name>.common:blt_old_input_stat2</name>
         <uninitialized>true</uninitialized>
         <run_address>0x337</run_address>
         <size>0x1</size>
      </object_component>
      <object_component id="oc-2fc">
         <name>.common:blt_old_input_stat3</name>
         <uninitialized>true</uninitialized>
         <run_address>0x338</run_address>
         <size>0x1</size>
      </object_component>
      <object_component id="oc-300">
         <name>.common:press_input_stat1</name>
         <uninitialized>true</uninitialized>
         <run_address>0x33c</run_address>
         <size>0x1</size>
      </object_component>
      <object_component id="oc-301">
         <name>.common:press_input_stat2</name>
         <uninitialized>true</uninitialized>
         <run_address>0x33d</run_address>
         <size>0x1</size>
      </object_component>
      <object_component id="oc-2fe">
         <name>.common:press_in_stat1</name>
         <uninitialized>true</uninitialized>
         <run_address>0x33a</run_address>
         <size>0x1</size>
      </object_component>
      <object_component id="oc-2ff">
         <name>.common:press_in_stat2</name>
         <uninitialized>true</uninitialized>
         <run_address>0x33b</run_address>
         <size>0x1</size>
      </object_component>
      <object_component id="oc-302">
         <name>.common:press_old_input_stat1</name>
         <uninitialized>true</uninitialized>
         <run_address>0x33e</run_address>
         <size>0x1</size>
      </object_component>
      <object_component id="oc-303">
         <name>.common:press_old_input_stat2</name>
         <uninitialized>true</uninitialized>
         <run_address>0x33f</run_address>
         <size>0x1</size>
      </object_component>
      <object_component id="oc-2da">
         <name>.common:bf_data</name>
         <uninitialized>true</uninitialized>
         <run_address>0x302</run_address>
         <size>0x12</size>
      </object_component>
      <object_component id="oc-2d9">
         <name>.common:free_byte0</name>
         <uninitialized>true</uninitialized>
         <run_address>0x339</run_address>
         <size>0x1</size>
      </object_component>
      <object_component id="oc-17d">
         <name>.common:rcv_data</name>
         <uninitialized>true</uninitialized>
         <run_address>0x340</run_address>
         <size>0x1</size>
      </object_component>
      <object_component id="oc-177">
         <name>.data</name>
         <load_address>0x200</load_address>
         <run_address>0x200</run_address>
         <size>0x9d</size>
         <input_file_ref idref="fl-3"/>
      </object_component>
      <object_component id="oc-30c">
         <name>.data:trs_buf0</name>
         <load_address>0x29e</load_address>
         <run_address>0x29e</run_address>
         <size>0x64</size>
         <input_file_ref idref="fl-3"/>
      </object_component>
      <object_component id="oc-d3">
         <name>.stack</name>
         <uninitialized>true</uninitialized>
         <run_address>0x9b0</run_address>
         <size>0x2</size>
         <input_file_ref idref="fl-35"/>
      </object_component>
      <object_component id="oc-486">
         <name>.stack</name>
         <uninitialized>true</uninitialized>
         <run_address>0x9b0</run_address>
         <size>0x0</size>
      </object_component>
      <object_component id="oc-190">
         <name>.text:main</name>
         <load_address>0x1100</load_address>
         <run_address>0x1100</run_address>
         <size>0xfd6</size>
         <input_file_ref idref="fl-3"/>
      </object_component>
      <object_component id="oc-320">
         <name>.text:__mspabi_addd</name>
         <load_address>0x20d6</load_address>
         <run_address>0x20d6</run_address>
         <size>0x736</size>
         <input_file_ref idref="fl-3f"/>
      </object_component>
      <object_component id="oc-35b">
         <name>.text:__TI_frcdivd</name>
         <load_address>0x280c</load_address>
         <run_address>0x280c</run_address>
         <size>0x478</size>
         <input_file_ref idref="fl-47"/>
      </object_component>
      <object_component id="oc-258">
         <name>.text:__mspabi_mpyd</name>
         <load_address>0x2c84</load_address>
         <run_address>0x2c84</run_address>
         <size>0x2c0</size>
         <input_file_ref idref="fl-48"/>
      </object_component>
      <object_component id="oc-25e">
         <name>.text:__mspabi_divd</name>
         <load_address>0x2f44</load_address>
         <run_address>0x2f44</run_address>
         <size>0x238</size>
         <input_file_ref idref="fl-42"/>
      </object_component>
      <object_component id="oc-247">
         <name>.text:ReadCount3</name>
         <load_address>0x317c</load_address>
         <run_address>0x317c</run_address>
         <size>0x17a</size>
         <input_file_ref idref="fl-3"/>
      </object_component>
      <object_component id="oc-34e">
         <name>.text:__TI_frcmpyd</name>
         <load_address>0x32f6</load_address>
         <run_address>0x32f6</run_address>
         <size>0x172</size>
         <input_file_ref idref="fl-58"/>
      </object_component>
      <object_component id="oc-23b">
         <name>.text:ReadCount1</name>
         <load_address>0x3468</load_address>
         <run_address>0x3468</run_address>
         <size>0x160</size>
         <input_file_ref idref="fl-3"/>
      </object_component>
      <object_component id="oc-241">
         <name>.text:ReadCount2</name>
         <load_address>0x35c8</load_address>
         <run_address>0x35c8</run_address>
         <size>0x160</size>
         <input_file_ref idref="fl-3"/>
      </object_component>
      <object_component id="oc-31b">
         <name>.text</name>
         <load_address>0x3728</load_address>
         <run_address>0x3728</run_address>
         <size>0x132</size>
         <input_file_ref idref="fl-1f"/>
      </object_component>
      <object_component id="oc-11b">
         <name>.text:Timer_B</name>
         <load_address>0x385a</load_address>
         <run_address>0x385a</run_address>
         <size>0xf0</size>
         <input_file_ref idref="fl-3"/>
      </object_component>
      <object_component id="oc-276">
         <name>.text:__mspabi_cmpd</name>
         <load_address>0x394a</load_address>
         <run_address>0x394a</run_address>
         <size>0xdc</size>
         <input_file_ref idref="fl-40"/>
      </object_component>
      <object_component id="oc-2db">
         <name>.text:flash_write</name>
         <load_address>0x3a26</load_address>
         <run_address>0x3a26</run_address>
         <size>0xda</size>
         <input_file_ref idref="fl-3"/>
      </object_component>
      <object_component id="oc-327">
         <name>.text</name>
         <load_address>0x3b00</load_address>
         <run_address>0x3b00</run_address>
         <size>0xc4</size>
         <input_file_ref idref="fl-21"/>
      </object_component>
      <object_component id="oc-223">
         <name>.text:Blt_Input</name>
         <load_address>0x3bc4</load_address>
         <run_address>0x3bc4</run_address>
         <size>0xb4</size>
         <input_file_ref idref="fl-3"/>
      </object_component>
      <object_component id="oc-264">
         <name>.text:__mspabi_cvtdf</name>
         <load_address>0x3c78</load_address>
         <run_address>0x3c78</run_address>
         <size>0xb4</size>
         <input_file_ref idref="fl-49"/>
      </object_component>
      <object_component id="oc-1f9">
         <name>.text:flashData_init</name>
         <load_address>0x3d2c</load_address>
         <run_address>0x3d2c</run_address>
         <size>0x9e</size>
         <input_file_ref idref="fl-3"/>
      </object_component>
      <object_component id="oc-2d3">
         <name>.text:flash_read</name>
         <load_address>0x3dca</load_address>
         <run_address>0x3dca</run_address>
         <size>0x9c</size>
         <input_file_ref idref="fl-3"/>
      </object_component>
      <object_component id="oc-3d1">
         <name>.text:__mpyll</name>
         <load_address>0x3e66</load_address>
         <run_address>0x3e66</run_address>
         <size>0x96</size>
         <input_file_ref idref="fl-34"/>
      </object_component>
      <object_component id="oc-36a">
         <name>.text:__mspabi_fltuld</name>
         <load_address>0x3efc</load_address>
         <run_address>0x3efc</run_address>
         <size>0x8a</size>
         <input_file_ref idref="fl-46"/>
      </object_component>
      <object_component id="oc-235">
         <name>.text:Pressure_Data_Send</name>
         <load_address>0x3f86</load_address>
         <run_address>0x3f86</run_address>
         <size>0x82</size>
         <input_file_ref idref="fl-3"/>
      </object_component>
      <object_component id="oc-229">
         <name>.text:Init_Pressure_Input</name>
         <load_address>0x4008</load_address>
         <run_address>0x4008</run_address>
         <size>0x80</size>
         <input_file_ref idref="fl-3"/>
      </object_component>
      <object_component id="oc-1db">
         <name>.text:IOPort_init</name>
         <load_address>0x4088</load_address>
         <run_address>0x4088</run_address>
         <size>0x7e</size>
         <input_file_ref idref="fl-3"/>
      </object_component>
      <object_component id="oc-217">
         <name>.text:Auto_Button_Input</name>
         <load_address>0x4106</load_address>
         <run_address>0x4106</run_address>
         <size>0x7c</size>
         <input_file_ref idref="fl-3"/>
      </object_component>
      <object_component id="oc-211">
         <name>.text:Default_Button_Input</name>
         <load_address>0x4182</load_address>
         <run_address>0x4182</run_address>
         <size>0x7c</size>
         <input_file_ref idref="fl-3"/>
      </object_component>
      <object_component id="oc-32">
         <name>.text:decompress:lzss:__TI_decompress_lzss</name>
         <load_address>0x41fe</load_address>
         <run_address>0x41fe</run_address>
         <size>0x7c</size>
         <input_file_ref idref="fl-3e"/>
      </object_component>
      <object_component id="oc-21d">
         <name>.text:Air_Button_Input</name>
         <load_address>0x427a</load_address>
         <run_address>0x427a</run_address>
         <size>0x78</size>
         <input_file_ref idref="fl-3"/>
      </object_component>
      <object_component id="oc-371">
         <name>.text:__mspabi_fixdul</name>
         <load_address>0x42f2</load_address>
         <run_address>0x42f2</run_address>
         <size>0x74</size>
         <input_file_ref idref="fl-44"/>
      </object_component>
      <object_component id="oc-252">
         <name>.text:__mspabi_cvtfd</name>
         <load_address>0x4366</load_address>
         <run_address>0x4366</run_address>
         <size>0x70</size>
         <input_file_ref idref="fl-41"/>
      </object_component>
      <object_component id="oc-1ff">
         <name>.text:Power_Button_Input</name>
         <load_address>0x43d6</load_address>
         <run_address>0x43d6</run_address>
         <size>0x6c</size>
         <input_file_ref idref="fl-3"/>
      </object_component>
      <object_component id="oc-22f">
         <name>.text:Power_off_ready</name>
         <load_address>0x4442</load_address>
         <run_address>0x4442</run_address>
         <size>0x60</size>
         <input_file_ref idref="fl-3"/>
      </object_component>
      <object_component id="oc-3e4">
         <name>.text:l_lsr_const</name>
         <load_address>0x44a2</load_address>
         <run_address>0x44a2</run_address>
         <size>0x5c</size>
         <input_file_ref idref="fl-52"/>
      </object_component>
      <object_component id="oc-282">
         <name>.text:Beep2</name>
         <load_address>0x44fe</load_address>
         <run_address>0x44fe</run_address>
         <size>0x52</size>
         <input_file_ref idref="fl-3"/>
      </object_component>
      <object_component id="oc-205">
         <name>.text:controlValves</name>
         <load_address>0x4550</load_address>
         <run_address>0x4550</run_address>
         <size>0x50</size>
         <input_file_ref idref="fl-2"/>
      </object_component>
      <object_component id="oc-dc">
         <name>.text</name>
         <load_address>0x45a0</load_address>
         <run_address>0x45a0</run_address>
         <size>0x4c</size>
         <input_file_ref idref="fl-2f"/>
      </object_component>
      <object_component id="oc-3d6">
         <name>.text:__mpyull</name>
         <load_address>0x45ec</load_address>
         <run_address>0x45ec</run_address>
         <size>0x4a</size>
         <input_file_ref idref="fl-33"/>
      </object_component>
      <object_component id="oc-3bc">
         <name>.text:__mspabi_srall</name>
         <load_address>0x4636</load_address>
         <run_address>0x4636</run_address>
         <size>0x4a</size>
         <input_file_ref idref="fl-56"/>
      </object_component>
      <object_component id="oc-332">
         <name>.text</name>
         <load_address>0x4680</load_address>
         <run_address>0x4680</run_address>
         <size>0x4a</size>
         <input_file_ref idref="fl-20"/>
      </object_component>
      <object_component id="oc-3db">
         <name>.text:__mspabi_srlll</name>
         <load_address>0x46ca</load_address>
         <run_address>0x46ca</run_address>
         <size>0x46</size>
         <input_file_ref idref="fl-3a"/>
      </object_component>
      <object_component id="oc-32c">
         <name>.text</name>
         <load_address>0x4710</load_address>
         <run_address>0x4710</run_address>
         <size>0x46</size>
         <input_file_ref idref="fl-22"/>
      </object_component>
      <object_component id="oc-3c2">
         <name>.text:__mspabi_sllll</name>
         <load_address>0x4756</load_address>
         <run_address>0x4756</run_address>
         <size>0x44</size>
         <input_file_ref idref="fl-57"/>
      </object_component>
      <object_component id="oc-295">
         <name>.text:__TI_auto_init_nobinit_nopinit:__TI_auto_init_nobinit_nopinit</name>
         <load_address>0x479a</load_address>
         <run_address>0x479a</run_address>
         <size>0x42</size>
         <input_file_ref idref="fl-36"/>
      </object_component>
      <object_component id="oc-103">
         <name>.text:Port1_ISR</name>
         <load_address>0x47dc</load_address>
         <run_address>0x47dc</run_address>
         <size>0x40</size>
         <input_file_ref idref="fl-3"/>
      </object_component>
      <object_component id="oc-342">
         <name>.text:l_asr_const</name>
         <load_address>0x481c</load_address>
         <run_address>0x481c</run_address>
         <size>0x3e</size>
         <input_file_ref idref="fl-4f"/>
      </object_component>
      <object_component id="oc-363">
         <name>.text:l_lsl_const</name>
         <load_address>0x485a</load_address>
         <run_address>0x485a</run_address>
         <size>0x3e</size>
         <input_file_ref idref="fl-51"/>
      </object_component>
      <object_component id="oc-1f3">
         <name>.text:UART_Init</name>
         <load_address>0x4898</load_address>
         <run_address>0x4898</run_address>
         <size>0x38</size>
         <input_file_ref idref="fl-3"/>
      </object_component>
      <object_component id="oc-316">
         <name>.text</name>
         <load_address>0x48d0</load_address>
         <run_address>0x48d0</run_address>
         <size>0x32</size>
         <input_file_ref idref="fl-23"/>
      </object_component>
      <object_component id="oc-27c">
         <name>.text:Beep1</name>
         <load_address>0x4902</load_address>
         <run_address>0x4902</run_address>
         <size>0x2e</size>
         <input_file_ref idref="fl-3"/>
      </object_component>
      <object_component id="oc-3e9">
         <name>.text</name>
         <load_address>0x4930</load_address>
         <run_address>0x4930</run_address>
         <size>0x2e</size>
         <input_file_ref idref="fl-32"/>
      </object_component>
      <object_component id="oc-33d">
         <name>.text</name>
         <load_address>0x495e</load_address>
         <run_address>0x495e</run_address>
         <size>0x2c</size>
         <input_file_ref idref="fl-4e"/>
      </object_component>
      <object_component id="oc-d7">
         <name>.text</name>
         <load_address>0x498a</load_address>
         <run_address>0x498a</run_address>
         <size>0x2c</size>
         <input_file_ref idref="fl-50"/>
      </object_component>
      <object_component id="oc-1d5">
         <name>.text:clock_init</name>
         <load_address>0x49b6</load_address>
         <run_address>0x49b6</run_address>
         <size>0x26</size>
         <input_file_ref idref="fl-3"/>
      </object_component>
      <object_component id="oc-24d">
         <name>.text</name>
         <load_address>0x49dc</load_address>
         <run_address>0x49dc</run_address>
         <size>0x24</size>
         <input_file_ref idref="fl-24"/>
      </object_component>
      <object_component id="oc-133">
         <name>.text:_c_int00_noargs</name>
         <load_address>0x4a00</load_address>
         <run_address>0x4a00</run_address>
         <size>0x1c</size>
         <input_file_ref idref="fl-35"/>
      </object_component>
      <object_component id="oc-20b">
         <name>.text:setValveAndPumpState</name>
         <load_address>0x4a1c</load_address>
         <run_address>0x4a1c</run_address>
         <size>0x1a</size>
         <input_file_ref idref="fl-3"/>
      </object_component>
      <object_component id="oc-305">
         <name>.text:Power_Off</name>
         <load_address>0x4a36</load_address>
         <run_address>0x4a36</run_address>
         <size>0x18</size>
         <input_file_ref idref="fl-2"/>
      </object_component>
      <object_component id="oc-30f">
         <name>.text:UCA0_strout_length</name>
         <load_address>0x4a4e</load_address>
         <run_address>0x4a4e</run_address>
         <size>0x18</size>
         <input_file_ref idref="fl-3"/>
      </object_component>
      <object_component id="oc-115">
         <name>.text:usart0_rx</name>
         <load_address>0x4a66</load_address>
         <run_address>0x4a66</run_address>
         <size>0x18</size>
         <input_file_ref idref="fl-3"/>
      </object_component>
      <object_component id="oc-1ed">
         <name>.text:Timer_A_init</name>
         <load_address>0x4a7e</load_address>
         <run_address>0x4a7e</run_address>
         <size>0x14</size>
         <input_file_ref idref="fl-3"/>
      </object_component>
      <object_component id="oc-1e7">
         <name>.text:Timer_B7_init</name>
         <load_address>0x4a92</load_address>
         <run_address>0x4a92</run_address>
         <size>0x14</size>
         <input_file_ref idref="fl-3"/>
      </object_component>
      <object_component id="oc-121">
         <name>.text:decompress:ZI:__TI_zero_init_nomemset:__TI_zero_init_nomemset</name>
         <load_address>0x4aa6</load_address>
         <run_address>0x4aa6</run_address>
         <size>0x14</size>
         <input_file_ref idref="fl-37"/>
      </object_component>
      <object_component id="oc-3ee">
         <name>.text</name>
         <load_address>0x4aba</load_address>
         <run_address>0x4aba</run_address>
         <size>0x14</size>
         <input_file_ref idref="fl-30"/>
      </object_component>
      <object_component id="oc-10f">
         <name>.text:ADC12_ISR</name>
         <load_address>0x4ace</load_address>
         <run_address>0x4ace</run_address>
         <size>0x12</size>
         <input_file_ref idref="fl-3"/>
      </object_component>
      <object_component id="oc-270">
         <name>.text:__mspabi_fixdu</name>
         <load_address>0x4ae0</load_address>
         <run_address>0x4ae0</run_address>
         <size>0x12</size>
         <input_file_ref idref="fl-43"/>
      </object_component>
      <object_component id="oc-38">
         <name>.text:decompress:none:__TI_decompress_none</name>
         <load_address>0x4af2</load_address>
         <run_address>0x4af2</run_address>
         <size>0x12</size>
         <input_file_ref idref="fl-3d"/>
      </object_component>
      <object_component id="oc-3fc">
         <name>.text:l_lsr</name>
         <load_address>0x4b04</load_address>
         <run_address>0x4b04</run_address>
         <size>0x12</size>
         <input_file_ref idref="fl-52"/>
      </object_component>
      <object_component id="oc-f1">
         <name>.text:memcpy</name>
         <load_address>0x4b16</load_address>
         <run_address>0x4b16</run_address>
         <size>0x12</size>
         <input_file_ref idref="fl-4d"/>
      </object_component>
      <object_component id="oc-e1">
         <name>.text</name>
         <load_address>0x4b28</load_address>
         <run_address>0x4b28</run_address>
         <size>0x10</size>
         <input_file_ref idref="fl-1e"/>
      </object_component>
      <object_component id="oc-3b3">
         <name>.text:UCA0_chout</name>
         <load_address>0x4b38</load_address>
         <run_address>0x4b38</run_address>
         <size>0xe</size>
         <input_file_ref idref="fl-3"/>
      </object_component>
      <object_component id="oc-1e1">
         <name>.text:control_init</name>
         <load_address>0x4b46</load_address>
         <run_address>0x4b46</run_address>
         <size>0xc</size>
         <input_file_ref idref="fl-2"/>
      </object_component>
      <object_component id="oc-fe">
         <name>.text:_isr:__TI_ISR_TRAP</name>
         <load_address>0x4b52</load_address>
         <run_address>0x4b52</run_address>
         <size>0x8</size>
         <input_file_ref idref="fl-2e"/>
      </object_component>
      <object_component id="oc-109">
         <name>.text:TimerA0_ISR</name>
         <load_address>0x4b5a</load_address>
         <run_address>0x4b5a</run_address>
         <size>0x6</size>
         <input_file_ref idref="fl-3"/>
      </object_component>
      <object_component id="oc-26a">
         <name>.text:__mspabi_fltud</name>
         <load_address>0x4b60</load_address>
         <run_address>0x4b60</run_address>
         <size>0x6</size>
         <input_file_ref idref="fl-45"/>
      </object_component>
      <object_component id="oc-289">
         <name>.text:abort</name>
         <load_address>0x4b66</load_address>
         <run_address>0x4b66</run_address>
         <size>0x6</size>
         <input_file_ref idref="fl-4a"/>
      </object_component>
      <object_component id="oc-18a">
         <name>.text:_system_pre_init</name>
         <load_address>0x4b6c</load_address>
         <run_address>0x4b6c</run_address>
         <size>0x4</size>
         <input_file_ref idref="fl-3b"/>
      </object_component>
      <object_component id="oc-38d">
         <name>.text:_system_post_cinit</name>
         <load_address>0x4b70</load_address>
         <run_address>0x4b70</run_address>
         <size>0x2</size>
         <input_file_ref idref="fl-3c"/>
      </object_component>
      <object_component id="oc-485">
         <name>.cinit..data.load</name>
         <load_address>0x4b72</load_address>
         <run_address>0x4b72</run_address>
         <size>0x1a</size>
      </object_component>
      <object_component id="oc-482">
         <name>__TI_handler_table</name>
         <load_address>0x4b8c</load_address>
         <run_address>0x4b8c</run_address>
         <size>0x6</size>
      </object_component>
      <object_component id="oc-484">
         <name>.cinit..bss.load</name>
         <load_address>0x4b92</load_address>
         <run_address>0x4b92</run_address>
         <size>0x4</size>
      </object_component>
      <object_component id="oc-483">
         <name>__TI_cinit_table</name>
         <load_address>0x4b96</load_address>
         <run_address>0x4b96</run_address>
         <size>0x8</size>
      </object_component>
      <object_component id="oc-447">
         <name>.binit</name>
         <load_address>0x1100</load_address>
         <run_address>0x1100</run_address>
         <size>0x0</size>
      </object_component>
      <object_component id="oc-3e">
         <name>.int01</name>
         <load_address>0xffe2</load_address>
         <run_address>0xffe2</run_address>
         <size>0x2</size>
         <input_file_ref idref="fl-25"/>
      </object_component>
      <object_component id="oc-3f">
         <name>.int02</name>
         <load_address>0xffe4</load_address>
         <run_address>0xffe4</run_address>
         <size>0x2</size>
         <input_file_ref idref="fl-26"/>
      </object_component>
      <object_component id="oc-40">
         <name>.int03</name>
         <load_address>0xffe6</load_address>
         <run_address>0xffe6</run_address>
         <size>0x2</size>
         <input_file_ref idref="fl-27"/>
      </object_component>
      <object_component id="oc-41">
         <name>.int04</name>
         <load_address>0xffe8</load_address>
         <run_address>0xffe8</run_address>
         <size>0x2</size>
         <input_file_ref idref="fl-3"/>
      </object_component>
      <object_component id="oc-42">
         <name>.int05</name>
         <load_address>0xffea</load_address>
         <run_address>0xffea</run_address>
         <size>0x2</size>
         <input_file_ref idref="fl-28"/>
      </object_component>
      <object_component id="oc-43">
         <name>.int06</name>
         <load_address>0xffec</load_address>
         <run_address>0xffec</run_address>
         <size>0x2</size>
         <input_file_ref idref="fl-3"/>
      </object_component>
      <object_component id="oc-44">
         <name>.int07</name>
         <load_address>0xffee</load_address>
         <run_address>0xffee</run_address>
         <size>0x2</size>
         <input_file_ref idref="fl-3"/>
      </object_component>
      <object_component id="oc-45">
         <name>.int08</name>
         <load_address>0xfff0</load_address>
         <run_address>0xfff0</run_address>
         <size>0x2</size>
         <input_file_ref idref="fl-29"/>
      </object_component>
      <object_component id="oc-46">
         <name>.int09</name>
         <load_address>0xfff2</load_address>
         <run_address>0xfff2</run_address>
         <size>0x2</size>
         <input_file_ref idref="fl-3"/>
      </object_component>
      <object_component id="oc-47">
         <name>.int10</name>
         <load_address>0xfff4</load_address>
         <run_address>0xfff4</run_address>
         <size>0x2</size>
         <input_file_ref idref="fl-2a"/>
      </object_component>
      <object_component id="oc-48">
         <name>.int11</name>
         <load_address>0xfff6</load_address>
         <run_address>0xfff6</run_address>
         <size>0x2</size>
         <input_file_ref idref="fl-2b"/>
      </object_component>
      <object_component id="oc-49">
         <name>.int12</name>
         <load_address>0xfff8</load_address>
         <run_address>0xfff8</run_address>
         <size>0x2</size>
         <input_file_ref idref="fl-2c"/>
      </object_component>
      <object_component id="oc-4a">
         <name>.int13</name>
         <load_address>0xfffa</load_address>
         <run_address>0xfffa</run_address>
         <size>0x2</size>
         <input_file_ref idref="fl-3"/>
      </object_component>
      <object_component id="oc-4b">
         <name>.int14</name>
         <load_address>0xfffc</load_address>
         <run_address>0xfffc</run_address>
         <size>0x2</size>
         <input_file_ref idref="fl-2d"/>
      </object_component>
      <object_component id="oc-d6">
         <name>.reset</name>
         <load_address>0xfffe</load_address>
         <run_address>0xfffe</run_address>
         <size>0x2</size>
         <input_file_ref idref="fl-35"/>
      </object_component>
      <object_component id="oc-1e2">
         <name>.debug_info</name>
         <load_address>0x0</load_address>
         <run_address>0x0</run_address>
         <size>0x12c</size>
         <input_file_ref idref="fl-2"/>
      </object_component>
      <object_component id="oc-206">
         <name>.debug_info</name>
         <load_address>0x12c</load_address>
         <run_address>0x12c</run_address>
         <size>0x241</size>
         <input_file_ref idref="fl-2"/>
      </object_component>
      <object_component id="oc-306">
         <name>.debug_info</name>
         <load_address>0x36d</load_address>
         <run_address>0x36d</run_address>
         <size>0x126</size>
         <input_file_ref idref="fl-2"/>
      </object_component>
      <object_component id="oc-1b5">
         <name>.debug_info</name>
         <load_address>0x493</load_address>
         <run_address>0x493</run_address>
         <size>0x8b</size>
         <input_file_ref idref="fl-2"/>
      </object_component>
      <object_component id="oc-17e">
         <name>.debug_info</name>
         <load_address>0x51e</load_address>
         <run_address>0x51e</run_address>
         <size>0xfeb</size>
         <input_file_ref idref="fl-3"/>
      </object_component>
      <object_component id="oc-178">
         <name>.debug_info</name>
         <load_address>0x1509</load_address>
         <run_address>0x1509</run_address>
         <size>0xf84</size>
         <input_file_ref idref="fl-3"/>
      </object_component>
      <object_component id="oc-30d">
         <name>.debug_info</name>
         <load_address>0x248d</load_address>
         <run_address>0x248d</run_address>
         <size>0xda</size>
         <input_file_ref idref="fl-3"/>
      </object_component>
      <object_component id="oc-116">
         <name>.debug_info</name>
         <load_address>0x2567</load_address>
         <run_address>0x2567</run_address>
         <size>0x11b</size>
         <input_file_ref idref="fl-3"/>
      </object_component>
      <object_component id="oc-20c">
         <name>.debug_info</name>
         <load_address>0x2682</load_address>
         <run_address>0x2682</run_address>
         <size>0x243</size>
         <input_file_ref idref="fl-3"/>
      </object_component>
      <object_component id="oc-3b4">
         <name>.debug_info</name>
         <load_address>0x28c5</load_address>
         <run_address>0x28c5</run_address>
         <size>0x142</size>
         <input_file_ref idref="fl-3"/>
      </object_component>
      <object_component id="oc-310">
         <name>.debug_info</name>
         <load_address>0x2a07</load_address>
         <run_address>0x2a07</run_address>
         <size>0x19c</size>
         <input_file_ref idref="fl-3"/>
      </object_component>
      <object_component id="oc-236">
         <name>.debug_info</name>
         <load_address>0x2ba3</load_address>
         <run_address>0x2ba3</run_address>
         <size>0x150</size>
         <input_file_ref idref="fl-3"/>
      </object_component>
      <object_component id="oc-1d6">
         <name>.debug_info</name>
         <load_address>0x2cf3</load_address>
         <run_address>0x2cf3</run_address>
         <size>0x129</size>
         <input_file_ref idref="fl-3"/>
      </object_component>
      <object_component id="oc-1dc">
         <name>.debug_info</name>
         <load_address>0x2e1c</load_address>
         <run_address>0x2e1c</run_address>
         <size>0x11e</size>
         <input_file_ref idref="fl-3"/>
      </object_component>
      <object_component id="oc-1e8">
         <name>.debug_info</name>
         <load_address>0x2f3a</load_address>
         <run_address>0x2f3a</run_address>
         <size>0x122</size>
         <input_file_ref idref="fl-3"/>
      </object_component>
      <object_component id="oc-1ee">
         <name>.debug_info</name>
         <load_address>0x305c</load_address>
         <run_address>0x305c</run_address>
         <size>0x120</size>
         <input_file_ref idref="fl-3"/>
      </object_component>
      <object_component id="oc-1f4">
         <name>.debug_info</name>
         <load_address>0x317c</load_address>
         <run_address>0x317c</run_address>
         <size>0x11a</size>
         <input_file_ref idref="fl-3"/>
      </object_component>
      <object_component id="oc-2d4">
         <name>.debug_info</name>
         <load_address>0x3296</load_address>
         <run_address>0x3296</run_address>
         <size>0x144</size>
         <input_file_ref idref="fl-3"/>
      </object_component>
      <object_component id="oc-2dc">
         <name>.debug_info</name>
         <load_address>0x33da</load_address>
         <run_address>0x33da</run_address>
         <size>0x157</size>
         <input_file_ref idref="fl-3"/>
      </object_component>
      <object_component id="oc-1fa">
         <name>.debug_info</name>
         <load_address>0x3531</load_address>
         <run_address>0x3531</run_address>
         <size>0x165</size>
         <input_file_ref idref="fl-3"/>
      </object_component>
      <object_component id="oc-200">
         <name>.debug_info</name>
         <load_address>0x3696</load_address>
         <run_address>0x3696</run_address>
         <size>0x12c</size>
         <input_file_ref idref="fl-3"/>
      </object_component>
      <object_component id="oc-212">
         <name>.debug_info</name>
         <load_address>0x37c2</load_address>
         <run_address>0x37c2</run_address>
         <size>0x130</size>
         <input_file_ref idref="fl-3"/>
      </object_component>
      <object_component id="oc-218">
         <name>.debug_info</name>
         <load_address>0x38f2</load_address>
         <run_address>0x38f2</run_address>
         <size>0x12a</size>
         <input_file_ref idref="fl-3"/>
      </object_component>
      <object_component id="oc-21e">
         <name>.debug_info</name>
         <load_address>0x3a1c</load_address>
         <run_address>0x3a1c</run_address>
         <size>0x128</size>
         <input_file_ref idref="fl-3"/>
      </object_component>
      <object_component id="oc-224">
         <name>.debug_info</name>
         <load_address>0x3b44</load_address>
         <run_address>0x3b44</run_address>
         <size>0x11a</size>
         <input_file_ref idref="fl-3"/>
      </object_component>
      <object_component id="oc-22a">
         <name>.debug_info</name>
         <load_address>0x3c5e</load_address>
         <run_address>0x3c5e</run_address>
         <size>0x12e</size>
         <input_file_ref idref="fl-3"/>
      </object_component>
      <object_component id="oc-230">
         <name>.debug_info</name>
         <load_address>0x3d8c</load_address>
         <run_address>0x3d8c</run_address>
         <size>0x136</size>
         <input_file_ref idref="fl-3"/>
      </object_component>
      <object_component id="oc-23c">
         <name>.debug_info</name>
         <load_address>0x3ec2</load_address>
         <run_address>0x3ec2</run_address>
         <size>0x2cf</size>
         <input_file_ref idref="fl-3"/>
      </object_component>
      <object_component id="oc-242">
         <name>.debug_info</name>
         <load_address>0x4191</load_address>
         <run_address>0x4191</run_address>
         <size>0x2cf</size>
         <input_file_ref idref="fl-3"/>
      </object_component>
      <object_component id="oc-248">
         <name>.debug_info</name>
         <load_address>0x4460</load_address>
         <run_address>0x4460</run_address>
         <size>0x2e1</size>
         <input_file_ref idref="fl-3"/>
      </object_component>
      <object_component id="oc-27d">
         <name>.debug_info</name>
         <load_address>0x4741</load_address>
         <run_address>0x4741</run_address>
         <size>0x112</size>
         <input_file_ref idref="fl-3"/>
      </object_component>
      <object_component id="oc-283">
         <name>.debug_info</name>
         <load_address>0x4853</load_address>
         <run_address>0x4853</run_address>
         <size>0x112</size>
         <input_file_ref idref="fl-3"/>
      </object_component>
      <object_component id="oc-191">
         <name>.debug_info</name>
         <load_address>0x4965</load_address>
         <run_address>0x4965</run_address>
         <size>0x847</size>
         <input_file_ref idref="fl-3"/>
      </object_component>
      <object_component id="oc-11c">
         <name>.debug_info</name>
         <load_address>0x51ac</load_address>
         <run_address>0x51ac</run_address>
         <size>0x117</size>
         <input_file_ref idref="fl-3"/>
      </object_component>
      <object_component id="oc-10a">
         <name>.debug_info</name>
         <load_address>0x52c3</load_address>
         <run_address>0x52c3</run_address>
         <size>0x11f</size>
         <input_file_ref idref="fl-3"/>
      </object_component>
      <object_component id="oc-104">
         <name>.debug_info</name>
         <load_address>0x53e2</load_address>
         <run_address>0x53e2</run_address>
         <size>0x11b</size>
         <input_file_ref idref="fl-3"/>
      </object_component>
      <object_component id="oc-110">
         <name>.debug_info</name>
         <load_address>0x54fd</load_address>
         <run_address>0x54fd</run_address>
         <size>0x11b</size>
         <input_file_ref idref="fl-3"/>
      </object_component>
      <object_component id="oc-1c8">
         <name>.debug_info</name>
         <load_address>0x5618</load_address>
         <run_address>0x5618</run_address>
         <size>0x26b</size>
         <input_file_ref idref="fl-3"/>
      </object_component>
      <object_component id="oc-2c8">
         <name>.debug_info</name>
         <load_address>0x5883</load_address>
         <run_address>0x5883</run_address>
         <size>0x282</size>
         <input_file_ref idref="fl-3"/>
      </object_component>
      <object_component id="oc-1bc">
         <name>.debug_info</name>
         <load_address>0x5b05</load_address>
         <run_address>0x5b05</run_address>
         <size>0xbb</size>
         <input_file_ref idref="fl-3"/>
      </object_component>
      <object_component id="oc-1c1">
         <name>.debug_info</name>
         <load_address>0x5bc0</load_address>
         <run_address>0x5bc0</run_address>
         <size>0x46</size>
         <input_file_ref idref="fl-3"/>
      </object_component>
      <object_component id="oc-16a">
         <name>.debug_info</name>
         <load_address>0x5c06</load_address>
         <run_address>0x5c06</run_address>
         <size>0x2c</size>
         <input_file_ref idref="fl-3"/>
      </object_component>
      <object_component id="oc-1cd">
         <name>.debug_info</name>
         <load_address>0x5c32</load_address>
         <run_address>0x5c32</run_address>
         <size>0x35</size>
         <input_file_ref idref="fl-3"/>
      </object_component>
      <object_component id="oc-e3">
         <name>.debug_info</name>
         <load_address>0x5c67</load_address>
         <run_address>0x5c67</run_address>
         <size>0x12e</size>
         <input_file_ref idref="fl-1e"/>
      </object_component>
      <object_component id="oc-31c">
         <name>.debug_info</name>
         <load_address>0x5d95</load_address>
         <run_address>0x5d95</run_address>
         <size>0x121</size>
         <input_file_ref idref="fl-1f"/>
      </object_component>
      <object_component id="oc-333">
         <name>.debug_info</name>
         <load_address>0x5eb6</load_address>
         <run_address>0x5eb6</run_address>
         <size>0x12d</size>
         <input_file_ref idref="fl-20"/>
      </object_component>
      <object_component id="oc-329">
         <name>.debug_info</name>
         <load_address>0x5fe3</load_address>
         <run_address>0x5fe3</run_address>
         <size>0x121</size>
         <input_file_ref idref="fl-21"/>
      </object_component>
      <object_component id="oc-32d">
         <name>.debug_info</name>
         <load_address>0x6104</load_address>
         <run_address>0x6104</run_address>
         <size>0x12f</size>
         <input_file_ref idref="fl-22"/>
      </object_component>
      <object_component id="oc-319">
         <name>.debug_info</name>
         <load_address>0x6233</load_address>
         <run_address>0x6233</run_address>
         <size>0x127</size>
         <input_file_ref idref="fl-23"/>
      </object_component>
      <object_component id="oc-24f">
         <name>.debug_info</name>
         <load_address>0x635a</load_address>
         <run_address>0x635a</run_address>
         <size>0x124</size>
         <input_file_ref idref="fl-24"/>
      </object_component>
      <object_component id="oc-101">
         <name>.debug_info</name>
         <load_address>0x647e</load_address>
         <run_address>0x647e</run_address>
         <size>0x10f</size>
         <input_file_ref idref="fl-2e"/>
      </object_component>
      <object_component id="oc-dd">
         <name>.debug_info</name>
         <load_address>0x658d</load_address>
         <run_address>0x658d</run_address>
         <size>0x120</size>
         <input_file_ref idref="fl-2f"/>
      </object_component>
      <object_component id="oc-3f0">
         <name>.debug_info</name>
         <load_address>0x66ad</load_address>
         <run_address>0x66ad</run_address>
         <size>0x11f</size>
         <input_file_ref idref="fl-30"/>
      </object_component>
      <object_component id="oc-3ea">
         <name>.debug_info</name>
         <load_address>0x67cc</load_address>
         <run_address>0x67cc</run_address>
         <size>0x11f</size>
         <input_file_ref idref="fl-32"/>
      </object_component>
      <object_component id="oc-3d9">
         <name>.debug_info</name>
         <load_address>0x68eb</load_address>
         <run_address>0x68eb</run_address>
         <size>0x125</size>
         <input_file_ref idref="fl-33"/>
      </object_component>
      <object_component id="oc-3d2">
         <name>.debug_info</name>
         <load_address>0x6a10</load_address>
         <run_address>0x6a10</run_address>
         <size>0x121</size>
         <input_file_ref idref="fl-34"/>
      </object_component>
      <object_component id="oc-d4">
         <name>.debug_info</name>
         <load_address>0x6b31</load_address>
         <run_address>0x6b31</run_address>
         <size>0x100</size>
         <input_file_ref idref="fl-35"/>
      </object_component>
      <object_component id="oc-135">
         <name>.debug_info</name>
         <load_address>0x6c31</load_address>
         <run_address>0x6c31</run_address>
         <size>0x17a</size>
         <input_file_ref idref="fl-35"/>
      </object_component>
      <object_component id="oc-ec">
         <name>.debug_info</name>
         <load_address>0x6dab</load_address>
         <run_address>0x6dab</run_address>
         <size>0x84</size>
         <input_file_ref idref="fl-35"/>
      </object_component>
      <object_component id="oc-394">
         <name>.debug_info</name>
         <load_address>0x6e2f</load_address>
         <run_address>0x6e2f</run_address>
         <size>0x3de</size>
         <input_file_ref idref="fl-36"/>
      </object_component>
      <object_component id="oc-297">
         <name>.debug_info</name>
         <load_address>0x720d</load_address>
         <run_address>0x720d</run_address>
         <size>0x1e0</size>
         <input_file_ref idref="fl-36"/>
      </object_component>
      <object_component id="oc-419">
         <name>.debug_info</name>
         <load_address>0x73ed</load_address>
         <run_address>0x73ed</run_address>
         <size>0x39</size>
         <input_file_ref idref="fl-36"/>
      </object_component>
      <object_component id="oc-425">
         <name>.debug_info</name>
         <load_address>0x7426</load_address>
         <run_address>0x7426</run_address>
         <size>0x2c</size>
         <input_file_ref idref="fl-36"/>
      </object_component>
      <object_component id="oc-39f">
         <name>.debug_info</name>
         <load_address>0x7452</load_address>
         <run_address>0x7452</run_address>
         <size>0x2c</size>
         <input_file_ref idref="fl-36"/>
      </object_component>
      <object_component id="oc-41e">
         <name>.debug_info</name>
         <load_address>0x747e</load_address>
         <run_address>0x747e</run_address>
         <size>0xcd</size>
         <input_file_ref idref="fl-36"/>
      </object_component>
      <object_component id="oc-188">
         <name>.debug_info</name>
         <load_address>0x754b</load_address>
         <run_address>0x754b</run_address>
         <size>0x175</size>
         <input_file_ref idref="fl-37"/>
      </object_component>
      <object_component id="oc-123">
         <name>.debug_info</name>
         <load_address>0x76c0</load_address>
         <run_address>0x76c0</run_address>
         <size>0x1d2</size>
         <input_file_ref idref="fl-37"/>
      </object_component>
      <object_component id="oc-183">
         <name>.debug_info</name>
         <load_address>0x7892</load_address>
         <run_address>0x7892</run_address>
         <size>0x46</size>
         <input_file_ref idref="fl-37"/>
      </object_component>
      <object_component id="oc-3dc">
         <name>.debug_info</name>
         <load_address>0x78d8</load_address>
         <run_address>0x78d8</run_address>
         <size>0x193</size>
         <input_file_ref idref="fl-3a"/>
      </object_component>
      <object_component id="oc-18b">
         <name>.debug_info</name>
         <load_address>0x7a6b</load_address>
         <run_address>0x7a6b</run_address>
         <size>0x153</size>
         <input_file_ref idref="fl-3b"/>
      </object_component>
      <object_component id="oc-391">
         <name>.debug_info</name>
         <load_address>0x7bbe</load_address>
         <run_address>0x7bbe</run_address>
         <size>0x150</size>
         <input_file_ref idref="fl-3c"/>
      </object_component>
      <object_component id="oc-fd">
         <name>.debug_info</name>
         <load_address>0x7d0e</load_address>
         <run_address>0x7d0e</run_address>
         <size>0x180</size>
         <input_file_ref idref="fl-3d"/>
      </object_component>
      <object_component id="oc-3b">
         <name>.debug_info</name>
         <load_address>0x7e8e</load_address>
         <run_address>0x7e8e</run_address>
         <size>0x1ea</size>
         <input_file_ref idref="fl-3d"/>
      </object_component>
      <object_component id="oc-f8">
         <name>.debug_info</name>
         <load_address>0x8078</load_address>
         <run_address>0x8078</run_address>
         <size>0x46</size>
         <input_file_ref idref="fl-3d"/>
      </object_component>
      <object_component id="oc-16f">
         <name>.debug_info</name>
         <load_address>0x80be</load_address>
         <run_address>0x80be</run_address>
         <size>0x2c</size>
         <input_file_ref idref="fl-3d"/>
      </object_component>
      <object_component id="oc-167">
         <name>.debug_info</name>
         <load_address>0x80ea</load_address>
         <run_address>0x80ea</run_address>
         <size>0x176</size>
         <input_file_ref idref="fl-3e"/>
      </object_component>
      <object_component id="oc-35">
         <name>.debug_info</name>
         <load_address>0x8260</load_address>
         <run_address>0x8260</run_address>
         <size>0x292</size>
         <input_file_ref idref="fl-3e"/>
      </object_component>
      <object_component id="oc-e7">
         <name>.debug_info</name>
         <load_address>0x84f2</load_address>
         <run_address>0x84f2</run_address>
         <size>0x60</size>
         <input_file_ref idref="fl-3e"/>
      </object_component>
      <object_component id="oc-1ac">
         <name>.debug_info</name>
         <load_address>0x8552</load_address>
         <run_address>0x8552</run_address>
         <size>0x46</size>
         <input_file_ref idref="fl-3e"/>
      </object_component>
      <object_component id="oc-162">
         <name>.debug_info</name>
         <load_address>0x8598</load_address>
         <run_address>0x8598</run_address>
         <size>0x39</size>
         <input_file_ref idref="fl-3e"/>
      </object_component>
      <object_component id="oc-3c9">
         <name>.debug_info</name>
         <load_address>0x85d1</load_address>
         <run_address>0x85d1</run_address>
         <size>0x164</size>
         <input_file_ref idref="fl-3f"/>
      </object_component>
      <object_component id="oc-321">
         <name>.debug_info</name>
         <load_address>0x8735</load_address>
         <run_address>0x8735</run_address>
         <size>0x35e</size>
         <input_file_ref idref="fl-3f"/>
      </object_component>
      <object_component id="oc-277">
         <name>.debug_info</name>
         <load_address>0x8a93</load_address>
         <run_address>0x8a93</run_address>
         <size>0x1af</size>
         <input_file_ref idref="fl-40"/>
      </object_component>
      <object_component id="oc-356">
         <name>.debug_info</name>
         <load_address>0x8c42</load_address>
         <run_address>0x8c42</run_address>
         <size>0x94</size>
         <input_file_ref idref="fl-40"/>
      </object_component>
      <object_component id="oc-348">
         <name>.debug_info</name>
         <load_address>0x8cd6</load_address>
         <run_address>0x8cd6</run_address>
         <size>0x165</size>
         <input_file_ref idref="fl-41"/>
      </object_component>
      <object_component id="oc-253">
         <name>.debug_info</name>
         <load_address>0x8e3b</load_address>
         <run_address>0x8e3b</run_address>
         <size>0x1d4</size>
         <input_file_ref idref="fl-41"/>
      </object_component>
      <object_component id="oc-349">
         <name>.debug_info</name>
         <load_address>0x900f</load_address>
         <run_address>0x900f</run_address>
         <size>0xdb</size>
         <input_file_ref idref="fl-41"/>
      </object_component>
      <object_component id="oc-362">
         <name>.debug_info</name>
         <load_address>0x90ea</load_address>
         <run_address>0x90ea</run_address>
         <size>0x1a2</size>
         <input_file_ref idref="fl-42"/>
      </object_component>
      <object_component id="oc-261">
         <name>.debug_info</name>
         <load_address>0x928c</load_address>
         <run_address>0x928c</run_address>
         <size>0x28a</size>
         <input_file_ref idref="fl-42"/>
      </object_component>
      <object_component id="oc-271">
         <name>.debug_info</name>
         <load_address>0x9516</load_address>
         <run_address>0x9516</run_address>
         <size>0x16b</size>
         <input_file_ref idref="fl-43"/>
      </object_component>
      <object_component id="oc-373">
         <name>.debug_info</name>
         <load_address>0x9681</load_address>
         <run_address>0x9681</run_address>
         <size>0x1c0</size>
         <input_file_ref idref="fl-44"/>
      </object_component>
      <object_component id="oc-26b">
         <name>.debug_info</name>
         <load_address>0x9841</load_address>
         <run_address>0x9841</run_address>
         <size>0x166</size>
         <input_file_ref idref="fl-45"/>
      </object_component>
      <object_component id="oc-3fb">
         <name>.debug_info</name>
         <load_address>0x99a7</load_address>
         <run_address>0x99a7</run_address>
         <size>0x16b</size>
         <input_file_ref idref="fl-46"/>
      </object_component>
      <object_component id="oc-36b">
         <name>.debug_info</name>
         <load_address>0x9b12</load_address>
         <run_address>0x9b12</run_address>
         <size>0x1e3</size>
         <input_file_ref idref="fl-46"/>
      </object_component>
      <object_component id="oc-3f4">
         <name>.debug_info</name>
         <load_address>0x9cf5</load_address>
         <run_address>0x9cf5</run_address>
         <size>0x172</size>
         <input_file_ref idref="fl-47"/>
      </object_component>
      <object_component id="oc-35c">
         <name>.debug_info</name>
         <load_address>0x9e67</load_address>
         <run_address>0x9e67</run_address>
         <size>0x5cf</size>
         <input_file_ref idref="fl-47"/>
      </object_component>
      <object_component id="oc-355">
         <name>.debug_info</name>
         <load_address>0xa436</load_address>
         <run_address>0xa436</run_address>
         <size>0x197</size>
         <input_file_ref idref="fl-48"/>
      </object_component>
      <object_component id="oc-259">
         <name>.debug_info</name>
         <load_address>0xa5cd</load_address>
         <run_address>0xa5cd</run_address>
         <size>0x2d2</size>
         <input_file_ref idref="fl-48"/>
      </object_component>
      <object_component id="oc-369">
         <name>.debug_info</name>
         <load_address>0xa89f</load_address>
         <run_address>0xa89f</run_address>
         <size>0x165</size>
         <input_file_ref idref="fl-49"/>
      </object_component>
      <object_component id="oc-266">
         <name>.debug_info</name>
         <load_address>0xaa04</load_address>
         <run_address>0xaa04</run_address>
         <size>0x208</size>
         <input_file_ref idref="fl-49"/>
      </object_component>
      <object_component id="oc-28a">
         <name>.debug_info</name>
         <load_address>0xac0c</load_address>
         <run_address>0xac0c</run_address>
         <size>0x122</size>
         <input_file_ref idref="fl-4a"/>
      </object_component>
      <object_component id="oc-169">
         <name>.debug_info</name>
         <load_address>0xad2e</load_address>
         <run_address>0xad2e</run_address>
         <size>0x181</size>
         <input_file_ref idref="fl-4d"/>
      </object_component>
      <object_component id="oc-f2">
         <name>.debug_info</name>
         <load_address>0xaeaf</load_address>
         <run_address>0xaeaf</run_address>
         <size>0x17a</size>
         <input_file_ref idref="fl-4d"/>
      </object_component>
      <object_component id="oc-33e">
         <name>.debug_info</name>
         <load_address>0xb029</load_address>
         <run_address>0xb029</run_address>
         <size>0x120</size>
         <input_file_ref idref="fl-4e"/>
      </object_component>
      <object_component id="oc-343">
         <name>.debug_info</name>
         <load_address>0xb149</load_address>
         <run_address>0xb149</run_address>
         <size>0x126</size>
         <input_file_ref idref="fl-4f"/>
      </object_component>
      <object_component id="oc-da">
         <name>.debug_info</name>
         <load_address>0xb26f</load_address>
         <run_address>0xb26f</run_address>
         <size>0x120</size>
         <input_file_ref idref="fl-50"/>
      </object_component>
      <object_component id="oc-366">
         <name>.debug_info</name>
         <load_address>0xb38f</load_address>
         <run_address>0xb38f</run_address>
         <size>0x126</size>
         <input_file_ref idref="fl-51"/>
      </object_component>
      <object_component id="oc-3fd">
         <name>.debug_info</name>
         <load_address>0xb4b5</load_address>
         <run_address>0xb4b5</run_address>
         <size>0x120</size>
         <input_file_ref idref="fl-52"/>
      </object_component>
      <object_component id="oc-3e6">
         <name>.debug_info</name>
         <load_address>0xb5d5</load_address>
         <run_address>0xb5d5</run_address>
         <size>0x126</size>
         <input_file_ref idref="fl-52"/>
      </object_component>
      <object_component id="oc-3bd">
         <name>.debug_info</name>
         <load_address>0xb6fb</load_address>
         <run_address>0xb6fb</run_address>
         <size>0x193</size>
         <input_file_ref idref="fl-56"/>
      </object_component>
      <object_component id="oc-3c4">
         <name>.debug_info</name>
         <load_address>0xb88e</load_address>
         <run_address>0xb88e</run_address>
         <size>0x193</size>
         <input_file_ref idref="fl-57"/>
      </object_component>
      <object_component id="oc-350">
         <name>.debug_info</name>
         <load_address>0xba21</load_address>
         <run_address>0xba21</run_address>
         <size>0x239</size>
         <input_file_ref idref="fl-58"/>
      </object_component>
      <object_component id="oc-487">
         <name>.debug_info</name>
         <load_address>0xbc5a</load_address>
         <run_address>0xbc5a</run_address>
         <size>0x9f</size>
      </object_component>
      <object_component id="oc-1e6">
         <name>.debug_line</name>
         <load_address>0x0</load_address>
         <run_address>0x0</run_address>
         <size>0x4f</size>
         <input_file_ref idref="fl-2"/>
      </object_component>
      <object_component id="oc-209">
         <name>.debug_line</name>
         <load_address>0x4f</load_address>
         <run_address>0x4f</run_address>
         <size>0x6e</size>
         <input_file_ref idref="fl-2"/>
[...]
         <name>__mspabi_srli_4</name>
         <value>0x45da</value>
         <object_component_ref idref="oc-dc"/>
      </symbol>
      <symbol id="sm-3da">
         <name>__mspabi_srli_5</name>
         <value>0x45d6</value>
         <object_component_ref idref="oc-dc"/>
      </symbol>
      <symbol id="sm-3db">
         <name>__mspabi_srli_2</name>
         <value>0x45e2</value>
         <object_component_ref idref="oc-dc"/>
      </symbol>
      <symbol id="sm-3dc">
         <name>__mspabi_srli_3</name>
         <value>0x45de</value>
         <object_component_ref idref="oc-dc"/>
      </symbol>
      <symbol id="sm-3dd">
         <name>__mspabi_srli_1</name>
         <value>0x45e6</value>
         <object_component_ref idref="oc-dc"/>
      </symbol>
      <symbol id="sm-3de">
         <name>__mspabi_srli</name>
         <value>0x45a0</value>
         <object_component_ref idref="oc-dc"/>
      </symbol>
      <symbol id="sm-3df">
         <name>__mspabi_srli_15</name>
         <value>0x45ae</value>
         <object_component_ref idref="oc-dc"/>
      </symbol>
      <symbol id="sm-3e0">
         <name>__mspabi_srli_14</name>
         <value>0x45b2</value>
         <object_component_ref idref="oc-dc"/>
      </symbol>
      <symbol id="sm-3e1">
         <name>__mspabi_srli_13</name>
         <value>0x45b6</value>
         <object_component_ref idref="oc-dc"/>
      </symbol>
      <symbol id="sm-3e2">
         <name>__mspabi_srli_12</name>
         <value>0x45ba</value>
         <object_component_ref idref="oc-dc"/>
      </symbol>
      <symbol id="sm-3e3">
         <name>__mspabi_srli_11</name>
         <value>0x45be</value>
         <object_component_ref idref="oc-dc"/>
      </symbol>
      <symbol id="sm-3e4">
         <name>__mspabi_srli_10</name>
         <value>0x45c2</value>
         <object_component_ref idref="oc-dc"/>
      </symbol>
      <symbol id="sm-3ec">
         <name>__mspabi_mpyi_hw</name>
         <value>0x4aba</value>
         <object_component_ref idref="oc-3ee"/>
      </symbol>
      <symbol id="sm-3f5">
         <name>__mspabi_mpyl_hw</name>
         <value>0x4930</value>
         <object_component_ref idref="oc-3e9"/>
      </symbol>
      <symbol id="sm-3fd">
         <name>__mspabi_mpyull_hw</name>
         <value>0x45ec</value>
         <object_component_ref idref="oc-3d6"/>
      </symbol>
      <symbol id="sm-405">
         <name>__mspabi_mpyll_hw</name>
         <value>0x3e66</value>
         <object_component_ref idref="oc-3d1"/>
      </symbol>
      <symbol id="sm-41a">
         <name>_stack</name>
         <value>0x9b0</value>
         <object_component_ref idref="oc-d3"/>
      </symbol>
      <symbol id="sm-41b">
         <name>_c_int00_noargs</name>
         <value>0x4a00</value>
         <object_component_ref idref="oc-133"/>
      </symbol>
      <symbol id="sm-41c">
         <name>_reset_vector</name>
         <value>0xfffe</value>
         <object_component_ref idref="oc-d6"/>
      </symbol>
      <symbol id="sm-43e">
         <name>__TI_auto_init_nobinit_nopinit</name>
         <value>0x479a</value>
         <object_component_ref idref="oc-295"/>
      </symbol>
      <symbol id="sm-451">
         <name>__TI_zero_init_nomemset</name>
         <value>0x4aa6</value>
         <object_component_ref idref="oc-121"/>
      </symbol>
      <symbol id="sm-460">
         <name>__mspabi_srlll</name>
         <value>0x46ca</value>
         <object_component_ref idref="oc-3db"/>
      </symbol>
      <symbol id="sm-469">
         <name>_system_pre_init</name>
         <value>0x4b6c</value>
         <object_component_ref idref="oc-18a"/>
      </symbol>
      <symbol id="sm-472">
         <name>_system_post_cinit</name>
         <value>0x4b70</value>
         <object_component_ref idref="oc-38d"/>
      </symbol>
      <symbol id="sm-488">
         <name>__TI_decompress_none</name>
         <value>0x4af2</value>
         <object_component_ref idref="oc-38"/>
      </symbol>
      <symbol id="sm-4ab">
         <name>__TI_decompress_lzss</name>
         <value>0x41fe</value>
         <object_component_ref idref="oc-32"/>
      </symbol>
      <symbol id="sm-4e5">
         <name>__mspabi_addd</name>
         <value>0x20d6</value>
         <object_component_ref idref="oc-320"/>
      </symbol>
      <symbol id="sm-504">
         <name>__mspabi_cmpd</name>
         <value>0x394a</value>
         <object_component_ref idref="oc-276"/>
      </symbol>
      <symbol id="sm-51a">
         <name>__mspabi_cvtfd</name>
         <value>0x4366</value>
         <object_component_ref idref="oc-252"/>
      </symbol>
      <symbol id="sm-53b">
         <name>__mspabi_divd</name>
         <value>0x2f44</value>
         <object_component_ref idref="oc-25e"/>
      </symbol>
      <symbol id="sm-546">
         <name>__mspabi_fixdu</name>
         <value>0x4ae0</value>
         <object_component_ref idref="oc-270"/>
      </symbol>
      <symbol id="sm-556">
         <name>__mspabi_fixdul</name>
         <value>0x42f2</value>
         <object_component_ref idref="oc-371"/>
      </symbol>
      <symbol id="sm-55f">
         <name>__mspabi_fltud</name>
         <value>0x4b60</value>
         <object_component_ref idref="oc-26a"/>
      </symbol>
      <symbol id="sm-574">
         <name>__mspabi_fltuld</name>
         <value>0x3efc</value>
         <object_component_ref idref="oc-36a"/>
      </symbol>
      <symbol id="sm-58f">
         <name>__TI_frcdivd</name>
         <value>0x280c</value>
         <object_component_ref idref="oc-35b"/>
      </symbol>
      <symbol id="sm-5b5">
         <name>__mspabi_mpyd</name>
         <value>0x2c84</value>
         <object_component_ref idref="oc-258"/>
      </symbol>
      <symbol id="sm-5ca">
         <name>__mspabi_cvtdf</name>
         <value>0x3c78</value>
         <object_component_ref idref="oc-264"/>
      </symbol>
      <symbol id="sm-5d4">
         <name>C$$EXIT</name>
         <value>0x4b66</value>
         <object_component_ref idref="oc-289"/>
      </symbol>
      <symbol id="sm-5d5">
         <name>abort</name>
         <value>0x4b66</value>
         <object_component_ref idref="oc-289"/>
      </symbol>
      <symbol id="sm-5e5">
         <name>memcpy</name>
         <value>0x4b16</value>
         <object_component_ref idref="oc-f1"/>
      </symbol>
      <symbol id="sm-5ed">
         <name>__mspabi_srai</name>
         <value>0x495e</value>
         <object_component_ref idref="oc-33d"/>
      </symbol>
      <symbol id="sm-5ee">
         <name>__mspabi_srai_8</name>
         <value>0x4978</value>
         <object_component_ref idref="oc-33d"/>
      </symbol>
      <symbol id="sm-5ef">
         <name>__mspabi_srai_9</name>
         <value>0x4976</value>
         <object_component_ref idref="oc-33d"/>
      </symbol>
      <symbol id="sm-5f0">
         <name>__mspabi_srai_6</name>
         <value>0x497c</value>
         <object_component_ref idref="oc-33d"/>
      </symbol>
      <symbol id="sm-5f1">
         <name>__mspabi_srai_7</name>
         <value>0x497a</value>
         <object_component_ref idref="oc-33d"/>
      </symbol>
      <symbol id="sm-5f2">
         <name>__mspabi_srai_4</name>
         <value>0x4980</value>
         <object_component_ref idref="oc-33d"/>
      </symbol>
      <symbol id="sm-5f3">
         <name>__mspabi_srai_5</name>
         <value>0x497e</value>
         <object_component_ref idref="oc-33d"/>
      </symbol>
      <symbol id="sm-5f4">
         <name>__mspabi_srai_2</name>
         <value>0x4984</value>
         <object_component_ref idref="oc-33d"/>
      </symbol>
      <symbol id="sm-5f5">
         <name>__mspabi_srai_3</name>
         <value>0x4982</value>
         <object_component_ref idref="oc-33d"/>
      </symbol>
      <symbol id="sm-5f6">
         <name>__mspabi_srai_1</name>
         <value>0x4986</value>
         <object_component_ref idref="oc-33d"/>
      </symbol>
      <symbol id="sm-5f7">
         <name>__mspabi_srai_15</name>
         <value>0x496a</value>
         <object_component_ref idref="oc-33d"/>
      </symbol>
      <symbol id="sm-5f8">
         <name>__mspabi_srai_14</name>
         <value>0x496c</value>
         <object_component_ref idref="oc-33d"/>
      </symbol>
      <symbol id="sm-5f9">
         <name>__mspabi_srai_13</name>
         <value>0x496e</value>
         <object_component_ref idref="oc-33d"/>
      </symbol>
      <symbol id="sm-5fa">
         <name>__mspabi_srai_12</name>
         <value>0x4970</value>
         <object_component_ref idref="oc-33d"/>
      </symbol>
      <symbol id="sm-5fb">
         <name>__mspabi_srai_11</name>
         <value>0x4972</value>
         <object_component_ref idref="oc-33d"/>
      </symbol>
      <symbol id="sm-5fc">
         <name>__mspabi_srai_10</name>
         <value>0x4974</value>
         <object_component_ref idref="oc-33d"/>
      </symbol>
      <symbol id="sm-604">
         <name>__mspabi_sral_15</name>
         <value>0x481c</value>
         <object_component_ref idref="oc-342"/>
      </symbol>
      <symbol id="sm-605">
         <name>__mspabi_sral_14</name>
         <value>0x4820</value>
         <object_component_ref idref="oc-342"/>
      </symbol>
      <symbol id="sm-606">
         <name>__mspabi_sral_13</name>
         <value>0x4824</value>
         <object_component_ref idref="oc-342"/>
      </symbol>
      <symbol id="sm-607">
         <name>__mspabi_sral_12</name>
         <value>0x4828</value>
         <object_component_ref idref="oc-342"/>
      </symbol>
      <symbol id="sm-608">
         <name>__mspabi_sral_11</name>
         <value>0x482c</value>
         <object_component_ref idref="oc-342"/>
      </symbol>
      <symbol id="sm-609">
         <name>__mspabi_sral_10</name>
         <value>0x4830</value>
         <object_component_ref idref="oc-342"/>
      </symbol>
      <symbol id="sm-60a">
         <name>__mspabi_sral_8</name>
         <value>0x4838</value>
         <object_component_ref idref="oc-342"/>
      </symbol>
      <symbol id="sm-60b">
         <name>__mspabi_sral_9</name>
         <value>0x4834</value>
         <object_component_ref idref="oc-342"/>
      </symbol>
      <symbol id="sm-60c">
         <name>__mspabi_sral_6</name>
         <value>0x4840</value>
         <object_component_ref idref="oc-342"/>
      </symbol>
      <symbol id="sm-60d">
         <name>__mspabi_sral_7</name>
         <value>0x483c</value>
         <object_component_ref idref="oc-342"/>
      </symbol>
      <symbol id="sm-60e">
         <name>__mspabi_sral_4</name>
         <value>0x4848</value>
         <object_component_ref idref="oc-342"/>
      </symbol>
      <symbol id="sm-60f">
         <name>__mspabi_sral_5</name>
         <value>0x4844</value>
         <object_component_ref idref="oc-342"/>
      </symbol>
      <symbol id="sm-610">
         <name>__mspabi_sral_2</name>
         <value>0x4850</value>
         <object_component_ref idref="oc-342"/>
      </symbol>
      <symbol id="sm-611">
         <name>__mspabi_sral_3</name>
         <value>0x484c</value>
         <object_component_ref idref="oc-342"/>
      </symbol>
      <symbol id="sm-612">
         <name>__mspabi_sral_1</name>
         <value>0x4854</value>
         <object_component_ref idref="oc-342"/>
      </symbol>
      <symbol id="sm-61a">
         <name>__mspabi_slli</name>
         <value>0x498a</value>
         <object_component_ref idref="oc-d7"/>
      </symbol>
      <symbol id="sm-61b">
         <name>__mspabi_slli_9</name>
         <value>0x49a2</value>
         <object_component_ref idref="oc-d7"/>
      </symbol>
      <symbol id="sm-61c">
         <name>__mspabi_slli_8</name>
         <value>0x49a4</value>
         <object_component_ref idref="oc-d7"/>
      </symbol>
      <symbol id="sm-61d">
         <name>__mspabi_slli_7</name>
         <value>0x49a6</value>
         <object_component_ref idref="oc-d7"/>
      </symbol>
      <symbol id="sm-61e">
         <name>__mspabi_slli_6</name>
         <value>0x49a8</value>
         <object_component_ref idref="oc-d7"/>
      </symbol>
      <symbol id="sm-61f">
         <name>__mspabi_slli_5</name>
         <value>0x49aa</value>
         <object_component_ref idref="oc-d7"/>
      </symbol>
      <symbol id="sm-620">
         <name>__mspabi_slli_4</name>
         <value>0x49ac</value>
         <object_component_ref idref="oc-d7"/>
      </symbol>
      <symbol id="sm-621">
         <name>__mspabi_slli_3</name>
         <value>0x49ae</value>
         <object_component_ref idref="oc-d7"/>
      </symbol>
      <symbol id="sm-622">
         <name>__mspabi_slli_2</name>
         <value>0x49b0</value>
         <object_component_ref idref="oc-d7"/>
      </symbol>
      <symbol id="sm-623">
         <name>__mspabi_slli_1</name>
         <value>0x49b2</value>
         <object_component_ref idref="oc-d7"/>
      </symbol>
      <symbol id="sm-624">
         <name>__mspabi_slli_15</name>
         <value>0x4996</value>
         <object_component_ref idref="oc-d7"/>
      </symbol>
      <symbol id="sm-625">
         <name>__mspabi_slli_14</name>
         <value>0x4998</value>
         <object_component_ref idref="oc-d7"/>
      </symbol>
      <symbol id="sm-626">
         <name>__mspabi_slli_13</name>
         <value>0x499a</value>
         <object_component_ref idref="oc-d7"/>
      </symbol>
      <symbol id="sm-627">
         <name>__mspabi_slli_12</name>
         <value>0x499c</value>
         <object_component_ref idref="oc-d7"/>
      </symbol>
      <symbol id="sm-628">
         <name>__mspabi_slli_11</name>
         <value>0x499e</value>
         <object_component_ref idref="oc-d7"/>
      </symbol>
      <symbol id="sm-629">
         <name>__mspabi_slli_10</name>
         <value>0x49a0</value>
         <object_component_ref idref="oc-d7"/>
      </symbol>
      <symbol id="sm-631">
         <name>__mspabi_slll_9</name>
         <value>0x4872</value>
         <object_component_ref idref="oc-363"/>
      </symbol>
      <symbol id="sm-632">
         <name>__mspabi_slll_8</name>
         <value>0x4876</value>
         <object_component_ref idref="oc-363"/>
      </symbol>
      <symbol id="sm-633">
         <name>__mspabi_slll_7</name>
         <value>0x487a</value>
         <object_component_ref idref="oc-363"/>
      </symbol>
      <symbol id="sm-634">
         <name>__mspabi_slll_6</name>
         <value>0x487e</value>
         <object_component_ref idref="oc-363"/>
      </symbol>
      <symbol id="sm-635">
         <name>__mspabi_slll_5</name>
         <value>0x4882</value>
         <object_component_ref idref="oc-363"/>
      </symbol>
      <symbol id="sm-636">
         <name>__mspabi_slll_4</name>
         <value>0x4886</value>
         <object_component_ref idref="oc-363"/>
      </symbol>
      <symbol id="sm-637">
         <name>__mspabi_slll_3</name>
         <value>0x488a</value>
         <object_component_ref idref="oc-363"/>
      </symbol>
      <symbol id="sm-638">
         <name>__mspabi_slll_2</name>
         <value>0x488e</value>
         <object_component_ref idref="oc-363"/>
      </symbol>
      <symbol id="sm-639">
         <name>__mspabi_slll_1</name>
         <value>0x4892</value>
         <object_component_ref idref="oc-363"/>
      </symbol>
      <symbol id="sm-63a">
         <name>__mspabi_slll_15</name>
         <value>0x485a</value>
         <object_component_ref idref="oc-363"/>
      </symbol>
      <symbol id="sm-63b">
         <name>__mspabi_slll_14</name>
         <value>0x485e</value>
         <object_component_ref idref="oc-363"/>
      </symbol>
      <symbol id="sm-63c">
         <name>__mspabi_slll_13</name>
         <value>0x4862</value>
         <object_component_ref idref="oc-363"/>
      </symbol>
      <symbol id="sm-63d">
         <name>__mspabi_slll_12</name>
         <value>0x4866</value>
         <object_component_ref idref="oc-363"/>
      </symbol>
      <symbol id="sm-63e">
         <name>__mspabi_slll_11</name>
         <value>0x486a</value>
         <object_component_ref idref="oc-363"/>
      </symbol>
      <symbol id="sm-63f">
         <name>__mspabi_slll_10</name>
         <value>0x486e</value>
         <object_component_ref idref="oc-363"/>
      </symbol>
      <symbol id="sm-64f">
         <name>__mspabi_srll_8</name>
         <value>0x44cc</value>
         <object_component_ref idref="oc-3e4"/>
      </symbol>
      <symbol id="sm-650">
         <name>__mspabi_srll_9</name>
         <value>0x44c6</value>
         <object_component_ref idref="oc-3e4"/>
      </symbol>
      <symbol id="sm-651">
         <name>__mspabi_srll_6</name>
         <value>0x44d8</value>
         <object_component_ref idref="oc-3e4"/>
      </symbol>
      <symbol id="sm-652">
         <name>__mspabi_srll_7</name>
         <value>0x44d2</value>
         <object_component_ref idref="oc-3e4"/>
      </symbol>
      <symbol id="sm-653">
         <name>__mspabi_srll_4</name>
         <value>0x44e4</value>
         <object_component_ref idref="oc-3e4"/>
      </symbol>
      <symbol id="sm-654">
         <name>__mspabi_srll_5</name>
         <value>0x44de</value>
         <object_component_ref idref="oc-3e4"/>
      </symbol>
      <symbol id="sm-655">
         <name>__mspabi_srll_2</name>
         <value>0x44f0</value>
         <object_component_ref idref="oc-3e4"/>
      </symbol>
      <symbol id="sm-656">
         <name>__mspabi_srll_3</name>
         <value>0x44ea</value>
         <object_component_ref idref="oc-3e4"/>
      </symbol>
      <symbol id="sm-657">
         <name>__mspabi_srll_1</name>
         <value>0x44f6</value>
         <object_component_ref idref="oc-3e4"/>
      </symbol>
      <symbol id="sm-658">
         <name>__mspabi_srll_15</name>
         <value>0x44a2</value>
         <object_component_ref idref="oc-3e4"/>
      </symbol>
      <symbol id="sm-659">
         <name>__mspabi_srll_14</name>
         <value>0x44a8</value>
         <object_component_ref idref="oc-3e4"/>
      </symbol>
      <symbol id="sm-65a">
         <name>__mspabi_srll_13</name>
         <value>0x44ae</value>
         <object_component_ref idref="oc-3e4"/>
      </symbol>
      <symbol id="sm-65b">
         <name>__mspabi_srll_12</name>
         <value>0x44b4</value>
         <object_component_ref idref="oc-3e4"/>
      </symbol>
      <symbol id="sm-65c">
         <name>__mspabi_srll_11</name>
         <value>0x44ba</value>
         <object_component_ref idref="oc-3e4"/>
      </symbol>
      <symbol id="sm-65d">
         <name>__mspabi_srll_10</name>
         <value>0x44c0</value>
         <object_component_ref idref="oc-3e4"/>
      </symbol>
      <symbol id="sm-65e">
         <name>__mspabi_srll</name>
         <value>0x4b04</value>
         <object_component_ref idref="oc-3fc"/>
      </symbol>
      <symbol id="sm-66e">
         <name>__mspabi_srall</name>
         <value>0x4636</value>
         <object_component_ref idref="oc-3bc"/>
      </symbol>
      <symbol id="sm-67b">
         <name>__mspabi_sllll</name>
         <value>0x4756</value>
         <object_component_ref idref="oc-3c2"/>
      </symbol>
      <symbol id="sm-686">
         <name>__TI_frcmpyd</name>
         <value>0x32f6</value>
         <object_component_ref idref="oc-34e"/>
      </symbol>
   </symbol_table>
   <title>Link successful</title>
</link_info>
